07-14 18:21:08.177  3655  5757 W RecentsModel: getRunningTask   taskInfo=TaskInfo{userId=0 taskId=300 displayId=0 isRunning=true baseIntent=Intent { act=android.intent.action.MAIN cat=[android.intent.category.LAUNCHER] flg=0x10200000 cmp=com.android.soundrecorder/.StartActivity } baseActivity=ComponentInfo{com.android.soundrecorder/com.android.soundrecorder.RecordPreviewActivity} topActivity=ComponentInfo{com.android.soundrecorder/com.android.soundrecorder.SoundPlaybackActivity} origActivity=null realActivity=ComponentInfo{com.android.soundrecorder/com.android.soundrecorder.StartActivity} numActivities=2 lastActiveTime=19627398 supportsSplitScreenMultiWindow=true supportsMultiWindow=true resizeMode=2 isResizeable=true minWidth=-1 minHeight=-1 defaultMinSize=200 token=WCT{android.window.IWindowContainerToken$Stub$Proxy@e1c618b} topActivityType=1 pictureInPictureParams=null shouldDockBigOverlays=false launchIntoPipHostTaskId=-1 lastParentTaskIdBeforePip=-1 displayCutoutSafeInsets=null topActivityInfo=ActivityInfo{4501268 com.android.soundrecorder.SoundPlaybackActivity} launchCookies=[] positionInParent=Point(0, 0) parentTaskId=-1 isFocused=true isVisible=true isVisibleRequested=true isSleeping=false locusId=null displayAreaFeatureId=1 isTopActivityTransparent=false appCompatTaskInfo=AppCompatTaskInfo { topActivityInSizeCompat=false topActivityInMiuiSizeCompat=false topActivityEligibleForLetterboxEducation= falseisLetterboxEducationEnabled= false isLetterboxDoubleTapEnabled= false topActivityEligibleForUserAspectRatioButton= false topActivityBoundsLetterboxed= false isFromLetterboxDoubleTap= false topActivityLetterboxVerticalPosition= -1 topActivityLetterboxHorizontalPosition= -1 topActivityLetterboxWidth=1080 topActivityLetterboxHeight=2460 isUserFullscreenOverrideEnabled=false isSystemFullscreenOverrideEnabled=false cameraCompatTaskInfo=CameraCompatTaskInfo { cameraCompatControlState=hidden freeformCameraCompatMode=inactive}} isImmersive=false mTopActivityRequestOrientation=1 mBehindAppLockPkg=null mOriginatingUid=0 isEmbedded=false shouldBeVisible=true mIsCastMode=false mTopActivityMediaSize=null mTopActivityRecordName=ActivityRecord{7ba4a2b u0 com.android.soundrecorder/.SoundPlaybackActivity t300} mTopActivityOrientation=1}
07-14 18:21:08.178  3655  5757 E ActivityManagerWrapper: get all recent tasks force including 300
07-14 18:21:08.178  1361  1579 W SDM     : DisplayBase::SetHWDetailedEnhancerConfig: SetDetailEnhancerConfig failed. err = 10
07-14 18:21:08.179   891   975 D IPACM   : vendor/qcom/opensource/data-ipa-cfg-mgr/ipacm/src/IPACM_Routing.cpp:111 AddRoutingRule() Added routing rule 0xb400007689094250
07-14 18:21:08.180   891   975 D IPACM   : vendor/qcom/opensource/data-ipa-cfg-mgr/ipacm/src/IPACM_Routing.cpp:111 AddRoutingRule() Added routing rule 0xb400007689094250
07-14 18:21:08.180   891   975 D IPACM   : vendor/qcom/opensource/data-ipa-cfg-mgr/ipacm/src/IPACM_Routing.cpp:111 AddRoutingRule() Added routing rule 0xb400007689094250
07-14 18:21:08.181   891   975 D IPACM   : vendor/qcom/opensource/data-ipa-cfg-mgr/ipacm/src/IPACM_Routing.cpp:111 AddRoutingRule() Added routing rule 0xb400007689094250
07-14 18:21:08.181   891   975 D IPACM   : vendor/qcom/opensource/data-ipa-cfg-mgr/ipacm/src/IPACM_Routing.cpp:343 DeleteRoutingHdl() Deleting Route hdl:(0x19) with ip type: 1
07-14 18:21:08.182   891   975 D IPACM   : vendor/qcom/opensource/data-ipa-cfg-mgr/ipacm/src/IPACM_Routing.cpp:343 DeleteRoutingHdl() Deleting Route hdl:(0x1a) with ip type: 1
07-14 18:21:08.183  1274 16295 D PAL: API: pal_get_param: 1017: Enter:
07-14 18:21:08.183  1274 16295 D PAL: ResourceManager: getParameter: 7859: param_id=18
07-14 18:21:08.183  1274 16295 D PAL: ResourceManager: isDeviceAvailable: 9517: Device 8, is_available = 1
07-14 18:21:08.183  1274 16295 D PAL: API: pal_get_param: 1029: Exit, status 0
07-14 18:21:08.183   891   975 D IPACM   : vendor/qcom/opensource/data-ipa-cfg-mgr/ipacm/src/IPACM_Routing.cpp:343 DeleteRoutingHdl() Deleting Route hdl:(0x18) with ip type: 1
07-14 18:21:08.184 19612 19612 D SoundRecorder:SoundWaveView: computeScroll
07-14 18:21:08.186  1490  4401 I BpBinder: onLastStrongRef automatically unlinking death recipients: 
07-14 18:21:08.186   891   975 D IPACM   : vendor/qcom/opensource/data-ipa-cfg-mgr/ipacm/src/IPACM_Routing.cpp:343 DeleteRoutingHdl() Deleting Route hdl:(0x1b) with ip type: 1
07-14 18:21:08.188   891   975 D IPACM   : vendor/qcom/opensource/data-ipa-cfg-mgr/ipacm/src/IPACM_Routing.cpp:343 DeleteRoutingHdl() Deleting Route hdl:(0x1d) with ip type: 1
07-14 18:21:08.189  1361  1579 W SDM     : DisplayBase::SetHWDetailedEnhancerConfig: SetDetailEnhancerConfig failed. err = 10
07-14 18:21:08.190   891   975 D IPACM   : vendor/qcom/opensource/data-ipa-cfg-mgr/ipacm/src/IPACM_Routing.cpp:343 DeleteRoutingHdl() Deleting Route hdl:(0x1e) with ip type: 1
07-14 18:21:08.191   891   975 D IPACM   : vendor/qcom/opensource/data-ipa-cfg-mgr/ipacm/src/IPACM_Routing.cpp:343 DeleteRoutingHdl() Deleting Route hdl:(0x1c) with ip type: 1
07-14 18:21:08.191   891   975 D IPACM   : vendor/qcom/opensource/data-ipa-cfg-mgr/ipacm/src/IPACM_Routing.cpp:343 DeleteRoutingHdl() Deleting Route hdl:(0x1f) with ip type: 1
07-14 18:21:08.195  1325 13568 E sensors-hal: handle_sns_client_event:431, accel_sample(accelcal_available:0): ts=19627087579532 ns; value = [-1.855826, -1.573472, 9.734099], status=3
07-14 18:21:08.195  1325 13568 E sensors-hal: handle_sns_client_event:431, accel_sample(accelcal_available:0): ts=19627188992032 ns; value = [-1.860611, -1.563901, 9.705386], status=3
07-14 18:21:08.195  1325 13568 E sensors-hal: handle_sns_client_event:431, accel_sample(accelcal_available:0): ts=19627290401719 ns; value = [-1.874968, -1.559115, 9.719744], status=3
07-14 18:21:08.195  1325 13568 E sensors-hal: handle_sns_client_event:431, accel_sample(accelcal_available:0): ts=19627391811094 ns; value = [-1.882147, -1.573472, 9.707778], status=3
07-14 18:21:08.196   891   975 D IPACM   : vendor/qcom/opensource/data-ipa-cfg-mgr/ipacm/src/IPACM_Routing.cpp:111 AddRoutingRule() Added routing rule 0xb400007689094250
07-14 18:21:08.196   891   975 D IPACM   : vendor/qcom/opensource/data-ipa-cfg-mgr/ipacm/src/IPACM_Routing.cpp:111 AddRoutingRule() Added routing rule 0xb400007689094250
07-14 18:21:08.197   891   975 D IPACM   : vendor/qcom/opensource/data-ipa-cfg-mgr/ipacm/src/IPACM_Routing.cpp:111 AddRoutingRule() Added routing rule 0xb400007689094250
07-14 18:21:08.198  1402  1402 D DisplayFeatureHal: DataCallback enter mLightRun 1  mInteracted_bl 2047 mDisplayState 1  kStateOn 1
07-14 18:21:08.198 19612 19612 D SoundRecorder:SoundWaveView: computeScroll
07-14 18:21:08.198  1402  1402 I DisplayFeatureHal: readPanelNTC, read panel temperature:38146
07-14 18:21:08.198  1402  1402 I DisplayFeatureHal: checkHBMStatus enter lux 168.000000, timer 0, panelTemperature/1000 = temperature 38  screenoff 0
07-14 18:21:08.198  1402  1402 D DisplayFeatureHal: checkHBMStatus mode 0 
07-14 18:21:08.198  1402  1402 D DisplayFeatureHal: HandleHBM modeId 0 cookie 0  HBMStatus 0  isscreenoff 0
07-14 18:21:08.198  1402  1402 D DisplayFeatureHal: DataCallback enter mLightRun 1  mInteracted_bl 2047 mDisplayState 1  kStateOn 1
07-14 18:21:08.199  1402  1402 I DisplayFeatureHal: readPanelNTC, read panel temperature:38146
07-14 18:21:08.199   891   975 D IPACM   : vendor/qcom/opensource/data-ipa-cfg-mgr/ipacm/src/IPACM_Routing.cpp:111 AddRoutingRule() Added routing rule 0xb400007689094250
07-14 18:21:08.199  1402  1402 I DisplayFeatureHal: checkHBMStatus enter lux 168.000000, timer 0, panelTemperature/1000 = temperature 38  screenoff 0
07-14 18:21:08.199  1402  1402 D DisplayFeatureHal: checkHBMStatus mode 0 
07-14 18:21:08.199  1402  1402 D DisplayFeatureHal: HandleHBM modeId 0 cookie 0  HBMStatus 0  isscreenoff 0
07-14 18:21:08.199  1402  1402 D DisplayFeatureHal: DataCallback enter mLightRun 1  mInteracted_bl 2047 mDisplayState 1  kStateOn 1
07-14 18:21:08.199  1402  1402 I DisplayFeatureHal: readPanelNTC, read panel temperature:38146
07-14 18:21:08.199  1402  1402 I DisplayFeatureHal: checkHBMStatus enter lux 167.000000, timer 0, panelTemperature/1000 = temperature 38  screenoff 0
07-14 18:21:08.199  1402  1402 D DisplayFeatureHal: checkHBMStatus mode 0 
07-14 18:21:08.199  1402  1402 D DisplayFeatureHal: HandleHBM modeId 0 cookie 0  HBMStatus 0  isscreenoff 0
07-14 18:21:08.199  1402  1402 D DisplayFeatureHal: DataCallback enter mLightRun 1  mInteracted_bl 2047 mDisplayState 1  kStateOn 1
07-14 18:21:08.199  1402  1402 I DisplayFeatureHal: readPanelNTC, read panel temperature:38146
07-14 18:21:08.199  1402  1402 I DisplayFeatureHal: checkHBMStatus enter lux 167.000000, timer 0, panelTemperature/1000 = temperature 38  screenoff 0
07-14 18:21:08.199  1402  1402 D DisplayFeatureHal: checkHBMStatus mode 0 
07-14 18:21:08.199  1402  1402 D DisplayFeatureHal: HandleHBM modeId 0 cookie 0  HBMStatus 0  isscreenoff 0
07-14 18:21:08.199   891   975 D IPACM   : vendor/qcom/opensource/data-ipa-cfg-mgr/ipacm/src/IPACM_Routing.cpp:111 AddRoutingRule() Added routing rule 0xb400007689094250
07-14 18:21:08.200  3655  5757 E ActivityManagerWrapper: getRecentTasksForceIncludingTaskIdIfValid: getRecentTasks: size=7
07-14 18:21:08.200  3655  5757 E ActivityManagerWrapper:  mainTaskId=300   userId=0   windowMode=1   baseIntent=Intent { act=android.intent.action.MAIN flag=270532608 cmp=ComponentInfo{com.android.soundrecorder/com.android.soundrecorder.StartActivity} }
07-14 18:21:08.200  3655  5757 E ActivityManagerWrapper:  mainTaskId=302   userId=0   windowMode=1   baseIntent=Intent { act=null flag=268435456 cmp=ComponentInfo{com.princevekariya.projectledger.personal.debug/com.princevekariya.projectledger.MainActivity} }
07-14 18:21:08.200  3655  5757 E ActivityManagerWrapper:  mainTaskId=291   userId=0   windowMode=1   baseIntent=Intent { act=android.intent.action.MAIN flag=335544320 cmp=ComponentInfo{com.android.settings/com.android.settings.Settings$TetherSettingsActivity} }
07-14 18:21:08.200  3655  5757 E ActivityManagerWrapper:  mainTaskId=299   userId=0   windowMode=1   baseIntent=Intent { act=android.intent.action.MAIN flag=287309824 cmp=ComponentInfo{com.snapchat.android/com.snapchat.android.LandingPageActivity} }
07-14 18:21:08.200  3655  5757 E ActivityManagerWrapper:  mainTaskId=296   userId=0   windowMode=1   baseIntent=Intent { act=android.intent.action.MAIN flag=270532608 cmp=ComponentInfo{com.android.contacts/com.android.contacts.activities.TwelveKeyDialer} }
07-14 18:21:08.200  3655  5757 E ActivityManagerWrapper:  mainTaskId=293   userId=0   windowMode=1   baseIntent=Intent { act=null flag=268468224 cmp=ComponentInfo{com.google.android.googlequicksearchbox/com.google.android.googlequicksearchbox.InternalGoogleAppActivityEntrypoint} }
07-14 18:21:08.200  3655  5757 E ActivityManagerWrapper:  mainTaskId=290   userId=0   windowMode=1   baseIntent=Intent { act=android.intent.action.MAIN flag=287309824 cmp=ComponentInfo{com.whatsapp/com.whatsapp.Main} }
07-14 18:21:08.200  1361  1612 W SDM     : DisplayBase::SetHWDetailedEnhancerConfig: SetDetailEnhancerConfig failed. err = 10
07-14 18:21:08.200   891   975 D IPACM   : vendor/qcom/opensource/data-ipa-cfg-mgr/ipacm/src/IPACM_Routing.cpp:111 AddRoutingRule() Added routing rule 0xb400007689094250
07-14 18:21:08.201   891   975 D IPACM   : vendor/qcom/opensource/data-ipa-cfg-mgr/ipacm/src/IPACM_Routing.cpp:111 AddRoutingRule() Added routing rule 0xb400007689094250
07-14 18:21:08.202   891   975 D IPACM   : vendor/qcom/opensource/data-ipa-cfg-mgr/ipacm/src/IPACM_Routing.cpp:111 AddRoutingRule() Added routing rule 0xb400007689094250
07-14 18:21:08.203   891   975 D IPACM   : vendor/qcom/opensource/data-ipa-cfg-mgr/ipacm/src/IPACM_Routing.cpp:343 DeleteRoutingHdl() Deleting Route hdl:(0x22) with ip type: 0
07-14 18:21:08.204   891   975 D IPACM   : vendor/qcom/opensource/data-ipa-cfg-mgr/ipacm/src/IPACM_Routing.cpp:343 DeleteRoutingHdl() Deleting Route hdl:(0x21) with ip type: 0
07-14 18:21:08.206   891   975 D IPACM   : vendor/qcom/opensource/data-ipa-cfg-mgr/ipacm/src/IPACM_Routing.cpp:343 DeleteRoutingHdl() Deleting Route hdl:(0x23) with ip type: 0
07-14 18:21:08.208   891   975 D IPACM   : vendor/qcom/opensource/data-ipa-cfg-mgr/ipacm/src/IPACM_Routing.cpp:111 AddRoutingRule() Added routing rule 0xb400007689094250
07-14 18:21:08.209   891   975 D IPACM   : vendor/qcom/opensource/data-ipa-cfg-mgr/ipacm/src/IPACM_Routing.cpp:111 AddRoutingRule() Added routing rule 0xb400007689094250
07-14 18:21:08.210 19612 19612 D SoundRecorder:SoundWaveView: computeScroll
07-14 18:21:08.210   891   975 D IPACM   : vendor/qcom/opensource/data-ipa-cfg-mgr/ipacm/src/IPACM_Routing.cpp:111 AddRoutingRule() Added routing rule 0xb400007689094250
07-14 18:21:08.210   891   975 D IPACM   : vendor/qcom/opensource/data-ipa-cfg-mgr/ipacm/src/IPACM_Routing.cpp:343 DeleteRoutingHdl() Deleting Route hdl:(0x25) with ip type: 1
07-14 18:21:08.211  1361  1612 W SDM     : DisplayBase::SetHWDetailedEnhancerConfig: SetDetailEnhancerConfig failed. err = 10
07-14 18:21:08.212   891   975 D IPACM   : vendor/qcom/opensource/data-ipa-cfg-mgr/ipacm/src/IPACM_Routing.cpp:343 DeleteRoutingHdl() Deleting Route hdl:(0x26) with ip type: 1
07-14 18:21:08.212  3655  5757 D RecentsTaskLoader: reloadTasksData [TaskKey{id=300, stackId=0, baseIntent=Intent { act=android.intent.action.MAIN cat=[android.intent.category.LAUNCHER] flg=0x10200000 cmp=com.android.soundrecorder/.StartActivity }, userId=0, lastActiveTime=19626431, windowingMode=1, isThumbnailBlur=false, isAccessLocked=false, isScreening=false, topActivity=ComponentInfo{com.android.soundrecorder/com.android.soundrecorder.SoundPlaybackActivity}, mHashCode=9860852}, title=Recorder, titleDescription=Recorder, bounds=null, isLaunchTarget=true, isStackTask=true, isSystemApp=false, isDockable=true, baseActivity=ComponentInfo{com.android.soundrecorder/com.android.soundrecorder.RecordPreviewActivity}, isLocked=false, mNeedHide=false, hasMultipleTasks=false, cti1Key=, cti2Key=] 
07-14 18:21:08.213   891   975 D IPACM   : vendor/qcom/opensource/data-ipa-cfg-mgr/ipacm/src/IPACM_Routing.cpp:343 DeleteRoutingHdl() Deleting Route hdl:(0x24) with ip type: 1
07-14 18:21:08.214  3655  5757 W IconCustomizer: Density abnormal: context density=442 systemDensity=440
07-14 18:21:08.214  3655  5757 W IconCustomizer: Density abnormal: context density=442 systemDensity=440
07-14 18:21:08.214   891   975 D IPACM   : vendor/qcom/opensource/data-ipa-cfg-mgr/ipacm/src/IPACM_Routing.cpp:343 DeleteRoutingHdl() Deleting Route hdl:(0x27) with ip type: 1
07-14 18:21:08.216   891   975 D IPACM   : vendor/qcom/opensource/data-ipa-cfg-mgr/ipacm/src/IPACM_Routing.cpp:343 DeleteRoutingHdl() Deleting Route hdl:(0x29) with ip type: 1
07-14 18:21:08.219   891   975 D IPACM   : vendor/qcom/opensource/data-ipa-cfg-mgr/ipacm/src/IPACM_Routing.cpp:343 DeleteRoutingHdl() Deleting Route hdl:(0x2a) with ip type: 1
07-14 18:21:08.220   891   975 D IPACM   : vendor/qcom/opensource/data-ipa-cfg-mgr/ipacm/src/IPACM_Routing.cpp:343 DeleteRoutingHdl() Deleting Route hdl:(0x28) with ip type: 1
07-14 18:21:08.222 19612 19612 D SoundRecorder:SoundWaveView: computeScroll
07-14 18:21:08.222  1361  1612 W SDM     : DisplayBase::SetHWDetailedEnhancerConfig: SetDetailEnhancerConfig failed. err = 10
07-14 18:21:08.223  1274 16295 D PAL: API: pal_get_param: 1017: Enter:
07-14 18:21:08.223  1274 16295 D PAL: ResourceManager: getParameter: 7859: param_id=18
07-14 18:21:08.223  1274 16295 D PAL: ResourceManager: isDeviceAvailable: 9517: Device 8, is_available = 1
07-14 18:21:08.223  1274 16295 D PAL: API: pal_get_param: 1029: Exit, status 0
07-14 18:21:08.223   891   975 D IPACM   : vendor/qcom/opensource/data-ipa-cfg-mgr/ipacm/src/IPACM_Routing.cpp:343 DeleteRoutingHdl() Deleting Route hdl:(0x2b) with ip type: 1
07-14 18:21:08.227   891   975 D IPACM   : vendor/qcom/opensource/data-ipa-cfg-mgr/ipacm/src/IPACM_Routing.cpp:111 AddRoutingRule() Added routing rule 0xb400007689094250
07-14 18:21:08.228   891   975 D IPACM   : vendor/qcom/opensource/data-ipa-cfg-mgr/ipacm/src/IPACM_Routing.cpp:111 AddRoutingRule() Added routing rule 0xb400007689094250
07-14 18:21:08.229   891   975 D IPACM   : vendor/qcom/opensource/data-ipa-cfg-mgr/ipacm/src/IPACM_Routing.cpp:111 AddRoutingRule() Added routing rule 0xb400007689094250
07-14 18:21:08.230   891   975 D IPACM   : vendor/qcom/opensource/data-ipa-cfg-mgr/ipacm/src/IPACM_Routing.cpp:111 AddRoutingRule() Added routing rule 0xb400007689094250
07-14 18:21:08.231   891   975 D IPACM   : vendor/qcom/opensource/data-ipa-cfg-mgr/ipacm/src/IPACM_Routing.cpp:111 AddRoutingRule() Added routing rule 0xb400007689094250
07-14 18:21:08.232   891   975 D IPACM   : vendor/qcom/opensource/data-ipa-cfg-mgr/ipacm/src/IPACM_Routing.cpp:111 AddRoutingRule() Added routing rule 0xb400007689094250
07-14 18:21:08.233 19612 19612 D SoundRecorder:SoundWaveView: computeScroll
07-14 18:21:08.233  3655  5757 D RecentsTaskLoader: reloadTasksData [TaskKey{id=302, stackId=0, baseIntent=Intent { flg=0x10000000 cmp=com.princevekariya.projectledger.personal.debug/com.princevekariya.projectledger.MainActivity }, userId=0, lastActiveTime=19626412, windowingMode=1, isThumbnailBlur=false, isAccessLocked=false, isScreening=false, topActivity=null, mHashCode=9920434}, title=Project Ledger Personal Dev, titleDescription=Project Ledger Personal Dev, bounds=null, isLaunchTarget=false, isStackTask=true, isSystemApp=false, isDockable=true, baseActivity=null, isLocked=false, mNeedHide=false, hasMultipleTasks=false, cti1Key=, cti2Key=] 
07-14 18:21:08.233  3655  5757 D RecentsTaskLoader: reloadTasksData [TaskKey{id=291, stackId=0, baseIntent=Intent { act=android.intent.action.MAIN flg=0x14000000 cmp=com.android.settings/.Settings$TetherSettingsActivity }, userId=0, lastActiveTime=18321674, windowingMode=1, isThumbnailBlur=false, isAccessLocked=true, isScreening=false, topActivity=ComponentInfo{com.android.settings/com.android.settings.Settings$TetherSettingsActivity}, mHashCode=9592733}, title=Portable hotspot, titleDescription=Settings Portable hotspot, bounds=null, isLaunchTarget=true, isStackTask=true, isSystemApp=true, isDockable=true, baseActivity=ComponentInfo{com.android.settings/com.android.settings.Settings$TetherSettingsActivity}, isLocked=false, mNeedHide=false, hasMultipleTasks=false, cti1Key=, cti2Key=] 
07-14 18:21:08.233   891   975 D IPACM   : vendor/qcom/opensource/data-ipa-cfg-mgr/ipacm/src/IPACM_Routing.cpp:111 AddRoutingRule() Added routing rule 0xb400007689094250
07-14 18:21:08.234  1361  1612 W SDM     : DisplayBase::SetHWDetailedEnhancerConfig: SetDetailEnhancerConfig failed. err = 10
07-14 18:21:08.234  3655  5757 D RecentsTaskLoader: reloadTasksData: [TaskKey{id=291, stackId=0, baseIntent=Intent { act=android.intent.action.MAIN flg=0x14000000 cmp=com.android.settings/.Settings$TetherSettingsActivity }, userId=0, lastActiveTime=18321674, windowingMode=1, isThumbnailBlur=false, isAccessLocked=true, isScreening=false, topActivity=ComponentInfo{com.android.settings/com.android.settings.Settings$TetherSettingsActivity}, mHashCode=9592733}, title=Portable hotspot, titleDescription=Settings Portable hotspot, bounds=null, isLaunchTarget=true, isStackTask=true, isSystemApp=true, isDockable=true, baseActivity=ComponentInfo{com.android.settings/com.android.settings.Settings$TetherSettingsActivity}, isLocked=false, mNeedHide=false, hasMultipleTasks=false, cti1Key=, cti2Key=] 
07-14 18:21:08.234  3655  5757 D RecentsTaskLoader: reloadTasksData [TaskKey{id=299, stackId=0, baseIntent=Intent { act=android.intent.action.MAIN cat=[android.intent.category.LAUNCHER] flg=0x11200000 cmp=com.snapchat.android/.LandingPageActivity }, userId=0, lastActiveTime=17274943, windowingMode=1, isThumbnailBlur=false, isAccessLocked=true, isScreening=false, topActivity=ComponentInfo{com.snapchat.android/com.snap.mushroom.MainActivity}, mHashCode=9831061}, title=Snapchat, titleDescription=Snapchat, bounds=null, isLaunchTarget=false, isStackTask=true, isSystemApp=false, isDockable=true, baseActivity=ComponentInfo{com.snapchat.android/com.snap.mushroom.MainActivity}, isLocked=false, mNeedHide=false, hasMultipleTasks=false, cti1Key=, cti2Key=] 
07-14 18:21:08.235  3655  5757 D RecentsTaskLoader: reloadTasksData [TaskKey{id=296, stackId=0, baseIntent=Intent { act=android.intent.action.MAIN cat=[android.intent.category.LAUNCHER] flg=0x10200000 cmp=com.android.contacts/.activities.TwelveKeyDialer }, userId=0, lastActiveTime=17131447, windowingMode=1, isThumbnailBlur=false, isAccessLocked=false, isScreening=false, topActivity=ComponentInfo{com.android.contacts/com.android.contacts.activities.PeopleActivity}, mHashCode=9741688}, title=Phone, titleDescription=Contacts and dialer Phone, bounds=null, isLaunchTarget=false, isStackTask=true, isSystemApp=true, isDockable=false, baseActivity=ComponentInfo{com.android.contacts/com.android.contacts.activities.PeopleActivity}, isLocked=false, mNeedHide=false, hasMultipleTasks=false, cti1Key=, cti2Key=] 
07-14 18:21:08.235  3655  5757 D RecentsTaskLoader: reloadTasksData [TaskKey{id=293, stackId=0, baseIntent=Intent { dat=ga:/... flg=0x10008000 cmp=com.google.android.googlequicksearchbox/.InternalGoogleAppActivityEntrypoint }, userId=0, lastActiveTime=17035764, windowingMode=1, isThumbnailBlur=false, isAccessLocked=false, isScreening=false, topActivity=ComponentInfo{com.google.android.googlequicksearchbox/com.google.android.apps.search.googleapp.activity.GoogleAppActivity}, mHashCode=9652315}, title=Google, titleDescription=Google, bounds=null, isLaunchTarget=false, isStackTask=true, isSystemApp=true, isDockable=true, baseActivity=ComponentInfo{com.google.android.googlequicksearchbox/com.google.android.apps.search.googleapp.activity.GoogleAppActivity}, isLocked=false, mNeedHide=false, hasMultipleTasks=false, cti1Key=, cti2Key=] 
07-14 18:21:08.235  3655  5757 D RecentsTaskLoader: reloadTasksData [TaskKey{id=290, stackId=0, baseIntent=Intent { act=android.intent.action.MAIN cat=[android.intent.category.LAUNCHER] flg=0x11200000 cmp=com.whatsapp/.Main }, userId=0, lastActiveTime=16597489, windowingMode=1, isThumbnailBlur=false, isAccessLocked=true, isScreening=false, topActivity=ComponentInfo{com.whatsapp/com.whatsapp.Conversation}, mHashCode=9562942}, title=WhatsApp, titleDescription=WhatsApp, bounds=null, isLaunchTarget=false, isStackTask=true, isSystemApp=false, isDockable=true, baseActivity=ComponentInfo{com.whatsapp/com.whatsapp.home.ui.HomeActivity}, isLocked=false, mNeedHide=false, hasMultipleTasks=false, cti1Key=, cti2Key=] 
07-14 18:21:08.235   891   975 D IPACM   : vendor/qcom/opensource/data-ipa-cfg-mgr/ipacm/src/IPACM_Routing.cpp:111 AddRoutingRule() Added routing rule 0xb400007689094250
07-14 18:21:08.245  1361  1612 W SDM     : DisplayBase::SetHWDetailedEnhancerConfig: SetDetailEnhancerConfig failed. err = 10
07-14 18:21:08.245 19612 19612 D SoundRecorder:SoundWaveView: computeScroll
07-14 18:21:08.251 19612 19612 D SoundRecorder:SoundWaveView: computeScroll
07-14 18:21:08.256  1361  1612 W SDM     : DisplayBase::SetHWDetailedEnhancerConfig: SetDetailEnhancerConfig failed. err = 10
07-14 18:21:08.262  1274 16295 D PAL: API: pal_get_param: 1017: Enter:
07-14 18:21:08.262 19612 19612 D SoundRecorder:SoundWaveView: computeScroll
07-14 18:21:08.262  1274 16295 D PAL: ResourceManager: getParameter: 7859: param_id=18
07-14 18:21:08.262  1274 16295 D PAL: ResourceManager: isDeviceAvailable: 9517: Device 8, is_available = 1
07-14 18:21:08.262  1274 16295 D PAL: API: pal_get_param: 1029: Exit, status 0
07-14 18:21:08.267  1361  1612 W SDM     : DisplayBase::SetHWDetailedEnhancerConfig: SetDetailEnhancerConfig failed. err = 10
07-14 18:21:08.273 19612 19612 D SoundRecorder:SoundWaveView: computeScroll
07-14 18:21:08.278  1361  1612 W SDM     : DisplayBase::SetHWDetailedEnhancerConfig: SetDetailEnhancerConfig failed. err = 10
07-14 18:21:08.284 19612 19612 D SoundRecorder:SoundWaveView: computeScroll
07-14 18:21:08.296 19612 19612 D SoundRecorder:SoundWaveView: computeScroll
07-14 18:21:08.300  1361  1612 W SDM     : DisplayBase::SetHWDetailedEnhancerConfig: SetDetailEnhancerConfig failed. err = 10
07-14 18:21:08.302  1274 16295 D PAL: API: pal_get_param: 1017: Enter:
07-14 18:21:08.302  1274 16295 D PAL: ResourceManager: getParameter: 7859: param_id=18
07-14 18:21:08.302  1274 16295 D PAL: ResourceManager: isDeviceAvailable: 9517: Device 8, is_available = 1
07-14 18:21:08.302  1274 16295 D PAL: API: pal_get_param: 1029: Exit, status 0
07-14 18:21:08.306 19612 19612 D SoundRecorder:SoundWaveView: computeScroll
07-14 18:21:08.311  1361  1612 W SDM     : DisplayBase::SetHWDetailedEnhancerConfig: SetDetailEnhancerConfig failed. err = 10
07-14 18:21:08.318 19612 19612 D SoundRecorder:SoundWaveView: computeScroll
07-14 18:21:08.322  1361  1612 W SDM     : DisplayBase::SetHWDetailedEnhancerConfig: SetDetailEnhancerConfig failed. err = 10
07-14 18:21:08.328 19612 19612 D SoundRecorder:SoundWaveView: computeScroll
07-14 18:21:08.334  1361  1612 W SDM     : DisplayBase::SetHWDetailedEnhancerConfig: SetDetailEnhancerConfig failed. err = 10
07-14 18:21:08.340 21216 21216 W WindowOnBackDispatcher: sendCancelIfRunning: isInProgress=false callback=android.view.ViewRootImpl$$ExternalSyntheticLambda12@90c3e8d
07-14 18:21:08.340 19612 19612 D SoundRecorder:SoundWaveView: computeScroll
07-14 18:21:08.341  2561  4325 D CoreBackPreview: Window{f86f499 u0 com.princevekariya.projectledger.personal.debug/com.princevekariya.projectledger.MainActivity}: Setting back callback null
07-14 18:21:08.342  1274 16295 D PAL: API: pal_get_param: 1017: Enter:
07-14 18:21:08.342  1274 16295 D PAL: ResourceManager: getParameter: 7859: param_id=18
07-14 18:21:08.342  1274 16295 D PAL: ResourceManager: isDeviceAvailable: 9517: Device 8, is_available = 1
07-14 18:21:08.342  1274 16295 D PAL: API: pal_get_param: 1029: Exit, status 0
07-14 18:21:08.345  1361  1612 W SDM     : DisplayBase::SetHWDetailedEnhancerConfig: SetDetailEnhancerConfig failed. err = 10
07-14 18:21:08.347 21216 21216 D DecorViewImmersiveImpl: onDetachedFromWindow
07-14 18:21:08.349  2561  4325 W InputManager-JNI: Input channel object 'f86f499 com.princevekariya.projectledger.personal.debug/com.princevekariya.projectledger.MainActivity (client)' was disposed without first being removed with the input manager!
07-14 18:21:08.351 19612 19612 D SoundRecorder:SoundWaveView: computeScroll
07-14 18:21:08.354  2561  4325 I SmartPower: com.princevekariya.projectledger.personal.debug/10376(21216): visible->invisible(7523ms) R(become invisible) adj=900.
07-14 18:21:08.355  2561  4325 I SmartPower: com.princevekariya.projectledger.personal.debug/10376(21216): invisible->background(0ms) R(become background) adj=900.
07-14 18:21:08.356  1361  1612 W SDM     : DisplayBase::SetHWDetailedEnhancerConfig: SetDetailEnhancerConfig failed. err = 10
07-14 18:21:08.359 21216 21216 E FileUtils: err write to mi_exception_log
07-14 18:21:08.363 19612 19612 D SoundRecorder:SoundWaveView: computeScroll
07-14 18:21:08.364  2561  4325 D MiuiMultiWindowUtils: supportMultiWindow: isSupportDevice = -1
07-14 18:21:08.364  2561  4325 D MiuiMultiWindowUtils: supportMultiWindow: isSupportDevice = -1
07-14 18:21:08.364  2561  4325 D MiuiMultiWindowUtils: supportMultiWindow: isSupportDevice = -1
07-14 18:21:08.364  2561  4325 D MiuiMultiWindowUtils: supportMultiWindow: isSupportDevice = -1
07-14 18:21:08.368  1361  1612 W SDM     : DisplayBase::SetHWDetailedEnhancerConfig: SetDetailEnhancerConfig failed. err = 10
07-14 18:21:08.369  2561  2636 W ActivityTaskManager: Can't find TaskDisplayArea to determine support for multi window. Task id=302 attached=false
07-14 18:21:08.372  3594  3752 D MulWinSwitchDecorViewModel: destroyWindowDecoration: taskId=302 windowingMode=1 mWindowDecorByTaskId.size()=0 callers=com.android.wm.shell.fullscreen.FullscreenTaskListener.onTaskVanished:104 com.android.wm.shell.ShellTaskOrganizer.onTaskVanished:128 android.window.TaskOrganizer$1.lambda$onTaskVanished$5:310 android.window.TaskOrganizer$1.$r8$lambda$BfZljSLvbOxLl9lAmxVzXFoCjYU:0 android.window.TaskOrganizer$1$$ExternalSyntheticLambda0.run:0 
07-14 18:21:08.372  3594  3752 D MultiTaskingTaskRepository: onTaskVanished: taskInfo.taskId: 302 current mMultiTaskingTaskInfoList: { ,302 ,300 ,299 ,296 ,293 ,291 ,290 ,5 ,4 }
07-14 18:21:08.372  3594  3752 D MultiTaskingTaskRepository: removeFullscreenTask taskId=302
07-14 18:21:08.372  3594  3752 D MiuiFreeformModeCornerTipHandler: task#302 onTaskVanished
07-14 18:21:08.373  3594  3752 I MiuiBubbleController: removeBubble: 302 reason=2
07-14 18:21:08.373  3594  3752 I MultiTaskingTaskInfo: before call clearMaskControl task id = 302, CoverLayerController = null, callers=com.android.wm.shell.multitasking.taskmanager.MultiTaskingTaskListener.onTaskVanished:148 com.android.wm.shell.ShellTaskOrganizer.onTaskVanished:141 android.window.TaskOrganizer$1.lambda$onTaskVanished$5:310 android.window.TaskOrganizer$1.$r8$lambda$BfZljSLvbOxLl9lAmxVzXFoCjYU:0 android.window.TaskOrganizer$1$$ExternalSyntheticLambda0.run:0 
07-14 18:21:08.373 19612 19612 D SoundRecorder:SoundWaveView: computeScroll
07-14 18:21:08.373  3594  3752 I MultiTaskingTaskRepository: onTaskVanish multi list = [5, 4], full = [300, 291, 299, 296, 293, 290]
07-14 18:21:08.374  3655  3702 D EventBus: No subscribers registered for event class com.miui.home.recents.messages.RecentTasksChangedEvent
07-14 18:21:08.374  3655  3702 D EventBus: No subscribers registered for event class org.greenrobot.eventbus.NoSubscriberEvent
07-14 18:21:08.377  2561  4325 I ATMSImpl: cacheTasksForDefaultDisplay size=7 topId=300
07-14 18:21:08.379  1361  1612 W SDM     : DisplayBase::SetHWDetailedEnhancerConfig: SetDetailEnhancerConfig failed. err = 10
07-14 18:21:08.380  3655  5757 D RecentsModel: getRunningTask ignoreActivityType : 2 ,ignoreWindowMode:5
07-14 18:21:08.380  3655  5757 W RecentsModel: getRunningTask   taskInfo=TaskInfo{userId=0 taskId=300 displayId=0 isRunning=true baseIntent=Intent { act=android.intent.action.MAIN cat=[android.intent.category.LAUNCHER] flg=0x10200000 cmp=com.android.soundrecorder/.StartActivity } baseActivity=ComponentInfo{com.android.soundrecorder/com.android.soundrecorder.RecordPreviewActivity} topActivity=ComponentInfo{com.android.soundrecorder/com.android.soundrecorder.SoundPlaybackActivity} origActivity=null realActivity=ComponentInfo{com.android.soundrecorder/com.android.soundrecorder.StartActivity} numActivities=2 lastActiveTime=19627598 supportsSplitScreenMultiWindow=true supportsMultiWindow=true resizeMode=2 isResizeable=true minWidth=-1 minHeight=-1 defaultMinSize=200 token=WCT{android.window.IWindowContainerToken$Stub$Proxy@66de375} topActivityType=1 pictureInPictureParams=null shouldDockBigOverlays=false launchIntoPipHostTaskId=-1 lastParentTaskIdBeforePip=-1 displayCutoutSafeInsets=null topActivityInfo=ActivityInfo{995af0a com.android.soundrecorder.SoundPlaybackActivity} launchCookies=[] positionInParent=Point(0, 0) parentTaskId=-1 isFocused=true isVisible=true isVisibleRequested=true isSleeping=false locusId=null displayAreaFeatureId=1 isTopActivityTransparent=false appCompatTaskInfo=AppCompatTaskInfo { topActivityInSizeCompat=false topActivityInMiuiSizeCompat=false topActivityEligibleForLetterboxEducation= falseisLetterboxEducationEnabled= false isLetterboxDoubleTapEnabled= false topActivityEligibleForUserAspectRatioButton= false topActivityBoundsLetterboxed= false isFromLetterboxDoubleTap= false topActivityLetterboxVerticalPosition= -1 topActivityLetterboxHorizontalPosition= -1 topActivityLetterboxWidth=1080 topActivityLetterboxHeight=2460 isUserFullscreenOverrideEnabled=false isSystemFullscreenOverrideEnabled=false cameraCompatTaskInfo=CameraCompatTaskInfo { cameraCompatControlState=hidden freeformCameraCompatMode=inactive}} isImmersive=false mTopActivityRequestOrientation=1 mBehindAppLockPkg=null mOriginatingUid=0 isEmbedded=false shouldBeVisible=true mIsCastMode=false mTopActivityMediaSize=null mTopActivityRecordName=ActivityRecord{7ba4a2b u0 com.android.soundrecorder/.SoundPlaybackActivity t300} mTopActivityOrientation=1}
07-14 18:21:08.381  3655  5757 E ActivityManagerWrapper: get all recent tasks force including 300
07-14 18:21:08.382  1274 16295 D PAL: API: pal_get_param: 1017: Enter:
07-14 18:21:08.382  1274 16295 D PAL: ResourceManager: getParameter: 7859: param_id=18
07-14 18:21:08.382  1274 16295 D PAL: ResourceManager: isDeviceAvailable: 9517: Device 8, is_available = 1
07-14 18:21:08.382  1274 16295 D PAL: API: pal_get_param: 1029: Exit, status 0
07-14 18:21:08.385 19612 19612 D SoundRecorder:SoundWaveView: computeScroll
07-14 18:21:08.390  1361  1612 W SDM     : DisplayBase::SetHWDetailedEnhancerConfig: SetDetailEnhancerConfig failed. err = 10
07-14 18:21:08.395 19612 19612 D SoundRecorder:SoundWaveView: computeScroll
07-14 18:21:08.397  3655  5757 E ActivityManagerWrapper: getRecentTasksForceIncludingTaskIdIfValid: getRecentTasks: size=7
07-14 18:21:08.397  3655  5757 E ActivityManagerWrapper:  mainTaskId=300   userId=0   windowMode=1   baseIntent=Intent { act=android.intent.action.MAIN flag=270532608 cmp=ComponentInfo{com.android.soundrecorder/com.android.soundrecorder.StartActivity} }
07-14 18:21:08.397  3655  5757 E ActivityManagerWrapper:  mainTaskId=302   userId=0   windowMode=1   baseIntent=Intent { act=null flag=268435456 cmp=ComponentInfo{com.princevekariya.projectledger.personal.debug/com.princevekariya.projectledger.MainActivity} }
07-14 18:21:08.397  3655  5757 E ActivityManagerWrapper:  mainTaskId=291   userId=0   windowMode=1   baseIntent=Intent { act=android.intent.action.MAIN flag=335544320 cmp=ComponentInfo{com.android.settings/com.android.settings.Settings$TetherSettingsActivity} }
07-14 18:21:08.397  3655  5757 E ActivityManagerWrapper:  mainTaskId=299   userId=0   windowMode=1   baseIntent=Intent { act=android.intent.action.MAIN flag=287309824 cmp=ComponentInfo{com.snapchat.android/com.snapchat.android.LandingPageActivity} }
07-14 18:21:08.397  3655  5757 E ActivityManagerWrapper:  mainTaskId=296   userId=0   windowMode=1   baseIntent=Intent { act=android.intent.action.MAIN flag=270532608 cmp=ComponentInfo{com.android.contacts/com.android.contacts.activities.TwelveKeyDialer} }
07-14 18:21:08.397  3655  5757 E ActivityManagerWrapper:  mainTaskId=293   userId=0   windowMode=1   baseIntent=Intent { act=null flag=268468224 cmp=ComponentInfo{com.google.android.googlequicksearchbox/com.google.android.googlequicksearchbox.InternalGoogleAppActivityEntrypoint} }
07-14 18:21:08.397  3655  5757 E ActivityManagerWrapper:  mainTaskId=290   userId=0   windowMode=1   baseIntent=Intent { act=android.intent.action.MAIN flag=287309824 cmp=ComponentInfo{com.whatsapp/com.whatsapp.Main} }
07-14 18:21:08.399 21216 21216 D UserSceneDetector: invoke error.
07-14 18:21:08.400  1361  1612 W SDM     : DisplayBase::SetHWDetailedEnhancerConfig: SetDetailEnhancerConfig failed. err = 10
07-14 18:21:08.401 21216 21216 D ActivityThread: Fail to check app heapsize due to java.lang.NoSuchMethodException: dalvik.system.VMRuntime.getBlockingGcCountForAlloc []
07-14 18:21:08.406  3655  5757 D RecentsTaskLoader: reloadTasksData [TaskKey{id=300, stackId=0, baseIntent=Intent { act=android.intent.action.MAIN cat=[android.intent.category.LAUNCHER] flg=0x10200000 cmp=com.android.soundrecorder/.StartActivity }, userId=0, lastActiveTime=19626431, windowingMode=1, isThumbnailBlur=false, isAccessLocked=false, isScreening=false, topActivity=ComponentInfo{com.android.soundrecorder/com.android.soundrecorder.SoundPlaybackActivity}, mHashCode=9860852}, title=Recorder, titleDescription=Recorder, bounds=null, isLaunchTarget=true, isStackTask=true, isSystemApp=false, isDockable=true, baseActivity=ComponentInfo{com.android.soundrecorder/com.android.soundrecorder.RecordPreviewActivity}, isLocked=false, mNeedHide=false, hasMultipleTasks=false, cti1Key=, cti2Key=] 
07-14 18:21:08.406  3655  5757 W IconCustomizer: Density abnormal: context density=442 systemDensity=440
07-14 18:21:08.406  3655  5757 W IconCustomizer: Density abnormal: context density=442 systemDensity=440
07-14 18:21:08.408  3655  5757 D RecentsTaskLoader: reloadTasksData [TaskKey{id=302, stackId=0, baseIntent=Intent { flg=0x10000000 cmp=com.princevekariya.projectledger.personal.debug/com.princevekariya.projectledger.MainActivity }, userId=0, lastActiveTime=19626412, windowingMode=1, isThumbnailBlur=false, isAccessLocked=false, isScreening=false, topActivity=null, mHashCode=9920434}, title=Project Ledger Personal Dev, titleDescription=Project Ledger Personal Dev, bounds=null, isLaunchTarget=false, isStackTask=true, isSystemApp=false, isDockable=true, baseActivity=null, isLocked=false, mNeedHide=false, hasMultipleTasks=false, cti1Key=, cti2Key=] 
07-14 18:21:08.408  3655  5757 D RecentsTaskLoader: reloadTasksData [TaskKey{id=291, stackId=0, baseIntent=Intent { act=android.intent.action.MAIN flg=0x14000000 cmp=com.android.settings/.Settings$TetherSettingsActivity }, userId=0, lastActiveTime=18321674, windowingMode=1, isThumbnailBlur=false, isAccessLocked=true, isScreening=false, topActivity=ComponentInfo{com.android.settings/com.android.settings.Settings$TetherSettingsActivity}, mHashCode=9592733}, title=Portable hotspot, titleDescription=Settings Portable hotspot, bounds=null, isLaunchTarget=true, isStackTask=true, isSystemApp=true, isDockable=true, baseActivity=ComponentInfo{com.android.settings/com.android.settings.Settings$TetherSettingsActivity}, isLocked=false, mNeedHide=false, hasMultipleTasks=false, cti1Key=, cti2Key=] 
07-14 18:21:08.408  3655  5757 D RecentsTaskLoader: reloadTasksData: [TaskKey{id=291, stackId=0, baseIntent=Intent { act=android.intent.action.MAIN flg=0x14000000 cmp=com.android.settings/.Settings$TetherSettingsActivity }, userId=0, lastActiveTime=18321674, windowingMode=1, isThumbnailBlur=false, isAccessLocked=true, isScreening=false, topActivity=ComponentInfo{com.android.settings/com.android.settings.Settings$TetherSettingsActivity}, mHashCode=9592733}, title=Portable hotspot, titleDescription=Settings Portable hotspot, bounds=null, isLaunchTarget=true, isStackTask=true, isSystemApp=true, isDockable=true, baseActivity=ComponentInfo{com.android.settings/com.android.settings.Settings$TetherSettingsActivity}, isLocked=false, mNeedHide=false, hasMultipleTasks=false, cti1Key=, cti2Key=] 
07-14 18:21:08.408  3655  5757 D RecentsTaskLoader: reloadTasksData [TaskKey{id=299, stackId=0, baseIntent=Intent { act=android.intent.action.MAIN cat=[android.intent.category.LAUNCHER] flg=0x11200000 cmp=com.snapchat.android/.LandingPageActivity }, userId=0, lastActiveTime=17274943, windowingMode=1, isThumbnailBlur=false, isAccessLocked=true, isScreening=false, topActivity=ComponentInfo{com.snapchat.android/com.snap.mushroom.MainActivity}, mHashCode=9831061}, title=Snapchat, titleDescription=Snapchat, bounds=null, isLaunchTarget=false, isStackTask=true, isSystemApp=false, isDockable=true, baseActivity=ComponentInfo{com.snapchat.android/com.snap.mushroom.MainActivity}, isLocked=false, mNeedHide=false, hasMultipleTasks=false, cti1Key=, cti2Key=] 
07-14 18:21:08.408  3655  5757 D RecentsTaskLoader: reloadTasksData [TaskKey{id=296, stackId=0, baseIntent=Intent { act=android.intent.action.MAIN cat=[android.intent.category.LAUNCHER] flg=0x10200000 cmp=com.android.contacts/.activities.TwelveKeyDialer }, userId=0, lastActiveTime=17131447, windowingMode=1, isThumbnailBlur=false, isAccessLocked=false, isScreening=false, topActivity=ComponentInfo{com.android.contacts/com.android.contacts.activities.PeopleActivity}, mHashCode=9741688}, title=Phone, titleDescription=Contacts and dialer Phone, bounds=null, isLaunchTarget=false, isStackTask=true, isSystemApp=true, isDockable=false, baseActivity=ComponentInfo{com.android.contacts/com.android.contacts.activities.PeopleActivity}, isLocked=false, mNeedHide=false, hasMultipleTasks=false, cti1Key=, cti2Key=] 
07-14 18:21:08.408  3655  5757 D RecentsTaskLoader: reloadTasksData [TaskKey{id=293, stackId=0, baseIntent=Intent { dat=ga:/... flg=0x10008000 cmp=com.google.android.googlequicksearchbox/.InternalGoogleAppActivityEntrypoint }, userId=0, lastActiveTime=17035764, windowingMode=1, isThumbnailBlur=false, isAccessLocked=false, isScreening=false, topActivity=ComponentInfo{com.google.android.googlequicksearchbox/com.google.android.apps.search.googleapp.activity.GoogleAppActivity}, mHashCode=9652315}, title=Google, titleDescription=Google, bounds=null, isLaunchTarget=false, isStackTask=true, isSystemApp=true, isDockable=true, baseActivity=ComponentInfo{com.google.android.googlequicksearchbox/com.google.android.apps.search.googleapp.activity.GoogleAppActivity}, isLocked=false, mNeedHide=false, hasMultipleTasks=false, cti1Key=, cti2Key=] 
07-14 18:21:08.408  3655  5757 D RecentsTaskLoader: reloadTasksData [TaskKey{id=290, stackId=0, baseIntent=Intent { act=android.intent.action.MAIN cat=[android.intent.category.LAUNCHER] flg=0x11200000 cmp=com.whatsapp/.Main }, userId=0, lastActiveTime=16597489, windowingMode=1, isThumbnailBlur=false, isAccessLocked=true, isScreening=false, topActivity=ComponentInfo{com.whatsapp/com.whatsapp.Conversation}, mHashCode=9562942}, title=WhatsApp, titleDescription=WhatsApp, bounds=null, isLaunchTarget=false, isStackTask=true, isSystemApp=false, isDockable=true, baseActivity=ComponentInfo{com.whatsapp/com.whatsapp.home.ui.HomeActivity}, isLocked=false, mNeedHide=false, hasMultipleTasks=false, cti1Key=, cti2Key=] 
07-14 18:21:08.409 19612 19612 D SoundRecorder:SoundWaveView: computeScroll
07-14 18:21:08.412  1361  1612 W SDM     : DisplayBase::SetHWDetailedEnhancerConfig: SetDetailEnhancerConfig failed. err = 10
07-14 18:21:08.415  2561  2888 I SmartPower: com.google.android.gms/10154(11182): idle->background(2730ms) R(service destroy com.google.android.gms/.chimera.GmsIntentOperationService) adj=250.
07-14 18:21:08.418 19612 19612 D SoundRecorder:SoundWaveView: computeScroll
07-14 18:21:08.422  1274 16295 D PAL: API: pal_get_param: 1017: Enter:
07-14 18:21:08.422  1274 16295 D PAL: ResourceManager: getParameter: 7859: param_id=18
07-14 18:21:08.422  1274 16295 D PAL: ResourceManager: isDeviceAvailable: 9517: Device 8, is_available = 1
07-14 18:21:08.422  1274 16295 D PAL: API: pal_get_param: 1029: Exit, status 0
07-14 18:21:08.423  1361  1612 W SDM     : DisplayBase::SetHWDetailedEnhancerConfig: SetDetailEnhancerConfig failed. err = 10
07-14 18:21:08.429 19612 19612 D SoundRecorder:SoundWaveView: computeScroll
07-14 18:21:08.434  1361  1612 W SDM     : DisplayBase::SetHWDetailedEnhancerConfig: SetDetailEnhancerConfig failed. err = 10
07-14 18:21:08.440 19612 19612 D SoundRecorder:SoundWaveView: computeScroll
07-14 18:21:08.445  1361  1612 W SDM     : DisplayBase::SetHWDetailedEnhancerConfig: SetDetailEnhancerConfig failed. err = 10
07-14 18:21:08.452 19612 19612 D SoundRecorder:SoundWaveView: computeScroll
07-14 18:21:08.456  1361  1612 W SDM     : DisplayBase::SetHWDetailedEnhancerConfig: SetDetailEnhancerConfig failed. err = 10
07-14 18:21:08.462  1274 16295 D PAL: API: pal_get_param: 1017: Enter:
07-14 18:21:08.462  1274 16295 D PAL: ResourceManager: getParameter: 7859: param_id=18
07-14 18:21:08.462  1274 16295 D PAL: ResourceManager: isDeviceAvailable: 9517: Device 8, is_available = 1
07-14 18:21:08.462  1274 16295 D PAL: API: pal_get_param: 1029: Exit, status 0
07-14 18:21:08.462 19612 19612 D SoundRecorder:SoundWaveView: computeScroll
07-14 18:21:08.467  1361  1612 W SDM     : DisplayBase::SetHWDetailedEnhancerConfig: SetDetailEnhancerConfig failed. err = 10
07-14 18:21:08.474 19612 19612 D SoundRecorder:SoundWaveView: computeScroll
07-14 18:21:08.479  1361  1612 W SDM     : DisplayBase::SetHWDetailedEnhancerConfig: SetDetailEnhancerConfig failed. err = 10
07-14 18:21:08.485 19612 19612 D SoundRecorder:SoundWaveView: computeScroll
07-14 18:21:08.487 19612 20768 I MediaCodec: [mId: 5] [audio-debug-dec] Stats over last 5001ms:
07-14 18:21:08.487 19612 20768 I MediaCodec: [mId: 5] [audio-debug-dec] ClientName: com.android.soundrecorder ComponentName: c2.android.mp3.decoder
07-14 18:21:08.487 19612 20768 I MediaCodec: [mId: 5] [audio-debug-dec] Qinput: 2184, DQinput: 2184 success out of 2224 tries
07-14 18:21:08.487 19612 20768 I MediaCodec: [mId: 5] [audio-debug-dec] Render: 0, Drop: 2185, DQoutput: 2185 success out of 2223 tries
07-14 18:21:08.490  1361  1612 W SDM     : DisplayBase::SetHWDetailedEnhancerConfig: SetDetailEnhancerConfig failed. err = 10
07-14 18:21:08.497 19612 19612 D SoundRecorder:SoundWaveView: computeScroll
07-14 18:21:08.497  1276  3882 I vendor.qti.bluetooth@1.0-ibs_handler: ProcessIbsCmd: Received IBS_WAKE_IND: 0xFD
07-14 18:21:08.497  1276  3882 D vendor.qti.bluetooth@1.0-ibs_handler: SerialClockVote: vote for UART CLK ON
07-14 18:21:08.497  1276  3882 D vendor.qti.bluetooth@1.0-wake_lock: Acquire wakelock is acquired 
07-14 18:21:08.497  1276  3882 I vendor.qti.bluetooth@1.0-ibs_handler: ProcessIbsCmd: Writing IBS_WAKE_ACK
07-14 18:21:08.499  3490  3914 V BtGatt.ScanHelper: onScanResult() - eventType=0x1b, addressType=1, address=4F:B5:FB:67:6D:3A, primaryPhy=1, secondaryPhy=0, advertisingSid=0xff, txPower=127, rssi=-56, periodicAdvInt=0x0, originalAddress=00:00:00:00:00:00
07-14 18:21:08.501  1361  1612 W SDM     : DisplayBase::SetHWDetailedEnhancerConfig: SetDetailEnhancerConfig failed. err = 10
07-14 18:21:08.502  1274 16295 D PAL: API: pal_get_param: 1017: Enter:
07-14 18:21:08.502  1274 16295 D PAL: ResourceManager: getParameter: 7859: param_id=18
07-14 18:21:08.502  1274 16295 D PAL: ResourceManager: isDeviceAvailable: 9517: Device 8, is_available = 1
07-14 18:21:08.502  1274 16295 D PAL: API: pal_get_param: 1029: Exit, status 0
07-14 18:21:08.502  3490  3914 V BtGatt.ScanHelper: Skipping client: permission=true matches=false
07-14 18:21:08.503  3490  3914 V BtGatt.ScanHelper: Skipping client: permission=true matches=false
07-14 18:21:08.503  3490  3914 V BtGatt.ScanHelper: Skipping client: permission=true matches=false
07-14 18:21:08.503  3490  3914 D BluetoothRemoteDevices: Update property, device=XX:XX:XX:XX:6D:3A, type: 1
07-14 18:21:08.503  3490  3914 D BluetoothRemoteDevices: Skip name update for XX:XX:XX:XX:6D:3A
07-14 18:21:08.504  3490  3914 D BluetoothRemoteDevices: Update property, device=XX:XX:XX:XX:6D:3A, type: 4
07-14 18:21:08.504  3490  3914 D BluetoothRemoteDevices: Skip class update, device=XX:XX:XX:XX:6D:3A, cod=0x1f00
07-14 18:21:08.504  3490  3914 D BluetoothRemoteDevices: Update property, device=XX:XX:XX:XX:6D:3A, type: 5
07-14 18:21:08.504  3490  3914 D BluetoothRemoteDevices:  BT_PROPERTY_TYPE_OF_DEVICE addr:4F:B5:FB:67:6D:3A deviceType:3
07-14 18:21:08.507 19612 19612 D SoundRecorder:SoundWaveView: computeScroll
07-14 18:21:08.512  1361  1612 W SDM     : DisplayBase::SetHWDetailedEnhancerConfig: SetDetailEnhancerConfig failed. err = 10
07-14 18:21:08.519 19612 19612 D SoundRecorder:SoundWaveView: computeScroll
07-14 18:21:08.523  1361  1612 W SDM     : DisplayBase::SetHWDetailedEnhancerConfig: SetDetailEnhancerConfig failed. err = 10
07-14 18:21:08.529 19612 19612 D SoundRecorder:SoundWaveView: computeScroll
07-14 18:21:08.534  1361  1612 W SDM     : DisplayBase::SetHWDetailedEnhancerConfig: SetDetailEnhancerConfig failed. err = 10
07-14 18:21:08.538  1276  3882 I vendor.qti.bluetooth@1.0-ibs_handler: ProcessIbsCmd: Received IBS_SLEEP_IND: 0xFE
07-14 18:21:08.538  1276  3882 D vendor.qti.bluetooth@1.0-ibs_handler: SerialClockVote: vote for UART CLK OFF
07-14 18:21:08.541 19612 19612 D SoundRecorder:SoundWaveView: computeScroll
07-14 18:21:08.542  1274 16295 D PAL: API: pal_get_param: 1017: Enter:
07-14 18:21:08.542  1274 16295 D PAL: ResourceManager: getParameter: 7859: param_id=18
07-14 18:21:08.542  1274 16295 D PAL: ResourceManager: isDeviceAvailable: 9517: Device 8, is_available = 1
07-14 18:21:08.542  1274 16295 D PAL: API: pal_get_param: 1029: Exit, status 0
07-14 18:21:08.545  1361  1612 W SDM     : DisplayBase::SetHWDetailedEnhancerConfig: SetDetailEnhancerConfig failed. err = 10
07-14 18:21:08.551 19612 19612 D SoundRecorder:SoundWaveView: computeScroll
07-14 18:21:08.556  1361  1612 W SDM     : DisplayBase::SetHWDetailedEnhancerConfig: SetDetailEnhancerConfig failed. err = 10
07-14 18:21:08.563 19612 19612 D SoundRecorder:SoundWaveView: computeScroll
07-14 18:21:08.568  1361  1612 W SDM     : DisplayBase::SetHWDetailedEnhancerConfig: SetDetailEnhancerConfig failed. err = 10
07-14 18:21:08.574 19612 19612 D SoundRecorder:SoundWaveView: computeScroll
07-14 18:21:08.579  1361  1612 W SDM     : DisplayBase::SetHWDetailedEnhancerConfig: SetDetailEnhancerConfig failed. err = 10
07-14 18:21:08.582  1274 16295 D PAL: API: pal_get_param: 1017: Enter:
07-14 18:21:08.582  1274 16295 D PAL: ResourceManager: getParameter: 7859: param_id=18
07-14 18:21:08.582  1274 16295 D PAL: ResourceManager: isDeviceAvailable: 9517: Device 8, is_available = 1
07-14 18:21:08.582  1274 16295 D PAL: API: pal_get_param: 1029: Exit, status 0
07-14 18:21:08.585 19612 19612 D SoundRecorder:SoundWaveView: computeScroll
07-14 18:21:08.590  1361  1612 W SDM     : DisplayBase::SetHWDetailedEnhancerConfig: SetDetailEnhancerConfig failed. err = 10
07-14 18:21:08.596 19612 19612 D SoundRecorder:SoundWaveView: computeScroll
07-14 18:21:08.601  1325 13568 E sensors-hal: handle_sns_client_event:431, accel_sample(accelcal_available:0): ts=19627493215313 ns; value = [-1.889325, -1.566294, 9.726921], status=3
07-14 18:21:08.601  1361  1612 W SDM     : DisplayBase::SetHWDetailedEnhancerConfig: SetDetailEnhancerConfig failed. err = 10
07-14 18:21:08.601  1325 13568 E sensors-hal: handle_sns_client_event:431, accel_sample(accelcal_available:0): ts=19627594618959 ns; value = [-1.877361, -1.535187, 9.714957], status=3
