Project Ledger Phase 23 transaction-history failure
Generated: 2026-07-15 07:55:24 +05:30
Package: com.princevekariya.projectledger.personal.debug
Process ID after launch: 30328
History-factory log found: True
Bootstrap-ready log found: True
Transactions title found: False
All filter found: False
Expense filter found: False
Income filter found: False
Old placeholder found: False

=== Launch output ===
Starting: Intent { act=android.intent.action.VIEW dat=projectledger://transactions/... cmp=com.princevekariya.projectledger.personal.debug/com.princevekariya.projectledger.MainActivity }
Status: ok
LaunchState: UNKNOWN (0)
Activity: com.princevekariya.projectledger.personal.debug/com.princevekariya.projectledger.MainActivity
WaitTime: 3048
Complete

=== Focused Project Ledger Logcat ===
--------- beginning of main
07-15 07:55:18.641 30328 30328 I ProjectLedger: application_container_ready | Logging and five local repositories are ready.
07-15 07:55:18.642 30328 30328 I ProjectLedger: manual_transaction_use_case_ready | Manual expense and income saving is ready.
07-15 07:55:18.644 30328 30328 I ProjectLedger: balance_aware_transaction_writer_ready | Transactions and account balances will be stored atomically.
07-15 07:55:18.646 30328 30328 I ProjectLedger: transaction_entry_state_ready | Transaction entry state and ViewModel factory are ready.
07-15 07:55:18.648 30328 30328 I ProjectLedger: live_dashboard_factory_ready | The live Room dashboard factory is ready.
07-15 07:55:18.650 30328 30328 I ProjectLedger: transaction_history_factory_ready | The live Room transaction history factory is ready.
07-15 07:55:18.847 30328 30328 I ProjectLedger: main_activity_created | Main application activity resolved its dependencies.
07-15 07:55:19.003 30328 30446 I ProjectLedger: default_ledger_data_ready | Created 0 missing default records.
07-15 07:55:21.028 30328 30328 I ProjectLedger: main_activity_created | Main application activity resolved its dependencies.

=== Diagnostic Logcat ===
--------- beginning of main
07-15 07:55:16.505 17291 17487 D PubSubTrack: actionType = security_trigger not published. enablePublish:false
07-15 07:55:16.516  4469  4469 E FileUtils: err write to mi_exception_log
07-15 07:55:16.516  3594  3594 E FileUtils: err write to mi_exception_log
07-15 07:55:16.517  3594  3594 D VolumePanelViewController_false: onReceive: android.intent.action.PACKAGE_REPLACED, time= 0
07-15 07:55:16.519  3594  4929 D MiuiShortcut-PackageChangedManager: update success : com.princevekariya.projectledger.personal.debug
07-15 07:55:16.534 30210 30210 D MiuiMonitorThread: Shared singleton Thread for stability monitor start
07-15 07:55:16.540 17291 17487 D PI-ScanInterceptor: the first scan time: 1736310963821
07-15 07:55:16.552  5891 10572 W MQSEventManager: occur
07-15 07:55:16.560 30210 30210 D ActivityThread: setEmbeddedParam packageName=com.android.keychain processName=com.android.keychain isEmbedded=false isIsolated=false
07-15 07:55:16.573   352   352 D lowmemorykiller: No processes to kill with adj score >= 702
07-15 07:55:16.574  1377  1470 E ANDR-PERF-LM: FeatureState: deleteRow() 208: Entry not found in db
07-15 07:55:16.579 30210 30210 D CompatChangeReporter: Compat change id reported: 202956589; UID 1000; state: ENABLED
07-15 07:55:16.579  2561 24842 W BpBinder: Large or Failed outgoing transaction of 248816 bytes, interface descriptor , code 1
07-15 07:55:16.583  5799  5799 W MediaProvider: WorkProfileOwnerApps cache miss for package com.princevekariya.projectledger.personal.debug
07-15 07:55:16.591 21497 21497 I Finsky  : [2] akvm - Received: android.intent.action.PACKAGE_REMOVED, [mYVu1cJmU3UjbeDnqXUUREUEt0MsL9fVIQc85-jGq44]
07-15 07:55:16.599  2561  2876 I MiuiNetworkPolicy: updateUidState uid = 10162, uidState = 11
07-15 07:55:16.599  2561  3863 I ClipboardServiceI: checkProviderWakePathForClipboard: primaryClip is null
07-15 07:55:16.600  5799  5799 D PickerSyncLockManager: Trying to acquire lock com.android.providers.media.photopicker.sync.CloseableReentrantLock@b7d9db0[Unlocked]. Lock Name = CLOUD_PROVIDER_LOCK. Threads that may be waiting to acquire this lock = []
07-15 07:55:16.600  5799  5799 D CloseableReentrantLock: Successfully acquired lock com.android.providers.media.photopicker.sync.CloseableReentrantLock@b7d9db0[Locked by thread main]. Lock Name = CLOUD_PROVIDER_LOCK. Threads that may be waiting to acquire this lock = []
07-15 07:55:16.600  5799  5799 D CloseableReentrantLock: Successfully released lock com.android.providers.media.photopicker.sync.CloseableReentrantLock@b7d9db0[Unlocked]. Lock Name = CLOUD_PROVIDER_LOCK. Threads that may be waiting to acquire this lock = []
07-15 07:55:16.601 30120 30195 I htmlviewercloudcontrol: isStagingEnv:false param =  app_compatibility  uriMatch = 2, cluster: in, version: 376480, traceId: 1b596dd55917bb6c06b8a17f1b7f6788, regId: 
07-15 07:55:16.604 30120 30195 I htmlviewercloudcontrol: isStagingEnv:false param =  app_compatibility  uriMatch = 2, cluster: in, version: 376480, traceId: 1b596dd55917bb6c06b8a17f1b7f6788, regId: 
07-15 07:55:16.606 17291 17487 E PI-ScanInterceptor: package not found!
07-15 07:55:16.606 17291 17487 E PI-ScanInterceptor: android.content.pm.PackageManager$NameNotFoundException: unknown
07-15 07:55:16.606 17291 17487 E PI-ScanInterceptor: 	at android.app.ApplicationPackageManager.getPackageInfoAsUser(ApplicationPackageManager.java:279)
07-15 07:55:16.606 17291 17487 E PI-ScanInterceptor: 	at android.app.ApplicationPackageManager.getPackageInfo(ApplicationPackageManager.java:239)
07-15 07:55:16.606 17291 17487 E PI-ScanInterceptor: 	at android.app.ApplicationPackageManager.getPackageInfo(ApplicationPackageManager.java:233)
07-15 07:55:16.606 17291 17487 E PI-ScanInterceptor: 	at Q2.d.e(SourceFile:15)
07-15 07:55:16.606 17291 17487 E PI-ScanInterceptor: 	at Q2.d.d(SourceFile:23)
07-15 07:55:16.606 17291 17487 E PI-ScanInterceptor: 	at Q2.d.a(SourceFile:53)
07-15 07:55:16.606 17291 17487 E PI-ScanInterceptor: 	at Q2.p.a(SourceFile:43)
07-15 07:55:16.606 17291 17487 E PI-ScanInterceptor: 	at Q2.p.b(SourceFile:7)
07-15 07:55:16.606 17291 17487 E PI-ScanInterceptor: 	at com.miui.global.packageinstaller.service.ScanDispatchService$a.run(SourceFile:25)
07-15 07:55:16.606 17291 17487 E PI-ScanInterceptor: 	at java.util.concurrent.ThreadPoolExecutor.runWorker(ThreadPoolExecutor.java:1154)
07-15 07:55:16.606 17291 17487 E PI-ScanInterceptor: 	at java.util.concurrent.ThreadPoolExecutor$Worker.run(ThreadPoolExecutor.java:652)
07-15 07:55:16.606 17291 17487 E PI-ScanInterceptor: 	at java.lang.Thread.run(Thread.java:1563)
07-15 07:55:16.622  4469  4469 W BaseBundleMonitorImpl: Large Bundle: length=144864, bundle=f86c03a
07-15 07:55:16.629  4469  4469 W BpBinder: Large or Failed outgoing transaction of 144948 bytes, interface descriptor , code 1
07-15 07:55:16.637 30200 30200 D nativeloader: Configuring clns-shared-7 for other apk /apex/com.android.permission/priv-app/GooglePermissionController@361154140/GooglePermissionController.apk. target_sdk_version=36, uses_libraries=, library_path=/apex/com.android.permission/priv-app/GooglePermissionController@361154140/lib/arm64:/system/lib64:/system_ext/lib64, permitted_path=/data:/mnt/expand:/data/user_de/0/com.google.android.permissioncontroller:/apex/com.android.permission/priv-app/GooglePermissionController@361154140:/system/lib64:/system_ext/lib64
07-15 07:55:16.641 30200 30200 D nativeloader: InitApexLibraries:
07-15 07:55:16.641 30200 30200 D nativeloader:   com_android_adservices: libhpke_jni.so:libtflite_support_classifiers_native.so
07-15 07:55:16.641 30200 30200 D nativeloader:   com_android_appsearch: libappsearchservice.so:libicing_anywhere.so
07-15 07:55:16.641 30200 30200 D nativeloader:   com_android_art: libartservice.so
07-15 07:55:16.641 30200 30200 D nativeloader:   com_android_btservices: libbluetooth_jni.so
07-15 07:55:16.641 30200 30200 D nativeloader:   com_android_conscrypt: libjavacrypto.so
07-15 07:55:16.641 30200 30200 D nativeloader:   com_android_mediaprovider: libpdfclient.so
07-15 07:55:16.641 30200 30200 D nativeloader:   com_android_nfcservices: libnfc_nci_jni.so
07-15 07:55:16.641 30200 30200 D nativeloader:   com_android_ondevicepersonalization: libfcp_cpp_dep_jni.so:libfcp_hpke_jni.so
07-15 07:55:16.641 30200 30200 D nativeloader:   com_android_os_statsd: libstats_jni.so
07-15 07:55:16.641 30200 30200 D nativeloader:   com_android_tethering: libandroid_net_connectivity_com_android_net_module_util_jni.so:libandroid_net_connectivity_com_android_net_module_util_jni_CommonConnectivityJni.so:libframework-connectivity-jni.so:libframework-connectivity-tiramisu-jni.so:libmainlinecronet.141.0.7340.3.so:libservice-connectivity.so:libservice-thread-jni.so:stable_cronet_libcrypto.so:stable_cronet_libssl.so
07-15 07:55:16.641 30200 30200 D nativeloader:   com_android_uwb: libuwb_uci_jni_rust.so
07-15 07:55:16.641 30200 30200 D nativeloader:   com_android_virt: libvirtualizationservice_jni.so:libvirtualmachine_jni.so
07-15 07:55:16.656 10618 10618 I Finsky:background: [2] akvc - Received: android.intent.action.PACKAGE_REMOVED, [mYVu1cJmU3UjbeDnqXUUREUEt0MsL9fVIQc85-jGq44]
07-15 07:55:16.664  1325 28504 E sensors-hal: handle_sns_client_event:65, virtual_gyro_hal_event: ts=68475881841132 ns; x=-0.004875; y=-0.000801; z=0.001690; accuracy=3
07-15 07:55:16.665  6078 11244 W SQLiteLog: (28) double-quoted string literal: "com.princevekariya.projectledger.personal.debug"
07-15 07:55:16.669 17291 17487 I PkgUtils: getSignature: using flags,134217728
07-15 07:55:16.678   352   352 I lowmemorykiller: Kill 'com.google.android.apps.photos' (22333), uid 10213, oom_score_adj 935 to free 91276kB rss, 47800kB swap; reason: cw
07-15 07:55:16.683 17291 17487 D PubSubTrack: actionType = install_interception not published. enablePublish:false
07-15 07:55:16.684 17291 17487 D PubSubTrack: actionType = install_interception_summary not published. enablePublish:false
07-15 07:55:16.684 17291 17487 D PI-ScanDispatch: interruptCode = 2
07-15 07:55:16.684 17291 17487 D PI-ScanDispatch: send msg to security, the interrupt result∩╝Ü2
07-15 07:55:16.686  8702  8702 I NewGlobalInstallCheckTask: handleMessage: interrupt and unbind. blockType = 2
07-15 07:55:16.687  8702  8702 I NewGlobalInstallCheckTask: finish: the queue first task operate over.remove first task.
07-15 07:55:16.694 21497 21497 I Finsky  : [2] Resetting scheduler db
07-15 07:55:16.699  2561  2876 I MiuiNetworkPolicy: updateUidState uid = 10181, uidState = 10
07-15 07:55:16.701 30210 30210 D nativeloader: Configuring clns-shared-7 for other apk /system/app/KeyChain/KeyChain.apk. target_sdk_version=35, uses_libraries=, library_path=/system/app/KeyChain/lib/arm64:/system/app/KeyChain/KeyChain.apk!/lib/arm64-v8a:/system/lib64:/system_ext/lib64, permitted_path=/data:/mnt/expand:/data/user/0/com.android.keychain:/system/app/KeyChain:/system/lib64:/system_ext/lib64
07-15 07:55:16.709  2561  2876 I MiuiNetworkPolicy: updateUidState uid = 10181, uidState = 19
07-15 07:55:16.709  3490  3490 D HidDeviceService: handleMessage(): msg.what=8
07-15 07:55:16.709  3490  3490 D HidDeviceService: unregisterAppUid(): uid=10181
07-15 07:55:16.709  3490  3490 D HidDeviceService: unregisterAppUid(): caller UID doesn't match user UID
07-15 07:55:16.714   352   610 E lowmemorykiller: process_mrelease 22333 failed: No such process
--------- beginning of system
07-15 07:55:16.720  8702  9372 D MiuiMultiWindowUtils: supportMultiWindow: isSupportDevice = -1
07-15 07:55:16.720  2561  3910 D ShortcutService: rescanPackageIfNeeded 0@com.miui.securitycenter, forceRescan=false , isNewApp=false
07-15 07:55:16.722  8702  9372 I GpBinderManager: bindCount : 33
07-15 07:55:16.742  4469  4476 W id.ext.services: ApkAssets: Deleting an ApkAssets object '<empty> and /data/app/~~bJrcwUW6fHN4vJWlD2OjaQ==/com.whatsapp-N0HrIXz9hPDe2IMkDsR1-A==/base.apk' with 1 weak references
07-15 07:55:16.743  4469  4476 W id.ext.services: ApkAssets: Deleting an ApkAssets object '<empty> and /data/app/~~bJrcwUW6fHN4vJWlD2OjaQ==/com.whatsapp-N0HrIXz9hPDe2IMkDsR1-A==/split_i18n_bn.apk' with 1 weak references
07-15 07:55:16.744  4469  4476 W id.ext.services: ApkAssets: Deleting an ApkAssets object '<empty> and /data/app/~~bJrcwUW6fHN4vJWlD2OjaQ==/com.whatsapp-N0HrIXz9hPDe2IMkDsR1-A==/split_i18n_en.apk' with 1 weak references
07-15 07:55:16.744  4469  4476 W id.ext.services: ApkAssets: Deleting an ApkAssets object '<empty> and /data/app/~~bJrcwUW6fHN4vJWlD2OjaQ==/com.whatsapp-N0HrIXz9hPDe2IMkDsR1-A==/split_i18n_gu.apk' with 1 weak references
07-15 07:55:16.744  4469  4476 W id.ext.services: ApkAssets: Deleting an ApkAssets object '<empty> and /data/app/~~bJrcwUW6fHN4vJWlD2OjaQ==/com.whatsapp-N0HrIXz9hPDe2IMkDsR1-A==/split_i18n_hi.apk' with 1 weak references
07-15 07:55:16.748  4469  4476 W id.ext.services: ApkAssets: Deleting an ApkAssets object '<empty> and /data/app/~~bJrcwUW6fHN4vJWlD2OjaQ==/com.whatsapp-N0HrIXz9hPDe2IMkDsR1-A==/split_i18n_kn.apk' with 1 weak references
07-15 07:55:16.749  4469  4476 W id.ext.services: ApkAssets: Deleting an ApkAssets object '<empty> and /data/app/~~bJrcwUW6fHN4vJWlD2OjaQ==/com.whatsapp-N0HrIXz9hPDe2IMkDsR1-A==/split_i18n_ml.apk' with 1 weak references
07-15 07:55:16.749  4469  4476 W id.ext.services: ApkAssets: Deleting an ApkAssets object '<empty> and /data/app/~~bJrcwUW6fHN4vJWlD2OjaQ==/com.whatsapp-N0HrIXz9hPDe2IMkDsR1-A==/split_i18n_mr.apk' with 1 weak references
07-15 07:55:16.749  4469  4476 W id.ext.services: ApkAssets: Deleting an ApkAssets object '<empty> and /data/app/~~bJrcwUW6fHN4vJWlD2OjaQ==/com.whatsapp-N0HrIXz9hPDe2IMkDsR1-A==/split_i18n_pa.apk' with 1 weak references
07-15 07:55:16.751 30210 30210 I Perf    : Connecting to perf service.
07-15 07:55:16.752  4469  4476 W id.ext.services: ApkAssets: Deleting an ApkAssets object '<empty> and /data/app/~~bJrcwUW6fHN4vJWlD2OjaQ==/com.whatsapp-N0HrIXz9hPDe2IMkDsR1-A==/split_i18n_ta.apk' with 1 weak references
07-15 07:55:16.753  4469  4476 W id.ext.services: ApkAssets: Deleting an ApkAssets object '<empty> and /data/app/~~bJrcwUW6fHN4vJWlD2OjaQ==/com.whatsapp-N0HrIXz9hPDe2IMkDsR1-A==/split_i18n_te.apk' with 1 weak references
07-15 07:55:16.753  4469  4476 W id.ext.services: ApkAssets: Deleting an ApkAssets object '<empty> and /data/app/~~bJrcwUW6fHN4vJWlD2OjaQ==/com.whatsapp-N0HrIXz9hPDe2IMkDsR1-A==/split_i18n_ur.apk' with 1 weak references
07-15 07:55:16.758  6078 11244 W SQLiteLog: (28) double-quoted string literal: "com.princevekariya.projectledger.personal.debug"
07-15 07:55:16.760 21497 21537 I Finsky  : [737] SCH: Scheduling phonesky job Id: 10-79, CT: 1784012414868, Constraints: [{ L: 0, D: 86400000, C: CHARGING_NONE, I: IDLE_REQUIRED, N: NET_ANY, B: BATTERY_ANY }]
07-15 07:55:16.760 21497 21537 I Finsky  : [737] SCH: Scheduling phonesky job Id: 10-155, CT: 1784012414868, Constraints: [{ L: 0, D: 86400000, C: CHARGING_NONE, I: IDLE_NONE, N: NET_UNMETERED, B: BATTERY_ANY }]
07-15 07:55:16.761 21497 21537 I Finsky  : [737] SCH: Scheduling phonesky job Id: 10-168, CT: 1784012414868, Constraints: [{ L: 0, D: 86400000, C: CHARGING_NONE, I: IDLE_REQUIRED, N: NET_ANY, B: BATTERY_ANY }]
07-15 07:55:16.763 21497 21537 I Finsky  : [737] SCH: Scheduling phonesky job Id: 34-3400, CT: 1783967884043, Constraints: [{ L: 37883934, D: 1333883934, C: CHARGING_REQUIRED, I: IDLE_REQUIRED, N: NET_ANY, B: BATTERY_ANY }, { L: 37883934, D: 1333883934, C: CHARGING_NONE, I: IDLE_REQUIRED, N: NET_ANY, B: BATTERY_NOT_LOW }]
07-15 07:55:16.764 21497 21537 I Finsky  : [737] SCH: Scheduling phonesky job Id: 34-3401, CT: 1783967884044, Constraints: [{ L: 19177084, D: 1315177084, C: CHARGING_REQUIRED, I: IDLE_REQUIRED, N: NET_UNMETERED, B: BATTERY_ANY }, { L: 19177084, D: 1315177084, C: CHARGING_NONE, I: IDLE_REQUIRED, N: NET_UNMETERED, B: BATTERY_NOT_LOW }]
07-15 07:55:16.764 21497 21537 I Finsky  : [737] SCH: Scheduling phonesky job Id: 34-3402, CT: 1783967884044, Constraints: [{ L: 256185552, D: 1552185552, C: CHARGING_NONE, I: IDLE_NONE, N: NET_UNMETERED, B: BATTERY_NOT_LOW }]
07-15 07:55:16.764 21497 21537 I Finsky  : [737] SCH: Scheduling phonesky job Id: 34-3404, CT: 1783967945141, Constraints: [{ L: 604800000, D: 2591999992, C: CHARGING_NONE, I: IDLE_NONE, N: NET_ANY, B: BATTERY_ANY }]
07-15 07:55:16.770  2561  2901 D ConnectivityService: releasing NetworkRequest [ REQUEST id=11475, [ Capabilities: INTERNET&NOT_RESTRICTED&TRUSTED&NOT_VCN_MANAGED&NOT_BANDWIDTH_CONSTRAINED Uid: 10213 RequestorUid: 10213 RequestorPkg: com.google.android.apps.photos UnderlyingNetworks: Null] ] (release request)
07-15 07:55:16.773  2561  3910 I ActivityManager: Process com.google.android.apps.photos (pid 22333) has died: cch+35 CEM 
07-15 07:55:16.774  2561  3042 E ProcessManager: error write exception log
07-15 07:55:16.774  2561  2656 I libc    : kill: send 9 to pid -22333
07-15 07:55:16.774  2561  2656 I libc    : kill: send 9 to pid -22333
07-15 07:55:16.776  1204  1204 I Zygote  : Process 22333 exited due to signal 9 (Killed)
07-15 07:55:16.777  2561  2656 I libprocessgroup: Removed cgroup /sys/fs/cgroup/uid_10213/pid_22333
07-15 07:55:16.777  2561  2876 I MiuiNetworkPolicy: removeUidState uid = 10213
07-15 07:55:16.777  2561  2612 I NetworkBoostStatusManager: onUidGone uid: 10213
07-15 07:55:16.777  2561  2612 D DisplayManagerService: Drop pending events for gone uid 10213
07-15 07:55:16.778  2561  3487 I SLM-SRV-SLSAppLib: SLM_Ai_Mode EVENT_CHECK_GMAE_AI_MODE_STATUS
07-15 07:55:16.778  2561  3487 I SLM-SRV-SLSAppLib: SLM_Ai_Mode checkGameAiModeStatus mGameAiModeCloudControl:false mLinkTurboAiModeSwitch:false mGameAiModeInterfaceReady:false mGameStartBattle:false powerMgrGameUid:0
07-15 07:55:16.778  6582  7104 D ProcessObserverV15: onProcessDied:pid = 22333,died-uid=10213
07-15 07:55:16.779  8702 17870 I MIUISafety-Monitor: onUid 10213 gone
07-15 07:55:16.779  9832 11523 D UidObserver: onUidGone entry uid = 10213
07-15 07:55:16.779 30210 30210 V GraphicsEnvironment: Currently set values for:
07-15 07:55:16.779 30210 30210 V GraphicsEnvironment:   angle_gl_driver_selection_pkgs=[]
07-15 07:55:16.779 30210 30210 V GraphicsEnvironment:   angle_gl_driver_selection_values=[]
07-15 07:55:16.779 30210 30210 V GraphicsEnvironment: Global.Settings values are invalid: number of packages: 0, number of values: 0
07-15 07:55:16.782 30210 30237 I ActivityThread: TrafficStats init done
07-15 07:55:16.783  3490  3490 D HidDeviceService: handleMessage(): msg.what=8
07-15 07:55:16.783  3490  3490 D HidDeviceService: unregisterAppUid(): uid=10213
07-15 07:55:16.783  3490  3490 D HidDeviceService: unregisterAppUid(): caller UID doesn't match user UID
07-15 07:55:16.784 21497 21497 E FileUtils: err write to mi_exception_log
07-15 07:55:16.784 21497 21497 I Finsky  : [2] akvm - Received: android.intent.action.PACKAGE_ADDED, [mYVu1cJmU3UjbeDnqXUUREUEt0MsL9fVIQc85-jGq44]
07-15 07:55:16.785  2561  3863 I ClipboardServiceI: checkProviderWakePathForClipboard: primaryClip is null
07-15 07:55:16.788 30210 30237 I ForceDarkHelperStubImpl: initialize for com.android.keychain , ForceDarkOrigin
07-15 07:55:16.789 30210 30237 D nativeloader: Load libforcedarkimpl.so using system ns (caller=/system_ext/framework/miui-framework.jar): ok
07-15 07:55:16.790 30210 30237 D HWUI    : JNI_OnLoad success
07-15 07:55:16.790 30210 30237 I MiuiForceDarkConfig: setConfig density:2.750000, mainRule:0, secondaryRule:0, tertiaryRule:0
07-15 07:55:16.791  2561  3910 D MiuiForceVkService: shouldUseVk, pkg=com.android.keychain useVk 0
07-15 07:55:16.794 30210 30237 I ActivityThread: Miui Feature Init done
07-15 07:55:16.800 30210 30210 E FileUtils: err open mi_exception_log errno=2
07-15 07:55:16.800 30210 30210 E FileUtils: err write to mi_exception_log
07-15 07:55:16.818 21497 21528 I Finsky  : [729] SCH: Scheduling 0 system job(s)
07-15 07:55:16.821 21497 30246 I Finsky  : [814] SCH: Received scheduling request: Id: 12-1, Constraints: [{ L: 15000, D: 86400000, C: CHARGING_NONE, I: IDLE_NONE, N: NET_ANY, B: BATTERY_ANY }]
07-15 07:55:16.822 21497 30246 I Finsky  : [814] SCH: Received scheduling request: Id: 12-1, Constraints: [{ L: 15000, D: 86400000, C: CHARGING_NONE, I: IDLE_NONE, N: NET_ANY, B: BATTERY_ANY }]
07-15 07:55:16.852  2561  2876 I MiuiNetworkPolicy: updateUidState uid = 10319, uidState = 19
07-15 07:55:16.855 21497 21497 I Finsky  : [2] DTU: Received onPackageAdded, replacing: true
07-15 07:55:16.857  3341  3341 I MiuiWallpaper-MiuiWallpaperManagerService: receive broadcast action = android.intent.action.PACKAGE_REMOVED
07-15 07:55:16.869  5773 29501 D AppVerDbManager: will update
07-15 07:55:16.875  2561  2654 I SmartPower: com.milink.service:audio/10204(32043): idle->background(445995ms) R(broadcast start Intent { act=android.intent.action.PACKAGE_REMOVED dat=package: flg=0x4000010 (has extras) }) adj=100.
07-15 07:55:16.882  3655  3741 E InstallApkReceiver: uninstall:package:com.princevekariya.projectledger.personal.debug
07-15 07:55:16.883  3655  3741 E InstallApkReceiver: install:package:com.princevekariya.projectledger.personal.debug
07-15 07:55:16.899  2561  2654 I SmartPower: android.process.acore/10092(25780): idle->background(166580ms) R(broadcast start Intent { act=android.intent.action.PACKAGE_REMOVED dat=package: flg=0x4000010 (has extras) }) adj=800.
07-15 07:55:16.910 10618 10618 E FileUtils: err write to mi_exception_log
07-15 07:55:16.910 10618 10618 I Finsky:background: [2] akvc - Received: android.intent.action.PACKAGE_ADDED, [mYVu1cJmU3UjbeDnqXUUREUEt0MsL9fVIQc85-jGq44]
07-15 07:55:16.915  9549  9582 D PermissionManagerProvider: handleAppInstalled: 
07-15 07:55:16.917  2561  2654 I SmartPower: com.miui.android.fashiongallery/10294(20980): idle->background(3425ms) R(broadcast start Intent { act=android.intent.action.PACKAGE_ADDED dat=package: flg=0x4000010 (has extras) }) adj=925.
07-15 07:55:16.920  2561  2654 I SmartPower: com.android.chrome/10180(25958): idle->background(3423ms) R(broadcast start Intent { act=android.intent.action.PACKAGE_REPLACED dat=package: flg=0x4000010 (has extras) }) adj=915.
07-15 07:55:16.934  2561  2876 I MiuiNetworkPolicy: updateUidState uid = 10319, uidState = 11
07-15 07:55:16.938 21497 21497 E FileUtils: err write to mi_exception_log
07-15 07:55:16.939 21497 21497 I Finsky  : [2] akvm - Received: android.intent.action.PACKAGE_ADDED, [mYVu1cJmU3UjbeDnqXUUREUEt0MsL9fVIQc85-jGq44]
07-15 07:55:16.958 10618 10618 I Finsky:background: [2] akvc - Received: android.intent.action.PACKAGE_ADDED, [mYVu1cJmU3UjbeDnqXUUREUEt0MsL9fVIQc85-jGq44]
07-15 07:55:16.962 21497 21497 I Finsky  : [2] akvm - Deduping intent android.intent.action.PACKAGE_ADDED
07-15 07:55:16.963 21497 21497 I Finsky  : [2] akvm - Received: android.intent.action.PACKAGE_ADDED, [mYVu1cJmU3UjbeDnqXUUREUEt0MsL9fVIQc85-jGq44]
07-15 07:55:16.971 30200 30200 I Perf    : Connecting to perf service.
07-15 07:55:16.978   352   352 I lowmemorykiller: Kill 'com.google.android.apps.nbu.files' (20605), uid 10334, oom_score_adj 935 to free 85472kB rss, 42136kB swap; reason: cw
07-15 07:55:16.985 29136 29214 I Indus-LocalAppManager: add package to list: com.princevekariya.projectledger.personal.debug
07-15 07:55:16.985  9549  9592 D AppOpsCompat: Checking auto-start restriction for package: com.princevekariya.projectledger.personal.debug
07-15 07:55:16.989  2561  2656 I libc    : kill: send 9 to pid -20605
07-15 07:55:16.989  2561  2656 I libc    : kill: send 9 to pid 20605
07-15 07:55:16.989 21497 21497 I Finsky  : [2] akvm - Deduping intent android.intent.action.PACKAGE_ADDED
07-15 07:55:16.989  2561  2656 I libc    : kill: send 9 to pid -20605
07-15 07:55:16.989  2561  2656 I libc    : kill: send 9 to pid 20605
07-15 07:55:16.991 20980 20980 E FileUtils: err write to mi_exception_log
07-15 07:55:16.993 21497 21517 I Finsky  : [719] RECEIVER_PACKAGE_MONITOR#logWorkEndAndFinishGoAsync: SUCCESS
07-15 07:55:16.996   352   607 E lowmemorykiller: process_mrelease 20605 failed: No such process
07-15 07:55:16.999 10618 10618 I Finsky:background: [2] akvc - Deduping intent android.intent.action.PACKAGE_ADDED
07-15 07:55:17.008 30200 30200 V GraphicsEnvironment: Currently set values for:
07-15 07:55:17.008 24186 24186 E FileUtils: err write to mi_exception_log
07-15 07:55:17.008 30200 30200 V GraphicsEnvironment:   angle_gl_driver_selection_pkgs=[]
07-15 07:55:17.008 30200 30200 V GraphicsEnvironment:   angle_gl_driver_selection_values=[]
07-15 07:55:17.008 30200 30200 V GraphicsEnvironment: Global.Settings values are invalid: number of packages: 0, number of values: 0
07-15 07:55:17.012   352   352 D lowmemorykiller: Ignoring critical pressure event; kill already in progress
07-15 07:55:17.014 30200 30227 I ActivityThread: TrafficStats init done
07-15 07:55:17.015 25780 25780 V ContactsTaskScheduler: [ContactsPackageMonitor] Thread[Worker-8,5,main] started.
07-15 07:55:17.016 25780 25780 E FileUtils: err write to mi_exception_log
07-15 07:55:17.017 25780 30278 V ContactsTaskScheduler: [ContactsPackageMonitor] Thread[Worker-8,5,main] dispatching 0
07-15 07:55:17.026 25958 25958 E FileUtils: err write to mi_exception_log
07-15 07:55:17.033  2561  3393 I ClipboardServiceI: checkProviderWakePathForClipboard: primaryClip is null
07-15 07:55:17.037 29136 29231 W FirebaseRemoteConfig: No value of type 'FirebaseRemoteConfigValue' exists for parameter key 'enableCheckUpdateTrack'.
07-15 07:55:17.044  2561  3910 I ActivityManager: Force stopping com.princevekariya.projectledger.personal.debug appid=10376 user=0: from process:30277
07-15 07:55:17.047 30200 30227 I ForceDarkHelperStubImpl: initialize for com.google.android.permissioncontroller , ForceDarkOrigin
07-15 07:55:17.050  2561  3910 I ATMSImpl: cacheTasksForDefaultDisplay size=5 topId=2
07-15 07:55:17.051 30200 30227 D nativeloader: Load libforcedarkimpl.so using system ns (caller=/system_ext/framework/miui-framework.jar): ok
07-15 07:55:17.051 30200 30227 D HWUI    : JNI_OnLoad success
07-15 07:55:17.052 30200 30227 I MiuiForceDarkConfig: setConfig density:2.750000, mainRule:0, secondaryRule:0, tertiaryRule:0
07-15 07:55:17.057  2561  3910 E ClipboardServiceI: removeActivePermissionOwnerForPackage: mPrimaryClipPackage is null or get is null
07-15 07:55:17.059 10618 10618 I Finsky:background: [2] akvc - Received: android.intent.action.PACKAGE_ADDED, [mYVu1cJmU3UjbeDnqXUUREUEt0MsL9fVIQc85-jGq44]
07-15 07:55:17.060  2561  3731 D MiuiForceVkService: shouldUseVk, pkg=com.google.android.permissioncontroller useVk 0
07-15 07:55:17.061 10618 10676 I Finsky:background: [657] IQ:PSL: skipping onPackageRemoved(replacing=true) for untracked package=com.princevekariya.projectledger.personal.debug
07-15 07:55:17.064  2561  3910 I AppsFilter: interaction: PackageSetting{160766b com.android.microdroid.empty_payload/10272} -> PackageSetting{11d0812 com.princevekariya.projectledger.personal.debug/10376} BLOCKED
07-15 07:55:17.064  2561  3910 I AppsFilter: interaction: PackageSetting{96d7586 com.princevekariya.projectledger.debug/10372} -> PackageSetting{11d0812 com.princevekariya.projectledger.personal.debug/10376} BLOCKED
07-15 07:55:17.064  2561  3910 I AppsFilter: interaction: PackageSetting{90e0e47 com.princevekariya.projectledger/10370} -> PackageSetting{11d0812 com.princevekariya.projectledger.personal.debug/10376} BLOCKED
07-15 07:55:17.064  2561  3910 W ActivityManager: Invalid packageName: com.princevekariya.projectledger.personal.debug
07-15 07:55:17.070 30200 30227 I ActivityThread: Miui Feature Init done
07-15 07:55:17.076  3586  3586 D CarrierSvcBindHelper: onHandleForceStop: [com.princevekariya.projectledger.personal.debug]
07-15 07:55:17.077  3586  3586 D CarrierSvcBindHelper: No carrier app for: 0
07-15 07:55:17.080  3586  3586 D CarrierSvcBindHelper: No carrier app for: 1
07-15 07:55:17.084 25780 30278 D ContactDirectoryManager: onPackageChanged,updateDirectoriesForPackage, packageName:com.princevekariya.projectledger.personal.debug
07-15 07:55:17.085  2561  4883 D Aurogon :  packageName = com.google.android.gms isAllowWakeUpList 
07-15 07:55:17.091 26411 26411 E FileUtils: err write to mi_exception_log
07-15 07:55:17.101  2561  3878 D Aurogon :  packageName = com.google.android.gms isAllowWakeUpList 
07-15 07:55:17.101  2561  3757 I ClipboardServiceI: checkProviderWakePathForClipboard: primaryClip is null
07-15 07:55:17.113  2561  4382 D Aurogon :  packageName = com.google.android.gms isAllowWakeUpList 
07-15 07:55:17.126 10618 10618 I Finsky:background: [2] akvc - Deduping intent android.intent.action.PACKAGE_ADDED
07-15 07:55:17.127 10618 10618 E FileUtils: err write to mi_exception_log
07-15 07:55:17.129  2561  4883 D Aurogon :  packageName = com.google.android.gms isAllowWakeUpList 
07-15 07:55:17.130 10618 10680 I Finsky:background: [660] RECEIVER_PACKAGE_MONITOR_BACKGROUND#logWorkEndAndFinishGoAsync: SUCCESS
07-15 07:55:17.132  2561  3731 D Aurogon :  packageName = com.google.android.gms isAllowWakeUpList 
07-15 07:55:17.139  2561  2876 I MiuiNetworkPolicy: updateUidState uid = 10162, uidState = 19
07-15 07:55:17.153  2561  2656 I libprocessgroup: Removed cgroup /sys/fs/cgroup/uid_10334/pid_20605
07-15 07:55:17.153  1204  1204 I Zygote  : Process 20605 exited due to signal 9 (Killed)
07-15 07:55:17.160  2561  2603 I ActivityManager: Process com.google.android.apps.nbu.files (pid 20605) has died: cch+35 CEM 
07-15 07:55:17.163  2561  2656 E libprocessgroup: Failed to open /sys/fs/cgroup/uid_10334/pid_20605/cgroup.procs: No such file or directory
07-15 07:55:17.163  2561  2656 I libc    : kill: send 9 to pid -20605
07-15 07:55:17.164  6582  7104 D ProcessObserverV15: onProcessDied:pid = 20605,died-uid=10334
07-15 07:55:17.165  8702 17870 I MIUISafety-Monitor: onUid 10334 gone
07-15 07:55:17.165  2561  2612 I NetworkBoostStatusManager: onUidGone uid: 10334
07-15 07:55:17.166  2561  2612 D DisplayManagerService: Drop pending events for gone uid 10334
07-15 07:55:17.166  2561  2876 I MiuiNetworkPolicy: removeUidState uid = 10334
07-15 07:55:17.166  2561  3487 I SLM-SRV-SLSAppLib: SLM_Ai_Mode EVENT_CHECK_GMAE_AI_MODE_STATUS
07-15 07:55:17.166  2561  3487 I SLM-SRV-SLSAppLib: SLM_Ai_Mode checkGameAiModeStatus mGameAiModeCloudControl:false mLinkTurboAiModeSwitch:false mGameAiModeInterfaceReady:false mGameStartBattle:false powerMgrGameUid:0
07-15 07:55:17.168 30151 30151 I artd    : GetBestInfo: /data/app/~~6I56k6G6RLk0ek1H-DF42Q==/com.princevekariya.projectledger.personal.debug-BqigNJuoLzgqG0afSjKlSQ==/base.apk has no usable artifacts
07-15 07:55:17.171  9832 11523 D UidObserver: onUidGone entry uid = 10334
07-15 07:55:17.173  3490  3490 D HidDeviceService: handleMessage(): msg.what=8
07-15 07:55:17.173  3490  3490 D HidDeviceService: unregisterAppUid(): uid=10334
07-15 07:55:17.173  3490  3490 D HidDeviceService: unregisterAppUid(): caller UID doesn't match user UID
07-15 07:55:17.192  2561  3042 E ProcessManager: error write exception log
07-15 07:55:17.252 21566 21566 D BoundBrokerSvc: onRebind: Intent { act=com.google.android.gms.auth.aang.events.services.START dat=chimera-action:/... cmp=com.google.android.gms/.chimera.PersistentApiService }
07-15 07:55:17.258 10618 30263 I Finsky:background: [747] Wrote row to frosting DB: 55114
07-15 07:55:17.263 30200 30200 E FeatureFlagsImplExport: android.os.flagging.AconfigStorageReadException: ERROR_PACKAGE_NOT_FOUND: package com.android.permission.flags cannot be found on the device
07-15 07:55:17.264  6113 30296 I AppBackupStateCleanupIO: Backup state cleanup on uninstall is disabled. [CONTEXT service_id=229 ]
07-15 07:55:17.265  4213  4213 E FileUtils: err write to mi_exception_log
07-15 07:55:17.278 30200 30200 E FeatureFlagsImplExport: android.os.flagging.AconfigStorageReadException: ERROR_PACKAGE_NOT_FOUND: package android.permission.flags cannot be found on the device
07-15 07:55:17.278 30200 30200 E FeatureFlagsImplExport: android.os.flagging.AconfigStorageReadException: ERROR_PACKAGE_NOT_FOUND: package android.companion cannot be found on the device
07-15 07:55:17.278 30200 30200 E FeatureFlagsImplExport: android.os.flagging.AconfigStorageReadException: ERROR_PACKAGE_NOT_FOUND: package android.content.pm cannot be found on the device
07-15 07:55:17.284 30200 30200 E FeatureFlagsImplExport: android.os.flagging.AconfigStorageReadException: ERROR_PACKAGE_NOT_FOUND: package android.companion.virtualdevice.flags cannot be found on the device
07-15 07:55:17.284 10618 30263 I Finsky:background: [747] Wrote row to frosting DB: 55115
07-15 07:55:17.289 21566 30301 I Fitness : (REDACTED) FitCleanupIntentOperation received Intent %s
07-15 07:55:17.293 21566 30292 I FontLog : (REDACTED) Package %s has no metadata
07-15 07:55:17.294 25780 30278 V ContactsTaskScheduler: [ContactsPackageMonitor] Thread[Worker-8,5,main] dispatching end 0
07-15 07:55:17.294 25780 30278 V ContactsTaskScheduler: [ContactsPackageMonitor] Thread[Worker-8,5,main] dispatching 0
07-15 07:55:17.294  2561  4329 D PackageManager: set app component=ComponentInfo{com.google.android.permissioncontroller/com.android.permissioncontroller.role.ui.SpecialAppAccessListActivity} enabled state: 2 from com.google.android.permissioncontroller,uid=10270,pid=30200
07-15 07:55:17.297 25780 30278 D ContactDirectoryManager: onPackageChanged,updateDirectoriesForPackage, packageName:com.princevekariya.projectledger.personal.debug
07-15 07:55:17.297 25780 30278 V ContactsTaskScheduler: [ContactsPackageMonitor] Thread[Worker-8,5,main] dispatching end 0
07-15 07:55:17.297 25780 30278 V ContactsTaskScheduler: [ContactsPackageMonitor] Thread[Worker-8,5,main] dispatching 0
07-15 07:55:17.297 25780 30278 D ContactDirectoryManager: onPackageChanged,updateDirectoriesForPackage, packageName:com.princevekariya.projectledger.personal.debug
07-15 07:55:17.298 25780 30278 V ContactsTaskScheduler: [ContactsPackageMonitor] Thread[Worker-8,5,main] dispatching end 0
07-15 07:55:17.310 10618 30263 I Finsky:background: [747] Wrote row to frosting DB: 55116
07-15 07:55:17.319  1259  1317 E minksocket: MinkIPC_QRTR_Service: client with node 1 port 493a went down
07-15 07:55:17.321  1259  1317 E minksocket: MinkIPC_QRTR_Service: client with node 1 port 493b went down
07-15 07:55:17.322  1259  1317 E minksocket: MinkIPC_QRTR_Service: client with node 1 port 493c went down
07-15 07:55:17.326  4213  4213 E FileUtils: err write to mi_exception_log
07-15 07:55:17.327  1259  1317 E minksocket: MinkIPC_QRTR_Service: client with node 1 port 493e went down
07-15 07:55:17.328 10618 30263 I Finsky:background: [747] Wrote row to frosting DB: 55117
07-15 07:55:17.329  1259  1317 E minksocket: MinkIPC_QRTR_Service: client with node 1 port 493f went down
07-15 07:55:17.330 21566 30297 I ProximityAuth: [RecentAppsMediator] Package added: (user=UserHandle{0}) com.princevekariya.projectledger.personal.debug
07-15 07:55:17.332  1259  1317 E minksocket: MinkIPC_QRTR_Service: client with node 1 port 4940 went down
07-15 07:55:17.335  4213  4281 I dwkr    : (REDACTED) maybeUpdateCacheDataForAddedPackage %s
07-15 07:55:17.340   891   975 D IPACM   : vendor/qcom/opensource/data-ipa-cfg-mgr/ipacm/src/IPACM_Routing.cpp:343 DeleteRoutingHdl() Deleting Route hdl:(0x14) with ip type: 1
07-15 07:55:17.340   891   975 D IPACM   : vendor/qcom/opensource/data-ipa-cfg-mgr/ipacm/src/IPACM_Routing.cpp:343 DeleteRoutingHdl() Deleting Route hdl:(0x15) with ip type: 1
07-15 07:55:17.342   891   975 D IPACM   : vendor/qcom/opensource/data-ipa-cfg-mgr/ipacm/src/IPACM_Routing.cpp:343 DeleteRoutingHdl() Deleting Route hdl:(0x13) with ip type: 1
07-15 07:55:17.343   891   975 D IPACM   : vendor/qcom/opensource/data-ipa-cfg-mgr/ipacm/src/IPACM_Routing.cpp:343 DeleteRoutingHdl() Deleting Route hdl:(0x17) with ip type: 1
07-15 07:55:17.345   891   975 D IPACM   : vendor/qcom/opensource/data-ipa-cfg-mgr/ipacm/src/IPACM_Routing.cpp:111 AddRoutingRule() Added routing rule 0xb400007689094250
07-15 07:55:17.345   891   975 D IPACM   : vendor/qcom/opensource/data-ipa-cfg-mgr/ipacm/src/IPACM_Routing.cpp:111 AddRoutingRule() Added routing rule 0xb400007689094250
07-15 07:55:17.346   891   975 D IPACM   : vendor/qcom/opensource/data-ipa-cfg-mgr/ipacm/src/IPACM_Routing.cpp:111 AddRoutingRule() Added routing rule 0xb400007689094250
07-15 07:55:17.346   891   975 D IPACM   : vendor/qcom/opensource/data-ipa-cfg-mgr/ipacm/src/IPACM_Routing.cpp:111 AddRoutingRule() Added routing rule 0xb400007689094250
07-15 07:55:17.347   891   975 D IPACM   : vendor/qcom/opensource/data-ipa-cfg-mgr/ipacm/src/IPACM_Routing.cpp:343 DeleteRoutingHdl() Deleting Route hdl:(0x19) with ip type: 1
07-15 07:55:17.347   891   975 D IPACM   : vendor/qcom/opensource/data-ipa-cfg-mgr/ipacm/src/IPACM_Routing.cpp:343 DeleteRoutingHdl() Deleting Route hdl:(0x1a) with ip type: 1
07-15 07:55:17.349   891   975 D IPACM   : vendor/qcom/opensource/data-ipa-cfg-mgr/ipacm/src/IPACM_Routing.cpp:343 DeleteRoutingHdl() Deleting Route hdl:(0x18) with ip type: 1
07-15 07:55:17.350   891   975 D IPACM   : vendor/qcom/opensource/data-ipa-cfg-mgr/ipacm/src/IPACM_Routing.cpp:343 DeleteRoutingHdl() Deleting Route hdl:(0x1b) with ip type: 1
07-15 07:55:17.353  6113 30290 I FraudProtectUtils: Not in testing population, skipping local test bank apps. [CONTEXT service_id=469 ]
07-15 07:55:17.353   891   975 D IPACM   : vendor/qcom/opensource/data-ipa-cfg-mgr/ipacm/src/IPACM_Routing.cpp:343 DeleteRoutingHdl() Deleting Route hdl:(0x1d) with ip type: 1
07-15 07:55:17.353  6113 30290 I FraudProtectUtils: (REDACTED) Latest bank app list size: %d, %s isBankApp: false
07-15 07:55:17.354  6113 30290 I PackageInstallIntentOp: (REDACTED) Package %s is not a bank app. Skipping updates.
07-15 07:55:17.354   891   975 D IPACM   : vendor/qcom/opensource/data-ipa-cfg-mgr/ipacm/src/IPACM_Routing.cpp:343 DeleteRoutingHdl() Deleting Route hdl:(0x1e) with ip type: 1
07-15 07:55:17.356   891   975 D IPACM   : vendor/qcom/opensource/data-ipa-cfg-mgr/ipacm/src/IPACM_Routing.cpp:343 DeleteRoutingHdl() Deleting Route hdl:(0x1c) with ip type: 1
07-15 07:55:17.357   891   975 D IPACM   : vendor/qcom/opensource/data-ipa-cfg-mgr/ipacm/src/IPACM_Routing.cpp:343 DeleteRoutingHdl() Deleting Route hdl:(0x1f) with ip type: 1
07-15 07:55:17.360   891   975 D IPACM   : vendor/qcom/opensource/data-ipa-cfg-mgr/ipacm/src/IPACM_Routing.cpp:111 AddRoutingRule() Added routing rule 0xb400007689094250
07-15 07:55:17.360   891   975 D IPACM   : vendor/qcom/opensource/data-ipa-cfg-mgr/ipacm/src/IPACM_Routing.cpp:111 AddRoutingRule() Added routing rule 0xb400007689094250
07-15 07:55:17.361   891   975 D IPACM   : vendor/qcom/opensource/data-ipa-cfg-mgr/ipacm/src/IPACM_Routing.cpp:111 AddRoutingRule() Added routing rule 0xb400007689094250
07-15 07:55:17.362   891   975 D IPACM   : vendor/qcom/opensource/data-ipa-cfg-mgr/ipacm/src/IPACM_Routing.cpp:111 AddRoutingRule() Added routing rule 0xb400007689094250
07-15 07:55:17.362   891   975 D IPACM   : vendor/qcom/opensource/data-ipa-cfg-mgr/ipacm/src/IPACM_Routing.cpp:111 AddRoutingRule() Added routing rule 0xb400007689094250
07-15 07:55:17.363   891   975 D IPACM   : vendor/qcom/opensource/data-ipa-cfg-mgr/ipacm/src/IPACM_Routing.cpp:111 AddRoutingRule() Added routing rule 0xb400007689094250
07-15 07:55:17.363 10618 30263 I Finsky:background: [747] Wrote row to frosting DB: 55118
07-15 07:55:17.364   891   975 D IPACM   : vendor/qcom/opensource/data-ipa-cfg-mgr/ipacm/src/IPACM_Routing.cpp:111 AddRoutingRule() Added routing rule 0xb400007689094250
07-15 07:55:17.365   891   975 D IPACM   : vendor/qcom/opensource/data-ipa-cfg-mgr/ipacm/src/IPACM_Routing.cpp:111 AddRoutingRule() Added routing rule 0xb400007689094250
07-15 07:55:17.366   891   975 D IPACM   : vendor/qcom/opensource/data-ipa-cfg-mgr/ipacm/src/IPACM_Routing.cpp:343 DeleteRoutingHdl() Deleting Route hdl:(0x2a) with ip type: 0
07-15 07:55:17.367   891   975 D IPACM   : vendor/qcom/opensource/data-ipa-cfg-mgr/ipacm/src/IPACM_Routing.cpp:343 DeleteRoutingHdl() Deleting Route hdl:(0x29) with ip type: 0
07-15 07:55:17.368  2561  4330 W XSpaceManagerServiceImpl: checkXSpaceControl, from:com.android.shell, to:com.princevekariya.projectledger.personal.debug, with act:android.intent.action.VIEW, callingUserId:0, toUserId:0
07-15 07:55:17.369   891   975 D IPACM   : vendor/qcom/opensource/data-ipa-cfg-mgr/ipacm/src/IPACM_Routing.cpp:343 DeleteRoutingHdl() Deleting Route hdl:(0x2b) with ip type: 0
07-15 07:55:17.370  2561  4330 W ActivityTaskManager: callingPackage for (uid=2000, pid=30312) has no WPC
07-15 07:55:17.371   891   975 D IPACM   : vendor/qcom/opensource/data-ipa-cfg-mgr/ipacm/src/IPACM_Routing.cpp:111 AddRoutingRule() Added routing rule 0xb400007689094250
07-15 07:55:17.371   891   975 D IPACM   : vendor/qcom/opensource/data-ipa-cfg-mgr/ipacm/src/IPACM_Routing.cpp:111 AddRoutingRule() Added routing rule 0xb400007689094250
07-15 07:55:17.373  2561  4330 D PreStartingManager: Not init when use PreStartingManager!
07-15 07:55:17.373   891   975 D IPACM   : vendor/qcom/opensource/data-ipa-cfg-mgr/ipacm/src/IPACM_Routing.cpp:111 AddRoutingRule() Added routing rule 0xb400007689094250
07-15 07:55:17.373  2561  4330 W OptProp : Cannot read opt property android.window.PROPERTY_COMPAT_ALLOW_ORIENTATION_OVERRIDE
07-15 07:55:17.373   891   975 D IPACM   : vendor/qcom/opensource/data-ipa-cfg-mgr/ipacm/src/IPACM_Routing.cpp:343 DeleteRoutingHdl() Deleting Route hdl:(0x21) with ip type: 1
07-15 07:55:17.374   891   975 D IPACM   : vendor/qcom/opensource/data-ipa-cfg-mgr/ipacm/src/IPACM_Routing.cpp:343 DeleteRoutingHdl() Deleting Route hdl:(0x22) with ip type: 1
07-15 07:55:17.375  2561  4330 E WindowManager: setClientVisible ActivityRecord{92ecb7b u0 com.princevekariya.projectledger.personal.debug/com.princevekariya.projectledger.MainActivity true
07-15 07:55:17.375  2561  4330 V GrammaticalInflectionUtils: AttributionSource: android.content.AttributionSource@79ef3ae2 does not have READ_SYSTEM_GRAMMATICAL_GENDER permission.
07-15 07:55:17.375  2561  4330 W OptProp : Cannot read opt property android.window.PROPERTY_COMPAT_ALLOW_RESIZEABLE_ACTIVITY_OVERRIDES
07-15 07:55:17.375  2561  4330 W OptProp : Cannot read opt property android.window.PROPERTY_COMPAT_ALLOW_MIN_ASPECT_RATIO_OVERRIDE
07-15 07:55:17.376  2561  4330 I ActivityTaskManager: isKeyguardEditor: false, newTransition: TransitionRecord{854a457 id=866 type=OPEN flags=0x0}
07-15 07:55:17.376  2561  4330 D WindowManager: Collecting in transition 866: ActivityRecord{92ecb7b u0 com.princevekariya.projectledger.personal.debug/com.princevekariya.projectledger.MainActivity t-1} init visibleRequested:false
07-15 07:55:17.377   891   975 D IPACM   : vendor/qcom/opensource/data-ipa-cfg-mgr/ipacm/src/IPACM_Routing.cpp:343 DeleteRoutingHdl() Deleting Route hdl:(0x20) with ip type: 1
07-15 07:55:17.377  2561  4330 D MiuiFreeformServiceImpl: addLaunchFreeformActivityOptionIfNeed skip due to not find sourceTask: null sourceFfas: null sourceFreeFormActivity: null
07-15 07:55:17.381   891   975 D IPACM   : vendor/qcom/opensource/data-ipa-cfg-mgr/ipacm/src/IPACM_Routing.cpp:343 DeleteRoutingHdl() Deleting Route hdl:(0x23) with ip type: 1
07-15 07:55:17.383  3594  3752 D OneHandedController: stopOneHanded state is 0
07-15 07:55:17.383   891   975 D IPACM   : vendor/qcom/opensource/data-ipa-cfg-mgr/ipacm/src/IPACM_Routing.cpp:343 DeleteRoutingHdl() Deleting Route hdl:(0x25) with ip type: 1
07-15 07:55:17.383 10618 30263 I Finsky:background: [747] Wrote row to frosting DB: 55119
07-15 07:55:17.384  2561  4330 D WindowManager: setLockTaskAuth: task=Task{349c74f #414 type=standard A=10376:com.princevekariya.projectledger.personal.debug} mLockTaskAuth=LOCK_TASK_AUTH_PINNABLE
07-15 07:55:17.384  2561  4330 D WindowManager: Collecting in transition 866: Task{349c74f #414 type=standard A=10376:com.princevekariya.projectledger.personal.debug} init visibleRequested:false
07-15 07:55:17.384   891   975 D IPACM   : vendor/qcom/opensource/data-ipa-cfg-mgr/ipacm/src/IPACM_Routing.cpp:343 DeleteRoutingHdl() Deleting Route hdl:(0x26) with ip type: 1
07-15 07:55:17.386   891   975 D IPACM   : vendor/qcom/opensource/data-ipa-cfg-mgr/ipacm/src/IPACM_Routing.cpp:343 DeleteRoutingHdl() Deleting Route hdl:(0x24) with ip type: 1
07-15 07:55:17.387   891   975 D IPACM   : vendor/qcom/opensource/data-ipa-cfg-mgr/ipacm/src/IPACM_Routing.cpp:343 DeleteRoutingHdl() Deleting Route hdl:(0x27) with ip type: 1
07-15 07:55:17.389  2561  4330 D WindowManager: setLockTaskAuth: task=Task{349c74f #414 type=standard A=10376:com.princevekariya.projectledger.personal.debug} mLockTaskAuth=LOCK_TASK_AUTH_PINNABLE
07-15 07:55:17.390   891   975 D IPACM   : vendor/qcom/opensource/data-ipa-cfg-mgr/ipacm/src/IPACM_Routing.cpp:111 AddRoutingRule() Added routing rule 0xb400007689094250
07-15 07:55:17.391  2561  4330 D MiuiFreeFormManagerService: onStartActivityInner as = Task{349c74f #414 type=standard A=10376:com.princevekariya.projectledger.personal.debug} op = null
07-15 07:55:17.392  2561  4330 D ActivityTaskManager: Temporarily retain top process state for launching app
07-15 07:55:17.392  2561  4330 D ActivityTaskManager: Task#startActivityLocked isOrhasTask=true newTask=true
07-15 07:55:17.392   891   975 D IPACM   : vendor/qcom/opensource/data-ipa-cfg-mgr/ipacm/src/IPACM_Routing.cpp:111 AddRoutingRule() Added routing rule 0xb400007689094250
07-15 07:55:17.392  2561  4330 I WindowManager: Disable startingWindow, because the display is not ready. this = ActivityRecord{92ecb7b u0 com.princevekariya.projectledger.personal.debug/com.princevekariya.projectledger.MainActivity t414}
07-15 07:55:17.393  3523  3716 I DynamicDDSService: handleMessage(ACTIVITY_INVOKE{appInfo=com.princevekariya.projectledger.personal.debug isFullScreen=}true)
07-15 07:55:17.393   891   975 D IPACM   : vendor/qcom/opensource/data-ipa-cfg-mgr/ipacm/src/IPACM_Routing.cpp:111 AddRoutingRule() Added routing rule 0xb400007689094250
07-15 07:55:17.394   891   975 D IPACM   : vendor/qcom/opensource/data-ipa-cfg-mgr/ipacm/src/IPACM_Routing.cpp:111 AddRoutingRule() Added routing rule 0xb400007689094250
07-15 07:55:17.395   891   975 D IPACM   : vendor/qcom/opensource/data-ipa-cfg-mgr/ipacm/src/IPACM_Routing.cpp:111 AddRoutingRule() Added routing rule 0xb400007689094250
07-15 07:55:17.395  2561  4330 I AppsFilter: interaction: PackageSetting{160766b com.android.microdroid.empty_payload/10272} -> PackageSetting{47dc312 com.princevekariya.projectledger.personal.debug/10376} BLOCKED
07-15 07:55:17.396  2561  4330 I AppsFilter: interaction: PackageSetting{96d7586 com.princevekariya.projectledger.debug/10372} -> PackageSetting{47dc312 com.princevekariya.projectledger.personal.debug/10376} BLOCKED
07-15 07:55:17.396  2561  4330 I AppsFilter: interaction: PackageSetting{90e0e47 com.princevekariya.projectledger/10370} -> PackageSetting{47dc312 com.princevekariya.projectledger.personal.debug/10376} BLOCKED
07-15 07:55:17.397   891   975 D IPACM   : vendor/qcom/opensource/data-ipa-cfg-mgr/ipacm/src/IPACM_Routing.cpp:111 AddRoutingRule() Added routing rule 0xb400007689094250
07-15 07:55:17.398   891   975 D IPACM   : vendor/qcom/opensource/data-ipa-cfg-mgr/ipacm/src/IPACM_Routing.cpp:111 AddRoutingRule() Added routing rule 0xb400007689094250
07-15 07:55:17.402  2561  4330 D WindowManager: Collecting in transition 866: ActivityRecord{92ecb7b u0 com.princevekariya.projectledger.personal.debug/com.princevekariya.projectledger.MainActivity t414} init visibleRequested:false
07-15 07:55:17.403 30200 30200 E FeatureFlagsImplExport: android.os.flagging.AconfigStorageReadException: ERROR_PACKAGE_NOT_FOUND: package android.xr cannot be found on the device
07-15 07:55:17.404   891   975 D IPACM   : vendor/qcom/opensource/data-ipa-cfg-mgr/ipacm/src/IPACM_Routing.cpp:111 AddRoutingRule() Added routing rule 0xb400007689094250
07-15 07:55:17.411  5817  6137 I AiAiVC  : Centralized allowlist: requested package com.google.android.apps.messaging is in the allowlist
07-15 07:55:17.411  5817  6137 I AiAiVC  : Centralized allowlist: requested package com.google.android.gm is in the allowlist
07-15 07:55:17.411  5817  6137 I AiAiVC  : Centralized allowlist: requested package com.instagram.android is in the allowlist
07-15 07:55:17.411  5817  6137 I AiAiVC  : Centralized allowlist: requested package com.snapchat.android is not in the allowlist
07-15 07:55:17.411  5817  6137 I AiAiVC  : Centralized allowlist: requested package com.whatsapp is in the allowlist
07-15 07:55:17.411  5817  6137 I AiAiVC  : Centralized allowlist: requested package com.google.android.apps.maps is in the allowlist
07-15 07:55:17.411  5817  6137 I AiAiVC  : Centralized allowlist: requested package com.ubercab is in the allowlist
07-15 07:55:17.411  5817  6137 I AiAiVC  : Centralized allowlist: requested package jp.naver.line.android is in the allowlist
07-15 07:55:17.411  5817  6137 I AiAiVC  : Centralized allowlist: requested package org.thoughtcrime.securesms is in the allowlist
07-15 07:55:17.411  5817  6137 I AiAiVC  : Centralized allowlist: requested package com.google.android.apps.miphone.aiai.autofill.testapps.autofillapp is in the allowlist
07-15 07:55:17.411  5817  6137 I AiAiVC  : Centralized allowlist: requested package com.google.android.apps.miphone.aiai.translate.testapps.chatapp is in the allowlist
07-15 07:55:17.412  2561  4330 I ActivityTaskManager: START u0 {act=android.intent.action.VIEW dat=projectledger://transactions/... flg=0x10000000 cmp=com.princevekariya.projectledger.personal.debug/com.princevekariya.projectledger.MainActivity} with LAUNCH_MULTIPLE from uid 2000 from pid 30312 callingPackage com.android.shell (BAL_ALLOW_PERMISSION) result code=0
07-15 07:55:17.414  2561  2650 W AccessibilitySecurityPolicy: Skipping accessibility service com.lenskart.app/io.cobrowse.CobrowseAccessibilityService: it does not require the permission android.permission.BIND_ACCESSIBILITY_SERVICE
