07-15 07:55:17.415  3594  3752 I SoScStageCoordinator: Transition requested:TransitionRequestInfo { type = OPEN, triggerTask = TaskInfo{userId=0 taskId=414 displayId=0 isRunning=true baseIntent=Intent { act=android.intent.action.VIEW dat=projectledger://transactions/... flg=0x10000000 cmp=com.princevekariya.projectledger.personal.debug/com.princevekariya.projectledger.MainActivity } baseActivity=ComponentInfo{com.princevekariya.projectledger.personal.debug/com.princevekariya.projectledger.MainActivity} topActivity=ComponentInfo{com.princevekariya.projectledger.personal.debug/com.princevekariya.projectledger.MainActivity} origActivity=null realActivity=ComponentInfo{com.princevekariya.projectledger.personal.debug/com.princevekariya.projectledger.MainActivity} numActivities=1 lastActiveTime=68476618 supportsSplitScreenMultiWindow=true supportsMultiWindow=true resizeMode=1 isResizeable=true minWidth=-1 minHeight=-1 defaultMinSize=200 token=WCT{android.window.IWindowContainerToken$Stub$Proxy@b1e3203} topActivityType=1 pictureInPictureParams=null shouldDockBigOverlays=false launchIntoPipHostTaskId=-1 lastParentTaskIdBeforePip=-1 displayCutoutSafeInsets=Rect(0, 104 - 0, 0) topActivityInfo=ActivityInfo{6a6580 com.princevekariya.projectledger.MainActivity} launchCookies=[] positionInParent=Point(0, 0) parentTaskId=-1 isFocused=false isVisible=false isVisibleRequested=false isSleeping=true locusId=null displayAreaFeatureId=1 isTopActivityTransparent=false appCompatTaskInfo=AppCompatTaskInfo { topActivityInSizeCompat=false topActivityInMiuiSizeCompat=false topActivityEligibleForLetterboxEducation= falseisLetterboxEducationEnabled= false isLetterboxDoubleTapEnabled= false topActivityEligibleForUserAspectRatioButton= false topActivityBoundsLetterboxed= false isFromLetterboxDoubleTap= false topActivityLetterboxVerticalPosition= -1 topActivityLetterboxHorizontalPosition= -1 topActivityLetterboxWidth=1080 topActivityLetterboxHeight=2460 isUserFullscreenOverrideEnabled=false isSystemFullscreenOverrideEnabled=false cameraCompatTaskInfo=CameraCompatTaskInfo { cameraCompatControlState=hidden freeformCameraCompatMode=inactive}} isImmersive=false mTopActivityRequestOrientation=-2 mBehindAppLockPkg=null mOriginatingUid=0 isEmbedded=false shouldBeVisible=true mIsCastMode=false mTopActivityMediaSize=null mTopActivityRecordName=ActivityRecord{92ecb7b u0 com.princevekariya.projectledger.personal.debug/com.princevekariya.projectledger.MainActivity t414} mTopActivityOrientation=-2}, pipTask = null, remoteTransition = null, displayChange = null, flags = 0, debugId = 866 } isSoScActive:false triggerTask:TaskInfo{userId=0 taskId=414 displayId=0 isRunning=true baseIntent=Intent { act=android.intent.action.VIEW dat=projectledger://transactions/... flg=0x10000000 cmp=com.princevekariya.projectledger.personal.debug/com.princevekariya.projectledger.MainActivity } baseActivity=ComponentInfo{com.princevekariya.projectledger.personal.debug/com.princevekariya.projectledger.MainActivity} topActivity=ComponentInfo{com.princevekariya.projectledger.personal.debug/com.princevekariya.projectledger.MainActivity} origActivity=null realActivity=ComponentInfo{com.princevekariya.projectledger.personal.debug/com.princevekariya.projectledger.MainActivity} numActivities=1 lastActiveTime=68476618 supportsSplitScreenMultiWindow=true supportsMultiWindow=true resizeMode=1 isResizeable=true minWidth=-1 minHeight=-1 defaultMinSize=200 token=WCT{android.window.IWindowContainerToken$Stub$Proxy@b1e3203} topActivityType=1 pictureInPictureParams=null shouldDockBigOverlays=false launchIntoPipHostTaskId=-1 lastParentTaskIdBeforePip=-1 displayCutoutSafeInsets=Rect(0, 104 - 0, 0) topActivityInfo=ActivityInfo{6a6580 com.princevekariya.projectledger.MainActivity} launchCookies=[] positionInParent=Point(0, 0) parentTaskId=-1 isFocused=false isVisible=false isVisibleRequested=false isSleeping=true locusId=null displayAreaFeatureId=1 isTopActivityTransparent=false appCompatTaskInfo=AppCompatTaskInfo { topActivityInSizeCompat=false topActivityInMiuiSizeCompat=false topActivityEligibleForLetterboxEd
07-15 07:55:17.416  3594  3752 I SoScUtils: monitorTransitionRequest mRequestOpenTransition:null mRequestOpenTriggerTask:-1 mRequestCloseTransition:null mRequestCloseTriggerTask:-1 mRequestCloseStageType:-1
07-15 07:55:17.416  2561  4382 D WindowManager: Set transition=TransitionRecord{854a457 id=866 type=OPEN flags=0x0}, ready=false, SyncId=866 used=false, override=false, defer=0, states=Display{#0 state=OFF size=1080x2460 ROTATION_0}:false
07-15 07:55:17.418  3594  3752 D OneHandedController: stopOneHanded state is 0
07-15 07:55:17.418  3655  3872 D TaskStackChangeListeners: onTaskDescriptionChanged =  taskId = 414
07-15 07:55:17.422  1490  1490 I BpBinder: onLastStrongRef automatically unlinking death recipients: 
07-15 07:55:17.423  3490  3490 D HidDeviceService: handleMessage(): msg.what=8
07-15 07:55:17.423  2561  2876 I MiuiNetworkPolicy: updateUidState uid = 10270, uidState = 6
07-15 07:55:17.423  2561  3003 D isUidValid: uid = 10270
07-15 07:55:17.423  3594  3752 D OneHandedController: stopOneHanded state is 0
07-15 07:55:17.429  2561  2635 V GrammaticalInflectionUtils: AttributionSource: android.content.AttributionSource@79ef3ae2 does not have READ_SYSTEM_GRAMMATICAL_GENDER permission.
07-15 07:55:17.432  3594  3594 D KeyguardEditorHelper: onTopActivityMayChanged, topActivity=ComponentInfo{com.princevekariya.projectledger.personal.debug/com.princevekariya.projectledger.MainActivity}; mState=IDEL
07-15 07:55:17.434  3655 15476 D EventBus: No subscribers registered for event class com.miui.home.recents.messages.RecentTasksChangedEvent
07-15 07:55:17.434 21566 30297 I IconCustomizer: load icon config path M3.56995 50.0001C3.56995 24.3575 24.3574 3.57007 49.9999 3.57007V3.57007C75.6425 3.57007 96.4299 24.3575 96.4299 50.0001V50.0001C96.4299 75.6426 75.6425 96.4301 49.9999 96.4301V96.4301C24.3574 96.4301 3.56995 75.6426 3.56995 50.0001V50.0001Z, valid rect RectF(3.56995, 3.57007, 96.4299, 96.4301), isFullMask false
07-15 07:55:17.434  3655 15476 D EventBus: No subscribers registered for event class org.greenrobot.eventbus.NoSubscriberEvent
07-15 07:55:17.434 21566 30297 W IconCustomizer: getCustomizedIconW 184
07-15 07:55:17.434  3655  5757 W MiBridge: Permission not granted !!
07-15 07:55:17.434  3655  5757 D Launcher.Boost: setDynamicVIPTaskIfNeeded::tid = 102 duration = 500
07-15 07:55:17.437  2561  4382 I ATMSImpl: cacheTasksForDefaultDisplay size=6 topId=414
07-15 07:55:17.446  3655  5757 D RecentsModel: getRunningTask ignoreActivityType : 2 ,ignoreWindowMode:5
07-15 07:55:17.446  3655  5757 W RecentsModel: getRunningTask   taskInfo=TaskInfo{userId=0 taskId=414 displayId=0 isRunning=true baseIntent=Intent { act=android.intent.action.VIEW dat=projectledger://transactions/... flg=0x10000000 cmp=com.princevekariya.projectledger.personal.debug/com.princevekariya.projectledger.MainActivity } baseActivity=ComponentInfo{com.princevekariya.projectledger.personal.debug/com.princevekariya.projectledger.MainActivity} topActivity=ComponentInfo{com.princevekariya.projectledger.personal.debug/com.princevekariya.projectledger.MainActivity} origActivity=null realActivity=ComponentInfo{com.princevekariya.projectledger.personal.debug/com.princevekariya.projectledger.MainActivity} numActivities=1 lastActiveTime=68476618 supportsSplitScreenMultiWindow=true supportsMultiWindow=true resizeMode=1 isResizeable=true minWidth=-1 minHeight=-1 defaultMinSize=200 token=WCT{android.window.IWindowContainerToken$Stub$Proxy@2b7a5e9} topActivityType=1 pictureInPictureParams=null shouldDockBigOverlays=false launchIntoPipHostTaskId=-1 lastParentTaskIdBeforePip=-1 displayCutoutSafeInsets=Rect(0, 104 - 0, 0) topActivityInfo=ActivityInfo{7f4d26e com.princevekariya.projectledger.MainActivity} launchCookies=[] positionInParent=Point(0, 0) parentTaskId=-1 isFocused=false isVisible=false isVisibleRequested=false isSleeping=true locusId=null displayAreaFeatureId=1 isTopActivityTransparent=false appCompatTaskInfo=AppCompatTaskInfo { topActivityInSizeCompat=false topActivityInMiuiSizeCompat=false topActivityEligibleForLetterboxEducation= falseisLetterboxEducationEnabled= false isLetterboxDoubleTapEnabled= false topActivityEligibleForUserAspectRatioButton= false topActivityBoundsLetterboxed= false isFromLetterboxDoubleTap= false topActivityLetterboxVerticalPosition= -1 topActivityLetterboxHorizontalPosition= -1 topActivityLetterboxWidth=1080 topActivityLetterboxHeight=2460 isUserFullscreenOverrideEnabled=false isSystemFullscreenOverrideEnabled=false cameraCompatTaskInfo=CameraCompatTaskInfo { cameraCompatControlState=hidden freeformCameraCompatMode=inactive}} isImmersive=false mTopActivityRequestOrientation=-2 mBehindAppLockPkg=null mOriginatingUid=0 isEmbedded=false shouldBeVisible=true mIsCastMode=false mTopActivityMediaSize=null mTopActivityRecordName=ActivityRecord{92ecb7b u0 com.princevekariya.projectledger.personal.debug/com.princevekariya.projectledger.MainActivity t414} mTopActivityOrientation=-2}
07-15 07:55:17.451 21566 30297 I .gms.persistent: Waiting for a blocking GC ClassLinker
07-15 07:55:17.453 30200 30200 E FileUtils: err open mi_exception_log errno=2
07-15 07:55:17.453 30200 30200 E FileUtils: err write to mi_exception_log
07-15 07:55:17.460  3655  5757 E ActivityManagerWrapper: get all recent tasks force including 414
07-15 07:55:17.468  1204  1204 D Zygote  : Forked child process 30328
07-15 07:55:17.470  3655  5757 E ActivityManagerWrapper: getRecentTasksForceIncludingTaskIdIfValid: getRecentTasks: size=5
07-15 07:55:17.470  3655  5757 E ActivityManagerWrapper:  mainTaskId=414   userId=0   windowMode=1   baseIntent=Intent { act=android.intent.action.VIEW flag=268435456 cmp=ComponentInfo{com.princevekariya.projectledger.personal.debug/com.princevekariya.projectledger.MainActivity} }
07-15 07:55:17.470  3655  5757 E ActivityManagerWrapper:  mainTaskId=412   userId=0   windowMode=1   baseIntent=Intent { act=android.intent.action.MAIN flag=287309824 cmp=ComponentInfo{com.google.android.apps.nbu.paisa.user/com.google.nbu.paisa.flutter.gpay.app.LauncherActivity} }
07-15 07:55:17.470  3655  5757 E ActivityManagerWrapper:  mainTaskId=410   userId=0   windowMode=1   baseIntent=Intent { act=android.intent.action.MAIN flag=335544320 cmp=ComponentInfo{com.android.settings/com.android.settings.Settings$TetherSettingsActivity} }
07-15 07:55:17.470  3655  5757 E ActivityManagerWrapper:  mainTaskId=409   userId=0   windowMode=1   baseIntent=Intent { act=android.intent.action.MAIN flag=287309824 cmp=ComponentInfo{com.whatsapp/com.whatsapp.Main} }
07-15 07:55:17.470  3655  5757 E ActivityManagerWrapper:  mainTaskId=406   userId=0   windowMode=1   baseIntent=Intent { act=android.intent.action.MAIN flag=270532608 cmp=ComponentInfo{com.google.android.apps.youtube.music/com.google.android.apps.youtube.music.activities.MusicActivity} }
07-15 07:55:17.477  2561  2655 I ActivityManager: Start proc 30328:com.princevekariya.projectledger.personal.debug/u0a376 for top-activity {com.princevekariya.projectledger.personal.debug/com.princevekariya.projectledger.MainActivity} caller=com.android.shell
07-15 07:55:17.481  3655  5757 D RecentsTaskLoader: reloadTasksData [TaskKey{id=414, stackId=0, baseIntent=Intent { act=android.intent.action.VIEW dat=projectledger://transactions/... flg=0x10000000 cmp=com.princevekariya.projectledger.personal.debug/com.princevekariya.projectledger.MainActivity }, userId=0, lastActiveTime=68476618, windowingMode=1, isThumbnailBlur=false, isAccessLocked=false, isScreening=false, topActivity=ComponentInfo{com.princevekariya.projectledger.personal.debug/com.princevekariya.projectledger.MainActivity}, mHashCode=13257026}, title=Project Ledger Personal Dev, titleDescription=Project Ledger Personal Dev, bounds=null, isLaunchTarget=true, isStackTask=true, isSystemApp=false, isDockable=true, baseActivity=ComponentInfo{com.princevekariya.projectledger.personal.debug/com.princevekariya.projectledger.MainActivity}, isLocked=false, mNeedHide=false, hasMultipleTasks=false, cti1Key=, cti2Key=] 
07-15 07:55:17.483  3655  5757 W IconCustomizer: Density abnormal: context density=442 systemDensity=440
07-15 07:55:17.484  3655  5757 W IconCustomizer: Density abnormal: context density=442 systemDensity=440
07-15 07:55:17.488  3655  5757 D TaskSnapshotCompatVV: getIsInvalidateFromTaskSnapshot, return, mTaskSnapshot=null, mTaskSnapshotClazz=null
07-15 07:55:17.488 30328 30328 E Zygote  : process_name_ptr:30328 com.princevekariya.projectledger.personal.debug
07-15 07:55:17.488  3655  5757 D RecentsTaskLoader: reloadTasksData [TaskKey{id=412, stackId=0, baseIntent=Intent { act=android.intent.action.MAIN cat=[android.intent.category.LAUNCHER] flg=0x11200000 cmp=com.google.android.apps.nbu.paisa.user/com.google.nbu.paisa.flutter.gpay.app.LauncherActivity }, userId=0, lastActiveTime=67410841, windowingMode=1, isThumbnailBlur=false, isAccessLocked=true, isScreening=false, topActivity=ComponentInfo{com.google.android.apps.nbu.paisa.user/com.google.nbu.paisa.flutter.gpay.app.MainActivity}, mHashCode=13197444}, title=Google Pay, titleDescription=GPay, bounds=null, isLaunchTarget=true, isStackTask=true, isSystemApp=false, isDockable=true, baseActivity=ComponentInfo{com.google.android.apps.nbu.paisa.user/com.google.nbu.paisa.flutter.gpay.app.MainActivity}, isLocked=false, mNeedHide=false, hasMultipleTasks=false, cti1Key=, cti2Key=] 
07-15 07:55:17.488  3655  5757 D RecentsTaskLoader: reloadTasksData: [TaskKey{id=412, stackId=0, baseIntent=Intent { act=android.intent.action.MAIN cat=[android.intent.category.LAUNCHER] flg=0x11200000 cmp=com.google.android.apps.nbu.paisa.user/com.google.nbu.paisa.flutter.gpay.app.LauncherActivity }, userId=0, lastActiveTime=67410841, windowingMode=1, isThumbnailBlur=false, isAccessLocked=true, isScreening=false, topActivity=ComponentInfo{com.google.android.apps.nbu.paisa.user/com.google.nbu.paisa.flutter.gpay.app.MainActivity}, mHashCode=13197444}, title=Google Pay, titleDescription=GPay, bounds=null, isLaunchTarget=true, isStackTask=true, isSystemApp=false, isDockable=true, baseActivity=ComponentInfo{com.google.android.apps.nbu.paisa.user/com.google.nbu.paisa.flutter.gpay.app.MainActivity}, isLocked=false, mNeedHide=false, hasMultipleTasks=false, cti1Key=, cti2Key=] 
07-15 07:55:17.488 30328 30328 E Zygote  : SetMemoryProtected process_name_ptr:30328 com.princevekariya.projectledger.personal.debug
07-15 07:55:17.488  3655  5757 D RecentsTaskLoader: reloadTasksData [TaskKey{id=410, stackId=0, baseIntent=Intent { act=android.intent.action.MAIN flg=0x14000000 cmp=com.android.settings/.Settings$TetherSettingsActivity }, userId=0, lastActiveTime=67370177, windowingMode=1, isThumbnailBlur=false, isAccessLocked=true, isScreening=false, topActivity=ComponentInfo{com.android.settings/com.android.settings.Settings$TetherSettingsActivity}, mHashCode=13137862}, title=Portable hotspot, titleDescription=Settings Portable hotspot, bounds=null, isLaunchTarget=true, isStackTask=true, isSystemApp=true, isDockable=true, baseActivity=ComponentInfo{com.android.settings/com.android.settings.Settings$TetherSettingsActivity}, isLocked=false, mNeedHide=false, hasMultipleTasks=false, cti1Key=, cti2Key=] 
07-15 07:55:17.488  3655  5757 D RecentsTaskLoader: reloadTasksData: [TaskKey{id=410, stackId=0, baseIntent=Intent { act=android.intent.action.MAIN flg=0x14000000 cmp=com.android.settings/.Settings$TetherSettingsActivity }, userId=0, lastActiveTime=67370177, windowingMode=1, isThumbnailBlur=false, isAccessLocked=true, isScreening=false, topActivity=ComponentInfo{com.android.settings/com.android.settings.Settings$TetherSettingsActivity}, mHashCode=13137862}, title=Portable hotspot, titleDescription=Settings Portable hotspot, bounds=null, isLaunchTarget=true, isStackTask=true, isSystemApp=true, isDockable=true, baseActivity=ComponentInfo{com.android.settings/com.android.settings.Settings$TetherSettingsActivity}, isLocked=false, mNeedHide=false, hasMultipleTasks=false, cti1Key=, cti2Key=] 
07-15 07:55:17.489  3655  5757 D RecentsTaskLoader: reloadTasksData [TaskKey{id=409, stackId=0, baseIntent=Intent { act=android.intent.action.MAIN cat=[android.intent.category.LAUNCHER] flg=0x11200000 cmp=com.whatsapp/.Main }, userId=0, lastActiveTime=67187198, windowingMode=1, isThumbnailBlur=false, isAccessLocked=true, isScreening=false, topActivity=ComponentInfo{com.whatsapp/com.whatsapp.home.ui.HomeActivity}, mHashCode=13108071}, title=WhatsApp, titleDescription=WhatsApp, bounds=null, isLaunchTarget=true, isStackTask=true, isSystemApp=false, isDockable=true, baseActivity=ComponentInfo{com.whatsapp/com.whatsapp.home.ui.HomeActivity}, isLocked=false, mNeedHide=false, hasMultipleTasks=false, cti1Key=, cti2Key=] 
07-15 07:55:17.489  3655  5757 D RecentsTaskLoader: reloadTasksData [TaskKey{id=406, stackId=0, baseIntent=Intent { act=android.intent.action.MAIN cat=[android.intent.category.LAUNCHER] flg=0x10200000 cmp=com.google.android.apps.youtube.music/.activities.MusicActivity }, userId=0, lastActiveTime=67104208, windowingMode=1, isThumbnailBlur=false, isAccessLocked=false, isScreening=false, topActivity=ComponentInfo{com.google.android.apps.youtube.music/com.google.android.apps.youtube.music.activities.MusicActivity}, mHashCode=13018698}, title=YT Music, titleDescription=YouTube Music YT Music, bounds=null, isLaunchTarget=true, isStackTask=true, isSystemApp=true, isDockable=true, baseActivity=ComponentInfo{com.google.android.apps.youtube.music/com.google.android.apps.youtube.music.activities.MusicActivity}, isLocked=false, mNeedHide=false, hasMultipleTasks=false, cti1Key=, cti2Key=] 
07-15 07:55:17.501 30200 30200 I SafetyLabelChangedBroadcastReceiver: received broadcast packageName: com.princevekariya.projectledger.personal.debug, current user: UserHandle{0}, packageChangeEvent: UPDATE, intent user: UserHandle{0}
07-15 07:55:17.508 30200 30230 I PermissionControllerServiceImpl: Updating user sensitive for uid 10376
07-15 07:55:17.514 30328 30328 I .personal.debug: Late-enabling -Xcheck:jni
07-15 07:55:17.521  1259  1317 E minksocket: MinkIPC_QRTR_Service: client with node 1 port 4942 went down
07-15 07:55:17.522  1259  1317 E minksocket: MinkIPC_QRTR_Service: client with node 1 port 4943 went down
07-15 07:55:17.524  1259  1317 E minksocket: MinkIPC_QRTR_Service: client with node 1 port 4944 went down
07-15 07:55:17.529  1259  1317 E minksocket: MinkIPC_QRTR_Service: client with node 1 port 4945 went down
07-15 07:55:17.558 30328 30328 I .personal.debug: Using CollectorTypeCMC GC.
07-15 07:55:17.567  3341  3341 I MiuiWallpaper-MiuiWallpaperManagerService: receive broadcast action = android.intent.action.PACKAGE_RESTARTED
07-15 07:55:17.592 30328 30328 D nativeloader: Load libframework-connectivity-tiramisu-jni.so using APEX ns com_android_tethering for caller /apex/com.android.tethering/javalib/framework-connectivity-t.jar: ok
07-15 07:55:17.616  2051  2113 I adbd    : jdwp connection from 30328
07-15 07:55:17.622  2561  2650 W MagnificationConnectionManager: requestConnection duplicated request: connect=false, mConnectionState=DISCONNECTED
07-15 07:55:17.626 30328 30328 I MessageMonitor: Load libmiui_runtime
07-15 07:55:17.632  5817  6137 I AiAiVC  : Centralized allowlist: requested package com.google.android.apps.messaging is in the allowlist
07-15 07:55:17.634  5817  6137 I AiAiVC  : Centralized allowlist: requested package com.google.android.gm is in the allowlist
07-15 07:55:17.634  5817  6137 I AiAiVC  : Centralized allowlist: requested package com.instagram.android is in the allowlist
07-15 07:55:17.634  5817  6137 I AiAiVC  : Centralized allowlist: requested package com.snapchat.android is not in the allowlist
07-15 07:55:17.634  5817  6137 I AiAiVC  : Centralized allowlist: requested package com.whatsapp is in the allowlist
07-15 07:55:17.634  5817  6137 I AiAiVC  : Centralized allowlist: requested package com.google.android.apps.maps is in the allowlist
07-15 07:55:17.634  5817  6137 I AiAiVC  : Centralized allowlist: requested package com.ubercab is in the allowlist
07-15 07:55:17.634  5817  6137 I AiAiVC  : Centralized allowlist: requested package jp.naver.line.android is in the allowlist
07-15 07:55:17.634  5817  6137 I AiAiVC  : Centralized allowlist: requested package org.thoughtcrime.securesms is in the allowlist
07-15 07:55:17.634  5817  6137 I AiAiVC  : Centralized allowlist: requested package com.google.android.apps.miphone.aiai.autofill.testapps.autofillapp is in the allowlist
07-15 07:55:17.634  5817  6137 I AiAiVC  : Centralized allowlist: requested package com.google.android.apps.miphone.aiai.translate.testapps.chatapp is in the allowlist
07-15 07:55:17.639  5817  6137 I AiAiVC  : Centralized allowlist: requested package com.google.android.apps.messaging is in the allowlist
07-15 07:55:17.639  2561  2650 W AccessibilitySecurityPolicy: Skipping accessibility service com.lenskart.app/io.cobrowse.CobrowseAccessibilityService: it does not require the permission android.permission.BIND_ACCESSIBILITY_SERVICE
07-15 07:55:17.640  5817  6137 I AiAiVC  : Centralized allowlist: requested package com.google.android.gm is in the allowlist
07-15 07:55:17.640  5817  6137 I AiAiVC  : Centralized allowlist: requested package com.instagram.android is in the allowlist
07-15 07:55:17.640  5817  6137 I AiAiVC  : Centralized allowlist: requested package com.snapchat.android is not in the allowlist
07-15 07:55:17.640  5817  6137 I AiAiVC  : Centralized allowlist: requested package com.whatsapp is in the allowlist
07-15 07:55:17.640  5817  6137 I AiAiVC  : Centralized allowlist: requested package com.google.android.apps.maps is in the allowlist
07-15 07:55:17.640  5817  6137 I AiAiVC  : Centralized allowlist: requested package com.ubercab is in the allowlist
07-15 07:55:17.641  5817  6137 I AiAiVC  : Centralized allowlist: requested package jp.naver.line.android is in the allowlist
07-15 07:55:17.641  5817  6137 I AiAiVC  : Centralized allowlist: requested package org.thoughtcrime.securesms is in the allowlist
07-15 07:55:17.641  5817  6137 I AiAiVC  : Centralized allowlist: requested package com.google.android.apps.miphone.aiai.autofill.testapps.autofillapp is in the allowlist
07-15 07:55:17.641  5817  6137 I AiAiVC  : Centralized allowlist: requested package com.google.android.apps.miphone.aiai.translate.testapps.chatapp is in the allowlist
07-15 07:55:17.645  2561  2650 W MagnificationConnectionManager: requestConnection duplicated request: connect=false, mConnectionState=DISCONNECTED
07-15 07:55:17.647  5817  6137 I AiAiVC  : Centralized allowlist: requested package com.google.android.apps.messaging is in the allowlist
07-15 07:55:17.647  5817  6137 I AiAiVC  : Centralized allowlist: requested package com.google.android.gm is in the allowlist
07-15 07:55:17.647  5817  6137 I AiAiVC  : Centralized allowlist: requested package com.instagram.android is in the allowlist
07-15 07:55:17.647  5817  6137 I AiAiVC  : Centralized allowlist: requested package com.snapchat.android is not in the allowlist
07-15 07:55:17.648  5817  6137 I AiAiVC  : Centralized allowlist: requested package com.whatsapp is in the allowlist
07-15 07:55:17.648  5817  6137 I AiAiVC  : Centralized allowlist: requested package com.google.android.apps.maps is in the allowlist
07-15 07:55:17.648  5817  6137 I AiAiVC  : Centralized allowlist: requested package com.ubercab is in the allowlist
07-15 07:55:17.649  5817  6137 I AiAiVC  : Centralized allowlist: requested package jp.naver.line.android is in the allowlist
07-15 07:55:17.649  5817  6137 I AiAiVC  : Centralized allowlist: requested package org.thoughtcrime.securesms is in the allowlist
07-15 07:55:17.649  5817  6137 I AiAiVC  : Centralized allowlist: requested package com.google.android.apps.miphone.aiai.autofill.testapps.autofillapp is in the allowlist
07-15 07:55:17.649  5817  6137 I AiAiVC  : Centralized allowlist: requested package com.google.android.apps.miphone.aiai.translate.testapps.chatapp is in the allowlist
07-15 07:55:17.650 21497 21528 D AudioManager: getMode: mode=0, callApp=com.android.vending
07-15 07:55:17.651 21497 21532 D AudioManager: getMode: mode=0, callApp=com.android.vending
07-15 07:55:17.651 21497 21532 D AudioManager: getMode: mode=0, callApp=com.android.vending
07-15 07:55:17.660 21497 21528 D AudioManager: getMode: mode=0, callApp=com.android.vending
07-15 07:55:17.679 30200 30200 E FileUtils: err write to mi_exception_log
07-15 07:55:17.680 21497 21537 D AudioManager: getMode: mode=0, callApp=com.android.vending
07-15 07:55:17.681 21497 21537 D AudioManager: getMode: mode=0, callApp=com.android.vending
07-15 07:55:17.712  5817  6137 I AiAiVC  : Centralized allowlist: requested package com.google.android.apps.messaging is in the allowlist
07-15 07:55:17.712  5817  6137 I AiAiVC  : Centralized allowlist: requested package com.google.android.gm is in the allowlist
07-15 07:55:17.713  5817  6137 I AiAiVC  : Centralized allowlist: requested package com.instagram.android is in the allowlist
07-15 07:55:17.713  5817  6137 I AiAiVC  : Centralized allowlist: requested package com.snapchat.android is not in the allowlist
07-15 07:55:17.713  5817  6137 I AiAiVC  : Centralized allowlist: requested package com.whatsapp is in the allowlist
07-15 07:55:17.713  5817  6137 I AiAiVC  : Centralized allowlist: requested package com.google.android.apps.maps is in the allowlist
07-15 07:55:17.713  5817  6137 I AiAiVC  : Centralized allowlist: requested package com.ubercab is in the allowlist
07-15 07:55:17.714  5817  6137 I AiAiVC  : Centralized allowlist: requested package jp.naver.line.android is in the allowlist
07-15 07:55:17.714  5817  6137 I AiAiVC  : Centralized allowlist: requested package org.thoughtcrime.securesms is in the allowlist
07-15 07:55:17.714  5817  6137 I AiAiVC  : Centralized allowlist: requested package com.google.android.apps.miphone.aiai.autofill.testapps.autofillapp is in the allowlist
07-15 07:55:17.714  5817  6137 I AiAiVC  : Centralized allowlist: requested package com.google.android.apps.miphone.aiai.translate.testapps.chatapp is in the allowlist
07-15 07:55:17.719  5817  6137 I AiAiVC  : Centralized allowlist: requested package com.google.android.apps.messaging is in the allowlist
07-15 07:55:17.719  5817  6137 I AiAiVC  : Centralized allowlist: requested package com.google.android.gm is in the allowlist
07-15 07:55:17.719  5817  6137 I AiAiVC  : Centralized allowlist: requested package com.instagram.android is in the allowlist
07-15 07:55:17.719  5817  6137 I AiAiVC  : Centralized allowlist: requested package com.snapchat.android is not in the allowlist
07-15 07:55:17.719  5817  6137 I AiAiVC  : Centralized allowlist: requested package com.whatsapp is in the allowlist
07-15 07:55:17.719  5817  6137 I AiAiVC  : Centralized allowlist: requested package com.google.android.apps.maps is in the allowlist
07-15 07:55:17.719  5817  6137 I AiAiVC  : Centralized allowlist: requested package com.ubercab is in the allowlist
07-15 07:55:17.719  5817  6137 I AiAiVC  : Centralized allowlist: requested package jp.naver.line.android is in the allowlist
07-15 07:55:17.720  5817  6137 I AiAiVC  : Centralized allowlist: requested package org.thoughtcrime.securesms is in the allowlist
07-15 07:55:17.720  5817  6137 I AiAiVC  : Centralized allowlist: requested package com.google.android.apps.miphone.aiai.autofill.testapps.autofillapp is in the allowlist
07-15 07:55:17.720  5817  6137 I AiAiVC  : Centralized allowlist: requested package com.google.android.apps.miphone.aiai.translate.testapps.chatapp is in the allowlist
07-15 07:55:17.741  2561  2747 D SymlinkUtils: attachApplication file op go pass: 0 ms
07-15 07:55:17.759  2561  2747 I SmartPower: com.princevekariya.projectledger.personal.debug/10376(30328): died->invisible(13623207ms) R(process start ) adj=-10000.
07-15 07:55:17.783   352   352 I lowmemorykiller: Kill 'com.android.rkpdapp' (29012), uid 10286, oom_score_adj 945 to free 80560kB rss, 38596kB swap; reason: cw
07-15 07:55:17.786   352   610 E lowmemorykiller: process_mrelease 29012 failed: No such process
07-15 07:55:17.810 10618 10627 W ding:background: Reducing the number of considered missed Gc histogram windows from 125 to 100
07-15 07:55:17.816  2561  2747 D CompatibilityInfo: mCompatibilityFlags - 0
07-15 07:55:17.816  2561  2747 D CompatibilityInfo: applicationDensity - 440
07-15 07:55:17.816  2561  2747 D CompatibilityInfo: applicationScale - 1.0
07-15 07:55:17.818  2561  2747 W ActivityManager: Slow operation: 76ms so far, now at attachApplicationLocked: immediately before bindApplication
07-15 07:55:17.820  2561  2747 W ActivityManager: Slow operation: 78ms so far, now at attachApplicationLocked: immediately after bindApplication
07-15 07:55:17.820  2561  2747 W ActivityManager: Slow operation: 78ms so far, now at attachApplicationLocked: after updateLruProcessLocked
07-15 07:55:17.824  2561  2633 D Aurogon :  uid = 10376 switch to FG
07-15 07:55:17.824  6582  7104 D ProcessObserverV15: onForegroundActivitiesChanged:pid = 30328,activity-uid=10376,foregroundActivities=true
07-15 07:55:17.825  2561  2747 W ActivityManager: Slow operation: 83ms so far, now at attachApplicationLocked: after updateOomAdjLocked
07-15 07:55:17.826  2561  2603 W ActivityTaskManager: Permission Denial: getFocusedRootTaskInfo() from pid=6582, uid=10216 requires android.permission.MANAGE_ACTIVITY_TASKS
07-15 07:55:17.827  6582  7104 D PkgUtil : getTopFromFocusedTask error: java.lang.reflect.InvocationTargetException
07-15 07:55:17.834  2561  2876 I MiuiNetworkPolicy: updateUidState uid = 10376, uidState = 19
07-15 07:55:17.841 30328 30328 I JavaheapMonitor: Disabled. Process name: <pre-initialized>
07-15 07:55:17.842  3490  3490 D HidDeviceService: handleMessage(): msg.what=8
07-15 07:55:17.842  3490  3490 D HidDeviceService: unregisterAppUid(): uid=10376
07-15 07:55:17.842  3490  3490 D HidDeviceService: unregisterAppUid(): caller UID doesn't match user UID
07-15 07:55:17.847  1204  1204 I Zygote  : Process 29012 exited due to signal 9 (Killed)
07-15 07:55:17.849  2561  2603 D Aurogon :  packageName = com.google.android.gms isAllowWakeUpList 
07-15 07:55:17.855  2561  4880 I ActivityManager: Process com.android.rkpdapp (pid 29012) has died: cch+45 CEM 
07-15 07:55:17.855  2561  3042 E ProcessManager: error write exception log
07-15 07:55:17.856  2561  3487 D SLM-SRV-SLAService: checktemp temperature = 37921 temperature_average = 37669 isPerformanceMode = false thermal_enable_slm = true
07-15 07:55:17.857  6582  7104 D ProcessObserverV15: onProcessDied:pid = 29012,died-uid=10286
07-15 07:55:17.858  2561  2656 I libc    : kill: send 9 to pid -29012
07-15 07:55:17.859  2561  2876 I MiuiNetworkPolicy: removeUidState uid = 10286
07-15 07:55:17.859  2561  2656 I libprocessgroup: Removed cgroup /sys/fs/cgroup/uid_10286/pid_29012
07-15 07:55:17.859  2561  2612 I NetworkBoostStatusManager: onUidGone uid: 10286
07-15 07:55:17.859  2561  3487 I SLM-SRV-SLSAppLib: SLM_Ai_Mode EVENT_CHECK_GMAE_AI_MODE_STATUS
07-15 07:55:17.859  2561  3487 I SLM-SRV-SLSAppLib: SLM_Ai_Mode checkGameAiModeStatus mGameAiModeCloudControl:false mLinkTurboAiModeSwitch:false mGameAiModeInterfaceReady:false mGameStartBattle:false powerMgrGameUid:0
07-15 07:55:17.859  2561  2612 D DisplayManagerService: Drop pending events for gone uid 10286
07-15 07:55:17.861  9832  9998 D UidObserver: onUidGone entry uid = 10286
07-15 07:55:17.862  3490  3490 D HidDeviceService: handleMessage(): msg.what=8
07-15 07:55:17.862  3490  3490 D HidDeviceService: unregisterAppUid(): uid=10286
07-15 07:55:17.862  3490  3490 D HidDeviceService: unregisterAppUid(): caller UID doesn't match user UID
07-15 07:55:17.859  8702 17674 I MIUISafety-Monitor: onUid 10286 gone
07-15 07:55:17.869  2561  3097 I SmartPower: com.xiaomi.mipicks/10234(29136): background->idle(3001ms) R(content provider start ContentProviderRecord{929fead u0 com.xiaomi.mipicks/com.xiaomi.market.provider.MarketProvider}) adj=915.
07-15 07:55:17.882  6113  6113 E FileUtils: err write to mi_exception_log
07-15 07:55:17.888  1325 28713 E sensors-hal: handle_sns_client_event:431, accel_sample(accelcal_available:0): ts=68477004551445 ns; value = [-1.133193, -0.143761, 9.848955], status=3
07-15 07:55:17.914 30328 30347 D MiuiDownscaleImpl: set override inverted scale : 1.0
07-15 07:55:17.915 30328 30328 D MiuiMonitorThread: Shared singleton Thread for stability monitor start
07-15 07:55:17.929 30328 30328 D CompatChangeReporter: Compat change id reported: 242716250; UID 10376; state: ENABLED
07-15 07:55:17.971 30328 30328 D ActivityThread: setEmbeddedParam packageName=com.princevekariya.projectledger.personal.debug processName=com.princevekariya.projectledger.personal.debug isEmbedded=false isIsolated=false
07-15 07:55:17.981  2561  2876 I MiuiNetworkPolicy: updateUidState uid = 10319, uidState = 19
07-15 07:55:17.982  3490  1567 I AdapterProperties: getBondedDevices: length=17
07-15 07:55:17.982  3490  1567 D BtGatt.GattService: getDeviceType() - device=XX:XX:XX:XX:13:9F, type=1
07-15 07:55:17.983  3490  1567 D BtGatt.GattService: getDeviceType() - device=XX:XX:XX:XX:87:A8, type=3
07-15 07:55:17.983  3490  1567 D BtGatt.GattService: getDeviceType() - device=XX:XX:XX:XX:D9:AD, type=1
07-15 07:55:17.983  3490  1567 D BtGatt.GattService: getDeviceType() - device=XX:XX:XX:XX:F4:2C, type=3
07-15 07:55:17.983  3490  1567 D BtGatt.GattService: getDeviceType() - device=XX:XX:XX:XX:C0:94, type=1
07-15 07:55:17.983  3490  1567 D BtGatt.GattService: getDeviceType() - device=XX:XX:XX:XX:87:84, type=1
07-15 07:55:17.983  3490  1567 D BtGatt.GattService: getDeviceType() - device=XX:XX:XX:XX:14:F9, type=1
07-15 07:55:17.983  3490  1567 D BtGatt.GattService: getDeviceType() - device=XX:XX:XX:XX:9D:54, type=1
07-15 07:55:17.983  3490  1567 D BtGatt.GattService: getDeviceType() - device=XX:XX:XX:XX:18:BB, type=1
07-15 07:55:17.983  3490  1567 D BtGatt.GattService: getDeviceType() - device=XX:XX:XX:XX:89:DA, type=1
07-15 07:55:17.983  3490  1567 D BtGatt.GattService: getDeviceType() - device=XX:XX:XX:XX:81:AC, type=1
07-15 07:55:17.983  3490  1567 D BtGatt.GattService: getDeviceType() - device=XX:XX:XX:XX:46:DF, type=3
07-15 07:55:17.983  3490  1567 D BtGatt.GattService: getDeviceType() - device=XX:XX:XX:XX:08:5B, type=3
07-15 07:55:17.983  3490  1567 D BtGatt.GattService: getDeviceType() - device=XX:XX:XX:XX:12:B2, type=1
07-15 07:55:17.983  3490  1567 D BtGatt.GattService: getDeviceType() - device=XX:XX:XX:XX:14:41, type=3
07-15 07:55:17.983  3490  1567 D BtGatt.GattService: getDeviceType() - device=XX:XX:XX:XX:81:0A, type=1
07-15 07:55:17.983  3490  1567 D BtGatt.GattService: getDeviceType() - device=XX:XX:XX:XX:A3:5D, type=3
07-15 07:55:17.992  3490  1567 I AdapterProperties: getBondedDevices: length=17
07-15 07:55:17.992  3490  1567 D BtGatt.GattService: getDeviceType() - device=XX:XX:XX:XX:13:9F, type=1
07-15 07:55:17.992  9549 10096 D CloudUpdater: useSettingsCloud: false
07-15 07:55:17.992  3490  1567 D BtGatt.GattService: getDeviceType() - device=XX:XX:XX:XX:87:A8, type=3
07-15 07:55:17.992  3490  1567 D BtGatt.GattService: getDeviceType() - device=XX:XX:XX:XX:D9:AD, type=1
07-15 07:55:17.992  3490  1567 D BtGatt.GattService: getDeviceType() - device=XX:XX:XX:XX:F4:2C, type=3
07-15 07:55:17.992  3490  1567 D BtGatt.GattService: getDeviceType() - device=XX:XX:XX:XX:C0:94, type=1
07-15 07:55:17.992  3490  1567 D BtGatt.GattService: getDeviceType() - device=XX:XX:XX:XX:87:84, type=1
07-15 07:55:17.992  3490  1567 D BtGatt.GattService: getDeviceType() - device=XX:XX:XX:XX:14:F9, type=1
07-15 07:55:17.992  3490  1567 D BtGatt.GattService: getDeviceType() - device=XX:XX:XX:XX:9D:54, type=1
07-15 07:55:17.992  3490  1567 D BtGatt.GattService: getDeviceType() - device=XX:XX:XX:XX:18:BB, type=1
07-15 07:55:17.993  3490  1567 D BtGatt.GattService: getDeviceType() - device=XX:XX:XX:XX:89:DA, type=1
07-15 07:55:17.993  3490  1567 D BtGatt.GattService: getDeviceType() - device=XX:XX:XX:XX:81:AC, type=1
07-15 07:55:17.993  3490  1567 D BtGatt.GattService: getDeviceType() - device=XX:XX:XX:XX:46:DF, type=3
07-15 07:55:17.993  3490  1567 D BtGatt.GattService: getDeviceType() - device=XX:XX:XX:XX:08:5B, type=3
07-15 07:55:17.993  3490  1567 D BtGatt.GattService: getDeviceType() - device=XX:XX:XX:XX:12:B2, type=1
07-15 07:55:17.993  3490  1567 D BtGatt.GattService: getDeviceType() - device=XX:XX:XX:XX:14:41, type=3
07-15 07:55:17.993  3490  1567 D BtGatt.GattService: getDeviceType() - device=XX:XX:XX:XX:81:0A, type=1
07-15 07:55:17.993  3490  1567 D BtGatt.GattService: getDeviceType() - device=XX:XX:XX:XX:A3:5D, type=3
07-15 07:55:17.996  3490  3504 I AdapterProperties: getBondedDevices: length=17
07-15 07:55:17.996  3490  3504 D BtGatt.GattService: getDeviceType() - device=XX:XX:XX:XX:13:9F, type=1
07-15 07:55:17.997  3490  3504 D BtGatt.GattService: getDeviceType() - device=XX:XX:XX:XX:87:A8, type=3
07-15 07:55:17.997  3490  3504 D BtGatt.GattService: getDeviceType() - device=XX:XX:XX:XX:D9:AD, type=1
07-15 07:55:17.997  3490  3504 D BtGatt.GattService: getDeviceType() - device=XX:XX:XX:XX:F4:2C, type=3
07-15 07:55:17.997  3490  3504 D BtGatt.GattService: getDeviceType() - device=XX:XX:XX:XX:C0:94, type=1
07-15 07:55:17.997  3490  3504 D BtGatt.GattService: getDeviceType() - device=XX:XX:XX:XX:87:84, type=1
07-15 07:55:17.997  3490  3504 D BtGatt.GattService: getDeviceType() - device=XX:XX:XX:XX:14:F9, type=1
07-15 07:55:17.997  3490  3504 D BtGatt.GattService: getDeviceType() - device=XX:XX:XX:XX:9D:54, type=1
07-15 07:55:17.997  3490  3504 D BtGatt.GattService: getDeviceType() - device=XX:XX:XX:XX:18:BB, type=1
07-15 07:55:17.997  3490  3504 D BtGatt.GattService: getDeviceType() - device=XX:XX:XX:XX:89:DA, type=1
07-15 07:55:17.997  3490  3504 D BtGatt.GattService: getDeviceType() - device=XX:XX:XX:XX:81:AC, type=1
07-15 07:55:17.997  3490  3504 D BtGatt.GattService: getDeviceType() - device=XX:XX:XX:XX:46:DF, type=3
07-15 07:55:17.997  3490  3504 D BtGatt.GattService: getDeviceType() - device=XX:XX:XX:XX:08:5B, type=3
07-15 07:55:17.997  3490  3504 D BtGatt.GattService: getDeviceType() - device=XX:XX:XX:XX:12:B2, type=1
07-15 07:55:17.997  3490  3504 D BtGatt.GattService: getDeviceType() - device=XX:XX:XX:XX:14:41, type=3
07-15 07:55:17.997  3490  3504 D BtGatt.GattService: getDeviceType() - device=XX:XX:XX:XX:81:0A, type=1
07-15 07:55:17.997  3490  3504 D BtGatt.GattService: getDeviceType() - device=XX:XX:XX:XX:A3:5D, type=3
07-15 07:55:18.003  2561  2876 I MiuiNetworkPolicy: updateUidState uid = 10319, uidState = 11
07-15 07:55:18.023  6113 20793 W ProviderHelper: Unknown dynamite feature providerinstaller.dynamite
07-15 07:55:18.023  6113 20793 I DynamiteModule: Considering local module com.google.android.gms.providerinstaller.dynamite:1 and remote module com.google.android.gms.providerinstaller.dynamite:0
07-15 07:55:18.023  6113 20793 I DynamiteModule: Selected local version of com.google.android.gms.providerinstaller.dynamite
07-15 07:55:18.027  9549 10096 D IdProviderImpl: getVAID from com.lbe.security.miui
07-15 07:55:18.037  2561  3731 D CompatChangeReporter: Compat change id reported: 161145287; UID 1000; state: ENABLED
07-15 07:55:18.049  9832  9994 E FileUtil: FileUtil
07-15 07:55:18.049  9832  9994 E FileUtil: java.io.IOException: read failed: EINVAL (Invalid argument)
07-15 07:55:18.049  9832  9994 E FileUtil: 	at libcore.io.IoBridge.read(IoBridge.java:614)
07-15 07:55:18.049  9832  9994 E FileUtil: 	at java.io.FileInputStream.read(FileInputStream.java:353)
07-15 07:55:18.049  9832  9994 E FileUtil: 	at sun.nio.cs.StreamDecoder.readBytes(StreamDecoder.java:309)
07-15 07:55:18.049  9832  9994 E FileUtil: 	at sun.nio.cs.StreamDecoder.implRead(StreamDecoder.java:373)
07-15 07:55:18.049  9832  9994 E FileUtil: 	at sun.nio.cs.StreamDecoder.read(StreamDecoder.java:183)
07-15 07:55:18.049  9832  9994 E FileUtil: 	at java.io.InputStreamReader.read(InputStreamReader.java:177)
07-15 07:55:18.049  9832  9994 E FileUtil: 	at java.io.BufferedReader.fill(BufferedReader.java:172)
07-15 07:55:18.049  9832  9994 E FileUtil: 	at java.io.BufferedReader.readLine(BufferedReader.java:337)
07-15 07:55:18.049  9832  9994 E FileUtil: 	at java.io.BufferedReader.readLine(BufferedReader.java:403)
07-15 07:55:18.049  9832  9994 E FileUtil: 	at com.miui.powerkeeper.utils.FileUtil.getFileString(FileUtil.java:7)
07-15 07:55:18.049  9832  9994 E FileUtil: 	at com.miui.powerkeeper.utils.FileUtil.getFileString(FileUtil.java:2)
07-15 07:55:18.049  9832  9994 E FileUtil: 	at com.miui.powerkeeper.thermalcollector.collector.ThermalPlusCollector.readNtcTemp(ThermalPlusCollector.java:17)
07-15 07:55:18.049  9832  9994 E FileUtil: 	at com.miui.powerkeeper.thermalcollector.collector.ThermalPlusCollector.lambda$getNtcThermalTemp$0(ThermalPlusCollector.java:11)
07-15 07:55:18.049  9832  9994 E FileUtil: 	at com.miui.powerkeeper.thermalcollector.collector.ThermalPlusCollector.a(ThermalPlusCollector.java:1)
07-15 07:55:18.049  9832  9994 E FileUtil: 	at com.miui.powerkeeper.thermalcollector.collector.g.apply(R8$$SyntheticClass:5)
07-15 07:55:18.049  9832  9994 E FileUtil: 	at java.util.stream.Collectors.lambda$uniqKeysMapAccumulator$1(Collectors.java:180)
07-15 07:55:18.049  9832  9994 E FileUtil: 	at java.util.stream.Collectors$$ExternalSyntheticLambda1.accept(D8$$SyntheticClass:0)
07-15 07:55:18.049  9832  9994 E FileUtil: 	at java.util.stream.ReduceOps$3ReducingSink.accept(ReduceOps.java:169)
07-15 07:55:18.049  9832  9994 E FileUtil: 	at java.util.HashMap$EntrySpliterator.forEachRemaining(HashMap.java:1856)
07-15 07:55:18.049  9832  9994 E FileUtil: 	at java.util.stream.AbstractPipeline.copyInto(AbstractPipeline.java:574)
07-15 07:55:18.049  9832  9994 E FileUtil: 	at java.util.stream.AbstractPipeline.wrapAndCopyInto(AbstractPipeline.java:564)
07-15 07:55:18.049  9832  9994 E FileUtil: 	at java.util.stream.ReduceOps$ReduceOp.evaluateSequential(ReduceOps.java:921)
07-15 07:55:18.049  9832  9994 E FileUtil: 	at java.util.stream.AbstractPipeline.evaluate(AbstractPipeline.java:267)
07-15 07:55:18.049  9832  9994 E FileUtil: 	at java.util.stream.ReferencePipeline.collect(ReferencePipeline.java:748)
07-15 07:55:18.049  9832  9994 E FileUtil: 	at com.miui.powerkeeper.thermalcollector.collector.ThermalPlusCollector.getNtcThermalTemp(ThermalPlusCollector.java:25)
07-15 07:55:18.049  9832  9994 E FileUtil: 	at com.miui.powerkeeper.thermalcollector.collector.ThermalPlusCollector.collect(ThermalPlusCollector.java:33)
07-15 07:55:18.049  9832  9994 E FileUtil: 	at com.miui.powerkeeper.thermalcollector.collector.BaseCollector.collectData(BaseCollector.java:1)
07-15 07:55:18.049  9832  9994 E FileUtil: 	at com.miui.powerkeeper.thermalcollector.q.apply(R8$$SyntheticClass:3)
07-15 07:55:18.049  9832  9994 E FileUtil: 	at java.util.stream.ReferencePipeline$3$1.accept(ReferencePipeline.java:227)
07-15 07:55:18.049  9832  9994 E FileUtil: 	at java.util.stream.ReferencePipeline$2$1.accept(ReferencePipeline.java:209)
07-15 07:55:18.049  9832  9994 E FileUtil: 	at java.util.stream.ReferencePipeline$3$1.accept(ReferencePipeline.java:227)
07-15 07:55:18.049  9832  9994 E FileUtil: 	at java.util.HashMap$KeySpliterator.forEachRemaining(HashMap.java:1713)
07-15 07:55:18.049  9832  9994 E FileUtil: 	at java.util.stream.AbstractPipeline.copyInto(AbstractPipeline.java:574)
07-15 07:55:18.049  9832  9994 E FileUtil: 	at java.util.stream.AbstractPipeline.wrapAndCopyInto(AbstractPipeline.java:564)
07-15 07:55:18.049  9832  9994 E FileUtil: 	at java.util.stream.ReduceOps$ReduceOp.evaluateSequential(ReduceOps.java:921)
07-15 07:55:18.049  9832  9994 E FileUtil: 	at java.util.stream.AbstractPipeline.evaluate(AbstractPipeline.java:267)
07-15 07:55:18.049  9832  9994 E FileUtil: 	at java.util.stream.ReferencePipeline.collect(ReferencePipeline.java:748)
07-15 07:55:18.049  9832  9994 E FileUtil: 	at com.miui.powerkeeper.thermalcollector.CollectorManager$TriggerCallback.collect(CollectorManager.java:45)
07-15 07:55:18.049  9832  9994 E FileUtil: 	at com.miui.powerkeeper.thermalcollector.trigger.BaseTrigger.handleRuleMessage(BaseTrigger.java:94)
07-15 07:55:18.049  9832  9994 E FileUtil: 	at com.miui.powerkeeper.thermalcollector.trigger.ForegroundTrigger.onStateChanged(ForegroundTrigger.java:13)
07-15 07:55:18.049  9832  9994 E FileUtil: 	at com.miui.powerkeeper.thermalcollector.trigger.BaseTrigger$TriggerHandler.handleMessage(BaseTrigger.java:3)
07-15 07:55:18.049  9832  9994 E FileUtil: 	at android.os.Handler.dispatchMessage(Handler.java:107)
07-15 07:55:18.049  9832  9994 E FileUtil: 	at android.os.Looper.loopOnce(Looper.java:249)
07-15 07:55:18.049  9832  9994 E FileUtil: 	at android.os.Looper.loop(Looper.java:337)
07-15 07:55:18.049  9832  9994 E FileUtil: 	at android.os.HandlerThread.run(HandlerThread.java:85)
07-15 07:55:18.049  9832  9994 E FileUtil: Caused by: android.system.ErrnoException: read failed: EINVAL (Invalid argument)
07-15 07:55:18.049  9832  9994 E FileUtil: 	at libcore.io.Linux.readBytes(Native Method)
07-15 07:55:18.049  9832  9994 E FileUtil: 	at libcore.io.Linux.read(Linux.java:231)
07-15 07:55:18.049  9832  9994 E FileUtil: 	at libcore.io.ForwardingOs.read(ForwardingOs.java:624)
07-15 07:55:18.049  9832  9994 E FileUtil: 	at libcore.io.BlockGuardOs.read(BlockGuardOs.java:325)
07-15 07:55:18.049  9832  9994 E FileUtil: 	at libcore.io.ForwardingOs.read(ForwardingOs.java:624)
07-15 07:55:18.049  9832  9994 E FileUtil: 	at libcore.io.IoBridge.read(IoBridge.java:604)
07-15 07:55:18.049  9832  9994 E FileUtil: 	... 44 more
07-15 07:55:18.076  2561  3097 I SmartPower: com.google.android.tts/10208(22454): background->idle(3012ms) R(service unbind com.google.android.tts/com.google.android.apps.speech.tts.googletts.service.GoogleTtsService) adj=925.
07-15 07:55:18.099  2561  2561 W pool-67-thread-: type=1400 audit(0.0:65686): avc:  denied  { read } for  name="u:object_r:build_bootimage_prop:s0" dev="tmpfs" ino=127 scontext=u:r:system_server:s0 tcontext=u:object_r:build_bootimage_prop:s0 tclass=file permissive=0
07-15 07:55:18.100  2561  5869 W libc    : Access denied finding property "ro.bootimage.build.fingerprint"
07-15 07:55:18.165  6113 20793 I GmsModuleInitializer: Using ContainerGservicesDelegate
07-15 07:55:18.264  3490  1567 I AdapterProperties: getBondedDevices: length=17
07-15 07:55:18.265  3490  1567 D BtGatt.GattService: getDeviceType() - device=XX:XX:XX:XX:13:9F, type=1
07-15 07:55:18.265  3490  1567 D BtGatt.GattService: getDeviceType() - device=XX:XX:XX:XX:87:A8, type=3
07-15 07:55:18.265  3490  1567 D BtGatt.GattService: getDeviceType() - device=XX:XX:XX:XX:D9:AD, type=1
07-15 07:55:18.265  3490  1567 D BtGatt.GattService: getDeviceType() - device=XX:XX:XX:XX:F4:2C, type=3
07-15 07:55:18.266  3490  1567 D BtGatt.GattService: getDeviceType() - device=XX:XX:XX:XX:C0:94, type=1
07-15 07:55:18.266  3490  1567 D BtGatt.GattService: getDeviceType() - device=XX:XX:XX:XX:87:84, type=1
07-15 07:55:18.266  3490  1567 D BtGatt.GattService: getDeviceType() - device=XX:XX:XX:XX:14:F9, type=1
07-15 07:55:18.266  3490  1567 D BtGatt.GattService: getDeviceType() - device=XX:XX:XX:XX:9D:54, type=1
07-15 07:55:18.266  3490  1567 D BtGatt.GattService: getDeviceType() - device=XX:XX:XX:XX:18:BB, type=1
07-15 07:55:18.266  3490  1567 D BtGatt.GattService: getDeviceType() - device=XX:XX:XX:XX:89:DA, type=1
07-15 07:55:18.266  3490  1567 D BtGatt.GattService: getDeviceType() - device=XX:XX:XX:XX:81:AC, type=1
07-15 07:55:18.267  3490  1567 D BtGatt.GattService: getDeviceType() - device=XX:XX:XX:XX:46:DF, type=3
07-15 07:55:18.267  3490  1567 D BtGatt.GattService: getDeviceType() - device=XX:XX:XX:XX:08:5B, type=3
07-15 07:55:18.267  3490  1567 D BtGatt.GattService: getDeviceType() - device=XX:XX:XX:XX:12:B2, type=1
07-15 07:55:18.267  3490  1567 D BtGatt.GattService: getDeviceType() - device=XX:XX:XX:XX:14:41, type=3
07-15 07:55:18.267  3490  1567 D BtGatt.GattService: getDeviceType() - device=XX:XX:XX:XX:81:0A, type=1
07-15 07:55:18.267  3490  1567 D BtGatt.GattService: getDeviceType() - device=XX:XX:XX:XX:A3:5D, type=3
07-15 07:55:18.272  3490  3504 I AdapterProperties: getBondedDevices: length=17
07-15 07:55:18.273  3490  3504 D BtGatt.GattService: getDeviceType() - device=XX:XX:XX:XX:13:9F, type=1
07-15 07:55:18.273  3490  3504 D BtGatt.GattService: getDeviceType() - device=XX:XX:XX:XX:87:A8, type=3
07-15 07:55:18.273  3490  3504 D BtGatt.GattService: getDeviceType() - device=XX:XX:XX:XX:D9:AD, type=1
07-15 07:55:18.274  3490  3504 D BtGatt.GattService: getDeviceType() - device=XX:XX:XX:XX:F4:2C, type=3
07-15 07:55:18.274  3490  3504 D BtGatt.GattService: getDeviceType() - device=XX:XX:XX:XX:C0:94, type=1
07-15 07:55:18.274  3490  3504 D BtGatt.GattService: getDeviceType() - device=XX:XX:XX:XX:87:84, type=1
07-15 07:55:18.274  3490  3504 D BtGatt.GattService: getDeviceType() - device=XX:XX:XX:XX:14:F9, type=1
07-15 07:55:18.274  3490  3504 D BtGatt.GattService: getDeviceType() - device=XX:XX:XX:XX:9D:54, type=1
07-15 07:55:18.274  3490  3504 D BtGatt.GattService: getDeviceType() - device=XX:XX:XX:XX:18:BB, type=1
07-15 07:55:18.274  3490  3504 D BtGatt.GattService: getDeviceType() - device=XX:XX:XX:XX:89:DA, type=1
07-15 07:55:18.274  3490  3504 D BtGatt.GattService: getDeviceType() - device=XX:XX:XX:XX:81:AC, type=1
07-15 07:55:18.274  3490  3504 D BtGatt.GattService: getDeviceType() - device=XX:XX:XX:XX:46:DF, type=3
07-15 07:55:18.274  3490  3504 D BtGatt.GattService: getDeviceType() - device=XX:XX:XX:XX:08:5B, type=3
07-15 07:55:18.274  3490  3504 D BtGatt.GattService: getDeviceType() - device=XX:XX:XX:XX:12:B2, type=1
07-15 07:55:18.274  3490  3504 D BtGatt.GattService: getDeviceType() - device=XX:XX:XX:XX:14:41, type=3
07-15 07:55:18.274  3490  3504 D BtGatt.GattService: getDeviceType() - device=XX:XX:XX:XX:81:0A, type=1
