07-15 07:55:18.274  3490  3504 D BtGatt.GattService: getDeviceType() - device=XX:XX:XX:XX:A3:5D, type=3
07-15 07:55:18.277  3490  3504 I AdapterProperties: getBondedDevices: length=17
07-15 07:55:18.278  3490  3504 D BtGatt.GattService: getDeviceType() - device=XX:XX:XX:XX:13:9F, type=1
07-15 07:55:18.278  3490  3504 D BtGatt.GattService: getDeviceType() - device=XX:XX:XX:XX:87:A8, type=3
07-15 07:55:18.278  3490  3504 D BtGatt.GattService: getDeviceType() - device=XX:XX:XX:XX:D9:AD, type=1
07-15 07:55:18.278  3490  3504 D BtGatt.GattService: getDeviceType() - device=XX:XX:XX:XX:F4:2C, type=3
07-15 07:55:18.278 21566 21570 I .gms.persistent: Background young concurrent mark compact GC freed 20MB AllocSpace bytes, 19(2656KB) LOS objects, 43% free, 24MB/42MB, paused 2.534ms,8.978ms total 837.390ms
07-15 07:55:18.278  3490  3504 D BtGatt.GattService: getDeviceType() - device=XX:XX:XX:XX:C0:94, type=1
07-15 07:55:18.278  3490  3504 D BtGatt.GattService: getDeviceType() - device=XX:XX:XX:XX:87:84, type=1
07-15 07:55:18.278  3490  3504 D BtGatt.GattService: getDeviceType() - device=XX:XX:XX:XX:14:F9, type=1
07-15 07:55:18.279 21566 30297 I .gms.persistent: WaitForGcToComplete blocked ClassLinker on Background for 827.791ms
07-15 07:55:18.281  2561  2598 I system_server: Background young concurrent mark compact GC freed 21MB AllocSpace bytes, 55(1420KB) LOS objects, 11% free, 142MB/160MB, paused 13.352ms,15.546ms total 541.790ms
07-15 07:55:18.281 21566 30297 I DeviceLevelUtils: platform∩╝Üparrot
07-15 07:55:18.284 21566 30297 I MiSpeedRecord: Connecting to PerfShielder service.
07-15 07:55:18.285  3490  3504 D BtGatt.GattService: getDeviceType() - device=XX:XX:XX:XX:9D:54, type=1
07-15 07:55:18.285  3490  3504 D BtGatt.GattService: getDeviceType() - device=XX:XX:XX:XX:18:BB, type=1
07-15 07:55:18.285  3490  3504 D BtGatt.GattService: getDeviceType() - device=XX:XX:XX:XX:89:DA, type=1
07-15 07:55:18.285  3490  3504 D BtGatt.GattService: getDeviceType() - device=XX:XX:XX:XX:81:AC, type=1
07-15 07:55:18.285  3490  3504 D BtGatt.GattService: getDeviceType() - device=XX:XX:XX:XX:46:DF, type=3
07-15 07:55:18.286  3490  3504 D BtGatt.GattService: getDeviceType() - device=XX:XX:XX:XX:08:5B, type=3
07-15 07:55:18.286  3490  3504 D BtGatt.GattService: getDeviceType() - device=XX:XX:XX:XX:12:B2, type=1
07-15 07:55:18.286  3490  3504 D BtGatt.GattService: getDeviceType() - device=XX:XX:XX:XX:14:41, type=3
07-15 07:55:18.286  3490  3504 D BtGatt.GattService: getDeviceType() - device=XX:XX:XX:XX:81:0A, type=1
07-15 07:55:18.286  3490  3504 D BtGatt.GattService: getDeviceType() - device=XX:XX:XX:XX:A3:5D, type=3
07-15 07:55:18.297  2561  3097 I SmartPower: com.google.android.apps.messaging/10170(24186): background->idle(3002ms) R(service create com.google.android.apps.messaging/.shared.datamodel.action.execution.ActionJobService) adj=915.
07-15 07:55:18.310  9832  9994 E FileUtil: FileUtil
07-15 07:55:18.310  9832  9994 E FileUtil: java.io.IOException: read failed: EINVAL (Invalid argument)
07-15 07:55:18.310  9832  9994 E FileUtil: 	at libcore.io.IoBridge.read(IoBridge.java:614)
07-15 07:55:18.310  9832  9994 E FileUtil: 	at java.io.FileInputStream.read(FileInputStream.java:353)
07-15 07:55:18.310  9832  9994 E FileUtil: 	at sun.nio.cs.StreamDecoder.readBytes(StreamDecoder.java:309)
07-15 07:55:18.310  9832  9994 E FileUtil: 	at sun.nio.cs.StreamDecoder.implRead(StreamDecoder.java:373)
07-15 07:55:18.310  9832  9994 E FileUtil: 	at sun.nio.cs.StreamDecoder.read(StreamDecoder.java:183)
07-15 07:55:18.310  9832  9994 E FileUtil: 	at java.io.InputStreamReader.read(InputStreamReader.java:177)
07-15 07:55:18.310  9832  9994 E FileUtil: 	at java.io.BufferedReader.fill(BufferedReader.java:172)
07-15 07:55:18.310  9832  9994 E FileUtil: 	at java.io.BufferedReader.readLine(BufferedReader.java:337)
07-15 07:55:18.310  9832  9994 E FileUtil: 	at java.io.BufferedReader.readLine(BufferedReader.java:403)
07-15 07:55:18.310  9832  9994 E FileUtil: 	at com.miui.powerkeeper.utils.FileUtil.getFileString(FileUtil.java:7)
07-15 07:55:18.310  9832  9994 E FileUtil: 	at com.miui.powerkeeper.utils.FileUtil.getFileString(FileUtil.java:2)
07-15 07:55:18.310  9832  9994 E FileUtil: 	at com.miui.powerkeeper.thermalcollector.collector.ThermalPlusCollector.readNtcTemp(ThermalPlusCollector.java:17)
07-15 07:55:18.310  9832  9994 E FileUtil: 	at com.miui.powerkeeper.thermalcollector.collector.ThermalPlusCollector.lambda$getNtcThermalTemp$0(ThermalPlusCollector.java:11)
07-15 07:55:18.310  9832  9994 E FileUtil: 	at com.miui.powerkeeper.thermalcollector.collector.ThermalPlusCollector.a(ThermalPlusCollector.java:1)
07-15 07:55:18.310  9832  9994 E FileUtil: 	at com.miui.powerkeeper.thermalcollector.collector.g.apply(R8$$SyntheticClass:5)
07-15 07:55:18.310  9832  9994 E FileUtil: 	at java.util.stream.Collectors.lambda$uniqKeysMapAccumulator$1(Collectors.java:180)
07-15 07:55:18.310  9832  9994 E FileUtil: 	at java.util.stream.Collectors$$ExternalSyntheticLambda1.accept(D8$$SyntheticClass:0)
07-15 07:55:18.310  9832  9994 E FileUtil: 	at java.util.stream.ReduceOps$3ReducingSink.accept(ReduceOps.java:169)
07-15 07:55:18.310  9832  9994 E FileUtil: 	at java.util.HashMap$EntrySpliterator.forEachRemaining(HashMap.java:1856)
07-15 07:55:18.310  9832  9994 E FileUtil: 	at java.util.stream.AbstractPipeline.copyInto(AbstractPipeline.java:574)
07-15 07:55:18.310  9832  9994 E FileUtil: 	at java.util.stream.AbstractPipeline.wrapAndCopyInto(AbstractPipeline.java:564)
07-15 07:55:18.310  9832  9994 E FileUtil: 	at java.util.stream.ReduceOps$ReduceOp.evaluateSequential(ReduceOps.java:921)
07-15 07:55:18.310  9832  9994 E FileUtil: 	at java.util.stream.AbstractPipeline.evaluate(AbstractPipeline.java:267)
07-15 07:55:18.310  9832  9994 E FileUtil: 	at java.util.stream.ReferencePipeline.collect(ReferencePipeline.java:748)
07-15 07:55:18.310  9832  9994 E FileUtil: 	at com.miui.powerkeeper.thermalcollector.collector.ThermalPlusCollector.getNtcThermalTemp(ThermalPlusCollector.java:25)
07-15 07:55:18.310  9832  9994 E FileUtil: 	at com.miui.powerkeeper.thermalcollector.collector.ThermalPlusCollector.collect(ThermalPlusCollector.java:33)
07-15 07:55:18.310  9832  9994 E FileUtil: 	at com.miui.powerkeeper.thermalcollector.collector.BaseCollector.collectData(BaseCollector.java:1)
07-15 07:55:18.310  9832  9994 E FileUtil: 	at com.miui.powerkeeper.thermalcollector.q.apply(R8$$SyntheticClass:3)
07-15 07:55:18.310  9832  9994 E FileUtil: 	at java.util.stream.ReferencePipeline$3$1.accept(ReferencePipeline.java:227)
07-15 07:55:18.310  9832  9994 E FileUtil: 	at java.util.stream.ReferencePipeline$2$1.accept(ReferencePipeline.java:209)
07-15 07:55:18.310  9832  9994 E FileUtil: 	at java.util.stream.ReferencePipeline$3$1.accept(ReferencePipeline.java:227)
07-15 07:55:18.310  9832  9994 E FileUtil: 	at java.util.HashMap$KeySpliterator.forEachRemaining(HashMap.java:1713)
07-15 07:55:18.310  9832  9994 E FileUtil: 	at java.util.stream.AbstractPipeline.copyInto(AbstractPipeline.java:574)
07-15 07:55:18.310  9832  9994 E FileUtil: 	at java.util.stream.AbstractPipeline.wrapAndCopyInto(AbstractPipeline.java:564)
07-15 07:55:18.310  9832  9994 E FileUtil: 	at java.util.stream.ReduceOps$ReduceOp.evaluateSequential(ReduceOps.java:921)
07-15 07:55:18.310  9832  9994 E FileUtil: 	at java.util.stream.AbstractPipeline.evaluate(AbstractPipeline.java:267)
07-15 07:55:18.310  9832  9994 E FileUtil: 	at java.util.stream.ReferencePipeline.collect(ReferencePipeline.java:748)
07-15 07:55:18.310  9832  9994 E FileUtil: 	at com.miui.powerkeeper.thermalcollector.CollectorManager$TriggerCallback.collect(CollectorManager.java:45)
07-15 07:55:18.310  9832  9994 E FileUtil: 	at com.miui.powerkeeper.thermalcollector.trigger.BaseTrigger.handleRuleMessage(BaseTrigger.java:94)
07-15 07:55:18.310  9832  9994 E FileUtil: 	at com.miui.powerkeeper.thermalcollector.trigger.ForegroundTrigger.onStateChanged(ForegroundTrigger.java:13)
07-15 07:55:18.310  9832  9994 E FileUtil: 	at com.miui.powerkeeper.thermalcollector.trigger.BaseTrigger$TriggerHandler.handleMessage(BaseTrigger.java:3)
07-15 07:55:18.310  9832  9994 E FileUtil: 	at android.os.Handler.dispatchMessage(Handler.java:107)
07-15 07:55:18.310  9832  9994 E FileUtil: 	at android.os.Looper.loopOnce(Looper.java:249)
07-15 07:55:18.310  9832  9994 E FileUtil: 	at android.os.Looper.loop(Looper.java:337)
07-15 07:55:18.310  9832  9994 E FileUtil: 	at android.os.HandlerThread.run(HandlerThread.java:85)
07-15 07:55:18.310  9832  9994 E FileUtil: Caused by: android.system.ErrnoException: read failed: EINVAL (Invalid argument)
07-15 07:55:18.310  9832  9994 E FileUtil: 	at libcore.io.Linux.readBytes(Native Method)
07-15 07:55:18.310  9832  9994 E FileUtil: 	at libcore.io.Linux.read(Linux.java:231)
07-15 07:55:18.310  9832  9994 E FileUtil: 	at libcore.io.ForwardingOs.read(ForwardingOs.java:624)
07-15 07:55:18.310  9832  9994 E FileUtil: 	at libcore.io.BlockGuardOs.read(BlockGuardOs.java:325)
07-15 07:55:18.310  9832  9994 E FileUtil: 	at libcore.io.ForwardingOs.read(ForwardingOs.java:624)
07-15 07:55:18.310  9832  9994 E FileUtil: 	at libcore.io.IoBridge.read(IoBridge.java:604)
07-15 07:55:18.310  9832  9994 E FileUtil: 	... 44 more
07-15 07:55:18.335  6113 20793 W m58.lls : Primes.initialize() should only be called from the main thread.
07-15 07:55:18.338  6113 20793 W m58.lls : Primes init triggered from background in package: com.google.android.gms
07-15 07:55:18.354 21566 30297 I ProximityAuth: [MessageProcessorManager] MessageProcessorManager instantiated for user UserHandle{0}
07-15 07:55:18.354 21566 20800 W .gms.persistent: Long monitor contention with owner actvpool[55] (30297) at void ablf.run()(:com.google.android.gms@262560035@26.25.60 (260400-934690052):61) waiters=0 in void ablf.run() for 1.035s
07-15 07:55:18.355  9549 10096 E CloudUpdater: CloudUpdater exception!
07-15 07:55:18.355  9549 10096 E CloudUpdater: java.net.ConnectException: Failed to connect to authbe.sec.intl.miui.com/[::]:443
07-15 07:55:18.355  9549 10096 E CloudUpdater: 	at com.android.okhttp.internal.io.RealConnection.connectSocket(RealConnection.java:147)
07-15 07:55:18.355  9549 10096 E CloudUpdater: 	at com.android.okhttp.internal.io.RealConnection.connect(RealConnection.java:116)
07-15 07:55:18.355  9549 10096 E CloudUpdater: 	at com.android.okhttp.internal.http.StreamAllocation.findConnection(StreamAllocation.java:186)
07-15 07:55:18.355  9549 10096 E CloudUpdater: 	at com.android.okhttp.internal.http.StreamAllocation.findHealthyConnection(StreamAllocation.java:128)
07-15 07:55:18.355  9549 10096 E CloudUpdater: 	at com.android.okhttp.internal.http.StreamAllocation.newStream(StreamAllocation.java:97)
07-15 07:55:18.355  9549 10096 E CloudUpdater: 	at com.android.okhttp.internal.http.HttpEngine.connect(HttpEngine.java:289)
07-15 07:55:18.355  9549 10096 E CloudUpdater: 	at com.android.okhttp.internal.http.HttpEngine.sendRequest(HttpEngine.java:232)
07-15 07:55:18.355  9549 10096 E CloudUpdater: 	at com.android.okhttp.internal.huc.HttpURLConnectionImpl.execute(HttpURLConnectionImpl.java:465)
07-15 07:55:18.355  9549 10096 E CloudUpdater: 	at com.android.okhttp.internal.huc.HttpURLConnectionImpl.connect(HttpURLConnectionImpl.java:131)
07-15 07:55:18.355  9549 10096 E CloudUpdater: 	at com.android.okhttp.internal.huc.HttpURLConnectionImpl.getOutputStream(HttpURLConnectionImpl.java:262)
07-15 07:55:18.355  9549 10096 E CloudUpdater: 	at com.android.okhttp.internal.huc.DelegatingHttpsURLConnection.getOutputStream(DelegatingHttpsURLConnection.java:219)
07-15 07:55:18.355  9549 10096 E CloudUpdater: 	at com.android.okhttp.internal.huc.HttpsURLConnectionImpl.getOutputStream(HttpsURLConnectionImpl.java:30)
07-15 07:55:18.355  9549 10096 E CloudUpdater: 	at com.lbe.protocol.LBERecommendPkgPerm.getRecommendPerms(LBERecommendPkgPerm.java:85)
07-15 07:55:18.355  9549 10096 E CloudUpdater: 	at com.lbe.security.service.provider.internal.CloudUpdater$CloudQueryAction.doInBackground(CloudUpdater.java:182)
07-15 07:55:18.355  9549 10096 E CloudUpdater: 	at com.lbe.security.service.provider.internal.CloudUpdater$CloudQueryAction.doInBackground(CloudUpdater.java:149)
07-15 07:55:18.355  9549 10096 E CloudUpdater: 	at android.os.AsyncTask$3.call(AsyncTask.java:394)
07-15 07:55:18.355  9549 10096 E CloudUpdater: 	at java.util.concurrent.FutureTask.run(FutureTask.java:317)
07-15 07:55:18.355  9549 10096 E CloudUpdater: 	at java.util.concurrent.ThreadPoolExecutor.runWorker(ThreadPoolExecutor.java:1154)
07-15 07:55:18.355  9549 10096 E CloudUpdater: 	at java.util.concurrent.ThreadPoolExecutor$Worker.run(ThreadPoolExecutor.java:652)
07-15 07:55:18.355  9549 10096 E CloudUpdater: 	at java.lang.Thread.run(Thread.java:1563)
07-15 07:55:18.363  6113 20804 I Auth    : (REDACTED) [SupervisedAccountIntentOperation] onHandleIntent: %s
07-15 07:55:18.375  6113 30317 W AppInstallOperation: FDL Migration::InstallIntentOperation by FDL Module [CONTEXT service_id=77 ]
07-15 07:55:18.381  6113 20804 I FraudProtectUtils: Not in testing population, skipping local test bank apps. [CONTEXT service_id=469 ]
07-15 07:55:18.381  6113 20804 I FraudProtectUtils: (REDACTED) Latest bank app list size: %d, %s isBankApp: false
07-15 07:55:18.381  6113 20804 I PackageInstallIntentOp: (REDACTED) Package %s is not a bank app. Skipping updates.
07-15 07:55:18.440  6113 30414 I NearbyDiscovery: (REDACTED) processGrantSlicePermission: %s
07-15 07:55:18.460  2561  4880 D Aurogon :  packageName = com.google.android.gms isAllowWakeUpList 
07-15 07:55:18.467 30328 30328 D nativeloader: Configuring clns-7 for other apk /data/app/~~6I56k6G6RLk0ek1H-DF42Q==/com.princevekariya.projectledger.personal.debug-BqigNJuoLzgqG0afSjKlSQ==/base.apk. target_sdk_version=34, uses_libraries=, library_path=/data/app/~~6I56k6G6RLk0ek1H-DF42Q==/com.princevekariya.projectledger.personal.debug-BqigNJuoLzgqG0afSjKlSQ==/lib/arm64, permitted_path=/data:/mnt/expand:/data/user/0/com.princevekariya.projectledger.personal.debug
07-15 07:55:18.479  6113 12617 I GmscoreIpa: (REDACTED) Using %s flags by method %d
07-15 07:55:18.498 30328 30328 I Perf    : Connecting to perf service.
07-15 07:55:18.513  6113  6113 D BoundBrokerSvc: onBind: Intent { act=com.google.android.gms.feedback.internal.IFeedbackService dat=chimera-action:/... cmp=com.google.android.gms/.chimera.GmsBoundBrokerService }
07-15 07:55:18.513  6113  6113 D BoundBrokerSvc: Loading bound service for intent: Intent { act=com.google.android.gms.feedback.internal.IFeedbackService dat=chimera-action:/... cmp=com.google.android.gms/.chimera.GmsBoundBrokerService }
07-15 07:55:18.517 30328 30328 V GraphicsEnvironment: Currently set values for:
07-15 07:55:18.517 30328 30328 V GraphicsEnvironment:   angle_gl_driver_selection_pkgs=[]
07-15 07:55:18.517 30328 30328 V GraphicsEnvironment:   angle_gl_driver_selection_values=[]
07-15 07:55:18.523 30328 30328 V GraphicsEnvironment: Global.Settings values are invalid: number of packages: 0, number of values: 0
07-15 07:55:18.524 30328 30328 V GraphicsEnvironment: App is not on the allowlist for updatable production driver.
07-15 07:55:18.532 30328 30372 I ActivityThread: TrafficStats init done
07-15 07:55:18.543  2561  2751 I ClipboardServiceI: checkProviderWakePathForClipboard: primaryClip is null
07-15 07:55:18.561 30328 30328 W libc    : Access denied finding property "vendor.boostfwk.frameprefetcher"
07-15 07:55:18.563  2561  3731 D ForceDarkAppConfigProvider: cloudConfigVersion: -1   localConfigVersion:20250619
07-15 07:55:18.563  2561  3731 I UiModeManager: systemserver package:com.princevekariya.projectledger.personal.debug null
07-15 07:55:18.564 30328 30372 I ForceDarkHelperStubImpl: initialize for com.princevekariya.projectledger.personal.debug , ForceDarkAppConfig: null
07-15 07:55:18.569 30328 30372 D nativeloader: Load libforcedarkimpl.so using system ns (caller=/system_ext/framework/miui-framework.jar): ok
07-15 07:55:18.569 30328 30372 D HWUI    : JNI_OnLoad success
07-15 07:55:18.569 30328 30372 I MiuiForceDarkConfig: setConfig density:2.750000, mainRule:0, secondaryRule:0, tertiaryRule:0
07-15 07:55:18.593  2561  2747 D MiuiForceVkService: shouldUseVk, pkg=com.princevekariya.projectledger.personal.debug useVk 0
07-15 07:55:18.594 30328 30372 I ActivityThread: Miui Feature Init done
07-15 07:55:18.596  6113 30414 W SQLiteLog: (28) double-quoted string literal: "com.princevekariya.projectledger.personal.debug"
07-15 07:55:18.620  2561  2751 D Aurogon :  packageName = com.google.android.gms isAllowWakeUpList 
07-15 07:55:18.626  1259  1317 E minksocket: MinkIPC_QRTR_Service: client with node 1 port 4946 went down
07-15 07:55:18.627  1259  1317 E minksocket: MinkIPC_QRTR_Service: client with node 1 port 4947 went down
07-15 07:55:18.629  1259  1317 E minksocket: MinkIPC_QRTR_Service: client with node 1 port 4948 went down
07-15 07:55:18.634  1259  1317 E minksocket: MinkIPC_QRTR_Service: client with node 1 port 4949 went down
07-15 07:55:18.641 30328 30328 I ProjectLedger: application_container_ready | Logging and five local repositories are ready.
07-15 07:55:18.641 21497 21526 I Finsky  : [727] WM::SCH: Logging work initialize for 12-1
07-15 07:55:18.642 30328 30328 I ProjectLedger: manual_transaction_use_case_ready | Manual expense and income saving is ready.
07-15 07:55:18.644 30328 30328 I ProjectLedger: balance_aware_transaction_writer_ready | Transactions and account balances will be stored atomically.
07-15 07:55:18.646 30328 30328 I ProjectLedger: transaction_entry_state_ready | Transaction entry state and ViewModel factory are ready.
07-15 07:55:18.648 30328 30328 I ProjectLedger: live_dashboard_factory_ready | The live Room dashboard factory is ready.
07-15 07:55:18.650 30328 30328 I ProjectLedger: transaction_history_factory_ready | The live Room transaction history factory is ready.
07-15 07:55:18.664  1325 28504 E sensors-hal: handle_sns_client_event:65, virtual_gyro_hal_event: ts=68477881764153 ns; x=0.003331; y=0.000135; z=0.004106; accuracy=3
07-15 07:55:18.670 21497 21538 I Finsky  : [739] SCH: Scheduling phonesky job Id: 12-1, CT: 1784082316821, Constraints: [{ L: 15000, D: 86400000, C: CHARGING_NONE, I: IDLE_NONE, N: NET_ANY, B: BATTERY_ANY }]
07-15 07:55:18.678  2561  4880 W MiuiBoosterUtils: enable_miuibooster_launch : false
07-15 07:55:18.685  2561  4880 I ATMSImpl: cacheTasksForDefaultDisplay size=6 topId=414
07-15 07:55:18.687 21497 21526 I Finsky  : [727] WM::SCH: Logging work initialize for 12-1
07-15 07:55:18.687  2561  4880 D WindowManagerService: checkFlipFullScreenChange is same, nowIsFullScreen = false
07-15 07:55:18.691  2561  4880 D WindowManager: Set transition=TransitionRecord{854a457 id=866 type=OPEN flags=0x0}, ready=true, SyncId=866 
07-15 07:55:18.691  2561  4880 D ActivityTrigger: ActivityTrigger activityPauseTrigger 
07-15 07:55:18.695 21497 21532 I Finsky  : [733] SCH: Scheduling 1 system job(s)
07-15 07:55:18.697  2561  2636 I BLASTSyncEngine: SyncGroup 866:  Unfinished container:ActivityRecord{92ecb7b u0 com.princevekariya.projectledger.personal.debug/com.princevekariya.projectledger.MainActivity t414}
07-15 07:55:18.697  2561  2636 I BLASTSyncEngine: isActivitySyncFinished isSyncFinished false ActivityRecord{92ecb7b u0 com.princevekariya.projectledger.personal.debug/com.princevekariya.projectledger.MainActivity t414}
07-15 07:55:18.698  3594  3752 I MultiTaskingTaskRepository: needSkip: is home task
07-15 07:55:18.699  2561  2876 I MiuiNetworkPolicy: updateUidState uid = 10376, uidState = 12
07-15 07:55:18.700  2561  3042 D MiuiMultiWindowUtils: supportMultiWindow: isSupportDevice = -1
07-15 07:55:18.700  2561  3042 D MiuiMultiWindowUtils: supportMultiWindow: isSupportDevice = -1
07-15 07:55:18.700  2561  3042 I NetworkBoostStatusManager: onForegroundInfoChanged uid:10376, isColdStart:true
07-15 07:55:18.700  2561  3042 I SLM-SRV-SLAToast: foreground uid:10376, isColdStart:true, isLinkTurboEnable:false
07-15 07:55:18.700  2561  3042 D NetworkSDKService: handleMultiAppsDualWifi isSet = false isEverOpened = false
07-15 07:55:18.701  8702 12233 I ProcessMonitor: onForegroundInfoChanged: ForegroundInfo{mForegroundPackageName='com.princevekariya.projectledger.personal.debug', mForegroundUid=10376, mForegroundPid=30328, mLastForegroundPackageName='com.mi.android.globallauncher', mLastForegroundUid=10171, mLastForegroundPid=3655, mMultiWindowForegroundPackageName='com.princevekariya.projectledger.personal.debug', mMultiWindowForegroundUid=10376, mFlags=1}
07-15 07:55:18.701  2561  4880 I ATMSImpl: cacheTasksForDefaultDisplay size=6 topId=414
07-15 07:55:18.701  2561  3042 D CameraBlackCoveredManager: mForegroundPackage = com.princevekariya.projectledger.personal.debug mOccupiedPackage = com.instagram.android
07-15 07:55:18.702  9845 15072 I GST     : forePkg: com.princevekariya.projectledger.personal.debug, preForePkg: com.mi.android.globallauncher
07-15 07:55:18.702  9832  9998 D PerfEngineController: ForegroundInfo{mForegroundPackageName='com.princevekariya.projectledger.personal.debug', mForegroundUid=10376, mForegroundPid=30328, mLastForegroundPackageName='com.mi.android.globallauncher', mLastForegroundUid=10171, mLastForegroundPid=3655, mMultiWindowForegroundPackageName='com.princevekariya.projectledger.personal.debug', mMultiWindowForegroundUid=10376, mFlags=1}
07-15 07:55:18.702  2561  3042 D BluetoothAdapter: getActiveDevices(profile= A2DP)
07-15 07:55:18.704  8702 12233 I GameBoosterService: screen locked!
07-15 07:55:18.704  8702 12233 I VideoBoxUtils: isSupportVideoBox: true
07-15 07:55:18.705  9832 11008 D DFS-AppUsageTracker: Fg changed, new=com.princevekariya.projectledger.personal.debug, but charging.
07-15 07:55:18.705  8702 12233 I VideoToolBoxService: splitMode: onfalse
07-15 07:55:18.705  9845 15072 D VENUS_GAMEAI_START_GameAiStartManager: Θ½ÿΦâ╜µù╢σê╗µ£¬σ«ëΦúà
07-15 07:55:18.706 21497 21532 I Finsky  : [733] SCH: Scheduling system job Id: 9301, L: 13126, D: 86398126, C: false, I: false, N: 1
07-15 07:55:18.706  3490  3504 I BluetoothAdapterService: getActiveDevices: A2dp device: null
07-15 07:55:18.707  2561  3042 D BluetoothAdapter: getActiveDevices(profile= HEADSET)
07-15 07:55:18.708  9832  9967 D MilletUtils: setUidState, uid = 10376 allow = true
07-15 07:55:18.709  3490  3504 I BluetoothAdapterService: getActiveDevices: Headset device: null
07-15 07:55:18.709  2561  3042 D BluetoothAdapter: getActiveDevices(profile= LE_AUDIO)
07-15 07:55:18.711  3586 22180 D NetworkMetricsController: processUidChangeEvent :activity is:ComponentInfo{com.princevekariya.projectledger.personal.debug/com.princevekariya.projectledger.MainActivity}
07-15 07:55:18.711  3586 22180 D NetworkMetricsController: processUidChangeEvent :mCurApptype is NONE tempAppType is NONE
07-15 07:55:18.713  8702 12233 D FreeformUtil: retrieveFirstNoFreeformRootTaskInfo: windowMode = 1
07-15 07:55:18.713  8702 12233 I VideoToolBoxService: not support vtb. skipExit : false
07-15 07:55:18.713  8702 12233 D GlobalDock-MonitorService: onForegroundInfoChanged: appUserId=0	myUserId=0	foregroundInfo = ForegroundInfo{mForegroundPackageName='com.princevekariya.projectledger.personal.debug', mForegroundUid=10376, mForegroundPid=30328, mLastForegroundPackageName='com.mi.android.globallauncher', mLastForegroundUid=10171, mLastForegroundPid=3655, mMultiWindowForegroundPackageName='com.princevekariya.projectledger.personal.debug', mMultiWindowForegroundUid=10376, mFlags=1}
07-15 07:55:18.715  3490  3504 E BluetoothAdapterService: getActiveDevices: LeAudioService is null
07-15 07:55:18.715  1465  1610 D AudioFlingerImpl: setGameParameters keyvalue: bluetoothlowlatencystatus=false;foregroundUid=10376
07-15 07:55:18.715  8702  9641 D x1      : myUserId = 0	currentUserId0
07-15 07:55:18.716  1274  2916 D AHAL: AudioDeviceCustom: SetParameters bluetoothlowlatencystatus=false;foregroundUid=10376
07-15 07:55:18.716  1274  2916 D AHAL: AudioDevice: SetParameters: 1374: enter: bluetoothlowlatencystatus=false;foregroundUid=10376
07-15 07:55:18.716  1274  2916 D AHAL: AudioVoice: VoiceSetParameters: 86: Enter params: bluetoothlowlatencystatus=false;foregroundUid=10376
07-15 07:55:18.716  1274  2916 D AHAL: AudioVoice: VoiceSetParameters: 307: Exit ret: 0
07-15 07:55:18.716  1274  2916 D AHAL: FM: fm_set_parameters: 262: Enter
07-15 07:55:18.716  1274  2916 D AHAL: FM: fm_set_parameters: 320: exit
07-15 07:55:18.716  1274  2916 D AHAL: Loopback_karaoke: karaoke_set_parameters: Enter
07-15 07:55:18.716  1274  2916 D AHAL: Loopback_karaoke: karaoke_set_parameters: Exit
07-15 07:55:18.716  1274  2916 D AHAL: AudioDevice: SetParameters: 1975: exit: bluetoothlowlatencystatus=false;foregroundUid=10376
07-15 07:55:18.716  8702  9641 I GlobalDock-MonitorService: onDockSwitchChange : isDeviceProvisioned = true dockSwitch = true	 forceMode = false	 batteryMode = false	 dockShow = true	currentUser = true	 isBound = true	 isLocked = false
07-15 07:55:18.716  8702  9641 D x1      : myUserId = 0	currentUserId0
07-15 07:55:18.717  8702  9641 I GlobalDock-MonitorService: onDockSwitchChange: mGameWindowBinder = com.miui.gamebooster.service.IGameBoosterWindow$Stub$a@a6b4795
07-15 07:55:18.718 29096 29096 I DockWindowManagerService: enterDockMode: m=4	curM=DockWindowType{this=126071797, dockType=4, lastType=0}	cs=false	p=com.princevekariya.projectledger.personal.debug	c=null	isStart=true
07-15 07:55:18.718 29096 29096 I DockWindowManagerService: onEnterSameDockMode
07-15 07:55:18.718 29096 29096 I DockWindowManagerService: unregisterBroadcast:true
07-15 07:55:18.722 30328 30328 E FileUtils: err open mi_exception_log errno=2
07-15 07:55:18.722 30328 30328 E FileUtils: err write to mi_exception_log
07-15 07:55:18.726  8702 12233 D x1      : myUserId = 0	currentUserId0
07-15 07:55:18.739 30328 30328 D FramePredict: FramePredict init: true
07-15 07:55:18.750 30328 30372 I ActivityThread: HardwareRenderer preload  done
07-15 07:55:18.759 30328 30453 W libc    : Access denied finding property "vendor.migl.debug"
07-15 07:55:18.759 30328 30453 D libMiGL : SuperResolution SR initSR mBaseSRWidthSize: 0, mBaseSRHeightSize: 0, mTargetSRWidthSize: 0, mTargetSRHeightSize: 0
07-15 07:55:18.759 30328 30453 I libMiGL : EnableDR: 0
07-15 07:55:18.759 30328 30453 D libMiGL : mDFIInterval: -1
07-15 07:55:18.766 30328 30453 I AdrenoGLES-0: QUALCOMM build                   : a63fb93269, I16b8254a37
07-15 07:55:18.766 30328 30453 I AdrenoGLES-0: Build Date                       : 08/27/24
07-15 07:55:18.766 30328 30453 I AdrenoGLES-0: OpenGL ES Shader Compiler Version: EV031.36.08.30
07-15 07:55:18.766 30328 30453 I AdrenoGLES-0: Local Branch                     : 
07-15 07:55:18.766 30328 30453 I AdrenoGLES-0: Remote Branch                    : refs/tags/AU_LINUX_ANDROID_LA.VENDOR.1.0.11.00.00.770.073
07-15 07:55:18.766 30328 30453 I AdrenoGLES-0: Remote Branch                    : NONE
07-15 07:55:18.766 30328 30453 I AdrenoGLES-0: Reconstruct Branch               : NOTHING
07-15 07:55:18.766 30328 30453 I AdrenoGLES-0: Build Config                     : S P 12.1.1 AArch64
07-15 07:55:18.766 30328 30453 I AdrenoGLES-0: Driver Path                      : /vendor/lib64/egl/libGLESv2_adreno.so
07-15 07:55:18.766 30328 30453 I AdrenoGLES-0: Driver Version                   : 0615.91
07-15 07:55:18.787 30328 30453 I AdrenoGLES-0: PFP: 0x016ee206, ME: 0x00000000
07-15 07:55:18.802  3594  3594 D ControlCenterHeaderExpandController: onExpansionChanged: progress =  0.0
07-15 07:55:18.803  3594  3594 D ControlCenterHeaderExpandController: onExpansionChanged: progress =  0.0
07-15 07:55:18.806  3594  3594 E FileUtils: err write to mi_exception_log
07-15 07:55:18.810 21497 21522 I Finsky  : [723] [ContentSync] finished, scheduled=true
07-15 07:55:18.821 21497 21528 I Finsky  : [729] SCH: Scheduling phonesky job Id: 12-1, CT: 1784082316822, Constraints: [{ L: 15000, D: 86400000, C: CHARGING_NONE, I: IDLE_NONE, N: NET_ANY, B: BATTERY_ANY }]
07-15 07:55:18.824  3594  3594 D ControlCenterHeaderExpandController: onExpansionChanged: progress =  0.0
07-15 07:55:18.827  1465  1610 D AudioFlingerImpl: setGameParameters keyvalue: gamebooster=false
07-15 07:55:18.828  1274  2916 D AHAL: AudioDeviceCustom: SetParameters gamebooster=false
07-15 07:55:18.828  1274  2916 D AHAL: AudioDevice: SetParameters: 1374: enter: gamebooster=false
07-15 07:55:18.828  1274  2916 D AHAL: AudioVoice: VoiceSetParameters: 86: Enter params: gamebooster=false
07-15 07:55:18.828  1274  2916 D AHAL: AudioVoice: VoiceSetParameters: 307: Exit ret: 0
07-15 07:55:18.828  1274  2916 D AHAL: FM: fm_set_parameters: 262: Enter
07-15 07:55:18.828  1274  2916 D AHAL: FM: fm_set_parameters: 320: exit
07-15 07:55:18.828  1274  2916 D AHAL: Loopback_karaoke: karaoke_set_parameters: Enter
07-15 07:55:18.828  1274  2916 D AHAL: Loopback_karaoke: karaoke_set_parameters: Exit
07-15 07:55:18.828  1274  2916 D AHAL: AudioDevice: SetParameters: 1975: exit: gamebooster=false
07-15 07:55:18.835  3655  3872 D TaskStackChangeListeners: onTaskDescriptionChanged =  taskId = 414
07-15 07:55:18.842 21497 21538 I Finsky  : [739] SCH: Scheduling 0 system job(s)
07-15 07:55:18.847 30328 30328 I ProjectLedger: main_activity_created | Main application activity resolved its dependencies.
07-15 07:55:18.872 21497 21538 I Finsky  : [739] [ContentSync] finished, scheduled=true
07-15 07:55:18.904  9845  9964 I HeavyPackageIdentify: splitMode: false, splitPackages: null, foregroundPkg: com.princevekariya.projectledger.personal.debug
07-15 07:55:19.003 30328 30446 I ProjectLedger: default_ledger_data_ready | Created 0 missing default records.
07-15 07:55:19.052 30328 30328 W libc    : Access denied finding property "ro.vendor.df.effect.conflict"
07-15 07:55:19.051 30328 30328 W .personal.debug: type=1400 audit(0.0:65687): avc:  denied  { read } for  name="u:object_r:vendor_displayfeature_prop:s0" dev="tmpfs" ino=452 scontext=u:r:untrusted_app:s0:c120,c257,c512,c768 tcontext=u:object_r:vendor_displayfeature_prop:s0 tclass=file permissive=0 app=com.princevekariya.projectledger.personal.debug
07-15 07:55:19.060  2561  2747 D AppLock_AccessControlImpl: activityResume packageName: com.princevekariya.projectledger.personal.debug userId: 0 enabled: true
07-15 07:55:19.060  2561  2747 D AppLock_AccessControlImpl: activityResume lockMode: 2
07-15 07:55:19.061 30328 30328 D SecurityManager: checkAccessControl flag1
07-15 07:55:19.125 30328 30328 D MiuiCameraCoveredManager: java.lang.NullPointerException: Attempt to invoke virtual method 'java.lang.String android.provider.MiuiSettings$SettingsCloudData$CloudData.getString(java.lang.String, java.lang.String)' on a null object reference
07-15 07:55:19.128 30328 30328 D FramePredict: init success
07-15 07:55:19.132  2561  2747 W ActivityManager: Permission Denial: getCurrentUser() from pid=30328, uid=10376 requires android.permission.INTERACT_ACROSS_USERS
07-15 07:55:19.134 30328 30475 E FramePredict: registerContentObserver fail
07-15 07:55:19.138 30328 30328 W HWUI    : Unknown dataspace 0
07-15 07:55:19.145  2561  2598 I system_server: Background concurrent mark compact GC freed 13MB AllocSpace bytes, 37(1408KB) LOS objects, 15% free, 135MB/159MB, paused 1.857ms,4.726ms total 834.627ms
07-15 07:55:19.149 30328 30328 I ForceDarkHelperStubImpl: setViewRootImplForceDark: false for com.princevekariya.projectledger.MainActivity@251c7d2, reason: AppDarkModeEnable
07-15 07:55:19.155  2561  2600 W system_server: ApkAssets: Deleting an ApkAssets object '<empty> and /system_ext/priv-app/MiuiSystemUI/MiuiSystemUI.apk' with 1 weak references
07-15 07:55:19.156  2561  2600 W system_server: ApkAssets: Deleting an ApkAssets object '/product/overlay/GmsSystemUIOverlay.apk' with 1 weak references
07-15 07:55:19.156  2561  2600 W system_server: ApkAssets: Deleting an ApkAssets object '/product/overlay/SystemUIResCommon_Sys.apk' with 1 weak references
07-15 07:55:19.156  2561  2600 W system_server: ApkAssets: Deleting an ApkAssets object '/product/overlay/DevicesOverlay.apk' with 1 weak references
07-15 07:55:19.156  2561  2600 W system_server: ApkAssets: Deleting an ApkAssets object '/product/overlay/MccMncOverlay.apk' with 1 weak references
07-15 07:55:19.157  2561  2600 W system_server: ApkAssets: Deleting an ApkAssets object '<empty> and /data/app/~~vvrcrWIHh7PD5yScmEyvSg==/com.google.android.gm-j6EV5Je779no3uTHgmDLOg==/base.apk' with 1 weak references
07-15 07:55:19.157  2561  2600 W system_server: ApkAssets: Deleting an ApkAssets object '<empty> and /data/app/~~vvrcrWIHh7PD5yScmEyvSg==/com.google.android.gm-j6EV5Je779no3uTHgmDLOg==/split_config.arm64_v8a.apk' with 1 weak references
07-15 07:55:19.157  2561  2600 W system_server: ApkAssets: Deleting an ApkAssets object '<empty> and /data/app/~~vvrcrWIHh7PD5yScmEyvSg==/com.google.android.gm-j6EV5Je779no3uTHgmDLOg==/split_config.en.apk' with 1 weak references
07-15 07:55:19.157  2561  2600 W system_server: ApkAssets: Deleting an ApkAssets object '<empty> and /data/app/~~vvrcrWIHh7PD5yScmEyvSg==/com.google.android.gm-j6EV5Je779no3uTHgmDLOg==/split_config.xxhdpi.apk' with 1 weak references
07-15 07:55:19.158  2561  2600 W system_server: ApkAssets: Deleting an ApkAssets object '<empty> and /data/app/~~0fhExNLFi9ZtFjR7xsrXiA==/com.xiaomi.account-rs_2Bm7n_HijvLPYsKKFGw==/base.apk' with 1 weak references
07-15 07:55:19.159  2561  2600 W system_server: ApkAssets: Deleting an ApkAssets object '<empty> and /data/app/~~5ScirhevNx5PZrlV185NbQ==/com.google.android.gms-g7G8FWcQGGv9_EqkP2gg3w==/base.apk' with 1 weak references
07-15 07:55:19.159  2561  2600 W system_server: ApkAssets: Deleting an ApkAssets object '<empty> and /data/app/~~5ScirhevNx5PZrlV185NbQ==/com.google.android.gms-g7G8FWcQGGv9_EqkP2gg3w==/split_AdsDynamite_installtime.apk' with 1 weak references
07-15 07:55:19.159  2561  2600 W system_server: ApkAssets: Deleting an ApkAssets object '<empty> and /data/app/~~5ScirhevNx5PZrlV185NbQ==/com.google.android.gms-g7G8FWcQGGv9_EqkP2gg3w==/split_CronetDynamite_installtime.apk' with 1 weak references
07-15 07:55:19.159  2561  2600 W system_server: ApkAssets: Deleting an ApkAssets object '<empty> and /data/app/~~5ScirhevNx5PZrlV185NbQ==/com.google.android.gms-g7G8FWcQGGv9_EqkP2gg3w==/split_DynamiteLoader_installtime.apk' with 1 weak references
07-15 07:55:19.159  2561  2600 W system_server: ApkAssets: Deleting an ApkAssets object '<empty> and /data/app/~~5ScirhevNx5PZrlV185NbQ==/com.google.android.gms-g7G8FWcQGGv9_EqkP2gg3w==/split_DynamiteModulesA_installtime.apk' with 1 weak references
07-15 07:55:19.160  2561  2600 W system_server: ApkAssets: Deleting an ApkAssets object '<empty> and /data/app/~~5ScirhevNx5PZrlV185NbQ==/com.google.android.gms-g7G8FWcQGGv9_EqkP2gg3w==/split_DynamiteModulesC_installtime.apk' with 1 weak references
07-15 07:55:19.160  2561  2600 W system_server: ApkAssets: Deleting an ApkAssets object '<empty> and /data/app/~~5ScirhevNx5PZrlV185NbQ==/com.google.android.gms-g7G8FWcQGGv9_EqkP2gg3w==/split_GoogleCertificates_installtime.apk' with 1 weak references
07-15 07:55:19.160  2561  2600 W system_server: ApkAssets: Deleting an ApkAssets object '<empty> and /data/app/~~5ScirhevNx5PZrlV185NbQ==/com.google.android.gms-g7G8FWcQGGv9_EqkP2gg3w==/split_MapsDynamite_installtime.apk' with 1 weak references
07-15 07:55:19.160  2561  2600 W system_server: ApkAssets: Deleting an ApkAssets object '<empty> and /data/app/~~5ScirhevNx5PZrlV185NbQ==/com.google.android.gms-g7G8FWcQGGv9_EqkP2gg3w==/split_MeasurementDynamite_installtime.apk' with 1 weak references
07-15 07:55:19.160  2561  2600 W system_server: ApkAssets: Deleting an ApkAssets object '<empty> and /data/app/~~5ScirhevNx5PZrlV185NbQ==/com.google.android.gms-g7G8FWcQGGv9_EqkP2gg3w==/split_config.en.apk' with 1 weak references
07-15 07:55:19.160  2561  2600 W system_server: ApkAssets: Deleting an ApkAssets object '<empty> and /data/app/~~5ScirhevNx5PZrlV185NbQ==/com.google.android.gms-g7G8FWcQGGv9_EqkP2gg3w==/split_config.xxhdpi.apk' with 1 weak references
07-15 07:55:19.160  2561  2600 W system_server: ApkAssets: Deleting an ApkAssets object '<empty> and /data/app/~~5ScirhevNx5PZrlV185NbQ==/com.google.android.gms-g7G8FWcQGGv9_EqkP2gg3w==/split_maps_core_dynamite_ondemand.apk' with 1 weak references
07-15 07:55:19.160  2561  2600 W system_server: ApkAssets: Deleting an ApkAssets object '<empty> and /data/app/~~BVf7Z9ZjoLno6-gkUv5ssw==/com.google.android.apps.wellbeing-SJGZoMpaBz11C1yudUoSSQ==/base.apk' with 1 weak references
07-15 07:55:19.161  2561  2600 W system_server: ApkAssets: Deleting an ApkAssets object '<empty> and /data/app/~~BVf7Z9ZjoLno6-gkUv5ssw==/com.google.android.apps.wellbeing-SJGZoMpaBz11C1yudUoSSQ==/split_config.xxhdpi.apk' with 1 weak references
07-15 07:55:19.161  2561  2600 W system_server: ApkAssets: Deleting an ApkAssets object '<empty> and /data/app/~~pmAD7qSaryujsAyN__NAbw==/com.google.android.apps.adm-oqStYPgwrHaakHiT8OQvuQ==/base.apk' with 1 weak references
07-15 07:55:19.161  2561  2600 W system_server: ApkAssets: Deleting an ApkAssets object '<empty> and /data/app/~~pmAD7qSaryujsAyN__NAbw==/com.google.android.apps.adm-oqStYPgwrHaakHiT8OQvuQ==/split_config.arm64_v8a.apk' with 1 weak references
07-15 07:55:19.161  2561  2600 W system_server: ApkAssets: Deleting an ApkAssets object '<empty> and /data/app/~~pmAD7qSaryujsAyN__NAbw==/com.google.android.apps.adm-oqStYPgwrHaakHiT8OQvuQ==/split_config.en.apk' with 1 weak references
07-15 07:55:19.161  2561  2600 W system_server: ApkAssets: Deleting an ApkAssets object '<empty> and /data/app/~~pmAD7qSaryujsAyN__NAbw==/com.google.android.apps.adm-oqStYPgwrHaakHiT8OQvuQ==/split_config.xxhdpi.apk' with 1 weak references
07-15 07:55:19.161  2561  2600 W system_server: ApkAssets: Deleting an ApkAssets object '<empty> and /data/app/~~7y8enP1QA93IVSjSt6sM1A==/com.adobe.scan.android-2W6S1BuJvCqUWIeDj72rMQ==/base.apk' with 1 weak references
07-15 07:55:19.162  2561  2600 W system_server: ApkAssets: Deleting an ApkAssets object '<empty> and /data/app/~~7y8enP1QA93IVSjSt6sM1A==/com.adobe.scan.android-2W6S1BuJvCqUWIeDj72rMQ==/split_config.arm64_v8a.apk' with 1 weak references
07-15 07:55:19.162  2561  2600 W system_server: ApkAssets: Deleting an ApkAssets object '<empty> and /data/app/~~7y8enP1QA93IVSjSt6sM1A==/com.adobe.scan.android-2W6S1BuJvCqUWIeDj72rMQ==/split_config.en.apk' with 1 weak references
07-15 07:55:19.162  2561  2600 W system_server: ApkAssets: Deleting an ApkAssets object '<empty> and /data/app/~~7y8enP1QA93IVSjSt6sM1A==/com.adobe.scan.android-2W6S1BuJvCqUWIeDj72rMQ==/split_config.xxhdpi.apk' with 1 weak references
07-15 07:55:19.162  2561  2600 W system_server: ApkAssets: Deleting an ApkAssets object '<empty> and /data/app/~~omTj8Q9VvQ7bLvGc2Grh4g==/com.confirmtkt.lite-JGMnHNXUl9WKZ53OhhwlrA==/base.apk' with 1 weak references
07-15 07:55:19.162  2561  2600 W system_server: ApkAssets: Deleting an ApkAssets object '<empty> and /data/app/~~omTj8Q9VvQ7bLvGc2Grh4g==/com.confirmtkt.lite-JGMnHNXUl9WKZ53OhhwlrA==/split_config.arm64_v8a.apk' with 1 weak references
07-15 07:55:19.162  2561  2600 W system_server: ApkAssets: Deleting an ApkAssets object '<empty> and /data/app/~~omTj8Q9VvQ7bLvGc2Grh4g==/com.confirmtkt.lite-JGMnHNXUl9WKZ53OhhwlrA==/split_config.xxhdpi.apk' with 1 weak references
07-15 07:55:19.162  2561  2600 W system_server: ApkAssets: Deleting an ApkAssets object '<empty> and /data/app/~~omTj8Q9VvQ7bLvGc2Grh4g==/com.confirmtkt.lite-JGMnHNXUl9WKZ53OhhwlrA==/split_ct_ai_feature.apk' with 1 weak references
07-15 07:55:19.162  2561  2600 W system_server: ApkAssets: Deleting an ApkAssets object '<empty> and /data/app/~~omTj8Q9VvQ7bLvGc2Grh4g==/com.confirmtkt.lite-JGMnHNXUl9WKZ53OhhwlrA==/split_ct_ai_feature.config.arm64_v8a.apk' with 1 weak references
07-15 07:55:19.162  2561  2600 W system_server: ApkAssets: Deleting an ApkAssets object '<empty> and /data/app/~~Fg-vGi7O12EJ08JjGXaniA==/com.dreamplug.androidapp-MWQqSwTorrfpbDu-Lh37Kg==/base.apk' with 1 weak references
07-15 07:55:19.163  2561  2600 W system_server: ApkAssets: Deleting an ApkAssets object '<empty> and /data/app/~~Fg-vGi7O12EJ08JjGXaniA==/com.dreamplug.androidapp-MWQqSwTorrfpbDu-Lh37Kg==/split_config.arm64_v8a.apk' with 1 weak references
07-15 07:55:19.163  2561  2600 W system_server: ApkAssets: Deleting an ApkAssets object '<empty> and /data/app/~~Fg-vGi7O12EJ08JjGXaniA==/com.dreamplug.androidapp-MWQqSwTorrfpbDu-Lh37Kg==/split_config.xxhdpi.apk' with 1 weak references
07-15 07:55:19.193  2561  2635 W ActivityTaskManager: Activity top resumed state loss timeout for ActivityRecord{92ecb7b u0 com.princevekariya.projectledger.personal.debug/com.princevekariya.projectledger.MainActivity t414}
07-15 07:55:19.197  2561  2635 W ActivityTaskManager: Activity pause timeout for ActivityRecord{92ecb7b u0 com.princevekariya.projectledger.personal.debug/com.princevekariya.projectledger.MainActivity t414}
07-15 07:55:19.202  2561  2633 D Aurogon :  uid = 10171 switch to BG
07-15 07:55:19.204  6582  7104 D ProcessObserverV15: onForegroundActivitiesChanged:pid = 3655,activity-uid=10171,foregroundActivities=false
07-15 07:55:19.208  3655  3655 D RecentsImpl: mActivityStateObserver com.princevekariya.projectledger.MainActivity
07-15 07:55:19.208  3655  3655 W RecentsImpl: onResumed className=com.princevekariya.projectledger.MainActivity   forceUpdate=false   mIsInAnotherPro=false   isKeyguardLocked=true   mIsStatusBarExpansion=false
07-15 07:55:19.209 30328 30328 E FileUtils: err write to mi_exception_log
07-15 07:55:19.212 30328 30328 E FileUtils: err write to mi_exception_log
07-15 07:55:19.219 30328 30328 E FileUtils: err write to mi_exception_log
07-15 07:55:19.236 30328 30328 D DecorViewImmersiveImpl: onAttachedToWindow:com.princevekariya.projectledger.personal.debug/com.princevekariya.projectledger.MainActivity
07-15 07:55:19.276  2561  3097 I SmartPower: com.miui.global.packageinstaller/10181(17291): background->idle(3001ms) R(service create com.miui.global.packageinstaller/.service.ScanDispatchService) adj=600.
07-15 07:55:19.519 29096 29096 I DockWindowManager: showSidebar: isSidebarAdded: false DockWindowManager = e8.n@6be6056
07-15 07:55:19.521 29096 29096 I DockWindowManager: showSidebar: isScreenLocked!
07-15 07:55:19.585  2561  3097 I SmartPower: com.android.vending:background/10162(10618): background->idle(3000ms) R(broadcast start Intent { act=android.intent.action.PACKAGE_REMOVED dat=package: flg=0x4000010 (has extras) }) adj=600.
07-15 07:55:19.723  1259  1317 E minksocket: MinkIPC_QRTR_Service: client with node 1 port 494a went down
07-15 07:55:19.725  1259  1317 E minksocket: MinkIPC_QRTR_Service: client with node 1 port 494b went down
07-15 07:55:19.727  1259  1317 E minksocket: MinkIPC_QRTR_Service: client with node 1 port 494c went down
07-15 07:55:19.733  1259  1317 E minksocket: MinkIPC_QRTR_Service: client with node 1 port 494d went down
07-15 07:55:19.887  2561  3097 I SmartPower: com.milink.service:audio/10204(32043): background->idle(3012ms) R(broadcast start Intent { act=android.intent.action.PACKAGE_REMOVED dat=package: flg=0x4000010 (has extras) }) adj=100.
07-15 07:55:19.893  1325 28713 E sensors-hal: handle_sns_client_event:431, accel_sample(accelcal_available:0): ts=68479009369986 ns; value = [-1.115247, -0.130600, 9.841777], status=3
07-15 07:55:19.906  2561  3097 I SmartPower: android.process.acore/10092(25780): background->idle(3007ms) R(broadcast start Intent { act=android.intent.action.PACKAGE_REMOVED dat=package: flg=0x4000010 (has extras) }) adj=800.
07-15 07:55:19.915  2561  2747 D CoreBackPreview: Window{7c939d u0 com.princevekariya.projectledger.personal.debug/com.princevekariya.projectledger.MainActivity}: Setting back callback OnBackInvokedCallbackInfo{mCallback=android.window.IOnBackInvokedCallback$Stub$Proxy@ce7af0a, mPriority=0, mIsAnimationCallback=false}
07-15 07:55:19.927  2561  3097 I SmartPower: com.miui.android.fashiongallery/10294(20980): background->idle(3010ms) R(broadcast start Intent { act=android.intent.action.PACKAGE_ADDED dat=package: flg=0x4000010 (has extras) }) adj=905.
07-15 07:55:19.927  2561  3097 I SmartPower: com.android.chrome/10180(25958): background->idle(3007ms) R(broadcast start Intent { act=android.intent.action.PACKAGE_REPLACED dat=package: flg=0x4000010 (has extras) }) adj=905.
07-15 07:55:20.030  2561  2876 I MiuiNetworkPolicy: updateUidState uid = 10319, uidState = 19
07-15 07:55:20.036  2561  2876 I MiuiNetworkPolicy: updateUidState uid = 10319, uidState = 11
07-15 07:55:20.072  1926  3319 D BufferPoolAccessor2.0: evictor expired: 1, evicted: 0
07-15 07:55:20.128  2561  2901 D InetDiagMessage: Destroyed 0 sockets, proto=IPPROTO_TCP, family=AF_INET, states=14
07-15 07:55:20.130  2561  2901 D InetDiagMessage: Destroyed 0 sockets, proto=IPPROTO_TCP, family=AF_INET6, states=14
07-15 07:55:20.130  2561  2901 D InetDiagMessage: Destroyed live tcp sockets for uids={10208} in 4ms
07-15 07:55:20.132  2561  2901 D InetDiagMessage: Destroyed 0 sockets, proto=IPPROTO_TCP, family=AF_INET, states=14
07-15 07:55:20.134  2561  2901 D InetDiagMessage: Destroyed 0 sockets, proto=IPPROTO_TCP, family=AF_INET6, states=14
07-15 07:55:20.134  2561  2901 D InetDiagMessage: Destroyed live tcp sockets for uids={20208} in 4ms
07-15 07:55:20.307  2561  2747 W ContentProviderHelper: No provider info for content provider com.miui.personalassistant.servicedeliver.system.provider when providerRunning is false, caller is ProcessRecord{b818c85 3655:com.mi.android.globallauncher/u0a171}
07-15 07:55:20.307  3655  3741 E ActivityThread: Failed to find provider info for com.miui.personalassistant.servicedeliver.system.provider
07-15 07:55:20.321  3655  3741 E ServiceDeliveryCompat: isSupportServiceDelivery
07-15 07:55:20.321  3655  3741 E ServiceDeliveryCompat: java.lang.IllegalArgumentException: Unknown authority com.miui.personalassistant.servicedeliver.system.provider
07-15 07:55:20.321  3655  3741 E ServiceDeliveryCompat: 	at android.content.ContentResolver.call(ContentResolver.java:2466)
07-15 07:55:20.321  3655  3741 E ServiceDeliveryCompat: 	at android.content.ContentResolver.call(ContentResolver.java:2449)
07-15 07:55:20.321  3655  3741 E ServiceDeliveryCompat: 	at com.miui.home.launcher.servicedeliver.ServiceDeliveryUtils.isSupportServiceDelivery(ServiceDeliveryUtils.kt:28)
07-15 07:55:20.321  3655  3741 E ServiceDeliveryCompat: 	at com.miui.home.launcher.servicedeliver.ServiceDeliveryReplaceHelper.lambda$tryReplaceToServiceDelivery$1(ServiceDeliveryReplaceHelper.java:67)
07-15 07:55:20.321  3655  3741 E ServiceDeliveryCompat: 	at com.miui.home.launcher.servicedeliver.ServiceDeliveryReplaceHelper.$r8$lambda$WUWmthv-UjITX40FJ8ag1YKl6O8(Unknown Source:0)
07-15 07:55:20.321  3655  3741 E ServiceDeliveryCompat: 	at com.miui.home.launcher.servicedeliver.ServiceDeliveryReplaceHelper$$ExternalSyntheticLambda1.run(Unknown Source:2)
07-15 07:55:20.321  3655  3741 E ServiceDeliveryCompat: 	at java.util.concurrent.Executors$RunnableAdapter.call(Executors.java:520)
07-15 07:55:20.321  3655  3741 E ServiceDeliveryCompat: 	at java.util.concurrent.FutureTask.run(FutureTask.java:317)
07-15 07:55:20.321  3655  3741 E ServiceDeliveryCompat: 	at java.util.concurrent.ThreadPoolExecutor.runWorker(ThreadPoolExecutor.java:1154)
07-15 07:55:20.321  3655  3741 E ServiceDeliveryCompat: 	at java.util.concurrent.ThreadPoolExecutor$Worker.run(ThreadPoolExecutor.java:652)
07-15 07:55:20.321  3655  3741 E ServiceDeliveryCompat: 	at java.lang.Thread.run(Thread.java:1563)
07-15 07:55:20.321  3655  3741 I ServiceDeliveryReplaceHelper: tryReplaceToDelivery: isSupportServiceDelivery false
07-15 07:55:20.406  2561  6077 E TaskPersister: File error accessing recents directory (directory doesn't exist?).
07-15 07:55:20.664  1325 28504 E sensors-hal: handle_sns_client_event:65, virtual_gyro_hal_event: ts=68479881932278 ns; x=0.001704; y=-0.003931; z=0.002246; accuracy=3
07-15 07:55:20.673  2561  4330 D PreStartingManager: Not init when use PreStartingManager!
07-15 07:55:20.673  2561  4330 W OptProp : Cannot read opt property android.window.PROPERTY_COMPAT_ALLOW_ORIENTATION_OVERRIDE
07-15 07:55:20.674  2561  4330 E WindowManager: setClientVisible ActivityRecord{a2aa201 u0 com.princevekariya.projectledger.personal.debug/com.princevekariya.projectledger.MainActivity true
07-15 07:55:20.675  2561  4330 V GrammaticalInflectionUtils: AttributionSource: android.content.AttributionSource@79ef3ae2 does not have READ_SYSTEM_GRAMMATICAL_GENDER permission.
07-15 07:55:20.675  2561  4330 W OptProp : Cannot read opt property android.window.PROPERTY_COMPAT_ALLOW_RESIZEABLE_ACTIVITY_OVERRIDES
07-15 07:55:20.676  2561  4330 W OptProp : Cannot read opt property android.window.PROPERTY_COMPAT_ALLOW_MIN_ASPECT_RATIO_OVERRIDE
07-15 07:55:20.677  2561  4330 I ActivityTaskManager: isKeyguardEditor: false, newTransition: null
07-15 07:55:20.677  2561  4330 D WindowManager: Collecting in transition 866: ActivityRecord{a2aa201 u0 com.princevekariya.projectledger.personal.debug/com.princevekariya.projectledger.MainActivity t-1} init visibleRequested:false
07-15 07:55:20.678  2561  4330 D MiuiFreeformServiceImpl: addLaunchFreeformActivityOptionIfNeed sourceFfas: null
07-15 07:55:20.678  2561  4330 D MiuiFreeformServiceImpl: addLaunchFreeformActivityOptionIfNeed skip due to not find sourceTask: null sourceFfas: null sourceFreeFormActivity: ActivityRecord{92ecb7b u0 com.princevekariya.projectledger.personal.debug/com.princevekariya.projectledger.MainActivity t414}
07-15 07:55:20.682  3523  3716 I DynamicDDSService: handleMessage(ACTIVITY_SUSPEND{appInfo=com.princevekariya.projectledger.personal.debug isFullScreen=}true)
07-15 07:55:20.682  3523  3716 W DynamicDDSService: mAppNames is empty, no need to send QMI
07-15 07:55:20.683  2561  4330 D WindowManager: setLockTaskAuth: task=Task{349c74f #414 type=standard A=10376:com.princevekariya.projectledger.personal.debug} mLockTaskAuth=LOCK_TASK_AUTH_PINNABLE
