07-15 07:55:22.755  3594  3594 D ControlCenterHeaderExpandController: onExpansionChanged: progress =  0.0
07-15 07:55:22.768  3594  3594 D ControlCenterHeaderExpandController: onExpansionChanged: progress =  0.0
07-15 07:55:22.806 30632 30632 W libc    : Access denied finding property "ro.vendor.mi_fake_32bit_support"
07-15 07:55:22.807 30632 30632 D nativeloader: Load libframework-connectivity-tiramisu-jni.so using APEX ns com_android_tethering for caller /apex/com.android.tethering/javalib/framework-connectivity-t.jar: ok
07-15 07:55:22.807 30632 30632 D AndroidRuntime: Calling main entry com.android.commands.uiautomator.Launcher
07-15 07:55:22.816 30632 30632 W MiuiStubRegistry: Failed to collect stub providers in com.miui.autoui.MIUIAutoUIStub$$: /system_ext/framework/miui-framework.autoui.jar not exist
07-15 07:55:22.817 30632 30632 W MiuiStubRegistry: Failed to collect stub providers in android.hovermode.MiuiHoverModeStub$$: /system_ext/framework/miui-framework.hovermode.jar not exist
07-15 07:55:22.817 30632 30632 W MiuiFrameworkImpl: MiuiFrameworkImpl already collected
07-15 07:55:22.819 30632 30632 W MiuiStubRegistry: Failed to collect stub providers
07-15 07:55:22.819 30632 30632 W MiuiStubRegistry: java.lang.ClassNotFoundException: android.powerconsumption.MiuiDrawableStub$$
07-15 07:55:22.819 30632 30632 W MiuiStubRegistry: 	at java.lang.Class.classForName(Native Method)
07-15 07:55:22.819 30632 30632 W MiuiStubRegistry: 	at java.lang.Class.forName(Class.java:591)
07-15 07:55:22.819 30632 30632 W MiuiStubRegistry: 	at com.miui.base.MiuiStubRegistry.collectStubProviders(MiuiStubRegistry.java:149)
07-15 07:55:22.819 30632 30632 W MiuiStubRegistry: 	at com.miui.base.MiuiStubRegistry.init(MiuiStubRegistry.java:82)
07-15 07:55:22.819 30632 30632 W MiuiStubRegistry: 	at com.miui.base.MiuiStubRegistry.init(MiuiStubRegistry.java:56)
07-15 07:55:22.819 30632 30632 W MiuiStubRegistry: 	at android.powerconsumption.MiuiDrawableStub.<clinit>(MiuiDrawableStub.java:13)
07-15 07:55:22.819 30632 30632 W MiuiStubRegistry: 	at com.miui.base.MiuiFrameworkRouter.init(MiuiFrameworkRouter.java:48)
07-15 07:55:22.819 30632 30632 W MiuiStubRegistry: 	at com.miui.base.MiuiStubRegistry.<clinit>(MiuiStubRegistry.java:52)
07-15 07:55:22.819 30632 30632 W MiuiStubRegistry: 	at com.miui.base.MiuiStubUtil.getInstance(MiuiStubUtil.java:50)
07-15 07:55:22.819 30632 30632 W MiuiStubRegistry: 	at miui.mqsas.ScoutUtilsStub.<clinit>(ScoutUtilsStub.java:10)
07-15 07:55:22.819 30632 30632 W MiuiStubRegistry: 	at android.os.perfdebug.MessageMonitor.<clinit>(MessageMonitor.java:23)
07-15 07:55:22.819 30632 30632 W MiuiStubRegistry: 	at android.os.Looper.<init>(Looper.java:389)
07-15 07:55:22.819 30632 30632 W MiuiStubRegistry: 	at android.os.Looper.prepare(Looper.java:129)
07-15 07:55:22.819 30632 30632 W MiuiStubRegistry: 	at android.os.Looper.prepareMainLooper(Looper.java:141)
07-15 07:55:22.819 30632 30632 W MiuiStubRegistry: 	at com.android.uiautomator.core.UiAutomationShellWrapper.connect(UiAutomationShellWrapper.java:33)
07-15 07:55:22.819 30632 30632 W MiuiStubRegistry: 	at com.android.commands.uiautomator.DumpCommand.run(DumpCommand.java:78)
07-15 07:55:22.819 30632 30632 W MiuiStubRegistry: 	at com.android.commands.uiautomator.Launcher.main(Launcher.java:83)
07-15 07:55:22.819 30632 30632 W MiuiStubRegistry: 	at com.android.internal.os.RuntimeInit.nativeFinishInit(Native Method)
07-15 07:55:22.819 30632 30632 W MiuiStubRegistry: 	at com.android.internal.os.RuntimeInit.main(RuntimeInit.java:404)
07-15 07:55:22.819 30632 30632 W MiuiStubRegistry: Caused by: java.lang.ClassNotFoundException: android.powerconsumption.MiuiDrawableStub$$
07-15 07:55:22.819 30632 30632 W MiuiStubRegistry: 	... 19 more
07-15 07:55:22.823 30632 30632 I MessageMonitor: Load libmiui_runtime
07-15 07:55:22.825 30632 30632 D nativeloader: Load libmiui_runtime.so using system ns (caller=/system_ext/framework/miui-framework.jar): ok
07-15 07:55:22.825 30632 30632 E app_process: register_android_view_SurfaceRuntimeShader  
07-15 07:55:22.825 30632 30632 E app_process: register_android_view_SurfaceRuntimeShader  0
07-15 07:55:22.828 30632 30632 D UiAutomationConnection: Created on user UserHandle{0}
07-15 07:55:22.828 30632 30632 I UiAutomation: Initialized for user 0 on display 0
07-15 07:55:22.828 30632 30632 W UiAutomation: Created with deprecatead constructor, assumes DEFAULT_DISPLAY
07-15 07:55:22.831  2561  2747 D AccessibilityManagerService: changeCurrentUserForTestAutomationIfNeededLocked(0): ignoring because device doesn't support visible background users
07-15 07:55:22.832  2561  2747 I UiAutomationManager: Registering UiTestAutomationService (id=com.android.server.accessibility/UiAutomation, flags=0x0) when called by user 0
07-15 07:55:22.838  1259  1317 E minksocket: MinkIPC_QRTR_Service: client with node 1 port 4956 went down
07-15 07:55:22.840  1259  1317 E minksocket: MinkIPC_QRTR_Service: client with node 1 port 4957 went down
07-15 07:55:22.841  2561  2747 W MagnificationConnectionManager: requestConnection duplicated request: connect=false, mConnectionState=DISCONNECTED
07-15 07:55:22.842  2561  2782 W SettingsProvider: Failed to notify for 999: content://settings/secure/accessibility_enabled
07-15 07:55:22.842  2561  2782 W SettingsProvider: java.lang.SecurityException: Failed to find provider settings for user 999; expected to find a valid ContentProvider for this authority
07-15 07:55:22.842  2561  2782 W SettingsProvider: 	at com.android.server.content.ContentService.notifyChange(ContentService.java:457)
07-15 07:55:22.842  2561  2782 W SettingsProvider: 	at android.content.ContentResolver.notifyChange(ContentResolver.java:2932)
07-15 07:55:22.842  2561  2782 W SettingsProvider: 	at android.content.ContentResolver.notifyChange(ContentResolver.java:2921)
07-15 07:55:22.842  2561  2782 W SettingsProvider: 	at android.content.ContentResolver.notifyChange(ContentResolver.java:2915)
07-15 07:55:22.842  2561  2782 W SettingsProvider: 	at com.android.providers.settings.SettingsProvider$SettingsRegistry$MyHandler.handleMessage(SettingsProvider.java:3995)
07-15 07:55:22.842  2561  2782 W SettingsProvider: 	at android.os.Handler.dispatchMessage(Handler.java:107)
07-15 07:55:22.842  2561  2782 W SettingsProvider: 	at android.os.Looper.loopOnce(Looper.java:249)
07-15 07:55:22.842  2561  2782 W SettingsProvider: 	at android.os.Looper.loop(Looper.java:337)
07-15 07:55:22.842  2561  2782 W SettingsProvider: 	at android.os.HandlerThread.run(HandlerThread.java:85)
07-15 07:55:22.844  1259  1317 E minksocket: MinkIPC_QRTR_Service: client with node 1 port 4958 went down
07-15 07:55:22.848  1259  1317 E minksocket: MinkIPC_QRTR_Service: client with node 1 port 495a went down
07-15 07:55:22.851  1259  1317 E minksocket: MinkIPC_QRTR_Service: client with node 1 port 495b went down
07-15 07:55:22.855  2561  2747 W MagnificationConnectionManager: requestConnection duplicated request: connect=false, mConnectionState=DISCONNECTED
07-15 07:55:22.856  1259  1317 E minksocket: MinkIPC_QRTR_Service: client with node 1 port 495c went down
07-15 07:55:22.861   891   975 D IPACM   : vendor/qcom/opensource/data-ipa-cfg-mgr/ipacm/src/IPACM_Routing.cpp:343 DeleteRoutingHdl() Deleting Route hdl:(0x14) with ip type: 1
07-15 07:55:22.862   891   975 D IPACM   : vendor/qcom/opensource/data-ipa-cfg-mgr/ipacm/src/IPACM_Routing.cpp:343 DeleteRoutingHdl() Deleting Route hdl:(0x15) with ip type: 1
07-15 07:55:22.863   891   975 D IPACM   : vendor/qcom/opensource/data-ipa-cfg-mgr/ipacm/src/IPACM_Routing.cpp:343 DeleteRoutingHdl() Deleting Route hdl:(0x13) with ip type: 1
07-15 07:55:22.869  2561  2782 W SettingsProvider: Failed to notify for 999: content://settings/secure/accessibility_enabled
07-15 07:55:22.869  2561  2782 W SettingsProvider: java.lang.SecurityException: Failed to find provider settings for user 999; expected to find a valid ContentProvider for this authority
07-15 07:55:22.869  2561  2782 W SettingsProvider: 	at com.android.server.content.ContentService.notifyChange(ContentService.java:457)
07-15 07:55:22.869  2561  2782 W SettingsProvider: 	at android.content.ContentResolver.notifyChange(ContentResolver.java:2932)
07-15 07:55:22.869  2561  2782 W SettingsProvider: 	at android.content.ContentResolver.notifyChange(ContentResolver.java:2921)
07-15 07:55:22.869  2561  2782 W SettingsProvider: 	at android.content.ContentResolver.notifyChange(ContentResolver.java:2915)
07-15 07:55:22.869  2561  2782 W SettingsProvider: 	at com.android.providers.settings.SettingsProvider$SettingsRegistry$MyHandler.handleMessage(SettingsProvider.java:3995)
07-15 07:55:22.869  2561  2782 W SettingsProvider: 	at android.os.Handler.dispatchMessage(Handler.java:107)
07-15 07:55:22.869  2561  2782 W SettingsProvider: 	at android.os.Looper.loopOnce(Looper.java:249)
07-15 07:55:22.869  2561  2782 W SettingsProvider: 	at android.os.Looper.loop(Looper.java:337)
07-15 07:55:22.869  2561  2782 W SettingsProvider: 	at android.os.HandlerThread.run(HandlerThread.java:85)
07-15 07:55:22.870   891   975 D IPACM   : vendor/qcom/opensource/data-ipa-cfg-mgr/ipacm/src/IPACM_Routing.cpp:343 DeleteRoutingHdl() Deleting Route hdl:(0x17) with ip type: 1
07-15 07:55:22.871  2561  2561 E AccessibilityStateListenerImpl: MiuiEnhanceTBService is not installed
07-15 07:55:22.874   891   975 D IPACM   : vendor/qcom/opensource/data-ipa-cfg-mgr/ipacm/src/IPACM_Routing.cpp:111 AddRoutingRule() Added routing rule 0xb400007689094250
07-15 07:55:22.875   891   975 D IPACM   : vendor/qcom/opensource/data-ipa-cfg-mgr/ipacm/src/IPACM_Routing.cpp:111 AddRoutingRule() Added routing rule 0xb400007689094250
07-15 07:55:22.876   891   975 D IPACM   : vendor/qcom/opensource/data-ipa-cfg-mgr/ipacm/src/IPACM_Routing.cpp:111 AddRoutingRule() Added routing rule 0xb400007689094250
07-15 07:55:22.877   891   975 D IPACM   : vendor/qcom/opensource/data-ipa-cfg-mgr/ipacm/src/IPACM_Routing.cpp:111 AddRoutingRule() Added routing rule 0xb400007689094250
07-15 07:55:22.878   891   975 D IPACM   : vendor/qcom/opensource/data-ipa-cfg-mgr/ipacm/src/IPACM_Routing.cpp:343 DeleteRoutingHdl() Deleting Route hdl:(0x19) with ip type: 1
07-15 07:55:22.880   891   975 D IPACM   : vendor/qcom/opensource/data-ipa-cfg-mgr/ipacm/src/IPACM_Routing.cpp:343 DeleteRoutingHdl() Deleting Route hdl:(0x1a) with ip type: 1
07-15 07:55:22.880  2561  2854 W WindowManager: Cannot find window which accessibility connection is added to
07-15 07:55:22.883   891   975 D IPACM   : vendor/qcom/opensource/data-ipa-cfg-mgr/ipacm/src/IPACM_Routing.cpp:343 DeleteRoutingHdl() Deleting Route hdl:(0x18) with ip type: 1
07-15 07:55:22.883  2561  2561 D BatterySaverPolicy: accessibility changed to true, updating policy.
07-15 07:55:22.884   891   975 D IPACM   : vendor/qcom/opensource/data-ipa-cfg-mgr/ipacm/src/IPACM_Routing.cpp:343 DeleteRoutingHdl() Deleting Route hdl:(0x1b) with ip type: 1
07-15 07:55:22.885 30200 30200 I SafetyCenterAccessibilityListener: accessibility event occurred, safety center feature not enabled.
07-15 07:55:22.885   891   975 D IPACM   : vendor/qcom/opensource/data-ipa-cfg-mgr/ipacm/src/IPACM_Routing.cpp:343 DeleteRoutingHdl() Deleting Route hdl:(0x1d) with ip type: 1
07-15 07:55:22.886   891   975 D IPACM   : vendor/qcom/opensource/data-ipa-cfg-mgr/ipacm/src/IPACM_Routing.cpp:343 DeleteRoutingHdl() Deleting Route hdl:(0x1e) with ip type: 1
07-15 07:55:22.888  2561  2561 D AS.AudioService: Accessibility volume enabled = false
07-15 07:55:22.888   891   975 D IPACM   : vendor/qcom/opensource/data-ipa-cfg-mgr/ipacm/src/IPACM_Routing.cpp:343 DeleteRoutingHdl() Deleting Route hdl:(0x1c) with ip type: 1
07-15 07:55:22.891   891   975 D IPACM   : vendor/qcom/opensource/data-ipa-cfg-mgr/ipacm/src/IPACM_Routing.cpp:343 DeleteRoutingHdl() Deleting Route hdl:(0x1f) with ip type: 1
07-15 07:55:22.893   891   975 D IPACM   : vendor/qcom/opensource/data-ipa-cfg-mgr/ipacm/src/IPACM_Routing.cpp:111 AddRoutingRule() Added routing rule 0xb400007689094250
07-15 07:55:22.893   891   975 D IPACM   : vendor/qcom/opensource/data-ipa-cfg-mgr/ipacm/src/IPACM_Routing.cpp:111 AddRoutingRule() Added routing rule 0xb400007689094250
07-15 07:55:22.894   891   975 D IPACM   : vendor/qcom/opensource/data-ipa-cfg-mgr/ipacm/src/IPACM_Routing.cpp:111 AddRoutingRule() Added routing rule 0xb400007689094250
07-15 07:55:22.894   891   975 D IPACM   : vendor/qcom/opensource/data-ipa-cfg-mgr/ipacm/src/IPACM_Routing.cpp:111 AddRoutingRule() Added routing rule 0xb400007689094250
07-15 07:55:22.895   891   975 D IPACM   : vendor/qcom/opensource/data-ipa-cfg-mgr/ipacm/src/IPACM_Routing.cpp:111 AddRoutingRule() Added routing rule 0xb400007689094250
07-15 07:55:22.896   891   975 D IPACM   : vendor/qcom/opensource/data-ipa-cfg-mgr/ipacm/src/IPACM_Routing.cpp:111 AddRoutingRule() Added routing rule 0xb400007689094250
07-15 07:55:22.896   891   975 D IPACM   : vendor/qcom/opensource/data-ipa-cfg-mgr/ipacm/src/IPACM_Routing.cpp:111 AddRoutingRule() Added routing rule 0xb400007689094250
07-15 07:55:22.897   891   975 D IPACM   : vendor/qcom/opensource/data-ipa-cfg-mgr/ipacm/src/IPACM_Routing.cpp:111 AddRoutingRule() Added routing rule 0xb400007689094250
07-15 07:55:22.897   891   975 D IPACM   : vendor/qcom/opensource/data-ipa-cfg-mgr/ipacm/src/IPACM_Routing.cpp:343 DeleteRoutingHdl() Deleting Route hdl:(0x2a) with ip type: 0
07-15 07:55:22.897   891   975 D IPACM   : vendor/qcom/opensource/data-ipa-cfg-mgr/ipacm/src/IPACM_Routing.cpp:343 DeleteRoutingHdl() Deleting Route hdl:(0x29) with ip type: 0
07-15 07:55:22.898   891   975 D IPACM   : vendor/qcom/opensource/data-ipa-cfg-mgr/ipacm/src/IPACM_Routing.cpp:343 DeleteRoutingHdl() Deleting Route hdl:(0x2b) with ip type: 0
07-15 07:55:22.899   891   975 D IPACM   : vendor/qcom/opensource/data-ipa-cfg-mgr/ipacm/src/IPACM_Routing.cpp:111 AddRoutingRule() Added routing rule 0xb400007689094250
07-15 07:55:22.899   891   975 D IPACM   : vendor/qcom/opensource/data-ipa-cfg-mgr/ipacm/src/IPACM_Routing.cpp:111 AddRoutingRule() Added routing rule 0xb400007689094250
07-15 07:55:22.899   891   975 D IPACM   : vendor/qcom/opensource/data-ipa-cfg-mgr/ipacm/src/IPACM_Routing.cpp:111 AddRoutingRule() Added routing rule 0xb400007689094250
07-15 07:55:22.899   891   975 D IPACM   : vendor/qcom/opensource/data-ipa-cfg-mgr/ipacm/src/IPACM_Routing.cpp:343 DeleteRoutingHdl() Deleting Route hdl:(0x21) with ip type: 1
07-15 07:55:22.900   891   975 D IPACM   : vendor/qcom/opensource/data-ipa-cfg-mgr/ipacm/src/IPACM_Routing.cpp:343 DeleteRoutingHdl() Deleting Route hdl:(0x22) with ip type: 1
07-15 07:55:22.900   891   975 D IPACM   : vendor/qcom/opensource/data-ipa-cfg-mgr/ipacm/src/IPACM_Routing.cpp:343 DeleteRoutingHdl() Deleting Route hdl:(0x20) with ip type: 1
07-15 07:55:22.901   891   975 D IPACM   : vendor/qcom/opensource/data-ipa-cfg-mgr/ipacm/src/IPACM_Routing.cpp:343 DeleteRoutingHdl() Deleting Route hdl:(0x23) with ip type: 1
07-15 07:55:22.901   891   975 D IPACM   : vendor/qcom/opensource/data-ipa-cfg-mgr/ipacm/src/IPACM_Routing.cpp:343 DeleteRoutingHdl() Deleting Route hdl:(0x25) with ip type: 1
07-15 07:55:22.902   891   975 D IPACM   : vendor/qcom/opensource/data-ipa-cfg-mgr/ipacm/src/IPACM_Routing.cpp:343 DeleteRoutingHdl() Deleting Route hdl:(0x26) with ip type: 1
07-15 07:55:22.902   891   975 D IPACM   : vendor/qcom/opensource/data-ipa-cfg-mgr/ipacm/src/IPACM_Routing.cpp:343 DeleteRoutingHdl() Deleting Route hdl:(0x24) with ip type: 1
07-15 07:55:22.903   891   975 D IPACM   : vendor/qcom/opensource/data-ipa-cfg-mgr/ipacm/src/IPACM_Routing.cpp:343 DeleteRoutingHdl() Deleting Route hdl:(0x27) with ip type: 1
07-15 07:55:22.904   891   975 D IPACM   : vendor/qcom/opensource/data-ipa-cfg-mgr/ipacm/src/IPACM_Routing.cpp:111 AddRoutingRule() Added routing rule 0xb400007689094250
07-15 07:55:22.905   891   975 D IPACM   : vendor/qcom/opensource/data-ipa-cfg-mgr/ipacm/src/IPACM_Routing.cpp:111 AddRoutingRule() Added routing rule 0xb400007689094250
07-15 07:55:22.905   891   975 D IPACM   : vendor/qcom/opensource/data-ipa-cfg-mgr/ipacm/src/IPACM_Routing.cpp:111 AddRoutingRule() Added routing rule 0xb400007689094250
07-15 07:55:22.905   891   975 D IPACM   : vendor/qcom/opensource/data-ipa-cfg-mgr/ipacm/src/IPACM_Routing.cpp:111 AddRoutingRule() Added routing rule 0xb400007689094250
07-15 07:55:22.906   891   975 D IPACM   : vendor/qcom/opensource/data-ipa-cfg-mgr/ipacm/src/IPACM_Routing.cpp:111 AddRoutingRule() Added routing rule 0xb400007689094250
07-15 07:55:22.906   891   975 D IPACM   : vendor/qcom/opensource/data-ipa-cfg-mgr/ipacm/src/IPACM_Routing.cpp:111 AddRoutingRule() Added routing rule 0xb400007689094250
07-15 07:55:22.907   891   975 D IPACM   : vendor/qcom/opensource/data-ipa-cfg-mgr/ipacm/src/IPACM_Routing.cpp:111 AddRoutingRule() Added routing rule 0xb400007689094250
07-15 07:55:22.907   891   975 D IPACM   : vendor/qcom/opensource/data-ipa-cfg-mgr/ipacm/src/IPACM_Routing.cpp:111 AddRoutingRule() Added routing rule 0xb400007689094250
07-15 07:55:23.039  1259  1317 E minksocket: MinkIPC_QRTR_Service: client with node 1 port 495e went down
07-15 07:55:23.040  1259  1317 E minksocket: MinkIPC_QRTR_Service: client with node 1 port 495f went down
07-15 07:55:23.041  1259  1317 E minksocket: MinkIPC_QRTR_Service: client with node 1 port 4960 went down
07-15 07:55:23.045  1259  1317 E minksocket: MinkIPC_QRTR_Service: client with node 1 port 4961 went down
07-15 07:55:23.048 22034 22034 E FileUtils: err write to mi_exception_log
07-15 07:55:23.069  2561  2876 I MiuiNetworkPolicy: updateUidState uid = 10319, uidState = 19
07-15 07:55:23.074  2561  2876 I MiuiNetworkPolicy: updateUidState uid = 10319, uidState = 11
07-15 07:55:23.519  2561  2876 I MiuiNetworkPolicy: updateUidState uid = 10164, uidState = 10
07-15 07:55:23.520  2561  3757 I SmartPower: com.google.android.apps.wellbeing/10164(1714): idle->background(19796ms) R(service unbind com.google.android.apps.wellbeing/.screen.ui.GrayscaleTileService) adj=0.
07-15 07:55:23.527  2561  2876 I MiuiNetworkPolicy: updateUidState uid = 10164, uidState = 19
07-15 07:55:23.701  2561  6077 E TaskPersister: File error accessing recents directory (directory doesn't exist?).
07-15 07:55:23.840   891   975 D IPACM   : vendor/qcom/opensource/data-ipa-cfg-mgr/ipacm/src/IPACM_Routing.cpp:343 DeleteRoutingHdl() Deleting Route hdl:(0x14) with ip type: 1
07-15 07:55:23.842  1259  1317 E minksocket: MinkIPC_QRTR_Service: client with node 1 port 4959 went down
07-15 07:55:23.843   891   975 D IPACM   : vendor/qcom/opensource/data-ipa-cfg-mgr/ipacm/src/IPACM_Routing.cpp:343 DeleteRoutingHdl() Deleting Route hdl:(0x15) with ip type: 1
07-15 07:55:23.845  1259  1317 E minksocket: MinkIPC_QRTR_Service: client with node 1 port 495d went down
07-15 07:55:23.845   891   975 D IPACM   : vendor/qcom/opensource/data-ipa-cfg-mgr/ipacm/src/IPACM_Routing.cpp:343 DeleteRoutingHdl() Deleting Route hdl:(0x13) with ip type: 1
07-15 07:55:23.847   891   975 D IPACM   : vendor/qcom/opensource/data-ipa-cfg-mgr/ipacm/src/IPACM_Routing.cpp:343 DeleteRoutingHdl() Deleting Route hdl:(0x17) with ip type: 1
07-15 07:55:23.850   891   975 D IPACM   : vendor/qcom/opensource/data-ipa-cfg-mgr/ipacm/src/IPACM_Routing.cpp:111 AddRoutingRule() Added routing rule 0xb400007689094250
07-15 07:55:23.851   891   975 D IPACM   : vendor/qcom/opensource/data-ipa-cfg-mgr/ipacm/src/IPACM_Routing.cpp:111 AddRoutingRule() Added routing rule 0xb400007689094250
07-15 07:55:23.852   891   975 D IPACM   : vendor/qcom/opensource/data-ipa-cfg-mgr/ipacm/src/IPACM_Routing.cpp:111 AddRoutingRule() Added routing rule 0xb400007689094250
07-15 07:55:23.854   891   975 D IPACM   : vendor/qcom/opensource/data-ipa-cfg-mgr/ipacm/src/IPACM_Routing.cpp:111 AddRoutingRule() Added routing rule 0xb400007689094250
07-15 07:55:23.854   891   975 D IPACM   : vendor/qcom/opensource/data-ipa-cfg-mgr/ipacm/src/IPACM_Routing.cpp:343 DeleteRoutingHdl() Deleting Route hdl:(0x19) with ip type: 1
07-15 07:55:23.856   891   975 D IPACM   : vendor/qcom/opensource/data-ipa-cfg-mgr/ipacm/src/IPACM_Routing.cpp:343 DeleteRoutingHdl() Deleting Route hdl:(0x1a) with ip type: 1
07-15 07:55:23.857   891   975 D IPACM   : vendor/qcom/opensource/data-ipa-cfg-mgr/ipacm/src/IPACM_Routing.cpp:343 DeleteRoutingHdl() Deleting Route hdl:(0x18) with ip type: 1
07-15 07:55:23.859   891   975 D IPACM   : vendor/qcom/opensource/data-ipa-cfg-mgr/ipacm/src/IPACM_Routing.cpp:343 DeleteRoutingHdl() Deleting Route hdl:(0x1b) with ip type: 1
07-15 07:55:23.860   891   975 D IPACM   : vendor/qcom/opensource/data-ipa-cfg-mgr/ipacm/src/IPACM_Routing.cpp:343 DeleteRoutingHdl() Deleting Route hdl:(0x1d) with ip type: 1
07-15 07:55:23.861   891   975 D IPACM   : vendor/qcom/opensource/data-ipa-cfg-mgr/ipacm/src/IPACM_Routing.cpp:343 DeleteRoutingHdl() Deleting Route hdl:(0x1e) with ip type: 1
07-15 07:55:23.863   891   975 D IPACM   : vendor/qcom/opensource/data-ipa-cfg-mgr/ipacm/src/IPACM_Routing.cpp:343 DeleteRoutingHdl() Deleting Route hdl:(0x1c) with ip type: 1
07-15 07:55:23.864   891   975 D IPACM   : vendor/qcom/opensource/data-ipa-cfg-mgr/ipacm/src/IPACM_Routing.cpp:343 DeleteRoutingHdl() Deleting Route hdl:(0x1f) with ip type: 1
07-15 07:55:23.865   891   975 D IPACM   : vendor/qcom/opensource/data-ipa-cfg-mgr/ipacm/src/IPACM_Routing.cpp:111 AddRoutingRule() Added routing rule 0xb400007689094250
07-15 07:55:23.866   891   975 D IPACM   : vendor/qcom/opensource/data-ipa-cfg-mgr/ipacm/src/IPACM_Routing.cpp:111 AddRoutingRule() Added routing rule 0xb400007689094250
07-15 07:55:23.867   891   975 D IPACM   : vendor/qcom/opensource/data-ipa-cfg-mgr/ipacm/src/IPACM_Routing.cpp:111 AddRoutingRule() Added routing rule 0xb400007689094250
07-15 07:55:23.868   891   975 D IPACM   : vendor/qcom/opensource/data-ipa-cfg-mgr/ipacm/src/IPACM_Routing.cpp:111 AddRoutingRule() Added routing rule 0xb400007689094250
07-15 07:55:23.869   891   975 D IPACM   : vendor/qcom/opensource/data-ipa-cfg-mgr/ipacm/src/IPACM_Routing.cpp:111 AddRoutingRule() Added routing rule 0xb400007689094250
07-15 07:55:23.869   891   975 D IPACM   : vendor/qcom/opensource/data-ipa-cfg-mgr/ipacm/src/IPACM_Routing.cpp:111 AddRoutingRule() Added routing rule 0xb400007689094250
07-15 07:55:23.870   891   975 D IPACM   : vendor/qcom/opensource/data-ipa-cfg-mgr/ipacm/src/IPACM_Routing.cpp:111 AddRoutingRule() Added routing rule 0xb400007689094250
07-15 07:55:23.871   891   975 D IPACM   : vendor/qcom/opensource/data-ipa-cfg-mgr/ipacm/src/IPACM_Routing.cpp:111 AddRoutingRule() Added routing rule 0xb400007689094250
07-15 07:55:23.871   891   975 D IPACM   : vendor/qcom/opensource/data-ipa-cfg-mgr/ipacm/src/IPACM_Routing.cpp:343 DeleteRoutingHdl() Deleting Route hdl:(0x2a) with ip type: 0
07-15 07:55:23.874   891   975 D IPACM   : vendor/qcom/opensource/data-ipa-cfg-mgr/ipacm/src/IPACM_Routing.cpp:343 DeleteRoutingHdl() Deleting Route hdl:(0x29) with ip type: 0
07-15 07:55:23.875   891   975 D IPACM   : vendor/qcom/opensource/data-ipa-cfg-mgr/ipacm/src/IPACM_Routing.cpp:343 DeleteRoutingHdl() Deleting Route hdl:(0x2b) with ip type: 0
07-15 07:55:23.876   891   975 D IPACM   : vendor/qcom/opensource/data-ipa-cfg-mgr/ipacm/src/IPACM_Routing.cpp:111 AddRoutingRule() Added routing rule 0xb400007689094250
07-15 07:55:23.877   891   975 D IPACM   : vendor/qcom/opensource/data-ipa-cfg-mgr/ipacm/src/IPACM_Routing.cpp:111 AddRoutingRule() Added routing rule 0xb400007689094250
07-15 07:55:23.878   891   975 D IPACM   : vendor/qcom/opensource/data-ipa-cfg-mgr/ipacm/src/IPACM_Routing.cpp:111 AddRoutingRule() Added routing rule 0xb400007689094250
07-15 07:55:23.878   891   975 D IPACM   : vendor/qcom/opensource/data-ipa-cfg-mgr/ipacm/src/IPACM_Routing.cpp:343 DeleteRoutingHdl() Deleting Route hdl:(0x21) with ip type: 1
07-15 07:55:23.879   891   975 D IPACM   : vendor/qcom/opensource/data-ipa-cfg-mgr/ipacm/src/IPACM_Routing.cpp:343 DeleteRoutingHdl() Deleting Route hdl:(0x22) with ip type: 1
07-15 07:55:23.880   891   975 D IPACM   : vendor/qcom/opensource/data-ipa-cfg-mgr/ipacm/src/IPACM_Routing.cpp:343 DeleteRoutingHdl() Deleting Route hdl:(0x20) with ip type: 1
07-15 07:55:23.881   891   975 D IPACM   : vendor/qcom/opensource/data-ipa-cfg-mgr/ipacm/src/IPACM_Routing.cpp:343 DeleteRoutingHdl() Deleting Route hdl:(0x23) with ip type: 1
07-15 07:55:23.883   891   975 D IPACM   : vendor/qcom/opensource/data-ipa-cfg-mgr/ipacm/src/IPACM_Routing.cpp:343 DeleteRoutingHdl() Deleting Route hdl:(0x25) with ip type: 1
07-15 07:55:23.884   891   975 D IPACM   : vendor/qcom/opensource/data-ipa-cfg-mgr/ipacm/src/IPACM_Routing.cpp:343 DeleteRoutingHdl() Deleting Route hdl:(0x26) with ip type: 1
07-15 07:55:23.885   891   975 D IPACM   : vendor/qcom/opensource/data-ipa-cfg-mgr/ipacm/src/IPACM_Routing.cpp:343 DeleteRoutingHdl() Deleting Route hdl:(0x24) with ip type: 1
07-15 07:55:23.887   891   975 D IPACM   : vendor/qcom/opensource/data-ipa-cfg-mgr/ipacm/src/IPACM_Routing.cpp:343 DeleteRoutingHdl() Deleting Route hdl:(0x27) with ip type: 1
07-15 07:55:23.889   891   975 D IPACM   : vendor/qcom/opensource/data-ipa-cfg-mgr/ipacm/src/IPACM_Routing.cpp:111 AddRoutingRule() Added routing rule 0xb400007689094250
07-15 07:55:23.890   891   975 D IPACM   : vendor/qcom/opensource/data-ipa-cfg-mgr/ipacm/src/IPACM_Routing.cpp:111 AddRoutingRule() Added routing rule 0xb400007689094250
07-15 07:55:23.891   891   975 D IPACM   : vendor/qcom/opensource/data-ipa-cfg-mgr/ipacm/src/IPACM_Routing.cpp:111 AddRoutingRule() Added routing rule 0xb400007689094250
07-15 07:55:23.892   891   975 D IPACM   : vendor/qcom/opensource/data-ipa-cfg-mgr/ipacm/src/IPACM_Routing.cpp:111 AddRoutingRule() Added routing rule 0xb400007689094250
07-15 07:55:23.893   891   975 D IPACM   : vendor/qcom/opensource/data-ipa-cfg-mgr/ipacm/src/IPACM_Routing.cpp:111 AddRoutingRule() Added routing rule 0xb400007689094250
07-15 07:55:23.894   891   975 D IPACM   : vendor/qcom/opensource/data-ipa-cfg-mgr/ipacm/src/IPACM_Routing.cpp:111 AddRoutingRule() Added routing rule 0xb400007689094250
07-15 07:55:23.895   891   975 D IPACM   : vendor/qcom/opensource/data-ipa-cfg-mgr/ipacm/src/IPACM_Routing.cpp:111 AddRoutingRule() Added routing rule 0xb400007689094250
07-15 07:55:23.896   891   975 D IPACM   : vendor/qcom/opensource/data-ipa-cfg-mgr/ipacm/src/IPACM_Routing.cpp:111 AddRoutingRule() Added routing rule 0xb400007689094250
07-15 07:55:23.903  1325 28713 E sensors-hal: handle_sns_client_event:431, accel_sample(accelcal_available:0): ts=68483019008007 ns; value = [-1.123622, -0.153332, 9.872884], status=3
07-15 07:55:23.919 30632 30632 W libc    : Access denied finding property "qemu.sf.lcd_density"
07-15 07:55:23.920 30632 30632 W libc    : Access denied finding property "qemu.sf.lcd_density"
07-15 07:55:23.915 30632 30632 W uiautomator: type=1400 audit(0.0:65690): avc:  denied  { read } for  name="u:object_r:qemu_sf_lcd_density_prop:s0" dev="tmpfs" ino=331 scontext=u:r:shell:s0 tcontext=u:object_r:qemu_sf_lcd_density_prop:s0 tclass=file permissive=0
07-15 07:55:23.915 30632 30632 W uiautomator: type=1400 audit(0.0:65691): avc:  denied  { read } for  name="u:object_r:qemu_sf_lcd_density_prop:s0" dev="tmpfs" ino=331 scontext=u:r:shell:s0 tcontext=u:object_r:qemu_sf_lcd_density_prop:s0 tclass=file permissive=0
07-15 07:55:23.952  5799  6125 W MediaProvider: isAppCloneUserPair for user 0: false
07-15 07:55:23.960  3594  3594 E FileUtils: err write to mi_exception_log
07-15 07:55:23.991 30632 30632 I AccessibilityNodeInfoDumper: Skipping invisible child: android.view.accessibility.AccessibilityNodeInfo@71191; boundsInParent: Rect(0, 0 - 1080, 2460); boundsInScreen: Rect(0, 0 - 1080, 2460); boundsInWindow: Rect(0, 0 - 1080, 2460); packageName: com.android.systemui; className: android.view.View; text: null; error: null; maxTextLength: -1; stateDescription: null; contentDescription: null; tooltipText: null; containerTitle: null; viewIdResName: com.android.systemui:id/header_foreground; uniqueId: null; checkable: false; checked: false; focusable: false; focused: false; selected: false; clickable: false; longClickable: false; contextClickable: false; enabled: true; password: false; scrollable: false; granularScrollingSupported: false; importantForAccessibility: false; visible: false; actions: [AccessibilityAction: ACTION_SELECT - null, AccessibilityAction: ACTION_CLEAR_SELECTION - null, AccessibilityAction: ACTION_ACCESSIBILITY_FOCUS - null, AccessibilityAction: ACTION_SHOW_ON_SCREEN - null]; isTextSelectable: false
07-15 07:55:23.995 30632 30632 W AccessibilityNodeInfoDumper: Fetch time: 64ms
07-15 07:55:24.001  2561  3757 W MagnificationConnectionManager: requestConnection duplicated request: connect=false, mConnectionState=DISCONNECTED
07-15 07:55:24.002  2561  3757 D AccessibilityManagerService: restoreCurrentUserForTestAutomationIfNeededLocked(): ignoring because device doesn't support visible background users
07-15 07:55:24.002  2561  2782 W SettingsProvider: Failed to notify for 999: content://settings/secure/accessibility_enabled
07-15 07:55:24.002  2561  2782 W SettingsProvider: java.lang.SecurityException: Failed to find provider settings for user 999; expected to find a valid ContentProvider for this authority
07-15 07:55:24.002  2561  2782 W SettingsProvider: 	at com.android.server.content.ContentService.notifyChange(ContentService.java:457)
07-15 07:55:24.002  2561  2782 W SettingsProvider: 	at android.content.ContentResolver.notifyChange(ContentResolver.java:2932)
07-15 07:55:24.002  2561  2782 W SettingsProvider: 	at android.content.ContentResolver.notifyChange(ContentResolver.java:2921)
07-15 07:55:24.002  2561  2782 W SettingsProvider: 	at android.content.ContentResolver.notifyChange(ContentResolver.java:2915)
07-15 07:55:24.002  2561  2782 W SettingsProvider: 	at com.android.providers.settings.SettingsProvider$SettingsRegistry$MyHandler.handleMessage(SettingsProvider.java:3995)
07-15 07:55:24.002  2561  2782 W SettingsProvider: 	at android.os.Handler.dispatchMessage(Handler.java:107)
07-15 07:55:24.002  2561  2782 W SettingsProvider: 	at android.os.Looper.loopOnce(Looper.java:249)
07-15 07:55:24.002  2561  2782 W SettingsProvider: 	at android.os.Looper.loop(Looper.java:337)
07-15 07:55:24.002  2561  2782 W SettingsProvider: 	at android.os.HandlerThread.run(HandlerThread.java:85)
07-15 07:55:24.003  2561  3731 D Aurogon :  packageName = com.google.android.gms isAllowWakeUpList 
07-15 07:55:24.018 30632 30632 D AndroidRuntime: Shutting down VM
07-15 07:55:24.019  2561  2561 E AccessibilityStateListenerImpl: MiuiEnhanceTBService is not installed
07-15 07:55:24.022  2561  3757 D Aurogon :  packageName = com.google.android.gms isAllowWakeUpList 
07-15 07:55:24.025  2561  2561 D BatterySaverPolicy: accessibility changed to false, updating policy.
07-15 07:55:24.031  2561  2854 W WindowManager: Cannot find window which accessibility connection is added to
07-15 07:55:24.064 21566 28780 I NetworkScheduler.Stats: (REDACTED) Task %s/%s started execution. cause:%s exec_start_elapsed_seconds: %s
07-15 07:55:24.070  2561  4324 D Aurogon :  packageName = com.google.android.gms isAllowWakeUpList 
07-15 07:55:24.074 21566 30307 I NetworkScheduler.Stats: (REDACTED) Task %s/%s finished executing. cause:%s result: %s elapsed_millis: %s uptime_millis: %s exec_start_elapsed_seconds: %s
07-15 07:55:24.093  2561  2747 D Aurogon :  packageName = com.google.android.gms isAllowWakeUpList 
07-15 07:55:24.108  2561  2747 D Aurogon :  packageName = com.google.android.gms isAllowWakeUpList 
07-15 07:55:24.131  2561  2747 D Aurogon :  packageName = com.google.android.gms isAllowWakeUpList 
07-15 07:55:24.140  1259  1317 E minksocket: MinkIPC_QRTR_Service: client with node 1 port 4962 went down
07-15 07:55:24.142  1259  1317 E minksocket: MinkIPC_QRTR_Service: client with node 1 port 4963 went down
07-15 07:55:24.149  1259  1317 E minksocket: MinkIPC_QRTR_Service: client with node 1 port 4964 went down
07-15 07:55:24.154  1259  1317 E minksocket: MinkIPC_QRTR_Service: client with node 1 port 4965 went down
07-15 07:55:24.162 21566 28781 I NetworkScheduler.Stats: (REDACTED) Task %s/%s started execution. cause:%s exec_start_elapsed_seconds: %s
07-15 07:55:24.162 21566 28781 I NetworkScheduler.Stats: (REDACTED) Task %s/%s started execution. cause:%s exec_start_elapsed_seconds: %s
07-15 07:55:24.169 21566 21570 I .gms.persistent: Background concurrent mark compact GC freed 9413KB AllocSpace bytes, 4(2192KB) LOS objects, 50% free, 22MB/45MB, paused 930us,2.389ms total 129.248ms
07-15 07:55:24.170  6113 30426 I PlayGamesServices[GamesSyncAdapter]: Starting sync for f87252dd
07-15 07:55:24.171  6113 12611 I PlayGamesServices[GamesSyncAdapter]: Starting sync for 232ed1a
07-15 07:55:24.171  6113 30426 I PlayGamesServices[GamesSyncAdapter]: Sync duration for f87252dd: 2
07-15 07:55:24.172  6113 12611 I PlayGamesServices[GamesSyncAdapter]: Sync duration for 232ed1a: 1
07-15 07:55:24.213  6113 30426 W PlayGamesServices[DataBroker]: No player ID found when refreshing
07-15 07:55:24.216  6113 30426 W PlayGamesServices[DataBroker]: No player ID found when refreshing
07-15 07:55:24.220  6113 12611 W PlayGamesServices[DataBroker]: No player ID found when refreshing
07-15 07:55:24.221  6113 12611 W PlayGamesServices[DataBroker]: No player ID found when refreshing
07-15 07:55:24.238  6113 30426 W PlayGamesServices[DataBroker]: No player ID found when refreshing
07-15 07:55:24.240  6113 12611 W PlayGamesServices[DataBroker]: No player ID found when refreshing
07-15 07:55:24.240  6113 30426 W PlayGamesServices[DataBroker]: No player ID found when refreshing
07-15 07:55:24.241  6113 12611 W PlayGamesServices[DataBroker]: No player ID found when refreshing
07-15 07:55:24.241  6113 30426 W PlayGamesServices[DataBroker]: No player ID found when refreshing
07-15 07:55:24.241  6113 30426 W PlayGamesServices[DataBroker]: No player ID found when refreshing
07-15 07:55:24.242  6113 12611 W PlayGamesServices[DataBroker]: No player ID found when refreshing
07-15 07:55:24.242  6113 30426 W PlayGamesServices[DataBroker]: No player ID found when refreshing
07-15 07:55:24.243  6113 12611 W PlayGamesServices[DataBroker]: No player ID found when refreshing
07-15 07:55:24.243  6113 30426 W PlayGamesServices[DataBroker]: No player ID found when refreshing
07-15 07:55:24.243  6113 12611 W PlayGamesServices[DataBroker]: No player ID found when refreshing
07-15 07:55:24.243  6113 30426 W PlayGamesServices[DataBroker]: No player ID found when refreshing
07-15 07:55:24.244  6113 12611 W PlayGamesServices[DataBroker]: No player ID found when refreshing
07-15 07:55:24.244  6113 30426 W PlayGamesServices[DataBroker]: No player ID found when refreshing
07-15 07:55:24.244  6113 12611 W PlayGamesServices[DataBroker]: No player ID found when refreshing
07-15 07:55:24.245  6113 30426 W PlayGamesServices[DataBroker]: No player ID found when refreshing
07-15 07:55:24.245  6113 12611 W PlayGamesServices[DataBroker]: No player ID found when refreshing
07-15 07:55:24.246  6113 12611 W PlayGamesServices[DataBroker]: No player ID found when refreshing
07-15 07:55:24.251  2561  4324 D Aurogon :  packageName = com.google.android.gms isAllowWakeUpList 
07-15 07:55:24.255 21566 28780 I NetworkScheduler.Stats: (REDACTED) Task %s/%s finished executing. cause:%s result: %s elapsed_millis: %s uptime_millis: %s exec_start_elapsed_seconds: %s
07-15 07:55:24.266  2561  4880 D Aurogon :  packageName = com.google.android.gms isAllowWakeUpList 
07-15 07:55:24.269 21566 28780 I NetworkScheduler.Stats: (REDACTED) Task %s/%s finished executing. cause:%s result: %s elapsed_millis: %s uptime_millis: %s exec_start_elapsed_seconds: %s
07-15 07:55:24.272  6113 18783 I GetServiceValidatorImpl: (REDACTED) onGetService() from Client SDK version [%s], Module version [%s], PGA version [%s], Account [%s], Calling package [%s], Game package [%s]
07-15 07:55:24.274  6113 18783 I GetGamesServiceReqFacto: (REDACTED) Parsing request with ignored arguments. signInOptionsBundle [%s], isRetryingSignIn [%s], skipWelcomePopup [%s], requireGooglePlus [%s]
07-15 07:55:24.274  6113 18783 I GetGamesServiceReqFacto: Replacing request for `games` scope with `games_lite`
07-15 07:55:24.277  2561  2747 D Aurogon :  packageName = com.google.android.gms isAllowWakeUpList 
07-15 07:55:24.282  6113 30674 I SignInPerformer-1: (REDACTED) Handling request [%s], isFirstPartyCaller [%s]
07-15 07:55:24.285  6113 30674 I SignInPerformer-1: Successfully brokered first-party unauthenticated GamesService [CONTEXT service_id=1 ]
07-15 07:55:24.287  6113 30674 I GetGamesServiceV2Op: (REDACTED) Successfully brokered GamesService for request %s
07-15 07:55:24.291  2561  2747 D Aurogon :  packageName = com.google.android.gms isAllowWakeUpList 
07-15 07:55:24.296  2561  4880 D Aurogon :  packageName = com.google.android.gms isAllowWakeUpList 
07-15 07:55:24.304 21566 28780 I NetworkScheduler.Stats: (REDACTED) Task %s/%s started execution. cause:%s exec_start_elapsed_seconds: %s
07-15 07:55:24.305 21566 28780 I NetworkScheduler.Stats: (REDACTED) Task %s/%s started execution. cause:%s exec_start_elapsed_seconds: %s
07-15 07:55:24.309  6113 30426 I PlayGamesServices[GamesSyncAdapter]: Starting sync for ce36a31c
07-15 07:55:24.310  6113 30426 I PlayGamesServices[GamesSyncAdapter]: Sync duration for ce36a31c: 1
07-15 07:55:24.311  6113 12611 I PlayGamesServices[GamesSyncAdapter]: Starting sync for 6b0d4c4e
07-15 07:55:24.313  6113 12611 I PlayGamesServices[GamesSyncAdapter]: Sync duration for 6b0d4c4e: 2
07-15 07:55:24.326  6113 30426 W PlayGamesServices[DataBroker]: No player ID found when refreshing
07-15 07:55:24.327  6113 30426 W PlayGamesServices[DataBroker]: No player ID found when refreshing
07-15 07:55:24.330 30328 30675 D ProfileInstaller: Installing profile for com.princevekariya.projectledger.personal.debug
07-15 07:55:24.338  6113 30426 W PlayGamesServices[DataBroker]: No player ID found when refreshing
07-15 07:55:24.342  6113 12611 W PlayGamesServices[DataBroker]: No player ID found when refreshing
07-15 07:55:24.343  6113 12611 W PlayGamesServices[DataBroker]: No player ID found when refreshing
07-15 07:55:24.346  6113 30426 W PlayGamesServices[DataBroker]: No player ID found when refreshing
07-15 07:55:24.350  6113 12611 W PlayGamesServices[DataBroker]: No player ID found when refreshing
07-15 07:55:24.351  6113 12611 W PlayGamesServices[DataBroker]: No player ID found when refreshing
07-15 07:55:24.351  6113 30426 W PlayGamesServices[DataBroker]: No player ID found when refreshing
07-15 07:55:24.351  6113 12611 W PlayGamesServices[DataBroker]: No player ID found when refreshing
07-15 07:55:24.352  6113 12611 W PlayGamesServices[DataBroker]: No player ID found when refreshing
07-15 07:55:24.352  6113 30426 W PlayGamesServices[DataBroker]: No player ID found when refreshing
07-15 07:55:24.352  6113 12611 W PlayGamesServices[DataBroker]: No player ID found when refreshing
07-15 07:55:24.353  6113 12611 W PlayGamesServices[DataBroker]: No player ID found when refreshing
07-15 07:55:24.353  6113 12611 W PlayGamesServices[DataBroker]: No player ID found when refreshing
07-15 07:55:24.353  6113 30426 W PlayGamesServices[DataBroker]: No player ID found when refreshing
07-15 07:55:24.354  6113 12611 W PlayGamesServices[DataBroker]: No player ID found when refreshing
07-15 07:55:24.354  6113 12611 W PlayGamesServices[DataBroker]: No player ID found when refreshing
07-15 07:55:24.354  6113 30426 W PlayGamesServices[DataBroker]: No player ID found when refreshing
07-15 07:55:24.356  6113 30426 W PlayGamesServices[DataBroker]: No player ID found when refreshing
07-15 07:55:24.357  6113 30426 W PlayGamesServices[DataBroker]: No player ID found when refreshing
07-15 07:55:24.357  6113 30426 W PlayGamesServices[DataBroker]: No player ID found when refreshing
07-15 07:55:24.358  2561  2747 D Aurogon :  packageName = com.google.android.gms isAllowWakeUpList 
07-15 07:55:24.359 21566 30307 I NetworkScheduler.Stats: (REDACTED) Task %s/%s finished executing. cause:%s result: %s elapsed_millis: %s uptime_millis: %s exec_start_elapsed_seconds: %s
07-15 07:55:24.389  2561  2747 D Aurogon :  packageName = com.google.android.gms isAllowWakeUpList 
07-15 07:55:24.392 21566 30307 I NetworkScheduler.Stats: (REDACTED) Task %s/%s finished executing. cause:%s result: %s elapsed_millis: %s uptime_millis: %s exec_start_elapsed_seconds: %s
07-15 07:55:24.403  2561  2747 D Aurogon :  packageName = com.google.android.gms isAllowWakeUpList 
07-15 07:55:24.458  2561  4880 D Aurogon :  packageName = com.google.android.gms isAllowWakeUpList 
07-15 07:55:24.463 21566 30308 I NetworkScheduler.Stats: (REDACTED) Task %s/%s started execution. cause:%s exec_start_elapsed_seconds: %s
07-15 07:55:24.469  6113 12611 I PlayGamesServices[GamesSyncAdapter]: Starting sync for f888ad9
07-15 07:55:24.473  6113 12611 I PlayGamesServices[GamesSyncAdapter]: Sync duration for f888ad9: 2
07-15 07:55:24.473  2561  4880 D Aurogon :  packageName = com.google.android.gms isAllowWakeUpList 
07-15 07:55:24.494  6113 12611 W PlayGamesServices[DataBroker]: No player ID found when refreshing
07-15 07:55:24.495  6113 12611 W PlayGamesServices[DataBroker]: No player ID found when refreshing
07-15 07:55:24.503  6113 12611 W PlayGamesServices[DataBroker]: No player ID found when refreshing
07-15 07:55:24.504  6113 12611 W PlayGamesServices[DataBroker]: No player ID found when refreshing
07-15 07:55:24.505  6113 12611 W PlayGamesServices[DataBroker]: No player ID found when refreshing
07-15 07:55:24.505 21566 30307 I NetworkScheduler.Stats: (REDACTED) Task %s/%s started execution. cause:%s exec_start_elapsed_seconds: %s
07-15 07:55:24.506  6113 12611 W PlayGamesServices[DataBroker]: No player ID found when refreshing
07-15 07:55:24.506  6113 30426 I PlayGamesServices[GamesSyncAdapter]: Starting sync for 631b55dd
07-15 07:55:24.506  6113 12611 W PlayGamesServices[DataBroker]: No player ID found when refreshing
07-15 07:55:24.507  6113 12611 W PlayGamesServices[DataBroker]: No player ID found when refreshing
07-15 07:55:24.508  6113 12611 W PlayGamesServices[DataBroker]: No player ID found when refreshing
07-15 07:55:24.508  6113 30426 I PlayGamesServices[GamesSyncAdapter]: Sync duration for 631b55dd: 1
07-15 07:55:24.508  6113 12611 W PlayGamesServices[DataBroker]: No player ID found when refreshing
07-15 07:55:24.509  6113 12611 W PlayGamesServices[DataBroker]: No player ID found when refreshing
07-15 07:55:24.515  2561  4880 D Aurogon :  packageName = com.google.android.gms isAllowWakeUpList 
07-15 07:55:24.516 21566 28781 I NetworkScheduler.Stats: (REDACTED) Task %s/%s finished executing. cause:%s result: %s elapsed_millis: %s uptime_millis: %s exec_start_elapsed_seconds: %s
07-15 07:55:24.523  2561  4880 D Aurogon :  packageName = com.google.android.gms isAllowWakeUpList 
07-15 07:55:24.523  6113 30426 W PlayGamesServices[DataBroker]: No player ID found when refreshing
07-15 07:55:24.524  6113 30426 W PlayGamesServices[DataBroker]: No player ID found when refreshing
07-15 07:55:24.531  6113 30426 W PlayGamesServices[DataBroker]: No player ID found when refreshing
07-15 07:55:24.532  6113 30426 W PlayGamesServices[DataBroker]: No player ID found when refreshing
07-15 07:55:24.532  2561  4880 D Aurogon :  packageName = com.google.android.gms isAllowWakeUpList 
07-15 07:55:24.532  6113 30426 W PlayGamesServices[DataBroker]: No player ID found when refreshing
07-15 07:55:24.533  6113 30426 W PlayGamesServices[DataBroker]: No player ID found when refreshing
07-15 07:55:24.533  6113 30426 W PlayGamesServices[DataBroker]: No player ID found when refreshing
07-15 07:55:24.534  6113 30426 W PlayGamesServices[DataBroker]: No player ID found when refreshing
07-15 07:55:24.535  6113 30426 W PlayGamesServices[DataBroker]: No player ID found when refreshing
07-15 07:55:24.535  6113 30426 W PlayGamesServices[DataBroker]: No player ID found when refreshing
07-15 07:55:24.536  6113 30426 W PlayGamesServices[DataBroker]: No player ID found when refreshing
07-15 07:55:24.556 21566 30308 I NetworkScheduler.Stats: (REDACTED) Task %s/%s started execution. cause:%s exec_start_elapsed_seconds: %s
07-15 07:55:24.561  6113 12611 I PlayGamesServices[GamesSyncAdapter]: Starting sync for 63ce96a8
07-15 07:55:24.563  2561  2747 D Aurogon :  packageName = com.google.android.gms isAllowWakeUpList 
07-15 07:55:24.564  6113 12611 I PlayGamesServices[GamesSyncAdapter]: Sync duration for 63ce96a8: 2
07-15 07:55:24.565 21566 30308 I NetworkScheduler.Stats: (REDACTED) Task %s/%s finished executing. cause:%s result: %s elapsed_millis: %s uptime_millis: %s exec_start_elapsed_seconds: %s
07-15 07:55:24.578  2561  4324 D Aurogon :  packageName = com.google.android.gms isAllowWakeUpList 
07-15 07:55:24.586  6113 12611 W PlayGamesServices[DataBroker]: No player ID found when refreshing
07-15 07:55:24.587  6113 12611 W PlayGamesServices[DataBroker]: No player ID found when refreshing
07-15 07:55:24.591  2561  2747 D Aurogon :  packageName = com.google.android.gms isAllowWakeUpList 
07-15 07:55:24.597  6113 12611 W PlayGamesServices[DataBroker]: No player ID found when refreshing
07-15 07:55:24.598  6113 12611 W PlayGamesServices[DataBroker]: No player ID found when refreshing
07-15 07:55:24.599  6113 12611 W PlayGamesServices[DataBroker]: No player ID found when refreshing
07-15 07:55:24.599  6113 12611 W PlayGamesServices[DataBroker]: No player ID found when refreshing
07-15 07:55:24.600  6113 12611 W PlayGamesServices[DataBroker]: No player ID found when refreshing
07-15 07:55:24.600  6113 12611 W PlayGamesServices[DataBroker]: No player ID found when refreshing
07-15 07:55:24.601  6113 12611 W PlayGamesServices[DataBroker]: No player ID found when refreshing
07-15 07:55:24.602  6113 12611 W PlayGamesServices[DataBroker]: No player ID found when refreshing
07-15 07:55:24.602  6113 12611 W PlayGamesServices[DataBroker]: No player ID found when refreshing
07-15 07:55:24.620 21566 30307 I NetworkScheduler.Stats: (REDACTED) Task %s/%s started execution. cause:%s exec_start_elapsed_seconds: %s
07-15 07:55:24.626  6113 30426 I PlayGamesServices[GamesSyncAdapter]: Starting sync for b6054c56
07-15 07:55:24.627  2561  2747 D Aurogon :  packageName = com.google.android.gms isAllowWakeUpList 
07-15 07:55:24.629 21566 30307 I NetworkScheduler.Stats: (REDACTED) Task %s/%s finished executing. cause:%s result: %s elapsed_millis: %s uptime_millis: %s exec_start_elapsed_seconds: %s
07-15 07:55:24.629  6113 30426 I PlayGamesServices[GamesSyncAdapter]: Sync duration for b6054c56: 2
07-15 07:55:24.642  2561  2747 D Aurogon :  packageName = com.google.android.gms isAllowWakeUpList 
07-15 07:55:24.652  6113 30426 W PlayGamesServices[DataBroker]: No player ID found when refreshing
07-15 07:55:24.653  6113 30426 W PlayGamesServices[DataBroker]: No player ID found when refreshing
07-15 07:55:24.654  2561  4324 D Aurogon :  packageName = com.google.android.gms isAllowWakeUpList 
07-15 07:55:24.662  6113 30426 W PlayGamesServices[DataBroker]: No player ID found when refreshing
07-15 07:55:24.663  6113 30426 W PlayGamesServices[DataBroker]: No player ID found when refreshing
07-15 07:55:24.663  6113 30426 W PlayGamesServices[DataBroker]: No player ID found when refreshing
07-15 07:55:24.664  1325 28504 E sensors-hal: handle_sns_client_event:65, virtual_gyro_hal_event: ts=68483881792278 ns; x=0.000654; y=0.004166; z=0.003612; accuracy=3
07-15 07:55:24.664  6113 30426 W PlayGamesServices[DataBroker]: No player ID found when refreshing
07-15 07:55:24.665  6113 30426 W PlayGamesServices[DataBroker]: No player ID found when refreshing
07-15 07:55:24.665  6113 30426 W PlayGamesServices[DataBroker]: No player ID found when refreshing
07-15 07:55:24.666  6113 30426 W PlayGamesServices[DataBroker]: No player ID found when refreshing
07-15 07:55:24.667  6113 30426 W PlayGamesServices[DataBroker]: No player ID found when refreshing
07-15 07:55:24.667  6113 30426 W PlayGamesServices[DataBroker]: No player ID found when refreshing
07-15 07:55:24.680 21566 30307 I NetworkScheduler.Stats: (REDACTED) Task %s/%s started execution. cause:%s exec_start_elapsed_seconds: %s
07-15 07:55:24.682  6113 12611 I PlayGamesServices[GamesSyncAdapter]: Starting sync for 9e996c98
07-15 07:55:24.684  6113 12611 I PlayGamesServices[GamesSyncAdapter]: Sync duration for 9e996c98: 1
07-15 07:55:24.684  2561  2747 D Aurogon :  packageName = com.google.android.gms isAllowWakeUpList 
07-15 07:55:24.686 21566 28781 I NetworkScheduler.Stats: (REDACTED) Task %s/%s finished executing. cause:%s result: %s elapsed_millis: %s uptime_millis: %s exec_start_elapsed_seconds: %s
07-15 07:55:24.694  2561  4324 D Aurogon :  packageName = com.google.android.gms isAllowWakeUpList 
07-15 07:55:24.699  6113 12611 W PlayGamesServices[DataBroker]: No player ID found when refreshing
07-15 07:55:24.700  6113 12611 W PlayGamesServices[DataBroker]: No player ID found when refreshing
07-15 07:55:24.703  2561  2747 D Aurogon :  packageName = com.google.android.gms isAllowWakeUpList 
07-15 07:55:24.707  6113 12611 W PlayGamesServices[DataBroker]: No player ID found when refreshing
07-15 07:55:24.710  6113 12611 W PlayGamesServices[DataBroker]: No player ID found when refreshing
07-15 07:55:24.711  6113 12611 W PlayGamesServices[DataBroker]: No player ID found when refreshing
07-15 07:55:24.711  6113 12611 W PlayGamesServices[DataBroker]: No player ID found when refreshing
07-15 07:55:24.712  6113 12611 W PlayGamesServices[DataBroker]: No player ID found when refreshing
07-15 07:55:24.712  6113 12611 W PlayGamesServices[DataBroker]: No player ID found when refreshing
07-15 07:55:24.713  6113 12611 W PlayGamesServices[DataBroker]: No player ID found when refreshing
07-15 07:55:24.713  6113 12611 W PlayGamesServices[DataBroker]: No player ID found when refreshing
07-15 07:55:24.714  6113 12611 W PlayGamesServices[DataBroker]: No player ID found when refreshing
