> 07-13 19:41:39.831  3621  5752 D RecentsTaskLoader: reloadTasksData [TaskKey{id=60, stackId=0, baseIntent=Intent { act=android.intent.action.MAIN 
cat=[android.intent.category.LAUNCHER] flg=0x10200000 cmp=com.princevekariya.projectledger.debug/com.princevekariya.projectledger.MainActivity }, userId=0, 
lastActiveTime=22163500, windowingMode=1, isThumbnailBlur=false, isAccessLocked=false, isScreening=false, 
topActivity=ComponentInfo{com.princevekariya.projectledger.debug/com.princevekariya.projectledger.MainActivity}, mHashCode=2711012}, title=Project Ledger Play Dev, 
titleDescription=Project Ledger Play Dev, bounds=null, isLaunchTarget=false, isStackTask=true, isSystemApp=false, isDockable=true, 
baseActivity=ComponentInfo{com.princevekariya.projectledger.debug/com.princevekariya.projectledger.MainActivity}, isLocked=false, mNeedHide=false, hasMultipleTasks=false, 
cti1Key=, cti2Key=] 
> 07-13 19:41:39.832  3621  5752 D RecentsTaskLoader: reloadTasksData [TaskKey{id=59, stackId=0, baseIntent=Intent { act=android.intent.action.MAIN 
cat=[android.intent.category.LAUNCHER] flg=0x10200000 cmp=com.princevekariya.projectledger/.MainActivity }, userId=0, lastActiveTime=22148037, windowingMode=1, 
isThumbnailBlur=false, isAccessLocked=false, isScreening=false, topActivity=ComponentInfo{com.princevekariya.projectledger/com.princevekariya.projectledger.MainActivity}, 
mHashCode=2681221}, title=Project Ledger, titleDescription=Project Ledger, bounds=null, isLaunchTarget=false, isStackTask=true, isSystemApp=false, isDockable=true, 
baseActivity=ComponentInfo{com.princevekariya.projectledger/com.princevekariya.projectledger.MainActivity}, isLocked=false, mNeedHide=false, hasMultipleTasks=false, cti1Key=, 
cti2Key=] 
  07-13 19:41:39.832  3621  5752 D RecentsTaskLoader: reloadTasksData [TaskKey{id=57, stackId=0, baseIntent=Intent { act=android.intent.action.MAIN flg=0x14000000 
cmp=com.android.settings/.Settings$TetherSettingsActivity }, userId=0, lastActiveTime=21053370, windowingMode=1, isThumbnailBlur=false, isAccessLocked=true, isScreening=false, 
topActivity=ComponentInfo{com.miui.securitycenter/com.miui.applicationlock.ConfirmAccessControl}, mHashCode=2621639}, title=App lock, titleDescription=Security App lock, 
bounds=null, isLaunchTarget=true, isStackTask=true, isSystemApp=true, isDockable=true, 
baseActivity=ComponentInfo{com.android.settings/com.android.settings.Settings$TetherSettingsActivity}, isLocked=false, mNeedHide=false, hasMultipleTasks=false, cti1Key=, 
cti2Key=] 
  07-13 19:41:39.832  1360  1668 W SDM     : DisplayBase::SetHWDetailedEnhancerConfig: SetDetailEnhancerConfig failed. err = 10
  07-13 19:41:39.838  1289 20067 E sensors-hal: handle_sns_client_event:65, virtual_gyro_hal_event: ts=24235003061203 ns; x=0.000524; y=0.002547; z=-0.002874; accuracy=3
  07-13 19:41:39.842 27023 27023 I MessageMonitor: Load libmiui_runtime
  07-13 19:41:39.844  1360  1668 W SDM     : DisplayBase::SetHWDetailedEnhancerConfig: SetDetailEnhancerConfig failed. err = 10
  07-13 19:41:39.846  1289 31577 E sensors-hal: handle_sns_client_event:431, accel_sample(accelcal_available:0): ts=24234962032662 ns; value = [-0.726413, 0.127825, 9.923132], 
status=3
  07-13 19:41:39.850  1410  1410 D DisplayFeatureHal: DataCallback enter mLightRun 1  mInteracted_bl 2047 mDisplayState 1  kStateOn 1
  07-13 19:41:39.850  1410  1410 I DisplayFeatureHal: readPanelNTC, read panel temperature:37734
  07-13 19:41:39.850  1410  1410 I DisplayFeatureHal: checkHBMStatus enter lux 184.000000, timer 0, panelTemperature/1000 = temperature 37  screenoff 0
  07-13 19:41:39.850  1410  1410 D DisplayFeatureHal: checkHBMStatus mode 0 
  07-13 19:41:39.850  1410  1410 D DisplayFeatureHal: HandleHBM modeId 0 cookie 0  HBMStatus 0  isscreenoff 0
  07-13 19:41:39.855  1360  1668 W SDM     : DisplayBase::SetHWDetailedEnhancerConfig: SetDetailEnhancerConfig failed. err = 10
  07-13 19:41:39.856  2583  3258 D SymlinkUtils: attachApplication file op go pass: 1 ms
  07-13 19:41:39.863  2583  3258 D CompatibilityInfo: mCompatibilityFlags - 0
  07-13 19:41:39.863  2583  3258 D CompatibilityInfo: applicationDensity - 440
  07-13 19:41:39.863  2583  3258 D CompatibilityInfo: applicationScale - 1.0
  07-13 19:41:39.866  1360  1668 W SDM     : DisplayBase::SetHWDetailedEnhancerConfig: SetDetailEnhancerConfig failed. err = 10
  07-13 19:41:39.876  3517  3517 D HidDeviceService: handleMessage(): msg.what=8
  07-13 19:41:39.877  2583  3092 D isUidValid: uid = 10376
  07-13 19:41:39.877  1360  1668 W SDM     : DisplayBase::SetHWDetailedEnhancerConfig: SetDetailEnhancerConfig failed. err = 10
  07-13 19:41:39.880  2583  2880 I MiuiNetworkPolicy: updateUidState uid = 10376, uidState = 2
  07-13 19:41:39.881 27023 27023 I JavaheapMonitor: Disabled. Process name: <pre-initialized>
  07-13 19:41:39.886  2583  2631 D Aurogon :  uid = 10376 switch to FG
  07-13 19:41:39.886  6724 15906 D ProcessObserverV15: onForegroundActivitiesChanged:pid = 27023,activity-uid=10376,foregroundActivities=true
  07-13 19:41:39.888  1360  1668 W SDM     : DisplayBase::SetHWDetailedEnhancerConfig: SetDetailEnhancerConfig failed. err = 10
> 07-13 19:41:39.928 27023 27023 D ActivityThread: setEmbeddedParam packageName=com.princevekariya.projectledger.personal.debug 
processName=com.princevekariya.projectledger.personal.debug isEmbedded=false isIsolated=false
  07-13 19:41:39.932  1360  1668 W SDM     : DisplayBase::SetHWDetailedEnhancerConfig: SetDetailEnhancerConfig failed. err = 10
  07-13 19:41:39.938  1289 20067 E sensors-hal: handle_sns_client_event:65, virtual_gyro_hal_event: ts=24235103062766 ns; x=-0.001306; y=-0.002253; z=0.003021; accuracy=3
  07-13 19:41:39.939 27036 27036 I artd    : MMAP_TRYLOCK is supported in uffd errno:2 addr:0x7528414000 size:4096
  07-13 19:41:39.939 26543 26601 I BugleDataModel: ActionExecutorImpl: ACTION_RESPONSE_QUEUED_SendReportAction
  07-13 19:41:39.940  2583  4073 I whetstone.activity: Power Event callback listener is empty for resId=256
  07-13 19:41:39.940  2583  4073 D BatteryStatsManagerStub: notifyEvent for resId=256 used 0ms
  07-13 19:41:39.944  1360  1668 W SDM     : DisplayBase::SetHWDetailedEnhancerConfig: SetDetailEnhancerConfig failed. err = 10
  07-13 19:41:39.946  1289 31577 E sensors-hal: handle_sns_client_event:431, accel_sample(accelcal_available:0): ts=24235063591151 ns; value = [-0.709664, 0.125432, 9.918347], 
status=3
  07-13 19:41:39.948  2583  4073 W JobScheduler: Job didn't exist in JobStore: 
  07-13 19:41:39.950  1410  1410 D DisplayFeatureHal: DataCallback enter mLightRun 1  mInteracted_bl 2047 mDisplayState 1  kStateOn 1
  07-13 19:41:39.950  1410  1410 I DisplayFeatureHal: readPanelNTC, read panel temperature:37734
  07-13 19:41:39.950  1410  1410 I DisplayFeatureHal: checkHBMStatus enter lux 185.000000, timer 0, panelTemperature/1000 = temperature 37  screenoff 0
  07-13 19:41:39.950  1410  1410 D DisplayFeatureHal: checkHBMStatus mode 0 
  07-13 19:41:39.950  1410  1410 D DisplayFeatureHal: HandleHBM modeId 0 cookie 0  HBMStatus 0  isscreenoff 0
  07-13 19:41:39.951 27036 27036 I artd    : Starting artd
  07-13 19:41:39.951 27036 27036 I AidlLazyServiceRegistrar: Registering service artd
  07-13 19:41:39.953 27036 27036 I AidlLazyServiceRegistrar: Process has 1 (of 1 available) client(s) in use after notification artd has clients: 1
  07-13 19:41:39.955  1360  1668 W SDM     : DisplayBase::SetHWDetailedEnhancerConfig: SetDetailEnhancerConfig failed. err = 10
  07-13 19:41:39.966  1360  1668 W SDM     : DisplayBase::SetHWDetailedEnhancerConfig: SetDetailEnhancerConfig failed. err = 10
  07-13 19:41:39.977  1360  1668 W SDM     : DisplayBase::SetHWDetailedEnhancerConfig: SetDetailEnhancerConfig failed. err = 10
  07-13 19:41:39.988  1360  1668 W SDM     : DisplayBase::SetHWDetailedEnhancerConfig: SetDetailEnhancerConfig failed. err = 10
  07-13 19:41:39.999  1360  1668 W SDM     : DisplayBase::SetHWDetailedEnhancerConfig: SetDetailEnhancerConfig failed. err = 10
  07-13 19:41:40.003  3342  3342 I MiuiWallpaper-MiuiWallpaperManagerService: receive broadcast action = android.intent.action.PACKAGE_RESTARTED
  07-13 19:41:40.009  2583  2653 I SmartPower: com.milink.service:audio/10204(427): idle->background(7643ms) R(broadcast start Intent { 
act=android.intent.action.PACKAGE_RESTARTED dat=package: flg=0x4000010 (has extras) }) adj=250.
  07-13 19:41:40.011  1360  1668 W SDM     : DisplayBase::SetHWDetailedEnhancerConfig: SetDetailEnhancerConfig failed. err = 10
> 07-13 19:41:40.145 27036 27051 I artd    : GetBestInfo: /data/app/~~iOAovw6b3BecyqHkLf0i_g==/com.princevekariya.projectledger.personal.debug-FXwxydn-kK1W3C9Bpgifnw==/base.apk 
has no usable artifacts
  07-13 19:41:40.146  1289 31577 E sensors-hal: handle_sns_client_event:431, accel_sample(accelcal_available:0): ts=24235266689433 ns; value = [-0.719235, 0.125432, 9.901597], 
status=3
  07-13 19:41:40.150  1410  1410 D DisplayFeatureHal: DataCallback enter mLightRun 1  mInteracted_bl 2047 mDisplayState 1  kStateOn 1
  07-13 19:41:40.151  1410  1410 I DisplayFeatureHal: readPanelNTC, read panel temperature:37734
  07-13 19:41:40.151  1410  1410 I DisplayFeatureHal: checkHBMStatus enter lux 183.000000, timer 0, panelTemperature/1000 = temperature 37  screenoff 0
  07-13 19:41:40.151  1410  1410 D DisplayFeatureHal: checkHBMStatus mode 0 
  07-13 19:41:40.151  1410  1410 D DisplayFeatureHal: HandleHBM modeId 0 cookie 0  HBMStatus 0  isscreenoff 0
  07-13 19:41:40.155  1360  1668 W SDM     : DisplayBase::SetHWDetailedEnhancerConfig: SetDetailEnhancerConfig failed. err = 10
  07-13 19:41:40.166  1360  1668 W SDM     : DisplayBase::SetHWDetailedEnhancerConfig: SetDetailEnhancerConfig failed. err = 10
  07-13 19:41:40.177  1360  1668 W SDM     : DisplayBase::SetHWDetailedEnhancerConfig: SetDetailEnhancerConfig failed. err = 10
  07-13 19:41:40.189  1360  1668 W SDM     : DisplayBase::SetHWDetailedEnhancerConfig: SetDetailEnhancerConfig failed. err = 10
  07-13 19:41:40.200  1360  1668 W SDM     : DisplayBase::SetHWDetailedEnhancerConfig: SetDetailEnhancerConfig failed. err = 10
  07-13 19:41:40.211  1360  1668 W SDM     : DisplayBase::SetHWDetailedEnhancerConfig: SetDetailEnhancerConfig failed. err = 10
> 07-13 19:41:40.215 27023 27023 D nativeloader: Configuring clns-7 for other apk 
/data/app/~~iOAovw6b3BecyqHkLf0i_g==/com.princevekariya.projectledger.personal.debug-FXwxydn-kK1W3C9Bpgifnw==/base.apk. target_sdk_version=34, uses_libraries=, 
library_path=/data/app/~~iOAovw6b3BecyqHkLf0i_g==/com.princevekariya.projectledger.personal.debug-FXwxydn-kK1W3C9Bpgifnw==/lib/arm64, 
permitted_path=/data:/mnt/expand:/data/user/0/com.princevekariya.projectledger.personal.debug
  07-13 19:41:40.220  1255  3913 I vendor.qti.bluetooth@1.0-ibs_handler: DeviceSleep: TX Awake, Sending SLEEP_IND
  07-13 19:41:40.220  1255  3913 D vendor.qti.bluetooth@1.0-ibs_handler: SerialClockVote: vote for UART CLK OFF
  07-13 19:41:40.222  1360  1668 W SDM     : DisplayBase::SetHWDetailedEnhancerConfig: SetDetailEnhancerConfig failed. err = 10
  07-13 19:41:40.225 27023 27023 I Perf    : Connecting to perf service.
  07-13 19:41:40.230 27023 27023 V GraphicsEnvironment: Currently set values for:
  07-13 19:41:40.230 27023 27023 V GraphicsEnvironment:   angle_gl_driver_selection_pkgs=[]
  07-13 19:41:40.230 27023 27023 V GraphicsEnvironment:   angle_gl_driver_selection_values=[]
  07-13 19:41:40.230 27023 27023 V GraphicsEnvironment: Global.Settings values are invalid: number of packages: 0, number of values: 0
  07-13 19:41:40.230 27023 27023 V GraphicsEnvironment: App is not on the allowlist for updatable production driver.
  07-13 19:41:40.233  1360  1668 W SDM     : DisplayBase::SetHWDetailedEnhancerConfig: SetDetailEnhancerConfig failed. err = 10
  07-13 19:41:40.233 27023 27045 I ActivityThread: TrafficStats init done
  07-13 19:41:40.238  1289 20067 E sensors-hal: handle_sns_client_event:65, virtual_gyro_hal_event: ts=24235403049589 ns; x=-0.002827; y=0.000075; z=-0.001756; accuracy=3
> 07-13 19:41:40.238  2583  3861 I ClipboardServiceI: checkProviderWakePathForClipboard: com.princevekariya.projectledger.personal.debugis not a activePermissionOwner
  07-13 19:41:40.244  1360  1668 W SDM     : DisplayBase::SetHWDetailedEnhancerConfig: SetDetailEnhancerConfig failed. err = 10
  07-13 19:41:40.246  1289 31577 E sensors-hal: handle_sns_client_event:431, accel_sample(accelcal_available:0): ts=24235368244120 ns; value = [-0.716842, 0.118253, 9.925526], 
status=3
  07-13 19:41:40.249  1410  1410 D DisplayFeatureHal: DataCallback enter mLightRun 1  mInteracted_bl 2047 mDisplayState 1  kStateOn 1
  07-13 19:41:40.249  1410  1410 I DisplayFeatureHal: readPanelNTC, read panel temperature:37734
  07-13 19:41:40.251  1410  1410 I DisplayFeatureHal: checkHBMStatus enter lux 183.000000, timer 0, panelTemperature/1000 = temperature 37  screenoff 0
  07-13 19:41:40.251  1410  1410 D DisplayFeatureHal: checkHBMStatus mode 0 
  07-13 19:41:40.251  1410  1410 D DisplayFeatureHal: HandleHBM modeId 0 cookie 0  HBMStatus 0  isscreenoff 0
  07-13 19:41:40.254  2583  3861 D ForceDarkAppConfigProvider: cloudConfigVersion: -1   localConfigVersion:20250619
> 07-13 19:41:40.254  2583  3861 I UiModeManager: systemserver package:com.princevekariya.projectledger.personal.debug null
> 07-13 19:41:40.255 27023 27045 I ForceDarkHelperStubImpl: initialize for com.princevekariya.projectledger.personal.debug , ForceDarkAppConfig: null
  07-13 19:41:40.255  1360  1668 W SDM     : DisplayBase::SetHWDetailedEnhancerConfig: SetDetailEnhancerConfig failed. err = 10
  07-13 19:41:40.258 27023 27045 D nativeloader: Load libforcedarkimpl.so using system ns (caller=/system_ext/framework/miui-framework.jar): ok
  07-13 19:41:40.259 27023 27045 D HWUI    : JNI_OnLoad success
  07-13 19:41:40.259 27023 27045 I MiuiForceDarkConfig: setConfig density:2.750000, mainRule:0, secondaryRule:0, tertiaryRule:0
> 07-13 19:41:40.263  2583  3861 D MiuiForceVkService: shouldUseVk, pkg=com.princevekariya.projectledger.personal.debug useVk 0
  07-13 19:41:40.264 27023 27045 I ActivityThread: Miui Feature Init done
  07-13 19:41:40.266 27023 27023 W libc    : Access denied finding property "vendor.boostfwk.frameprefetcher"
  07-13 19:41:40.266  1360  1668 W SDM     : DisplayBase::SetHWDetailedEnhancerConfig: SetDetailEnhancerConfig failed. err = 10
  07-13 19:41:40.278  1360  1668 W SDM     : DisplayBase::SetHWDetailedEnhancerConfig: SetDetailEnhancerConfig failed. err = 10
> 07-13 19:41:40.284 27023 27023 I ProjectLedger: application_started | Application logging and process error reporting are ready.
  07-13 19:41:40.286  2583  3861 W MiuiBoosterUtils: enable_miuibooster_launch : false
  07-13 19:41:40.289  1360  1668 W SDM     : DisplayBase::SetHWDetailedEnhancerConfig: SetDetailEnhancerConfig failed. err = 10
  07-13 19:41:40.289  2583  3861 I ATMSImpl: cacheTasksForDefaultDisplay size=5 topId=2
  07-13 19:41:40.290  3598  3850 D MiuiFreeformModeCornerTipHandler: task#74 onTaskVanished
  07-13 19:41:40.290  3598  3850 I MiuiBubbleController: removeBubble: 74 reason=2
  07-13 19:41:40.290  3598  3850 I MultiTaskingTaskRepository: onTaskInfoChanged multi list = [5, 4], full = [74, 60, 59, 57]
  07-13 19:41:40.291  2583  3861 D WindowManagerService: checkFlipFullScreenChange is same, nowIsFullScreen = false
  07-13 19:41:40.294  3598  3873 E SurfaceComposerClient: SurfaceComposerClient::Transaction::setAlpha: invalid alpha 1.000026, clamping
  07-13 19:41:40.295  2583  3117 I NetworkBoostStatusManager: onForegroundInfoChanged uid:10376, isColdStart:true
  07-13 19:41:40.295  2583  3117 I SLM-SRV-SLAToast: foreground uid:10376, isColdStart:true, isLinkTurboEnable:false
  07-13 19:41:40.295  2583  3117 D NetworkSDKService: handleMultiAppsDualWifi isSet = false isEverOpened = false
> 07-13 19:41:40.295  2583  3117 D CameraBlackCoveredManager: mForegroundPackage = com.princevekariya.projectledger.personal.debug mOccupiedPackage = null
  07-13 19:41:40.296  2583  3117 D BluetoothAdapter: getActiveDevices(profile= A2DP)
> 07-13 19:41:40.296  7939  9647 D DFS-AppUsageTracker: Fg changed, new=com.princevekariya.projectledger.personal.debug, but charging.
> 07-13 19:41:40.299  7939  9647 D DFS-AppUsageTracker: Fg changed, new=com.princevekariya.projectledger.personal.debug, but charging.
  07-13 19:41:40.300  1360  1668 W SDM     : DisplayBase::SetHWDetailedEnhancerConfig: SetDetailEnhancerConfig failed. err = 10
  07-13 19:41:40.302  2583  3861 D MiSensorServiceImpl: PowerKeeperSensor resume iUid:10376 but app has not in Controlled
  07-13 19:41:40.303  7939  8163 D MilletUtils: setUidState, uid = 10376 allow = true
  07-13 19:41:40.304 27023 27023 E FileUtils: err open mi_exception_log errno=2
  07-13 19:41:40.304 27023 27023 E FileUtils: err write to mi_exception_log
  07-13 19:41:40.304  2528  2528 E android.hardware.thermal@2.0-service.qti-v2: ThermalHAL not initialized properly.
  07-13 19:41:40.305  2583  4073 D MiSensorServiceImpl: PowerKeeperSensor resume iUid:10376 but app has not in Controlled
  07-13 19:41:40.305  2583  3861 E ThermalHalWrapper: Couldn't get temperatures because of HAL error: ThermalHAL not initialized properly.
  07-13 19:41:40.306  3598  3873 E SurfaceComposerClient: SurfaceComposerClient::Transaction::setAlpha: invalid alpha 1.000047, clamping
  07-13 19:41:40.306  2583  2779 D CompatChangeReporter: Compat change id reported: 262645982; UID 10376; state: ENABLED
  07-13 19:41:40.307  3517  7208 I BluetoothAdapterService: getActiveDevices: A2dp device: XX:XX:XX:XX:46:DF
  07-13 19:41:40.307  2583  3117 D BluetoothAdapter: getActiveDevices(profile= HEADSET)
  07-13 19:41:40.309  3517  7208 I BluetoothAdapterService: getActiveDevices: Headset device: XX:XX:XX:XX:46:DF
  07-13 19:41:40.309 27023 27023 D FramePredict: FramePredict init: true
  07-13 19:41:40.309  2583  3117 D BluetoothAdapter: getActiveDevices(profile= LE_AUDIO)
  07-13 19:41:40.311  1360  1668 W SDM     : DisplayBase::SetHWDetailedEnhancerConfig: SetDetailEnhancerConfig failed. err = 10
  07-13 19:41:40.312  3517  7208 E BluetoothAdapterService: getActiveDevices: LeAudioService is null
  07-13 19:41:40.312  7939  8163 D MilletUtils: setUidState, uid = 10376 allow = true
  07-13 19:41:40.312  2583  3258 D MiSensorServiceImpl: PowerKeeperSensor resume iUid:10376 but app has not in Controlled
  07-13 19:41:40.313  1446  3005 D AudioFlingerImpl: setGameParameters keyvalue: bluetoothlowlatencystatus=false;foregroundUid=10376
  07-13 19:41:40.314  1252  5086 D AHAL: AudioDeviceCustom: SetParameters bluetoothlowlatencystatus=false;foregroundUid=10376
  07-13 19:41:40.314  1252  5086 D AHAL: AudioDevice: SetParameters: 1374: enter: bluetoothlowlatencystatus=false;foregroundUid=10376
  07-13 19:41:40.314  1252  5086 D AHAL: AudioVoice: VoiceSetParameters: 86: Enter params: bluetoothlowlatencystatus=false;foregroundUid=10376
  07-13 19:41:40.314  1252  5086 D AHAL: AudioVoice: VoiceSetParameters: 307: Exit ret: 0
  07-13 19:41:40.314  1252  5086 D AHAL: FM: fm_set_parameters: 262: Enter
> 07-13 19:41:40.317  7939 11104 D PerfEngineController: ForegroundInfo{mForegroundPackageName='com.princevekariya.projectledger.personal.debug', mForegroundUid=10376, 
mForegroundPid=27023, mLastForegroundPackageName='com.mi.android.globallauncher', mLastForegroundUid=10171, mLastForegroundPid=3621, 
mMultiWindowForegroundPackageName='com.princevekariya.projectledger.personal.debug', mMultiWindowForegroundUid=10376, mFlags=1}
> 07-13 19:41:40.317  9462  9472 I GST     : forePkg: com.princevekariya.projectledger.personal.debug, preForePkg: com.mi.android.globallauncher
> 07-13 19:41:40.318  6347 31516 I ProcessMonitor: onForegroundInfoChanged: ForegroundInfo{mForegroundPackageName='com.princevekariya.projectledger.personal.debug', 
mForegroundUid=10376, mForegroundPid=27023, mLastForegroundPackageName='com.mi.android.globallauncher', mLastForegroundUid=10171, mLastForegroundPid=3621, 
mMultiWindowForegroundPackageName='com.princevekariya.projectledger.personal.debug', mMultiWindowForegroundUid=10376, mFlags=1}
  07-13 19:41:40.318  6347 29254 D x1      : myUserId = 0	currentUserId0
  07-13 19:41:40.319  9462  9472 D VENUS_GAMEAI_START_GameAiStartManager: Θ½ÿΦâ╜µù╢σê╗µ£¬σ«ëΦúà
> 07-13 19:41:40.319  6347 31516 I GameBoosterService: onForegroundInfoChanged: Cur=com.princevekariya.projectledger.personal.debug	 last=com.mi.android.globallauncher
> 07-13 19:41:40.319  6347 31516 D GameBoosterService: onGameStatusChange foreground:ForegroundInfo{mForegroundPackageName='com.princevekariya.projectledger.personal.debug', 
mForegroundUid=10376, mForegroundPid=27023, mLastForegroundPackageName='com.mi.android.globallauncher', mLastForegroundUid=10171, mLastForegroundPid=3621, 
mMultiWindowForegroundPackageName='com.princevekariya.projectledger.personal.debug', mMultiWindowForegroundUid=10376, mFlags=1}
  07-13 19:41:40.320  6347 31516 I VideoBoxUtils: isSupportVideoBox: true
  07-13 19:41:40.321 27023 27063 W libc    : Access denied finding property "vendor.migl.debug"
  07-13 19:41:40.322  1360  1668 W SDM     : DisplayBase::SetHWDetailedEnhancerConfig: SetDetailEnhancerConfig failed. err = 10
  07-13 19:41:40.322 27023 27063 D libMiGL : SuperResolution SR initSR mBaseSRWidthSize: 0, mBaseSRHeightSize: 0, mTargetSRWidthSize: 0, mTargetSRHeightSize: 0
  07-13 19:41:40.323 27023 27063 I libMiGL : EnableDR: 0
  07-13 19:41:40.323 27023 27063 D libMiGL : mDFIInterval: -1
  07-13 19:41:40.323  6347 31516 I VideoToolBoxService: splitMode: onfalse
  07-13 19:41:40.325 27023 27063 I AdrenoGLES-0: QUALCOMM build                   : a63fb93269, I16b8254a37
  07-13 19:41:40.325 27023 27063 I AdrenoGLES-0: Build Date                       : 08/27/24
  07-13 19:41:40.325 27023 27063 I AdrenoGLES-0: OpenGL ES Shader Compiler Version: EV031.36.08.30
  07-13 19:41:40.325 27023 27063 I AdrenoGLES-0: Local Branch                     : 
  07-13 19:41:40.325 27023 27063 I AdrenoGLES-0: Remote Branch                    : refs/tags/AU_LINUX_ANDROID_LA.VENDOR.1.0.11.00.00.770.073
  07-13 19:41:40.325 27023 27063 I AdrenoGLES-0: Remote Branch                    : NONE
  07-13 19:41:40.325 27023 27063 I AdrenoGLES-0: Reconstruct Branch               : NOTHING
  07-13 19:41:40.325 27023 27063 I AdrenoGLES-0: Build Config                     : S P 12.1.1 AArch64
  07-13 19:41:40.325 27023 27063 I AdrenoGLES-0: Driver Path                      : /vendor/lib64/egl/libGLESv2_adreno.so
  07-13 19:41:40.325 27023 27063 I AdrenoGLES-0: Driver Version                   : 0615.91
> 07-13 19:41:40.325  3582  1538 D NetworkMetricsController: processUidChangeEvent :activity 
is:ComponentInfo{com.princevekariya.projectledger.personal.debug/com.princevekariya.projectledger.MainActivity}
  07-13 19:41:40.325  3582  1538 D NetworkMetricsController: processUidChangeEvent :mCurApptype is NONE tempAppType is NONE
  07-13 19:41:40.327  2583  3258 I SmartPower: com.google.android.gms/99910154(17651): idle->background(4097ms) R(service destroy 
com.google.android.gms/.chimera.GmsIntentOperationService) adj=800.
  07-13 19:41:40.328  3598  3873 E SurfaceComposerClient: SurfaceComposerClient::Transaction::setAlpha: invalid alpha 1.000064, clamping
  07-13 19:41:40.329  3598  3873 E SurfaceComposerClient: SurfaceComposerClient::Transaction::setAlpha: invalid alpha 1.000064, clamping
  07-13 19:41:40.329  2583  6106 I SmartPower: com.google.android.gms/10154(5295): idle->background(5586ms) R(service destroy 
com.google.android.gms/.chimera.GmsIntentOperationService) adj=250.
  07-13 19:41:40.330  3598  3850 D SoScUtils: monitorTransitionFinished transition:android.os.BinderProxy@2f524df transaction: android.view.SurfaceControl$Transaction@e29d992 
mRequestCloseTransition:null mRequestOpenTransition:null mRequestOpenTransitionWithSameTask size:0 mPairsOpenTransition:null mPairsOpenTransitionNull:null 
mRequestOpenTriggerTask:-1 mRequestCloseTriggerTask:-1 mOrientationTransition: null mMainStartingTask:-1 mSideStartingTask:-1
  07-13 19:41:40.332  6347 31516 D FreeformUtil: retrieveFirstNoFreeformRootTaskInfo: windowMode = 1
  07-13 19:41:40.332  6347 31516 I VideoToolBoxService: not support vtb. skipExit : false
> 07-13 19:41:40.332  6347 31516 D GlobalDock-MonitorService: onForegroundInfoChanged: appUserId=0	myUserId=0	foregroundInfo = 
ForegroundInfo{mForegroundPackageName='com.princevekariya.projectledger.personal.debug', mForegroundUid=10376, mForegroundPid=27023, 
mLastForegroundPackageName='com.mi.android.globallauncher', mLastForegroundUid=10171, mLastForegroundPid=3621, 
mMultiWindowForegroundPackageName='com.princevekariya.projectledger.personal.debug', mMultiWindowForegroundUid=10376, mFlags=1}
  07-13 19:41:40.333  6347  9311 D x1      : myUserId = 0	currentUserId0
  07-13 19:41:40.333  1360  1668 W SDM     : DisplayBase::SetHWDetailedEnhancerConfig: SetDetailEnhancerConfig failed. err = 10
  07-13 19:41:40.334  6347  9311 I GlobalDock-MonitorService: onDockSwitchChange : isDeviceProvisioned = true dockSwitch = true	 forceMode = false	 batteryMode = false	 dockShow 
= true	currentUser = true	 isBound = true	 isLocked = false
  07-13 19:41:40.338  1289 20067 E sensors-hal: handle_sns_client_event:65, virtual_gyro_hal_event: ts=24235503034485 ns; x=0.001245; y=-0.004716; z=0.002664; accuracy=3
  07-13 19:41:40.338 27023 27063 I AdrenoGLES-0: PFP: 0x016ee206, ME: 0x00000000
  07-13 19:41:40.339  2583  2605 D WindowManager: Finish Transition (#347): created at 07-13 19:41:39.654 collect-started=0.322ms request-sent=18.158ms started=21.734ms 
ready=83.078ms sent=87.106ms finished=684.035ms
  07-13 19:41:40.339  6347  9311 D x1      : myUserId = 0	currentUserId0
  07-13 19:41:40.339  2583  3861 E WindowManager: setClientVisible ActivityRecord{4450c0c u0 com.mi.android.globallauncher/com.miui.home.launcher.Launcher t2} false
  07-13 19:41:40.340  2583  3861 E WindowManager: setClientVisible WallpaperWindowToken{bbd36f token=android.os.Binder@edff64e} false
  07-13 19:41:40.340  2583  3861 E WindowManager: setClientVisible WallpaperWindowToken{7c5aead token=android.os.Binder@c12bc71} false
  07-13 19:41:40.340  6347  9311 I GlobalDock-MonitorService: onDockSwitchChange: mGameWindowBinder = com.miui.gamebooster.service.IGameBoosterWindow$Stub$a@2473f69
> 07-13 19:41:40.340  2583  3861 I Transition: finishTransition: updateLastSurfacePosition tf=Task{571c177 #74 type=standard 
A=10376:com.princevekariya.projectledger.personal.debug}
  07-13 19:41:40.341  3621  3621 D VRI[Launcher]: visibilityChanged oldVisibility=true newVisibility=false
  07-13 19:41:40.342  3598  3850 I RemoteTransitionHandlerStubImpl: invokeAndRemoveWctCB transition is null, curWctCB: null
  07-13 19:41:40.341  1474 29272 W VsyncModulator: setTransactionSchedule: Unexpected EarlyEnd
  07-13 19:41:40.342  3342  3342 I MiuiWallpaper-MiuiKeyguardPictorialWallpaper: onVisibilityChanged, visible = false
> 07-13 19:41:40.342 11754 11754 I DockWindowManagerService: enterDockMode: m=4	curM=DockWindowType{this=48022641, dockType=4, lastType=0}	cs=false	
p=com.princevekariya.projectledger.personal.debug	c=null	isStart=true
  07-13 19:41:40.342 11754 11754 I DockWindowManagerService: onEnterSameDockMode
  07-13 19:41:40.342  3342  3342 I MiuiWallpaper-ImageWallpaper: onVisibilityChanged, visible = false
  07-13 19:41:40.343 11754 11754 D DockWindowManager: updateSidebarWrapperAssistant, mDockWindowType = 4
  07-13 19:41:40.343 11754 11754 D DockWindowManager: [RegionSample updateSideBar] condition startRegopmSample 
> 07-13 19:41:40.343 11754 11754 D DockWindowManager: com.princevekariya.projectledger.personal.debug is in not whitelist, start region sampling
  07-13 19:41:40.343 11754 11754 I RegionSamplingImageView: startRegionSampling, isSmaplingOnce:false
  07-13 19:41:40.343 11754 11754 D SidebarLayoutUtils: adjustSidebarY: 420
  07-13 19:41:40.343 11754 11754 I SidebarLayoutUtils: getSidebarY, y = 420
  07-13 19:41:40.343 11754 11754 D MiuiMultiWindowUtils: supportMultiWindow: isSupportDevice = -1
  07-13 19:41:40.344 11754 11754 I DockFeature: isSupportDock: isSupportFreeform=true	isPhone=true	isAboveMiui125=true	isSupportDock=true	isDevBuild=false
  07-13 19:41:40.345  2583  3258 W UserManagerService: Requested status bar icon for non-badged user 0
  07-13 19:41:40.345  1360  1668 W SDM     : DisplayBase::SetHWDetailedEnhancerConfig: SetDetailEnhancerConfig failed. err = 10
  07-13 19:41:40.346  1289 31577 E sensors-hal: handle_sns_client_event:431, accel_sample(accelcal_available:0): ts=24235469794901 ns; value = [-0.726413, 0.123039, 9.911168], 
status=3
  07-13 19:41:40.347 11754 11754 D DockWindowManager: calAdaptCutoutHeight cutoutRect : Rect(0, 0 - 0, 0) sidebarWrapperTopY = 420 sidebarBottomY = 729
  07-13 19:41:40.350 11754 11754 I DockWindowManager: saveSidebarBounds: last = [{"l":0,"t":483,"r":8,"b":665}]
  07-13 19:41:40.350 11754 11754 I DockWindowManagerService: unregisterBroadcast:true
  07-13 19:41:40.350  1410  1410 D DisplayFeatureHal: DataCallback enter mLightRun 1  mInteracted_bl 2047 mDisplayState 1  kStateOn 1
  07-13 19:41:40.350  1410  1410 I DisplayFeatureHal: readPanelNTC, read panel temperature:37734
  07-13 19:41:40.350  1410  1410 I DisplayFeatureHal: checkHBMStatus enter lux 183.000000, timer 0, panelTemperature/1000 = temperature 37  screenoff 0
  07-13 19:41:40.350  1410  1410 D DisplayFeatureHal: checkHBMStatus mode 0 
  07-13 19:41:40.350  1410  1410 D DisplayFeatureHal: HandleHBM modeId 0 cookie 0  HBMStatus 0  isscreenoff 0
  07-13 19:41:40.351  2583  2634 E WindowManager: setClientVisible WallpaperWindowToken{7c5aead token=android.os.Binder@c12bc71} false
  07-13 19:41:40.351  2583  2634 E WindowManager: setClientVisible WallpaperWindowToken{bbd36f token=android.os.Binder@edff64e} false
  07-13 19:41:40.351  3598  3850 D MultiTaskingTaskRepository: addOrMoveFullscreenTaskToTop taskId=74
  07-13 19:41:40.351  3598  3850 D MiuiFreeformModeCornerTipHandler: task#74 onTaskVanished
  07-13 19:41:40.351  3598  3850 I MiuiBubbleController: removeBubble: 74 reason=2
  07-13 19:41:40.351  3598  3850 I MultiTaskingTaskRepository: onTaskInfoChanged multi list = [5, 4], full = [74, 60, 59, 57]
> 07-13 19:41:40.351  3598  3850 D MiuiFreeformModeController: onFocusTaskChanged taskInfo: TaskInfo{userId=0 taskId=74 displayId=0 isRunning=true baseIntent=Intent { 
flg=0x10000000 cmp=com.princevekariya.projectledger.personal.debug/com.princevekariya.projectledger.MainActivity } 
baseActivity=ComponentInfo{com.princevekariya.projectledger.personal.debug/com.princevekariya.projectledger.MainActivity} 
topActivity=ComponentInfo{com.princevekariya.projectledger.personal.debug/com.princevekariya.projectledger.MainActivity} origActivity=null 
realActivity=ComponentInfo{com.princevekariya.projectledger.personal.debug/com.princevekariya.projectledger.MainActivity} numActivities=1 lastActiveTime=24235456 
supportsSplitScreenMultiWindow=true supportsMultiWindow=true resizeMode=1 isResizeable=true minWidth=-1 minHeight=-1 defaultMinSize=200 
token=WCT{android.window.IWindowContainerToken$Stub$Proxy@1084f63} topActivityType=1 pictureInPictureParams=null shouldDockBigOverlays=false launchIntoPipHostTaskId=-1 
lastParentTaskIdBeforePip=-1 displayCutoutSafeInsets=Rect(0, 104 - 0, 0) topActivityInfo=ActivityInfo{24c2760 com.princevekariya.projectledger.MainActivity} launchCookies=[] 
positionInParent=Point(0, 0) parentTaskId=-1 isFocused=true isVisible=true isVisibleRequested=true isSleeping=false locusId=null displayAreaFeatureId=1 
isTopActivityTransparent=false appCompatTaskInfo=AppCompatTaskInfo { topActivityInSizeCompat=false topActivityInMiuiSizeCompat=false topActivityEligibleForLetterboxEducation= 
falseisLetterboxEducationEnabled= false isLetterboxDoubleTapEnabled= false topActivityEligibleForUserAspectRatioButton= false topActivityBoundsLetterboxed= false 
isFromLetterboxDoubleTap= false topActivityLetterboxVerticalPosition= -1 topActivityLetterboxHorizontalPosition= -1 topActivityLetterboxWidth=1080 topActivityLetterboxHeight=2460 
isUserFullscreenOverrideEnabled=false isSystemFullscreenOverrideEnabled=false cameraCompatTaskInfo=CameraCompatTaskInfo { cameraCompatControlState=hidden 
freeformCameraCompatMode=inactive}} isImmersive=false mTopActivityRequestOrientation=-1 mBehindAppLockPkg=null mOriginatingUid=0 isEmbedded=false shouldBeVisible=true 
mIsCastMode=false mTopActivityMediaSize=null mTopActivityRecordName=ActivityRecord{78e569b u0 
com.princevekariya.projectledger.personal.debug/com.princevekariya.projectledger.MainActivity t74} mTopActivityOrientation=-1}
  07-13 19:41:40.354  3598  3850 I MultiTaskingTaskRepository: needSkip: is home task
  07-13 19:41:40.357  1360  1668 W SDM     : DisplayBase::SetHWDetailedEnhancerConfig: SetDetailEnhancerConfig failed. err = 10
  07-13 19:41:40.359  3621  3698 D EventBus: No subscribers registered for event class com.miui.home.recents.messages.RecentTasksChangedEvent
  07-13 19:41:40.359  2583  3795 W UserManagerService: Requested status bar icon for non-badged user 0
  07-13 19:41:40.359  3621  3698 D EventBus: No subscribers registered for event class org.greenrobot.eventbus.NoSubscriberEvent
  07-13 19:41:40.359  3621  5752 W MiBridge: Permission not granted !!
  07-13 19:41:40.360  3598  3850 D MiuiFreeformModeCornerTipHandler: task#74 onTaskVanished
  07-13 19:41:40.360  3621  5752 D Launcher.Boost: setDynamicVIPTaskIfNeeded::tid = 103 duration = 500
  07-13 19:41:40.361  3598  3850 I MiuiBubbleController: removeBubble: 74 reason=2
  07-13 19:41:40.361  3598  3850 I MultiTaskingTaskRepository: onTaskInfoChanged multi list = [5, 4], full = [74, 60, 59, 57]
  07-13 19:41:40.361  2583  3861 E WindowManager: setClientVisible WallpaperWindowToken{7c5aead token=android.os.Binder@c12bc71} false
  07-13 19:41:40.361  2583  3861 E WindowManager: setClientVisible WallpaperWindowToken{bbd36f token=android.os.Binder@edff64e} false
  07-13 19:41:40.361  3621 12744 D TaskStackChangeListeners: onTaskDescriptionChanged =  taskId = 74
> 07-13 19:41:40.364 27023 27023 I ProjectLedger: main_activity_created | Main application activity is ready.
  07-13 19:41:40.369  2583  4074 I ATMSImpl: cacheTasksForDefaultDisplay size=5 topId=74
  07-13 19:41:40.369  1474 29272 I BpBinder: onLastStrongRef automatically unlinking death recipients: 
  07-13 19:41:40.370  1255  3844 D vendor.qti.bluetooth@1.0-wake_lock: Release wakelock is released 
  07-13 19:41:40.372  2583  2634 E WindowManager: setClientVisible WallpaperWindowToken{7c5aead token=android.os.Binder@c12bc71} false
  07-13 19:41:40.372  2583  2634 E WindowManager: setClientVisible WallpaperWindowToken{bbd36f token=android.os.Binder@edff64e} false
  07-13 19:41:40.372  3621  5752 D RecentsModel: getRunningTask ignoreActivityType : 2 ,ignoreWindowMode:5
> 07-13 19:41:40.373  3621  5752 W RecentsModel: getRunningTask   taskInfo=TaskInfo{userId=0 taskId=74 displayId=0 isRunning=true baseIntent=Intent { flg=0x10000000 
cmp=com.princevekariya.projectledger.personal.debug/com.princevekariya.projectledger.MainActivity } 
baseActivity=ComponentInfo{com.princevekariya.projectledger.personal.debug/com.princevekariya.projectledger.MainActivity} 
topActivity=ComponentInfo{com.princevekariya.projectledger.personal.debug/com.princevekariya.projectledger.MainActivity} origActivity=null 
realActivity=ComponentInfo{com.princevekariya.projectledger.personal.debug/com.princevekariya.projectledger.MainActivity} numActivities=1 lastActiveTime=24235537 
supportsSplitScreenMultiWindow=true supportsMultiWindow=true resizeMode=1 isResizeable=true minWidth=-1 minHeight=-1 defaultMinSize=200 
token=WCT{android.window.IWindowContainerToken$Stub$Proxy@36d5291} topActivityType=1 pictureInPictureParams=null shouldDockBigOverlays=false launchIntoPipHostTaskId=-1 
lastParentTaskIdBeforePip=-1 displayCutoutSafeInsets=Rect(0, 104 - 0, 0) topActivityInfo=ActivityInfo{1da85f6 com.princevekariya.projectledger.MainActivity} launchCookies=[] 
positionInParent=Point(0, 0) parentTaskId=-1 isFocused=true isVisible=true isVisibleRequested=true isSleeping=false locusId=null displayAreaFeatureId=1 
isTopActivityTransparent=false appCompatTaskInfo=AppCompatTaskInfo { topActivityInSizeCompat=false topActivityInMiuiSizeCompat=false topActivityEligibleForLetterboxEducation= 
falseisLetterboxEducationEnabled= false isLetterboxDoubleTapEnabled= false topActivityEligibleForUserAspectRatioButton= false topActivityBoundsLetterboxed= false 
isFromLetterboxDoubleTap= false topActivityLetterboxVerticalPosition= -1 topActivityLetterboxHorizontalPosition= -1 topActivityLetterboxWidth=1080 topActivityLetterboxHeight=2460 
isUserFullscreenOverrideEnabled=false isSystemFullscreenOverrideEnabled=false cameraCompatTaskInfo=CameraCompatTaskInfo { cameraCompatControlState=hidden 
freeformCameraCompatMode=inactive}} isImmersive=false mTopActivityRequestOrientation=-1 mBehindAppLockPkg=null mOriginatingUid=0 isEmbedded=false shouldBeVisible=true 
mIsCastMode=false mTopActivityMediaSize=null mTopActivityRecordName=ActivityRecord{78e569b u0 
com.princevekariya.projectledger.personal.debug/com.princevekariya.projectledger.MainActivity t74} mTopActivityOrientation=-1}
  07-13 19:41:40.375  3621  5752 E ActivityManagerWrapper: get all recent tasks force including 74
  07-13 19:41:40.377  2583  6106 I ATMSImpl: cacheTasksForDefaultDisplay size=5 topId=74
  07-13 19:41:40.383  3621  5752 E ActivityManagerWrapper: getRecentTasksForceIncludingTaskIdIfValid: getRecentTasks: size=4
> 07-13 19:41:40.383  3621  5752 E ActivityManagerWrapper:  mainTaskId=74   userId=0   windowMode=1   baseIntent=Intent { act=null flag=268435456 
cmp=ComponentInfo{com.princevekariya.projectledger.personal.debug/com.princevekariya.projectledger.MainActivity} }
> 07-13 19:41:40.383  3621  5752 E ActivityManagerWrapper:  mainTaskId=60   userId=0   windowMode=1   baseIntent=Intent { act=android.intent.action.MAIN flag=270532608 
cmp=ComponentInfo{com.princevekariya.projectledger.debug/com.princevekariya.projectledger.MainActivity} }
> 07-13 19:41:40.383  3621  5752 E ActivityManagerWrapper:  mainTaskId=59   userId=0   windowMode=1   baseIntent=Intent { act=android.intent.action.MAIN flag=270532608 
cmp=ComponentInfo{com.princevekariya.projectledger/com.princevekariya.projectledger.MainActivity} }
  07-13 19:41:40.383  3621  5752 E ActivityManagerWrapper:  mainTaskId=57   userId=0   windowMode=1   baseIntent=Intent { act=android.intent.action.MAIN flag=335544320 
cmp=ComponentInfo{com.android.settings/com.android.settings.Settings$TetherSettingsActivity} }
> 07-13 19:41:40.385  3621  5752 D RecentsTaskLoader: reloadTasksData [TaskKey{id=74, stackId=0, baseIntent=Intent { flg=0x10000000 
cmp=com.princevekariya.projectledger.personal.debug/com.princevekariya.projectledger.MainActivity }, userId=0, lastActiveTime=24235456, windowingMode=1, isThumbnailBlur=false, 
isAccessLocked=false, isScreening=false, topActivity=ComponentInfo{com.princevekariya.projectledger.personal.debug/com.princevekariya.projectledger.MainActivity}, 
mHashCode=3128086}, title=Project Ledger Personal Dev, titleDescription=Project Ledger Personal Dev, bounds=null, isLaunchTarget=true, isStackTask=true, isSystemApp=false, 
isDockable=true, baseActivity=ComponentInfo{com.princevekariya.projectledger.personal.debug/com.princevekariya.projectledger.MainActivity}, isLocked=false, mNeedHide=false, 
hasMultipleTasks=false, cti1Key=, cti2Key=] 
  07-13 19:41:40.386  3621  5752 W IconCustomizer: Density abnormal: context density=442 systemDensity=440
  07-13 19:41:40.386  3621  5752 W IconCustomizer: Density abnormal: context density=442 systemDensity=440
  07-13 19:41:40.388  3621  5752 D TaskSnapshotCompatVV: getIsInvalidateFromTaskSnapshot, return, mTaskSnapshot=null, mTaskSnapshotClazz=null
> 07-13 19:41:40.388  3621  5752 D RecentsTaskLoader: reloadTasksData [TaskKey{id=60, stackId=0, baseIntent=Intent { act=android.intent.action.MAIN 
cat=[android.intent.category.LAUNCHER] flg=0x10200000 cmp=com.princevekariya.projectledger.debug/com.princevekariya.projectledger.MainActivity }, userId=0, 
lastActiveTime=22163500, windowingMode=1, isThumbnailBlur=false, isAccessLocked=false, isScreening=false, 
topActivity=ComponentInfo{com.princevekariya.projectledger.debug/com.princevekariya.projectledger.MainActivity}, mHashCode=2711012}, title=Project Ledger Play Dev, 
titleDescription=Project Ledger Play Dev, bounds=null, isLaunchTarget=false, isStackTask=true, isSystemApp=false, isDockable=true, 
baseActivity=ComponentInfo{com.princevekariya.projectledger.debug/com.princevekariya.projectledger.MainActivity}, isLocked=false, mNeedHide=false, hasMultipleTasks=false, 
cti1Key=, cti2Key=] 
> 07-13 19:41:40.388  3621  5752 D RecentsTaskLoader: reloadTasksData [TaskKey{id=59, stackId=0, baseIntent=Intent { act=android.intent.action.MAIN 
cat=[android.intent.category.LAUNCHER] flg=0x10200000 cmp=com.princevekariya.projectledger/.MainActivity }, userId=0, lastActiveTime=22148037, windowingMode=1, 
isThumbnailBlur=false, isAccessLocked=false, isScreening=false, topActivity=ComponentInfo{com.princevekariya.projectledger/com.princevekariya.projectledger.MainActivity}, 
mHashCode=2681221}, title=Project Ledger, titleDescription=Project Ledger, bounds=null, isLaunchTarget=false, isStackTask=true, isSystemApp=false, isDockable=true, 
baseActivity=ComponentInfo{com.princevekariya.projectledger/com.princevekariya.projectledger.MainActivity}, isLocked=false, mNeedHide=false, hasMultipleTasks=false, cti1Key=, 
cti2Key=] 
  07-13 19:41:40.388  3621  5752 D RecentsTaskLoader: reloadTasksData [TaskKey{id=57, stackId=0, baseIntent=Intent { act=android.intent.action.MAIN flg=0x14000000 
cmp=com.android.settings/.Settings$TetherSettingsActivity }, userId=0, lastActiveTime=21053370, windowingMode=1, isThumbnailBlur=false, isAccessLocked=true, isScreening=false, 
topActivity=ComponentInfo{com.miui.securitycenter/com.miui.applicationlock.ConfirmAccessControl}, mHashCode=2621639}, title=App lock, titleDescription=Security App lock, 
bounds=null, isLaunchTarget=true, isStackTask=true, isSystemApp=true, isDockable=true, 
baseActivity=ComponentInfo{com.android.settings/com.android.settings.Settings$TetherSettingsActivity}, isLocked=false, mNeedHide=false, hasMultipleTasks=false, cti1Key=, 
cti2Key=] 
  07-13 19:41:40.396  3582  3582 D DynamicService_WifiBt: PhoneStateListener.onDataActivity: direction=2
  07-13 19:41:40.396  3582  3582 D DynamicService_WifiBt: modem or radio power state change,messageType: 128 state: 2
  07-13 19:41:40.416 27023 27023 W libc    : Access denied finding property "ro.vendor.df.effect.conflict"
> 07-13 19:41:40.413 27023 27023 W .personal.debug: type=1400 audit(0.0:22241): avc:  denied  { read } for  name="u:object_r:vendor_displayfeature_prop:s0" dev="tmpfs" ino=452 
scontext=u:r:untrusted_app:s0:c120,c257,c512,c768 tcontext=u:object_r:vendor_displayfeature_prop:s0 tclass=file permissive=0 app=com.princevekariya.projectledger.personal.debug
> 07-13 19:41:40.418  2583  3409 D AppLock_AccessControlImpl: activityResume packageName: com.princevekariya.projectledger.personal.debug userId: 0 enabled: true
  07-13 19:41:40.418  2583  3409 D AppLock_AccessControlImpl: activityResume lockMode: 2
  07-13 19:41:40.418 27023 27023 D SecurityManager: checkAccessControl flag1
  07-13 19:41:40.419  1446  3005 D AudioFlingerImpl: setGameParameters keyvalue: gamebooster=false
  07-13 19:41:40.419  1252  5086 D AHAL: AudioDeviceCustom: SetParameters gamebooster=false
  07-13 19:41:40.419  1252  5086 D AHAL: AudioDevice: SetParameters: 1374: enter: gamebooster=false
  07-13 19:41:40.419  1252  5086 D AHAL: AudioVoice: VoiceSetParameters: 86: Enter params: gamebooster=false
  07-13 19:41:40.419  1252  5086 D AHAL: AudioVoice: VoiceSetParameters: 307: Exit ret: 0
  07-13 19:41:40.419  1252  5086 D AHAL: FM: fm_set_parameters: 262: Enter
  07-13 19:41:40.419  1252  5086 D AHAL: FM: fm_set_parameters: 320: exit
  07-13 19:41:40.419  1252  5086 D AHAL: Loopback_karaoke: karaoke_set_parameters: Enter
  07-13 19:41:40.419  1252  5086 D AHAL: Loopback_karaoke: karaoke_set_parameters: Exit
  07-13 19:41:40.419  1252  5086 D AHAL: AudioDevice: SetParameters: 1975: exit: gamebooster=false
  07-13 19:41:40.422  1360  1668 W SDM     : DisplayBase::SetHWDetailedEnhancerConfig: SetDetailEnhancerConfig failed. err = 10
  07-13 19:41:40.438  1289 20067 E sensors-hal: handle_sns_client_event:65, virtual_gyro_hal_event: ts=24235603022714 ns; x=-0.001602; y=-0.000615; z=-0.003819; accuracy=3
  07-13 19:41:40.439 27023 27023 D MiuiCameraCoveredManager: java.lang.NullPointerException: Attempt to invoke virtual method 'java.lang.String 
android.provider.MiuiSettings$SettingsCloudData$CloudData.getString(java.lang.String, java.lang.String)' on a null object reference
  07-13 19:41:40.439 27023 27023 D FramePredict: init success
  07-13 19:41:40.442  2583  3409 W ActivityManager: Permission Denial: getCurrentUser() from pid=27023, uid=10376 requires android.permission.INTERACT_ACROSS_USERS
  07-13 19:41:40.443 27023 27064 E FramePredict: registerContentObserver fail
  07-13 19:41:40.443 27023 27023 W HWUI    : Unknown dataspace 0
  07-13 19:41:40.446  1289 31577 E sensors-hal: handle_sns_client_event:431, accel_sample(accelcal_available:0): ts=24235571354276 ns; value = [-0.735985, 0.125432, 9.901597], 
status=3
> 07-13 19:41:40.447 27023 27023 I ForceDarkHelperStubImpl: setViewRootImplForceDark: false for com.princevekariya.projectledger.MainActivity@ddca2b8, reason: AppDarkModeEnable
  07-13 19:41:40.449  1410  1410 D DisplayFeatureHal: DataCallback enter mLightRun 1  mInteracted_bl 2047 mDisplayState 1  kStateOn 1
  07-13 19:41:40.449  1410  1410 I DisplayFeatureHal: readPanelNTC, read panel temperature:37734
  07-13 19:41:40.449  1410  1410 I DisplayFeatureHal: checkHBMStatus enter lux 183.000000, timer 0, panelTemperature/1000 = temperature 37  screenoff 0
  07-13 19:41:40.449  1410  1410 D DisplayFeatureHal: checkHBMStatus mode 0 
  07-13 19:41:40.449  1410  1410 D DisplayFeatureHal: HandleHBM modeId 0 cookie 0  HBMStatus 0  isscreenoff 0
  07-13 19:41:40.455  1360  1668 W SDM     : DisplayBase::SetHWDetailedEnhancerConfig: SetDetailEnhancerConfig failed. err = 10
  07-13 19:41:40.467  1360  1668 W SDM     : DisplayBase::SetHWDetailedEnhancerConfig: SetDetailEnhancerConfig failed. err = 10
  07-13 19:41:40.474 27023 27023 E FileUtils: err write to mi_exception_log
> 07-13 19:41:40.475  3621  3621 D RecentsImpl: mActivityStateObserver com.princevekariya.projectledger.MainActivity
> 07-13 19:41:40.475  3621  3621 W RecentsImpl: onResumed className=com.princevekariya.projectledger.MainActivity   forceUpdate=false   mIsInAnotherPro=false   
isKeyguardLocked=false   mIsStatusBarExpansion=false
  07-13 19:41:40.475  3621  3788 W RecentsImpl: disableTouchBySwipeStatusBar    disable=false
  07-13 19:41:40.475  3621  3788 D GestureStubView_Left: disableTouchBySwipeStatusBar    old=false   new=false
  07-13 19:41:40.475  3621  3788 D GestureStubView_Right: disableTouchBySwipeStatusBar    old=false   new=false
  07-13 19:41:40.475  3621  3788 W RecentsImpl: disableBackStubWindow    disableTouch=false
  07-13 19:41:40.475  3621  3788 D GestureStubView_Left: disableTouch    old=true   new=false
  07-13 19:41:40.475  3621  3788 D GestureStubView_Left: updateTouchable    old=true   new=true
  07-13 19:41:40.475  3621  3788 D GestureStubView_Right: disableTouch    old=true   new=false
  07-13 19:41:40.475  3621  3788 D GestureStubView_Right: updateTouchable    old=true   new=true
  07-13 19:41:40.475  3621  3788 D RecentsImpl: showBackStubWindow, show gesture stub view
  07-13 19:41:40.475  3621  3788 D GestureStubView_Left: setKeepHidden    old=true   new=false
  07-13 19:41:40.475  3621  3788 D GestureStubView_Left: updateTouchable    old=true   new=false
  07-13 19:41:40.475  3621  3788 D GestureStubView_Left:   updateTouchable---requestApplyInsets
  07-13 19:41:40.475  3621  3791 D RecentsImpl: showNavStubView
  07-13 19:41:40.475  3621  3791 D NavStubView_Touch: setKeepHidden    old=false   new=false
  07-13 19:41:40.476  3621  3788 W GestureStubView_Left: adaptRotation   currentRotation=0   mRotation=0
  07-13 19:41:40.476  3621  3788 D GestureStubView_Left: resetRenderProperty: showGestureStub   isLayoutParamChanged=false
  07-13 19:41:40.476  3621  3788 D GestureStubView_Left: disableTouch    old=false   new=false
  07-13 19:41:40.476  3621  3788 D GestureStubView_Left: showGestureStub
  07-13 19:41:40.476  3621  3788 D GestureStubView_Right: setKeepHidden    old=true   new=false
  07-13 19:41:40.476  3621  3788 D GestureStubView_Right: updateTouchable    old=true   new=false
  07-13 19:41:40.476  3621  3788 D GestureStubView_Right:   updateTouchable---requestApplyInsets
  07-13 19:41:40.476  3621  3788 W GestureStubView_Right: adaptRotation   currentRotation=0   mRotation=0
  07-13 19:41:40.476  3621  3788 D GestureStubView_Right: resetRenderProperty: showGestureStub   isLayoutParamChanged=false
  07-13 19:41:40.476  3621  3788 D GestureStubView_Right: disableTouch    old=false   new=false
  07-13 19:41:40.476  3621  3788 D GestureStubView_Right: showGestureStub
> 07-13 19:41:40.478 27023 27023 D DecorViewImmersiveImpl: onAttachedToWindow:com.princevekariya.projectledger.personal.debug/com.princevekariya.projectledger.MainActivity
  07-13 19:41:40.484  3621  3788 D GestureStubView_Left: gatherTransparentRegion: need render w:62  h:2460
  07-13 19:41:40.484  3621  3788 D GestureStubView_Left: updateTouchRegion: bounds= Rect(0, 208 - 62, 2391)
  07-13 19:41:40.485  3621  3788 D GestureStubView_Right: gatherTransparentRegion: need render w:62  h:2460
  07-13 19:41:40.485  3621  3788 D GestureStubView_Right: updateTouchRegion: bounds= Rect(0, 208 - 62, 2391)
> 07-13 19:41:40.519  9462  9623 I HeavyPackageIdentify: splitMode: false, splitPackages: null, foregroundPkg: com.princevekariya.projectledger.personal.debug
