07-14 18:21:08.601  1325 13568 E sensors-hal: handle_sns_client_event:431, accel_sample(accelcal_available:0): ts=19627696020261 ns; value = [-1.898896, -1.559115, 9.707778], status=3
07-14 18:21:08.601  1325 13568 E sensors-hal: handle_sns_client_event:431, accel_sample(accelcal_available:0): ts=19627797421303 ns; value = [-1.901289, -1.563901, 9.753242], status=3
07-14 18:21:08.605  1402  1402 D DisplayFeatureHal: DataCallback enter mLightRun 1  mInteracted_bl 2047 mDisplayState 1  kStateOn 1
07-14 18:21:08.606  1402  1402 I DisplayFeatureHal: readPanelNTC, read panel temperature:38146
07-14 18:21:08.606  1402  1402 I DisplayFeatureHal: checkHBMStatus enter lux 166.000000, timer 0, panelTemperature/1000 = temperature 38  screenoff 0
07-14 18:21:08.606  1402  1402 D DisplayFeatureHal: checkHBMStatus mode 0 
07-14 18:21:08.606  1402  1402 D DisplayFeatureHal: HandleHBM modeId 0 cookie 0  HBMStatus 0  isscreenoff 0
07-14 18:21:08.606  1402  1402 D DisplayFeatureHal: DataCallback enter mLightRun 1  mInteracted_bl 2047 mDisplayState 1  kStateOn 1
07-14 18:21:08.606  1402  1402 I DisplayFeatureHal: readPanelNTC, read panel temperature:38146
07-14 18:21:08.606  1402  1402 I DisplayFeatureHal: checkHBMStatus enter lux 166.000000, timer 0, panelTemperature/1000 = temperature 38  screenoff 0
07-14 18:21:08.606  1402  1402 D DisplayFeatureHal: checkHBMStatus mode 0 
07-14 18:21:08.606  1402  1402 D DisplayFeatureHal: HandleHBM modeId 0 cookie 0  HBMStatus 0  isscreenoff 0
07-14 18:21:08.606  1402  1402 D DisplayFeatureHal: DataCallback enter mLightRun 1  mInteracted_bl 2047 mDisplayState 1  kStateOn 1
07-14 18:21:08.606  1402  1402 I DisplayFeatureHal: readPanelNTC, read panel temperature:38146
07-14 18:21:08.607  1402  1402 I DisplayFeatureHal: checkHBMStatus enter lux 165.000000, timer 0, panelTemperature/1000 = temperature 38  screenoff 0
07-14 18:21:08.607  1402  1402 D DisplayFeatureHal: checkHBMStatus mode 0 
07-14 18:21:08.607  1402  1402 D DisplayFeatureHal: HandleHBM modeId 0 cookie 0  HBMStatus 0  isscreenoff 0
07-14 18:21:08.607  1402  1402 D DisplayFeatureHal: DataCallback enter mLightRun 1  mInteracted_bl 2047 mDisplayState 1  kStateOn 1
07-14 18:21:08.607  1402  1402 I DisplayFeatureHal: readPanelNTC, read panel temperature:38146
07-14 18:21:08.607  1402  1402 I DisplayFeatureHal: checkHBMStatus enter lux 165.000000, timer 0, panelTemperature/1000 = temperature 38  screenoff 0
07-14 18:21:08.607  1402  1402 D DisplayFeatureHal: checkHBMStatus mode 0 
07-14 18:21:08.607  1402  1402 D DisplayFeatureHal: HandleHBM modeId 0 cookie 0  HBMStatus 0  isscreenoff 0
07-14 18:21:08.608 19612 19612 D SoundRecorder:SoundWaveView: computeScroll
07-14 18:21:08.612  1361  2839 W SDM     : DisplayBase::SetHWDetailedEnhancerConfig: SetDetailEnhancerConfig failed. err = 10
07-14 18:21:08.618 19612 19612 D SoundRecorder:SoundWaveView: computeScroll
07-14 18:21:08.622  1274 16295 D PAL: API: pal_get_param: 1017: Enter:
07-14 18:21:08.622  1274 16295 D PAL: ResourceManager: getParameter: 7859: param_id=18
07-14 18:21:08.622  1274 16295 D PAL: ResourceManager: isDeviceAvailable: 9517: Device 8, is_available = 1
07-14 18:21:08.623  1274 16295 D PAL: API: pal_get_param: 1029: Exit, status 0
07-14 18:21:08.623  1361  2839 W SDM     : DisplayBase::SetHWDetailedEnhancerConfig: SetDetailEnhancerConfig failed. err = 10
07-14 18:21:08.630 19612 19612 D SoundRecorder:SoundWaveView: computeScroll
07-14 18:21:08.634  1361  2839 W SDM     : DisplayBase::SetHWDetailedEnhancerConfig: SetDetailEnhancerConfig failed. err = 10
07-14 18:21:08.636 19612 20768 D BufferPoolAccessor2.0: bufferpool2 0xb4000077e12e8f58 : 5(40960 size) total buffers - 4(32768 size) used buffers - 14994/14999 (recycle/alloc) - 23/29990 (fetch/transfer)
07-14 18:21:08.641 19612 19612 D SoundRecorder:SoundWaveView: computeScroll
07-14 18:21:08.646  1361  2839 W SDM     : DisplayBase::SetHWDetailedEnhancerConfig: SetDetailEnhancerConfig failed. err = 10
07-14 18:21:08.652 19612 19612 D SoundRecorder:SoundWaveView: computeScroll
07-14 18:21:08.657  1361  2839 W SDM     : DisplayBase::SetHWDetailedEnhancerConfig: SetDetailEnhancerConfig failed. err = 10
07-14 18:21:08.662  1274 16295 D PAL: API: pal_get_param: 1017: Enter:
07-14 18:21:08.662  1274 16295 D PAL: ResourceManager: getParameter: 7859: param_id=18
07-14 18:21:08.662  1274 16295 D PAL: ResourceManager: isDeviceAvailable: 9517: Device 8, is_available = 1
07-14 18:21:08.662  1274 16295 D PAL: API: pal_get_param: 1029: Exit, status 0
07-14 18:21:08.663 19612 19612 D SoundRecorder:SoundWaveView: computeScroll
07-14 18:21:08.668  1361  2839 W SDM     : DisplayBase::SetHWDetailedEnhancerConfig: SetDetailEnhancerConfig failed. err = 10
07-14 18:21:08.675 19612 19612 D SoundRecorder:SoundWaveView: computeScroll
07-14 18:21:08.679  1361  2839 W SDM     : DisplayBase::SetHWDetailedEnhancerConfig: SetDetailEnhancerConfig failed. err = 10
07-14 18:21:08.685 19612 19612 D SoundRecorder:SoundWaveView: computeScroll
07-14 18:21:08.689  1276  3781 D vendor.qti.bluetooth@1.0-wake_lock: Release wakelock is released 
07-14 18:21:08.690  1361  2839 W SDM     : DisplayBase::SetHWDetailedEnhancerConfig: SetDetailEnhancerConfig failed. err = 10
07-14 18:21:08.697 19612 19612 D SoundRecorder:SoundWaveView: computeScroll
07-14 18:21:08.701  1361  2839 W SDM     : DisplayBase::SetHWDetailedEnhancerConfig: SetDetailEnhancerConfig failed. err = 10
07-14 18:21:08.702  1274 16295 D PAL: API: pal_get_param: 1017: Enter:
07-14 18:21:08.702  1274 16295 D PAL: ResourceManager: getParameter: 7859: param_id=18
07-14 18:21:08.702  1274 16295 D PAL: ResourceManager: isDeviceAvailable: 9517: Device 8, is_available = 1
07-14 18:21:08.702  1274 16295 D PAL: API: pal_get_param: 1029: Exit, status 0
07-14 18:21:08.707 19612 19612 D SoundRecorder:SoundWaveView: computeScroll
07-14 18:21:08.712  1361  2839 W SDM     : DisplayBase::SetHWDetailedEnhancerConfig: SetDetailEnhancerConfig failed. err = 10
07-14 18:21:08.719 19612 19612 D SoundRecorder:SoundWaveView: computeScroll
07-14 18:21:08.723  1361  2839 W SDM     : DisplayBase::SetHWDetailedEnhancerConfig: SetDetailEnhancerConfig failed. err = 10
07-14 18:21:08.730 19612 19612 D SoundRecorder:SoundWaveView: computeScroll
07-14 18:21:08.735  1361  2839 W SDM     : DisplayBase::SetHWDetailedEnhancerConfig: SetDetailEnhancerConfig failed. err = 10
07-14 18:21:08.741 19612 19612 D SoundRecorder:SoundWaveView: computeScroll
07-14 18:21:08.742  1274 16295 D PAL: API: pal_get_param: 1017: Enter:
07-14 18:21:08.742  1274 16295 D PAL: ResourceManager: getParameter: 7859: param_id=18
07-14 18:21:08.742  1274 16295 D PAL: ResourceManager: isDeviceAvailable: 9517: Device 8, is_available = 1
07-14 18:21:08.742  1274 16295 D PAL: API: pal_get_param: 1029: Exit, status 0
07-14 18:21:08.746  1361  2839 W SDM     : DisplayBase::SetHWDetailedEnhancerConfig: SetDetailEnhancerConfig failed. err = 10
07-14 18:21:08.752 19612 19612 D SoundRecorder:SoundWaveView: computeScroll
07-14 18:21:08.757  1361  2839 W SDM     : DisplayBase::SetHWDetailedEnhancerConfig: SetDetailEnhancerConfig failed. err = 10
07-14 18:21:08.764 19612 19612 D SoundRecorder:SoundWaveView: computeScroll
07-14 18:21:08.764  2561  2901 D InetDiagMessage: Destroyed 0 sockets, proto=IPPROTO_TCP, family=AF_INET, states=14
07-14 18:21:08.767  2561  2901 D InetDiagMessage: Destroyed 1 sockets, proto=IPPROTO_TCP, family=AF_INET6, states=14
07-14 18:21:08.768  2561  2901 D InetDiagMessage: Destroyed live tcp sockets for uids={10292} in 6ms
07-14 18:21:08.768  1361  2839 W SDM     : DisplayBase::SetHWDetailedEnhancerConfig: SetDetailEnhancerConfig failed. err = 10
07-14 18:21:08.770  2561  2901 D InetDiagMessage: Destroyed 0 sockets, proto=IPPROTO_TCP, family=AF_INET, states=14
07-14 18:21:08.773  2561  2901 D InetDiagMessage: Destroyed 0 sockets, proto=IPPROTO_TCP, family=AF_INET6, states=14
07-14 18:21:08.773  2561  2901 D InetDiagMessage: Destroyed live tcp sockets for uids={20292} in 5ms
07-14 18:21:08.774 19612 19612 D SoundRecorder:SoundWaveView: computeScroll
07-14 18:21:08.779  1361  2839 W SDM     : DisplayBase::SetHWDetailedEnhancerConfig: SetDetailEnhancerConfig failed. err = 10
07-14 18:21:08.781  1274 16295 D PAL: API: pal_get_param: 1017: Enter:
07-14 18:21:08.782  1274 16295 D PAL: ResourceManager: getParameter: 7859: param_id=18
07-14 18:21:08.782  1274 16295 D PAL: ResourceManager: isDeviceAvailable: 9517: Device 8, is_available = 1
07-14 18:21:08.782  1274 16295 D PAL: API: pal_get_param: 1029: Exit, status 0
07-14 18:21:08.786 19612 19612 D SoundRecorder:SoundWaveView: computeScroll
07-14 18:21:08.790  1361  2839 W SDM     : DisplayBase::SetHWDetailedEnhancerConfig: SetDetailEnhancerConfig failed. err = 10
07-14 18:21:08.796 19612 19612 D SoundRecorder:SoundWaveView: computeScroll
07-14 18:21:08.801  1361  2839 W SDM     : DisplayBase::SetHWDetailedEnhancerConfig: SetDetailEnhancerConfig failed. err = 10
07-14 18:21:08.807 19612 19612 D SoundRecorder:SoundWaveView: computeScroll
07-14 18:21:08.813  1361  2839 W SDM     : DisplayBase::SetHWDetailedEnhancerConfig: SetDetailEnhancerConfig failed. err = 10
07-14 18:21:08.820 19612 19612 D SoundRecorder:SoundWaveView: computeScroll
07-14 18:21:08.820  2561  2876 I MiuiNetworkPolicy: updateUidState uid = 10319, uidState = 19
07-14 18:21:08.822  1274 16295 D PAL: API: pal_get_param: 1017: Enter:
07-14 18:21:08.822  1274 16295 D PAL: ResourceManager: getParameter: 7859: param_id=18
07-14 18:21:08.822  1274 16295 D PAL: ResourceManager: isDeviceAvailable: 9517: Device 8, is_available = 1
07-14 18:21:08.822  1274 16295 D PAL: API: pal_get_param: 1029: Exit, status 0
07-14 18:21:08.824  1361  2839 W SDM     : DisplayBase::SetHWDetailedEnhancerConfig: SetDetailEnhancerConfig failed. err = 10
07-14 18:21:08.827  2561  2876 I MiuiNetworkPolicy: updateUidState uid = 10319, uidState = 11
07-14 18:21:08.832 19612 19612 D SoundRecorder:SoundWaveView: computeScroll
07-14 18:21:08.839 19612 19619 W System  : A resource failed to call close. 
07-14 18:21:08.839 19612 19619 W System  : A resource failed to call close. 
07-14 18:21:08.842 19612 19612 D SoundRecorder:SoundWaveView: computeScroll
07-14 18:21:08.846  1361  2839 W SDM     : DisplayBase::SetHWDetailedEnhancerConfig: SetDetailEnhancerConfig failed. err = 10
07-14 18:21:08.852 19612 19612 D SoundRecorder:SoundWaveView: computeScroll
07-14 18:21:08.857  1361  2839 W SDM     : DisplayBase::SetHWDetailedEnhancerConfig: SetDetailEnhancerConfig failed. err = 10
07-14 18:21:08.862  1274 16295 D PAL: API: pal_get_param: 1017: Enter:
07-14 18:21:08.862  1274 16295 D PAL: ResourceManager: getParameter: 7859: param_id=18
07-14 18:21:08.862  1274 16295 D PAL: ResourceManager: isDeviceAvailable: 9517: Device 8, is_available = 1
07-14 18:21:08.862  1274 16295 D PAL: API: pal_get_param: 1029: Exit, status 0
07-14 18:21:08.864 19612 19612 D SoundRecorder:SoundWaveView: computeScroll
07-14 18:21:08.868  1361  2839 W SDM     : DisplayBase::SetHWDetailedEnhancerConfig: SetDetailEnhancerConfig failed. err = 10
07-14 18:21:08.872  1259  1317 E minksocket: MinkIPC_QRTR_Service: client with node 1 port 60f3 went down
07-14 18:21:08.873  1259  1317 E minksocket: MinkIPC_QRTR_Service: client with node 1 port 60f4 went down
07-14 18:21:08.874 19612 19612 D SoundRecorder:SoundWaveView: computeScroll
07-14 18:21:08.875  1259  1317 E minksocket: MinkIPC_QRTR_Service: client with node 1 port 60f5 went down
07-14 18:21:08.878  1259  1317 E minksocket: MinkIPC_QRTR_Service: client with node 1 port 60f6 went down
07-14 18:21:08.879  1361  2839 W SDM     : DisplayBase::SetHWDetailedEnhancerConfig: SetDetailEnhancerConfig failed. err = 10
07-14 18:21:08.886 19612 19612 D SoundRecorder:SoundWaveView: computeScroll
07-14 18:21:08.891  1361  2839 W SDM     : DisplayBase::SetHWDetailedEnhancerConfig: SetDetailEnhancerConfig failed. err = 10
07-14 18:21:08.897 19612 19612 D SoundRecorder:SoundWaveView: computeScroll
07-14 18:21:08.902  1274 16295 D PAL: API: pal_get_param: 1017: Enter:
07-14 18:21:08.902  1274 16295 D PAL: ResourceManager: getParameter: 7859: param_id=18
07-14 18:21:08.902  1274 16295 D PAL: ResourceManager: isDeviceAvailable: 9517: Device 8, is_available = 1
07-14 18:21:08.902  1274 16295 D PAL: API: pal_get_param: 1029: Exit, status 0
07-14 18:21:08.902  1361  2839 W SDM     : DisplayBase::SetHWDetailedEnhancerConfig: SetDetailEnhancerConfig failed. err = 10
07-14 18:21:08.902 21261 21531 D ProfileInstaller: Installing profile for org.iggymedia.periodtracker
07-14 18:21:08.909 19612 19612 D SoundRecorder:SoundWaveView: computeScroll
07-14 18:21:08.913  1361  2839 W SDM     : DisplayBase::SetHWDetailedEnhancerConfig: SetDetailEnhancerConfig failed. err = 10
07-14 18:21:08.919 19612 19612 D SoundRecorder:SoundWaveView: computeScroll
07-14 18:21:08.924  1361  2839 W SDM     : DisplayBase::SetHWDetailedEnhancerConfig: SetDetailEnhancerConfig failed. err = 10
07-14 18:21:08.931 19612 19612 D SoundRecorder:SoundWaveView: computeScroll
07-14 18:21:08.935  1361  2839 W SDM     : DisplayBase::SetHWDetailedEnhancerConfig: SetDetailEnhancerConfig failed. err = 10
07-14 18:21:08.937  1926 20769 D BufferPoolAccessor2.0: bufferpool2 0xb400007165c27248 : 4(9216 size) total buffers - 1(2304 size) used buffers - 15258/15273 (recycle/alloc) - 17/15272 (fetch/transfer)
07-14 18:21:08.941 19612 19612 D SoundRecorder:SoundWaveView: computeScroll
07-14 18:21:08.942  1274 16295 D PAL: API: pal_get_param: 1017: Enter:
07-14 18:21:08.942  1274 16295 D PAL: ResourceManager: getParameter: 7859: param_id=18
07-14 18:21:08.942  1274 16295 D PAL: ResourceManager: isDeviceAvailable: 9517: Device 8, is_available = 1
07-14 18:21:08.942  1274 16295 D PAL: API: pal_get_param: 1029: Exit, status 0
07-14 18:21:08.946  1361  2839 W SDM     : DisplayBase::SetHWDetailedEnhancerConfig: SetDetailEnhancerConfig failed. err = 10
07-14 18:21:08.953 19612 19612 D SoundRecorder:SoundWaveView: computeScroll
07-14 18:21:08.954  1735 20786 I MediaCodec: [mId: 23] [audio-debug-dec] Stats over last 5057ms:
07-14 18:21:08.954  1735 20786 I MediaCodec: [mId: 23] [audio-debug-dec] ClientName: com.android.soundrecorder ComponentName: c2.android.mp3.decoder
07-14 18:21:08.954  1735 20786 I MediaCodec: [mId: 23] [audio-debug-dec] Qinput: 418, DQinput: 0 success out of 0 tries
07-14 18:21:08.954  1735 20786 I MediaCodec: [mId: 23] [audio-debug-dec] Render: 0, Drop: 421, DQoutput: 0 success out of 0 tries
07-14 18:21:08.957  1361  2839 W SDM     : DisplayBase::SetHWDetailedEnhancerConfig: SetDetailEnhancerConfig failed. err = 10
07-14 18:21:08.963 19612 19612 D SoundRecorder:SoundWaveView: computeScroll
07-14 18:21:08.968  1361  2839 W SDM     : DisplayBase::SetHWDetailedEnhancerConfig: SetDetailEnhancerConfig failed. err = 10
07-14 18:21:08.975 19612 19612 D SoundRecorder:SoundWaveView: computeScroll
07-14 18:21:08.980  1361  2839 W SDM     : DisplayBase::SetHWDetailedEnhancerConfig: SetDetailEnhancerConfig failed. err = 10
07-14 18:21:08.982  1274 16295 D PAL: API: pal_get_param: 1017: Enter:
07-14 18:21:08.982  1274 16295 D PAL: ResourceManager: getParameter: 7859: param_id=18
07-14 18:21:08.982  1274 16295 D PAL: ResourceManager: isDeviceAvailable: 9517: Device 8, is_available = 1
07-14 18:21:08.982  1274 16295 D PAL: API: pal_get_param: 1029: Exit, status 0
07-14 18:21:08.987 19612 19612 D SoundRecorder:SoundWaveView: computeScroll
07-14 18:21:08.991  1361  2839 W SDM     : DisplayBase::SetHWDetailedEnhancerConfig: SetDetailEnhancerConfig failed. err = 10
07-14 18:21:08.998 19612 19612 D SoundRecorder:SoundWaveView: computeScroll
07-14 18:21:09.002  1361  2839 W SDM     : DisplayBase::SetHWDetailedEnhancerConfig: SetDetailEnhancerConfig failed. err = 10
07-14 18:21:09.008  1325 13568 E sensors-hal: handle_sns_client_event:431, accel_sample(accelcal_available:0): ts=19627898824688 ns; value = [-1.894111, -1.563901, 9.717350], status=3
07-14 18:21:09.008 19612 19612 D SoundRecorder:SoundWaveView: computeScroll
07-14 18:21:09.008  1325 13568 E sensors-hal: handle_sns_client_event:431, accel_sample(accelcal_available:0): ts=19628000228334 ns; value = [-1.906075, -1.554330, 9.719744], status=3
07-14 18:21:09.008  1325 13568 E sensors-hal: handle_sns_client_event:431, accel_sample(accelcal_available:0): ts=19628101629636 ns; value = [-1.901289, -1.544758, 9.712564], status=3
07-14 18:21:09.008  1325 13568 E sensors-hal: handle_sns_client_event:431, accel_sample(accelcal_available:0): ts=19628203030678 ns; value = [-1.898896, -1.563901, 9.729314], status=3
07-14 18:21:09.011  1402  1402 D DisplayFeatureHal: DataCallback enter mLightRun 1  mInteracted_bl 2047 mDisplayState 1  kStateOn 1
07-14 18:21:09.012  1402  1402 I DisplayFeatureHal: readPanelNTC, read panel temperature:38146
07-14 18:21:09.012  1402  1402 I DisplayFeatureHal: checkHBMStatus enter lux 164.000000, timer 0, panelTemperature/1000 = temperature 38  screenoff 0
07-14 18:21:09.012  1402  1402 D DisplayFeatureHal: checkHBMStatus mode 0 
07-14 18:21:09.012  1402  1402 D DisplayFeatureHal: HandleHBM modeId 0 cookie 0  HBMStatus 0  isscreenoff 0
07-14 18:21:09.012  1402  1402 D DisplayFeatureHal: DataCallback enter mLightRun 1  mInteracted_bl 2047 mDisplayState 1  kStateOn 1
07-14 18:21:09.012  1402  1402 I DisplayFeatureHal: readPanelNTC, read panel temperature:38146
07-14 18:21:09.012  1402  1402 I DisplayFeatureHal: checkHBMStatus enter lux 164.000000, timer 0, panelTemperature/1000 = temperature 38  screenoff 0
07-14 18:21:09.012  1402  1402 D DisplayFeatureHal: checkHBMStatus mode 0 
07-14 18:21:09.012  1402  1402 D DisplayFeatureHal: HandleHBM modeId 0 cookie 0  HBMStatus 0  isscreenoff 0
07-14 18:21:09.012  1402  1402 D DisplayFeatureHal: DataCallback enter mLightRun 1  mInteracted_bl 2047 mDisplayState 1  kStateOn 1
07-14 18:21:09.012  1402  1402 I DisplayFeatureHal: readPanelNTC, read panel temperature:38146
07-14 18:21:09.012  1402  1402 I DisplayFeatureHal: checkHBMStatus enter lux 164.000000, timer 0, panelTemperature/1000 = temperature 38  screenoff 0
07-14 18:21:09.012  1402  1402 D DisplayFeatureHal: checkHBMStatus mode 0 
07-14 18:21:09.012  1402  1402 D DisplayFeatureHal: HandleHBM modeId 0 cookie 0  HBMStatus 0  isscreenoff 0
07-14 18:21:09.012  1402  1402 D DisplayFeatureHal: DataCallback enter mLightRun 1  mInteracted_bl 2047 mDisplayState 1  kStateOn 1
07-14 18:21:09.012  1402  1402 I DisplayFeatureHal: readPanelNTC, read panel temperature:38146
07-14 18:21:09.013  1402  1402 I DisplayFeatureHal: checkHBMStatus enter lux 164.000000, timer 0, panelTemperature/1000 = temperature 38  screenoff 0
07-14 18:21:09.013  1402  1402 D DisplayFeatureHal: checkHBMStatus mode 0 
07-14 18:21:09.013  1402  1402 D DisplayFeatureHal: HandleHBM modeId 0 cookie 0  HBMStatus 0  isscreenoff 0
07-14 18:21:09.013  1361  2839 W SDM     : DisplayBase::SetHWDetailedEnhancerConfig: SetDetailEnhancerConfig failed. err = 10
07-14 18:21:09.020 19612 19612 D SoundRecorder:SoundWaveView: computeScroll
07-14 18:21:09.022  1274 16295 D PAL: API: pal_get_param: 1017: Enter:
07-14 18:21:09.022  1274 16295 D PAL: ResourceManager: getParameter: 7859: param_id=18
07-14 18:21:09.022  1274 16295 D PAL: ResourceManager: isDeviceAvailable: 9517: Device 8, is_available = 1
07-14 18:21:09.022  1274 16295 D PAL: API: pal_get_param: 1029: Exit, status 0
07-14 18:21:09.024  1361  2839 W SDM     : DisplayBase::SetHWDetailedEnhancerConfig: SetDetailEnhancerConfig failed. err = 10
07-14 18:21:09.030 19612 19612 D SoundRecorder:SoundWaveView: computeScroll
07-14 18:21:09.035  1361  2839 W SDM     : DisplayBase::SetHWDetailedEnhancerConfig: SetDetailEnhancerConfig failed. err = 10
07-14 18:21:09.042 19612 19612 D SoundRecorder:SoundWaveView: computeScroll
07-14 18:21:09.046  1361  2839 W SDM     : DisplayBase::SetHWDetailedEnhancerConfig: SetDetailEnhancerConfig failed. err = 10
07-14 18:21:09.053 19612 19612 D SoundRecorder:SoundWaveView: computeScroll
07-14 18:21:09.058  1361  2839 W SDM     : DisplayBase::SetHWDetailedEnhancerConfig: SetDetailEnhancerConfig failed. err = 10
07-14 18:21:09.059  3586  3586 D TelephonyManager: requestModemActivityInfo: Sending result to app: ModemActivityInfo{ mTimestamp=19628277 mSleepTimeMs=11699987 mIdleTimeMs=312918 mActivityStatsTechSpecificInfo=[{mRat=UNKNOWN,mFrequencyRange=UNKNOWN,mTxTimeMs[]=[186, 936, 1656, 4038, 1931],mRxTimeMs=7591187}]}
07-14 18:21:09.062  1274 16295 D PAL: API: pal_get_param: 1017: Enter:
07-14 18:21:09.062  1274 16295 D PAL: ResourceManager: getParameter: 7859: param_id=18
07-14 18:21:09.062  1274 16295 D PAL: ResourceManager: isDeviceAvailable: 9517: Device 8, is_available = 1
07-14 18:21:09.062  1274 16295 D PAL: API: pal_get_param: 1029: Exit, status 0
07-14 18:21:09.064 19612 19612 D SoundRecorder:SoundWaveView: computeScroll
07-14 18:21:09.069  1361  2839 W SDM     : DisplayBase::SetHWDetailedEnhancerConfig: SetDetailEnhancerConfig failed. err = 10
07-14 18:21:09.075 19612 19612 D SoundRecorder:SoundWaveView: computeScroll
07-14 18:21:09.080  1361  2839 W SDM     : DisplayBase::SetHWDetailedEnhancerConfig: SetDetailEnhancerConfig failed. err = 10
07-14 18:21:09.087 19612 19612 D SoundRecorder:SoundWaveView: computeScroll
07-14 18:21:09.091  1361  2839 W SDM     : DisplayBase::SetHWDetailedEnhancerConfig: SetDetailEnhancerConfig failed. err = 10
07-14 18:21:09.097 19612 19612 D SoundRecorder:SoundWaveView: computeScroll
07-14 18:21:09.102  1274 16295 D PAL: API: pal_get_param: 1017: Enter:
07-14 18:21:09.102  1274 16295 D PAL: ResourceManager: getParameter: 7859: param_id=18
07-14 18:21:09.102  1274 16295 D PAL: ResourceManager: isDeviceAvailable: 9517: Device 8, is_available = 1
07-14 18:21:09.102  1274 16295 D PAL: API: pal_get_param: 1029: Exit, status 0
07-14 18:21:09.102  1361  2839 W SDM     : DisplayBase::SetHWDetailedEnhancerConfig: SetDetailEnhancerConfig failed. err = 10
07-14 18:21:09.109 19612 19612 D SoundRecorder:SoundWaveView: computeScroll
07-14 18:21:09.113  1361  2839 W SDM     : DisplayBase::SetHWDetailedEnhancerConfig: SetDetailEnhancerConfig failed. err = 10
07-14 18:21:09.119 19612 19612 D SoundRecorder:SoundWaveView: computeScroll
07-14 18:21:09.124  1361  2839 W SDM     : DisplayBase::SetHWDetailedEnhancerConfig: SetDetailEnhancerConfig failed. err = 10
07-14 18:21:09.131 19612 19612 D SoundRecorder:SoundWaveView: computeScroll
07-14 18:21:09.136  1361  2839 W SDM     : DisplayBase::SetHWDetailedEnhancerConfig: SetDetailEnhancerConfig failed. err = 10
07-14 18:21:09.142 19612 19612 D SoundRecorder:SoundWaveView: computeScroll
07-14 18:21:09.142  1274 16295 D PAL: API: pal_get_param: 1017: Enter:
07-14 18:21:09.142  1274 16295 D PAL: ResourceManager: getParameter: 7859: param_id=18
07-14 18:21:09.142  1274 16295 D PAL: ResourceManager: isDeviceAvailable: 9517: Device 8, is_available = 1
07-14 18:21:09.142  1274 16295 D PAL: API: pal_get_param: 1029: Exit, status 0
07-14 18:21:09.147  1361  2839 W SDM     : DisplayBase::SetHWDetailedEnhancerConfig: SetDetailEnhancerConfig failed. err = 10
07-14 18:21:09.154 19612 19612 D SoundRecorder:SoundWaveView: computeScroll
07-14 18:21:09.158  1361  2839 W SDM     : DisplayBase::SetHWDetailedEnhancerConfig: SetDetailEnhancerConfig failed. err = 10
07-14 18:21:09.164 19612 19612 D SoundRecorder:SoundWaveView: computeScroll
07-14 18:21:09.169  1361  2839 W SDM     : DisplayBase::SetHWDetailedEnhancerConfig: SetDetailEnhancerConfig failed. err = 10
07-14 18:21:09.176 19612 19612 D SoundRecorder:SoundWaveView: computeScroll
07-14 18:21:09.181  1361  2839 W SDM     : DisplayBase::SetHWDetailedEnhancerConfig: SetDetailEnhancerConfig failed. err = 10
07-14 18:21:09.182  1274 16295 D PAL: API: pal_get_param: 1017: Enter:
07-14 18:21:09.182  1274 16295 D PAL: ResourceManager: getParameter: 7859: param_id=18
07-14 18:21:09.182  1274 16295 D PAL: ResourceManager: isDeviceAvailable: 9517: Device 8, is_available = 1
07-14 18:21:09.182  1274 16295 D PAL: API: pal_get_param: 1029: Exit, status 0
07-14 18:21:09.186 19612 19612 D SoundRecorder:SoundWaveView: computeScroll
07-14 18:21:09.192  1361  2839 W SDM     : DisplayBase::SetHWDetailedEnhancerConfig: SetDetailEnhancerConfig failed. err = 10
07-14 18:21:09.198 19612 19612 D SoundRecorder:SoundWaveView: computeScroll
07-14 18:21:09.203  1361  2839 W SDM     : DisplayBase::SetHWDetailedEnhancerConfig: SetDetailEnhancerConfig failed. err = 10
07-14 18:21:09.208 19612 19612 D SoundRecorder:SoundWaveView: computeScroll
07-14 18:21:09.214  1361  2839 W SDM     : DisplayBase::SetHWDetailedEnhancerConfig: SetDetailEnhancerConfig failed. err = 10
07-14 18:21:09.220 19612 19612 D SoundRecorder:SoundWaveView: computeScroll
07-14 18:21:09.222  1274 16295 D PAL: API: pal_get_param: 1017: Enter:
07-14 18:21:09.222  1274 16295 D PAL: ResourceManager: getParameter: 7859: param_id=18
07-14 18:21:09.223  1274 16295 D PAL: ResourceManager: isDeviceAvailable: 9517: Device 8, is_available = 1
07-14 18:21:09.223  1274 16295 D PAL: API: pal_get_param: 1029: Exit, status 0
07-14 18:21:09.225  1361  2839 W SDM     : DisplayBase::SetHWDetailedEnhancerConfig: SetDetailEnhancerConfig failed. err = 10
07-14 18:21:09.231 19612 19612 D SoundRecorder:SoundWaveView: computeScroll
07-14 18:21:09.236  1361  2839 W SDM     : DisplayBase::SetHWDetailedEnhancerConfig: SetDetailEnhancerConfig failed. err = 10
07-14 18:21:09.243 19612 19612 D SoundRecorder:SoundWaveView: computeScroll
07-14 18:21:09.248  1361  2839 W SDM     : DisplayBase::SetHWDetailedEnhancerConfig: SetDetailEnhancerConfig failed. err = 10
07-14 18:21:09.253 19612 19612 D SoundRecorder:SoundWaveView: computeScroll
07-14 18:21:09.258  1361  2839 W SDM     : DisplayBase::SetHWDetailedEnhancerConfig: SetDetailEnhancerConfig failed. err = 10
07-14 18:21:09.262  1274 16295 D PAL: API: pal_get_param: 1017: Enter:
07-14 18:21:09.262  1274 16295 D PAL: ResourceManager: getParameter: 7859: param_id=18
07-14 18:21:09.262  1274 16295 D PAL: ResourceManager: isDeviceAvailable: 9517: Device 8, is_available = 1
07-14 18:21:09.262  1274 16295 D PAL: API: pal_get_param: 1029: Exit, status 0
07-14 18:21:09.265 19612 19612 D SoundRecorder:SoundWaveView: computeScroll
07-14 18:21:09.270  1361  2839 W SDM     : DisplayBase::SetHWDetailedEnhancerConfig: SetDetailEnhancerConfig failed. err = 10
07-14 18:21:09.275 19612 19612 D SoundRecorder:SoundWaveView: computeScroll
07-14 18:21:09.281  1361  2839 W SDM     : DisplayBase::SetHWDetailedEnhancerConfig: SetDetailEnhancerConfig failed. err = 10
07-14 18:21:09.287 19612 19612 D SoundRecorder:SoundWaveView: computeScroll
07-14 18:21:09.292  1361  2839 W SDM     : DisplayBase::SetHWDetailedEnhancerConfig: SetDetailEnhancerConfig failed. err = 10
07-14 18:21:09.298 19612 19612 D SoundRecorder:SoundWaveView: computeScroll
07-14 18:21:09.302  1274 16295 D PAL: API: pal_get_param: 1017: Enter:
07-14 18:21:09.302  1274 16295 D PAL: ResourceManager: getParameter: 7859: param_id=18
07-14 18:21:09.302  1274 16295 D PAL: ResourceManager: isDeviceAvailable: 9517: Device 8, is_available = 1
07-14 18:21:09.302  1274 16295 D PAL: API: pal_get_param: 1029: Exit, status 0
07-14 18:21:09.303  1361  2839 W SDM     : DisplayBase::SetHWDetailedEnhancerConfig: SetDetailEnhancerConfig failed. err = 10
07-14 18:21:09.309 19612 19612 D SoundRecorder:SoundWaveView: computeScroll
07-14 18:21:09.314  1361  2839 W SDM     : DisplayBase::SetHWDetailedEnhancerConfig: SetDetailEnhancerConfig failed. err = 10
07-14 18:21:09.320 19612 19612 D SoundRecorder:SoundWaveView: computeScroll
07-14 18:21:09.325  1361  2839 W SDM     : DisplayBase::SetHWDetailedEnhancerConfig: SetDetailEnhancerConfig failed. err = 10
07-14 18:21:09.329  4207 12893 I NearbyDiscovery: FastPair: isDestroyable: Scanner is alive. [CONTEXT service_id=265 ]
07-14 18:21:09.329  4207 12893 I NearbyDiscovery: DiscoveryService: Skip stopSelf(), fast pair controller is not destroyable. [CONTEXT service_id=265 ]
07-14 18:21:09.332 19612 19612 D SoundRecorder:SoundWaveView: computeScroll
07-14 18:21:09.336  1361  2839 W SDM     : DisplayBase::SetHWDetailedEnhancerConfig: SetDetailEnhancerConfig failed. err = 10
07-14 18:21:09.341  1276  3882 I vendor.qti.bluetooth@1.0-ibs_handler: ProcessIbsCmd: Received IBS_WAKE_IND: 0xFD
07-14 18:21:09.341  1276  3882 D vendor.qti.bluetooth@1.0-ibs_handler: SerialClockVote: vote for UART CLK ON
07-14 18:21:09.341  1276  3882 D vendor.qti.bluetooth@1.0-wake_lock: Acquire wakelock is acquired 
07-14 18:21:09.341  1276  3882 I vendor.qti.bluetooth@1.0-ibs_handler: ProcessIbsCmd: Writing IBS_WAKE_ACK
07-14 18:21:09.342  1274 16295 D PAL: API: pal_get_param: 1017: Enter:
07-14 18:21:09.342  1274 16295 D PAL: ResourceManager: getParameter: 7859: param_id=18
07-14 18:21:09.342  1274 16295 D PAL: ResourceManager: isDeviceAvailable: 9517: Device 8, is_available = 1
07-14 18:21:09.342  1274 16295 D PAL: API: pal_get_param: 1029: Exit, status 0
07-14 18:21:09.342 19612 19612 D SoundRecorder:SoundWaveView: computeScroll
07-14 18:21:09.343  3490  3914 V BtGatt.ScanHelper: onScanResult() - eventType=0x1b, addressType=1, address=4F:B5:FB:67:6D:3A, primaryPhy=1, secondaryPhy=0, advertisingSid=0xff, txPower=127, rssi=-56, periodicAdvInt=0x0, originalAddress=00:00:00:00:00:00
07-14 18:21:09.345  3490  3914 V BtGatt.ScanHelper: Skipping client: permission=true matches=false
07-14 18:21:09.346  3490  3914 V BtGatt.ScanHelper: Skipping client: permission=true matches=false
07-14 18:21:09.346  3490  3914 V BtGatt.ScanHelper: Skipping client: permission=true matches=false
07-14 18:21:09.346  3490  3914 D BluetoothRemoteDevices: Update property, device=XX:XX:XX:XX:6D:3A, type: 1
07-14 18:21:09.347  3490  3914 D BluetoothRemoteDevices: Skip name update for XX:XX:XX:XX:6D:3A
07-14 18:21:09.347  3490  3914 D BluetoothRemoteDevices: Update property, device=XX:XX:XX:XX:6D:3A, type: 4
07-14 18:21:09.347  3490  3914 D BluetoothRemoteDevices: Skip class update, device=XX:XX:XX:XX:6D:3A, cod=0x1f00
07-14 18:21:09.347  3490  3914 D BluetoothRemoteDevices: Update property, device=XX:XX:XX:XX:6D:3A, type: 5
07-14 18:21:09.347  3490  3914 D BluetoothRemoteDevices:  BT_PROPERTY_TYPE_OF_DEVICE addr:4F:B5:FB:67:6D:3A deviceType:3
07-14 18:21:09.348  1361  2839 W SDM     : DisplayBase::SetHWDetailedEnhancerConfig: SetDetailEnhancerConfig failed. err = 10
07-14 18:21:09.354 19612 19612 D SoundRecorder:SoundWaveView: computeScroll
07-14 18:21:09.359  1361  2839 W SDM     : DisplayBase::SetHWDetailedEnhancerConfig: SetDetailEnhancerConfig failed. err = 10
07-14 18:21:09.364 19612 19612 D SoundRecorder:SoundWaveView: computeScroll
07-14 18:21:09.370  1361  2839 W SDM     : DisplayBase::SetHWDetailedEnhancerConfig: SetDetailEnhancerConfig failed. err = 10
07-14 18:21:09.376 19612 19612 D SoundRecorder:SoundWaveView: computeScroll
07-14 18:21:09.381  1361  2839 W SDM     : DisplayBase::SetHWDetailedEnhancerConfig: SetDetailEnhancerConfig failed. err = 10
07-14 18:21:09.382  1274 16295 D PAL: API: pal_get_param: 1017: Enter:
07-14 18:21:09.382  1274 16295 D PAL: ResourceManager: getParameter: 7859: param_id=18
07-14 18:21:09.382  1274 16295 D PAL: ResourceManager: isDeviceAvailable: 9517: Device 8, is_available = 1
07-14 18:21:09.382  1274 16295 D PAL: API: pal_get_param: 1029: Exit, status 0
07-14 18:21:09.382  1276  3882 I vendor.qti.bluetooth@1.0-ibs_handler: ProcessIbsCmd: Received IBS_SLEEP_IND: 0xFE
07-14 18:21:09.382  1276  3882 D vendor.qti.bluetooth@1.0-ibs_handler: SerialClockVote: vote for UART CLK OFF
07-14 18:21:09.387 19612 19612 D SoundRecorder:SoundWaveView: computeScroll
07-14 18:21:09.392  1361  2839 W SDM     : DisplayBase::SetHWDetailedEnhancerConfig: SetDetailEnhancerConfig failed. err = 10
07-14 18:21:09.399 19612 19612 D SoundRecorder:SoundWaveView: computeScroll
07-14 18:21:09.403  1361  2839 W SDM     : DisplayBase::SetHWDetailedEnhancerConfig: SetDetailEnhancerConfig failed. err = 10
07-14 18:21:09.409 19612 19612 D SoundRecorder:SoundWaveView: computeScroll
07-14 18:21:09.413  2561  2876 I MiuiNetworkPolicy: updateUidState uid = 10350, uidState = 19
07-14 18:21:09.414  1361  2839 W SDM     : DisplayBase::SetHWDetailedEnhancerConfig: SetDetailEnhancerConfig failed. err = 10
07-14 18:21:09.414  1325 13568 E sensors-hal: handle_sns_client_event:431, accel_sample(accelcal_available:0): ts=19628304426563 ns; value = [-1.901289, -1.549544, 9.705386], status=3
07-14 18:21:09.415  1325 13568 E sensors-hal: handle_sns_client_event:431, accel_sample(accelcal_available:0): ts=19628405821875 ns; value = [-1.898896, -1.549544, 9.722136], status=3
07-14 18:21:09.415  1325 13568 E sensors-hal: handle_sns_client_event:431, accel_sample(accelcal_available:0): ts=19628507215782 ns; value = [-1.896504, -1.563901, 9.722136], status=3
07-14 18:21:09.415  1325 13568 E sensors-hal: handle_sns_client_event:431, accel_sample(accelcal_available:0): ts=19628608609532 ns; value = [-1.913253, -1.549544, 9.695814], status=3
07-14 18:21:09.418  1402  1402 D DisplayFeatureHal: DataCallback enter mLightRun 1  mInteracted_bl 2047 mDisplayState 1  kStateOn 1
07-14 18:21:09.418  1402  1402 I DisplayFeatureHal: readPanelNTC, read panel temperature:38146
07-14 18:21:09.418  1402  1402 I DisplayFeatureHal: checkHBMStatus enter lux 164.000000, timer 0, panelTemperature/1000 = temperature 38  screenoff 0
07-14 18:21:09.418  1402  1402 D DisplayFeatureHal: checkHBMStatus mode 0 
07-14 18:21:09.418  1402  1402 D DisplayFeatureHal: HandleHBM modeId 0 cookie 0  HBMStatus 0  isscreenoff 0
07-14 18:21:09.418  1402  1402 D DisplayFeatureHal: DataCallback enter mLightRun 1  mInteracted_bl 2047 mDisplayState 1  kStateOn 1
07-14 18:21:09.419  1402  1402 I DisplayFeatureHal: readPanelNTC, read panel temperature:38146
07-14 18:21:09.419  1402  1402 I DisplayFeatureHal: checkHBMStatus enter lux 163.000000, timer 0, panelTemperature/1000 = temperature 38  screenoff 0
07-14 18:21:09.419  1402  1402 D DisplayFeatureHal: checkHBMStatus mode 0 
07-14 18:21:09.419  1402  1402 D DisplayFeatureHal: HandleHBM modeId 0 cookie 0  HBMStatus 0  isscreenoff 0
07-14 18:21:09.419  1402  1402 D DisplayFeatureHal: DataCallback enter mLightRun 1  mInteracted_bl 2047 mDisplayState 1  kStateOn 1
07-14 18:21:09.419  1402  1402 I DisplayFeatureHal: readPanelNTC, read panel temperature:38146
07-14 18:21:09.419  1402  1402 I DisplayFeatureHal: checkHBMStatus enter lux 162.000000, timer 0, panelTemperature/1000 = temperature 38  screenoff 0
07-14 18:21:09.419  1402  1402 D DisplayFeatureHal: checkHBMStatus mode 0 
07-14 18:21:09.419  1402  1402 D DisplayFeatureHal: HandleHBM modeId 0 cookie 0  HBMStatus 0  isscreenoff 0
07-14 18:21:09.419  1402  1402 D DisplayFeatureHal: DataCallback enter mLightRun 1  mInteracted_bl 2047 mDisplayState 1  kStateOn 1
07-14 18:21:09.419  1402  1402 I DisplayFeatureHal: readPanelNTC, read panel temperature:38146
07-14 18:21:09.419  1402  1402 I DisplayFeatureHal: checkHBMStatus enter lux 162.000000, timer 0, panelTemperature/1000 = temperature 38  screenoff 0
07-14 18:21:09.419  1402  1402 D DisplayFeatureHal: checkHBMStatus mode 0 
07-14 18:21:09.419  1402  1402 D DisplayFeatureHal: HandleHBM modeId 0 cookie 0  HBMStatus 0  isscreenoff 0
07-14 18:21:09.421 19612 19612 D SoundRecorder:SoundWaveView: computeScroll
07-14 18:21:09.422  1274 16295 D PAL: API: pal_get_param: 1017: Enter:
07-14 18:21:09.422  1274 16295 D PAL: ResourceManager: getParameter: 7859: param_id=18
07-14 18:21:09.422  1274 16295 D PAL: ResourceManager: isDeviceAvailable: 9517: Device 8, is_available = 1
07-14 18:21:09.422  1274 16295 D PAL: API: pal_get_param: 1029: Exit, status 0
07-14 18:21:09.426  1361  2839 W SDM     : DisplayBase::SetHWDetailedEnhancerConfig: SetDetailEnhancerConfig failed. err = 10
07-14 18:21:09.431 19612 19612 D SoundRecorder:SoundWaveView: computeScroll
07-14 18:21:09.437  1361  2839 W SDM     : DisplayBase::SetHWDetailedEnhancerConfig: SetDetailEnhancerConfig failed. err = 10
07-14 18:21:09.443 19612 19612 D SoundRecorder:SoundWaveView: computeScroll
07-14 18:21:09.448  1361  2839 W SDM     : DisplayBase::SetHWDetailedEnhancerConfig: SetDetailEnhancerConfig failed. err = 10
07-14 18:21:09.454 19612 19612 D SoundRecorder:SoundWaveView: computeScroll
07-14 18:21:09.459  1361  2839 W SDM     : DisplayBase::SetHWDetailedEnhancerConfig: SetDetailEnhancerConfig failed. err = 10
07-14 18:21:09.462  1274 16295 D PAL: API: pal_get_param: 1017: Enter:
07-14 18:21:09.462  1274 16295 D PAL: ResourceManager: getParameter: 7859: param_id=18
07-14 18:21:09.462  1274 16295 D PAL: ResourceManager: isDeviceAvailable: 9517: Device 8, is_available = 1
07-14 18:21:09.462  1274 16295 D PAL: API: pal_get_param: 1029: Exit, status 0
07-14 18:21:09.465 19612 19612 D SoundRecorder:SoundWaveView: computeScroll
07-14 18:21:09.470  1361  2839 W SDM     : DisplayBase::SetHWDetailedEnhancerConfig: SetDetailEnhancerConfig failed. err = 10
07-14 18:21:09.476 19612 19612 D SoundRecorder:SoundWaveView: computeScroll
07-14 18:21:09.481  1361  2839 W SDM     : DisplayBase::SetHWDetailedEnhancerConfig: SetDetailEnhancerConfig failed. err = 10
07-14 18:21:09.488 19612 19612 D SoundRecorder:SoundWaveView: computeScroll
07-14 18:21:09.492  1361  2839 W SDM     : DisplayBase::SetHWDetailedEnhancerConfig: SetDetailEnhancerConfig failed. err = 10
07-14 18:21:09.498 19612 19612 D SoundRecorder:SoundWaveView: computeScroll
07-14 18:21:09.502  1274 16295 D PAL: API: pal_get_param: 1017: Enter:
07-14 18:21:09.502  1274 16295 D PAL: ResourceManager: getParameter: 7859: param_id=18
07-14 18:21:09.502  1274 16295 D PAL: ResourceManager: isDeviceAvailable: 9517: Device 8, is_available = 1
07-14 18:21:09.502  1274 16295 D PAL: API: pal_get_param: 1029: Exit, status 0
07-14 18:21:09.503  1361  2839 W SDM     : DisplayBase::SetHWDetailedEnhancerConfig: SetDetailEnhancerConfig failed. err = 10
07-14 18:21:09.510 19612 19612 D SoundRecorder:SoundWaveView: computeScroll
07-14 18:21:09.515  1361  2839 W SDM     : DisplayBase::SetHWDetailedEnhancerConfig: SetDetailEnhancerConfig failed. err = 10
07-14 18:21:09.520 19612 19612 D SoundRecorder:SoundWaveView: computeScroll
07-14 18:21:09.526  1361  2839 W SDM     : DisplayBase::SetHWDetailedEnhancerConfig: SetDetailEnhancerConfig failed. err = 10
07-14 18:21:09.532 19612 19612 D SoundRecorder:SoundWaveView: computeScroll
07-14 18:21:09.533  1276  3781 D vendor.qti.bluetooth@1.0-wake_lock: Release wakelock is released 
07-14 18:21:09.537  1361  2839 W SDM     : DisplayBase::SetHWDetailedEnhancerConfig: SetDetailEnhancerConfig failed. err = 10
07-14 18:21:09.542  1274 16295 D PAL: API: pal_get_param: 1017: Enter:
07-14 18:21:09.542  1274 16295 D PAL: ResourceManager: getParameter: 7859: param_id=18
07-14 18:21:09.542  1274 16295 D PAL: ResourceManager: isDeviceAvailable: 9517: Device 8, is_available = 1
07-14 18:21:09.542  1274 16295 D PAL: API: pal_get_param: 1029: Exit, status 0
07-14 18:21:09.543 19612 19612 D SoundRecorder:SoundWaveView: computeScroll
07-14 18:21:09.548  1361  2839 W SDM     : DisplayBase::SetHWDetailedEnhancerConfig: SetDetailEnhancerConfig failed. err = 10
07-14 18:21:09.554 19612 19612 D SoundRecorder:SoundWaveView: computeScroll
07-14 18:21:09.559  1361  2839 W SDM     : DisplayBase::SetHWDetailedEnhancerConfig: SetDetailEnhancerConfig failed. err = 10
07-14 18:21:09.565 19612 19612 D SoundRecorder:SoundWaveView: computeScroll
07-14 18:21:09.570  1361  2839 W SDM     : DisplayBase::SetHWDetailedEnhancerConfig: SetDetailEnhancerConfig failed. err = 10
07-14 18:21:09.577 19612 19612 D SoundRecorder:SoundWaveView: computeScroll
07-14 18:21:09.582  1361  2839 W SDM     : DisplayBase::SetHWDetailedEnhancerConfig: SetDetailEnhancerConfig failed. err = 10
07-14 18:21:09.582  1274 16295 D PAL: API: pal_get_param: 1017: Enter:
07-14 18:21:09.582  1274 16295 D PAL: ResourceManager: getParameter: 7859: param_id=18
07-14 18:21:09.582  1274 16295 D PAL: ResourceManager: isDeviceAvailable: 9517: Device 8, is_available = 1
07-14 18:21:09.582  1274 16295 D PAL: API: pal_get_param: 1029: Exit, status 0
07-14 18:21:09.582  2561  2876 I MiuiNetworkPolicy: updateUidState uid = 10270, uidState = 10
07-14 18:21:09.584  3490  3490 D HidDeviceService: handleMessage(): msg.what=8
07-14 18:21:09.585  3490  3490 D HidDeviceService: unregisterAppUid(): uid=10270
07-14 18:21:09.585  3490  3490 D HidDeviceService: unregisterAppUid(): caller UID doesn't match user UID
07-14 18:21:09.586  2561  2876 I MiuiNetworkPolicy: updateUidState uid = 10270, uidState = 19
07-14 18:21:09.587 19612 19612 D SoundRecorder:SoundWaveView: computeScroll
07-14 18:21:09.593  1361  2839 W SDM     : DisplayBase::SetHWDetailedEnhancerConfig: SetDetailEnhancerConfig failed. err = 10
07-14 18:21:09.599 19612 19612 D SoundRecorder:SoundWaveView: computeScroll
07-14 18:21:09.604  1361  2839 W SDM     : DisplayBase::SetHWDetailedEnhancerConfig: SetDetailEnhancerConfig failed. err = 10
07-14 18:21:09.610 19612 19612 D SoundRecorder:SoundWaveView: computeScroll
07-14 18:21:09.615  1361  2839 W SDM     : DisplayBase::SetHWDetailedEnhancerConfig: SetDetailEnhancerConfig failed. err = 10
07-14 18:21:09.621 19612 19612 D SoundRecorder:SoundWaveView: computeScroll
07-14 18:21:09.622  1274 16295 D PAL: API: pal_get_param: 1017: Enter:
07-14 18:21:09.622  1274 16295 D PAL: ResourceManager: getParameter: 7859: param_id=18
07-14 18:21:09.622  1274 16295 D PAL: ResourceManager: isDeviceAvailable: 9517: Device 8, is_available = 1
07-14 18:21:09.622  1274 16295 D PAL: API: pal_get_param: 1029: Exit, status 0
07-14 18:21:09.626  1361  2839 W SDM     : DisplayBase::SetHWDetailedEnhancerConfig: SetDetailEnhancerConfig failed. err = 10
07-14 18:21:09.632 19612 19612 D SoundRecorder:SoundWaveView: computeScroll
07-14 18:21:09.637  1361  2839 W SDM     : DisplayBase::SetHWDetailedEnhancerConfig: SetDetailEnhancerConfig failed. err = 10
07-14 18:21:09.644 19612 19612 D SoundRecorder:SoundWaveView: computeScroll
07-14 18:21:09.649  1361  2839 W SDM     : DisplayBase::SetHWDetailedEnhancerConfig: SetDetailEnhancerConfig failed. err = 10
07-14 18:21:09.654 19612 19612 D SoundRecorder:SoundWaveView: computeScroll
07-14 18:21:09.659  1361  2839 W SDM     : DisplayBase::SetHWDetailedEnhancerConfig: SetDetailEnhancerConfig failed. err = 10
07-14 18:21:09.662  1274 16295 D PAL: API: pal_get_param: 1017: Enter:
07-14 18:21:09.662  1274 16295 D PAL: ResourceManager: getParameter: 7859: param_id=18
07-14 18:21:09.662  1274 16295 D PAL: ResourceManager: isDeviceAvailable: 9517: Device 8, is_available = 1
07-14 18:21:09.662  1274 16295 D PAL: API: pal_get_param: 1029: Exit, status 0
07-14 18:21:09.666 19612 19612 D SoundRecorder:SoundWaveView: computeScroll
07-14 18:21:09.670  1361  2839 W SDM     : DisplayBase::SetHWDetailedEnhancerConfig: SetDetailEnhancerConfig failed. err = 10
07-14 18:21:09.676 19612 19612 D SoundRecorder:SoundWaveView: computeScroll
07-14 18:21:09.682  1361  2839 W SDM     : DisplayBase::SetHWDetailedEnhancerConfig: SetDetailEnhancerConfig failed. err = 10
07-14 18:21:09.688 19612 19612 D SoundRecorder:SoundWaveView: computeScroll
07-14 18:21:09.693  1361  2839 W SDM     : DisplayBase::SetHWDetailedEnhancerConfig: SetDetailEnhancerConfig failed. err = 10
07-14 18:21:09.699 19612 19612 D SoundRecorder:SoundWaveView: computeScroll
07-14 18:21:09.702  1274 16295 D PAL: API: pal_get_param: 1017: Enter:
07-14 18:21:09.702  1274 16295 D PAL: ResourceManager: getParameter: 7859: param_id=18
07-14 18:21:09.702  1274 16295 D PAL: ResourceManager: isDeviceAvailable: 9517: Device 8, is_available = 1
07-14 18:21:09.702  1274 16295 D PAL: API: pal_get_param: 1029: Exit, status 0
07-14 18:21:09.704  1361  2839 W SDM     : DisplayBase::SetHWDetailedEnhancerConfig: SetDetailEnhancerConfig failed. err = 10
07-14 18:21:09.710 19612 19612 D SoundRecorder:SoundWaveView: computeScroll
07-14 18:21:09.715  1361  2839 W SDM     : DisplayBase::SetHWDetailedEnhancerConfig: SetDetailEnhancerConfig failed. err = 10
