scontext=u:r:untrusted_app:s0:c120,c257,c512,c768 tcontext=u:object_r:data_log_file:s0 tclass=dir permissive=0 app=com.princevekariya.projectledger.personal.debug
> 07-13 19:41:40.929 27023 27023 W .personal.debug: type=1400 audit(0.0:22243): avc:  denied  { search } for  name="miuilog" dev="dm-55" ino=459 
scontext=u:r:untrusted_app:s0:c120,c257,c512,c768 tcontext=u:object_r:data_log_file:s0 tclass=dir permissive=0 app=com.princevekariya.projectledger.personal.debug
> 07-13 19:41:40.929 27023 27023 W .personal.debug: type=1400 audit(0.0:22244): avc:  denied  { search } for  name="miuilog" dev="dm-55" ino=459 
scontext=u:r:untrusted_app:s0:c120,c257,c512,c768 tcontext=u:object_r:data_log_file:s0 tclass=dir permissive=0 app=com.princevekariya.projectledger.personal.debug
  07-13 19:41:40.934  5926 29243 W MQSEventManager: jeoccur
> 07-13 19:41:40.929 27023 27023 W .personal.debug: type=1400 audit(0.0:22245): avc:  denied  { search } for  name="miuilog" dev="dm-55" ino=459 
scontext=u:r:untrusted_app:s0:c120,c257,c512,c768 tcontext=u:object_r:data_log_file:s0 tclass=dir permissive=0 app=com.princevekariya.projectledger.personal.debug
> 07-13 19:41:40.929 27023 27023 W .personal.debug: type=1400 audit(0.0:22246): avc:  denied  { search } for  name="miuilog" dev="dm-55" ino=459 
scontext=u:r:untrusted_app:s0:c120,c257,c512,c768 tcontext=u:object_r:data_log_file:s0 tclass=dir permissive=0 app=com.princevekariya.projectledger.personal.debug
> 07-13 19:41:40.936  5926  6376 E JavaExceptionHandler: Process: com.princevekariya.projectledger.personal.debug, PID: 27023
  07-13 19:41:40.936  5926  6376 E JavaExceptionHandler: java.lang.IllegalStateException: CompositionLocal LocalLifecycleOwner not present
  07-13 19:41:40.936  5926  6376 E JavaExceptionHandler: 	at androidx.lifecycle.compose.LocalLifecycleOwnerKt$LocalLifecycleOwner$1.invoke(LocalLifecycleOwner.kt:26)
  07-13 19:41:40.936  5926  6376 E JavaExceptionHandler: 	at androidx.lifecycle.compose.LocalLifecycleOwnerKt$LocalLifecycleOwner$1.invoke(LocalLifecycleOwner.kt:25)
  07-13 19:41:40.936  5926  6376 E JavaExceptionHandler: 	at kotlin.SynchronizedLazyImpl.getValue(LazyJVM.kt:74)
  07-13 19:41:40.936  5926  6376 E JavaExceptionHandler: 	at androidx.compose.runtime.LazyValueHolder.getCurrent(ValueHolders.kt:29)
  07-13 19:41:40.936  5926  6376 E JavaExceptionHandler: 	at androidx.compose.runtime.LazyValueHolder.getValue(ValueHolders.kt:31)
  07-13 19:41:40.936  5926  6376 E JavaExceptionHandler: 	at androidx.compose.runtime.CompositionLocalMapKt.read(CompositionLocalMap.kt:90)
  07-13 19:41:40.936  5926  6376 E JavaExceptionHandler: 	at androidx.compose.runtime.ComposerImpl.consume(Composer.kt:2135)
  07-13 19:41:40.936  5926  6376 E JavaExceptionHandler: 	at androidx.lifecycle.compose.FlowExtKt.collectAsStateWithLifecycle(FlowExt.kt:182)
> 07-13 19:41:40.936  5926  6376 E JavaExceptionHandler: 	at com.princevekariya.projectledger.feature.dashboard.DashboardRouteKt.DashboardRoute(DashboardRoute.kt:29)
> 07-13 19:41:40.936  5926  6376 E JavaExceptionHandler: 	at 
com.princevekariya.projectledger.navigation.ProjectLedgerNavHostKt$ProjectLedgerNavHost$1$2.invoke(ProjectLedgerNavHost.kt:36)
> 07-13 19:41:40.936  5926  6376 E JavaExceptionHandler: 	at 
com.princevekariya.projectledger.navigation.ProjectLedgerNavHostKt$ProjectLedgerNavHost$1$2.invoke(ProjectLedgerNavHost.kt:35)
  07-13 19:41:40.936  5926  6376 E JavaExceptionHandler: 	at androidx.compose.runtime.internal.ComposableLambdaImpl.invoke(ComposableLambda.jvm.kt:139)
  07-13 19:41:40.936  5926  6376 E JavaExceptionHandler: 	at androidx.compose.runtime.internal.ComposableLambdaImpl.invoke(ComposableLambda.jvm.kt:35)
  07-13 19:41:40.936  5926  6376 E JavaExceptionHandler: 	at androidx.navigation.compose.NavHostKt$NavHost$14$1.invoke(NavHost.kt:308)
  07-13 19:41:40.936  5926  6376 E JavaExceptionHandler: 	at androidx.navigation.compose.NavHostKt$NavHost$14$1.invoke(NavHost.kt:306)
  07-13 19:41:40.936  5926  6376 E JavaExceptionHandler: 	at androidx.compose.runtime.internal.ComposableLambdaImpl.invoke(ComposableLambda.jvm.kt:109)
  07-13 19:41:40.936  5926  6376 E JavaExceptionHandler: 	at androidx.compose.runtime.internal.ComposableLambdaImpl.invoke(ComposableLambda.jvm.kt:35)
  07-13 19:41:40.936  5926  6376 E JavaExceptionHandler: 	at androidx.compose.runtime.CompositionLocalKt.CompositionLocalProvider(CompositionLocal.kt:248)
  07-13 19:41:40.936  5926  6376 E JavaExceptionHandler: 	at androidx.compose.runtime.saveable.SaveableStateHolderImpl.SaveableStateProvider(SaveableStateHolder.kt:84)
  07-13 19:41:40.936  5926  6376 E JavaExceptionHandler: 	at androidx.navigation.compose.NavBackStackEntryProviderKt.SaveableStateProvider(NavBackStackEntryProvider.kt:65)
  07-13 19:41:40.936  5926  6376 E JavaExceptionHandler: 	at androidx.navigation.compose.NavBackStackEntryProviderKt.access$SaveableStateProvider(NavBackStackEntryProvider.kt:1)
  07-13 19:41:40.936  5926  6376 E JavaExceptionHandler: 	at androidx.navigation.compose.NavBackStackEntryProviderKt$LocalOwnersProvider$1.invoke(NavBackStackEntryProvider.kt:52)
  07-13 19:41:40.936  5926  6376 E JavaExceptionHandler: 	at androidx.navigation.compose.NavBackStackEntryProviderKt$LocalOwnersProvider$1.invoke(NavBackStackEntryProvider.kt:51)
  07-13 19:41:40.936  5926  6376 E JavaExceptionHandler: 	at androidx.compose.runtime.internal.ComposableLambdaImpl.invoke(ComposableLambda.jvm.kt:109)
  07-13 19:41:40.936  5926  6376 E JavaExceptionHandler: 	at androidx.compose.runtime.internal.ComposableLambdaImpl.invoke(ComposableLambda.jvm.kt:35)
  07-13 19:41:40.936  5926  6376 E JavaExceptionHandler: 	at androidx.compose.runtime.CompositionLocalKt.CompositionLocalProvider(CompositionLocal.kt:228)
  07-13 19:41:40.936  5926  6376 E JavaExceptionHandler: 	at androidx.navigation.compose.NavBackStackEntryProviderKt.LocalOwnersProvider(NavBackStackEntryProvider.kt:47)
  07-13 19:41:40.936  5926  6376 E JavaExceptionHandler: 	at androidx.navigation.compose.NavHostKt$NavHost$14.invoke(NavHost.kt:306)
  07-13 19:41:40.936  5926  6376 E JavaExceptionHandler: 	at androidx.navigation.compose.NavHostKt$NavHost$14.invoke(NavHost.kt:295)
  07-13 19:41:40.936  5926  6376 E JavaExceptionHandler: 	at androidx.compose.runtime.internal.ComposableLambdaImpl.invoke(ComposableLambda.jvm.kt:139)
  07-13 19:41:40.936  5926  6376 E JavaExceptionHandler: 	at androidx.compose.runtime.internal.ComposableLambdaImpl.invoke(ComposableLambda.jvm.kt:35)
  07-13 19:41:40.936  5926  6376 E JavaExceptionHandler: 	at androidx.compose.animation.AnimatedContentKt$AnimatedContent$6$1$5.invoke(AnimatedContent.kt:755)
  07-13 19:41:40.936  5926  6376 E JavaExceptionHandler: 	at androidx.compose.animation.AnimatedContentKt$AnimatedContent$6$1$5.invoke(AnimatedContent.kt:744)
  07-13 19:41:40.936  5926  6376 E JavaExceptionHandler: 	at androidx.compose.runtime.internal.ComposableLambdaImpl.invoke(ComposableLambda.jvm.kt:118)
  07-13 19:41:40.936  5926  6376 E JavaExceptionHandler: 	at androidx.compose.runtime.internal.ComposableLambdaImpl.invoke(ComposableLambda.jvm.kt:35)
  07-13 19:41:40.936  5926  6376 E JavaExceptionHandler: 	at androidx.compose.animation.AnimatedVisibilityKt.AnimatedEnterExitImpl(AnimatedVisibility.kt:818)
> 07-13 19:41:40.936  5926  6376 E JavaExceptionHandler: 	at com.princevekariya.projectledger.navigation.ProjectLedgerNavHostKt.ProjectLedgerNavHost(ProjectLedgerNavHost.kt:23)
> 07-13 19:41:40.936  5926  6376 E JavaExceptionHandler: 	at com.princevekariya.projectledger.navigation.ProjectLedgerAppKt$ProjectLedgerApp$2.invoke(ProjectLedgerApp.kt:23)
> 07-13 19:41:40.936  5926  6376 E JavaExceptionHandler: 	at com.princevekariya.projectledger.navigation.ProjectLedgerAppKt$ProjectLedgerApp$2.invoke(ProjectLedgerApp.kt:22)
  07-13 19:41:40.936  5926  6376 E JavaExceptionHandler: 	at androidx.compose.runtime.internal.ComposableLambdaImpl.invoke(ComposableLambda.jvm.kt:118)
  07-13 19:41:40.936  5926  6376 E JavaExceptionHandler: 	at androidx.compose.runtime.internal.ComposableLambdaImpl.invoke(ComposableLambda.jvm.kt:35)
  07-13 19:41:40.936  5926  6376 E JavaExceptionHandler: 	at androidx.compose.material3.ScaffoldKt$ScaffoldLayoutWithMeasureFix$1$1$bodyContentPlaceables$1.invoke(Scaffold.kt:303)
  07-13 19:41:40.936  5926  6376 E JavaExceptionHandler: 	at androidx.compose.material3.ScaffoldKt$ScaffoldLayoutWithMeasureFix$1$1$bodyContentPlaceables$1.invoke(Scaffold.kt:285)
  07-13 19:41:40.936  5926  6376 E JavaExceptionHandler: 	at androidx.compose.runtime.internal.ComposableLambdaImpl.invoke(ComposableLambda.jvm.kt:109)
  07-13 19:41:40.936  5926  6376 E JavaExceptionHandler: 	at androidx.compose.runtime.internal.ComposableLambdaImpl.invoke(ComposableLambda.jvm.kt:35)
  07-13 19:41:40.936  5926  6376 E JavaExceptionHandler: 	at androidx.compose.ui.layout.LayoutNodeSubcompositionsState$subcompose$3$1$1.invoke(SubcomposeLayout.kt:991)
  07-13 19:41:40.936  5926  6376 E JavaExceptionHandler: 	at androidx.compose.ui.layout.LayoutNodeSubcompositionsState$subcompose$3$1$1.invoke(SubcomposeLayout.kt:477)
  07-13 19:41:40.936  5926  6376 E JavaExceptionHandler: 	at androidx.compose.runtime.internal.ComposableLambdaImpl.invoke(ComposableLambda.jvm.kt:109)
  07-13 19:41:40.936  5926  6376 E JavaExceptionHandler: 	at androidx.compose.runtime.internal.ComposableLambdaImpl.invoke(ComposableLambda.jvm.kt:35)
  07-13 19:41:40.936  5926  6376 E JavaExceptionHandler: 	at androidx.compose.runtime.ActualJvm_jvmKt.invokeComposable(ActualJvm.jvm.kt:90)
  07-13 19:41:40.936  5926  6376 E JavaExceptionHandler: 	at androidx.compose.runtime.ComposerImpl.doCompose(Composer.kt:3302)
  07-13 19:41:40.936  5926  6376 E JavaExceptionHandler: 	at androidx.compose.runtime.ComposerImpl.composeContent$runtime_release(Composer.kt:3235)
  07-13 19:41:40.936  5926  6376 E JavaExceptionHandler: 	at androidx.compose.runtime.CompositionImpl.composeContent(Composition.kt:725)
  07-13 19:41:40.936  5926  6376 E JavaExceptionHandler: 	at androidx.compose.runtime.Recomposer.composeInitial$runtime_release(Recomposer.kt:1071)
  07-13 19:41:40.936  5926  6376 E JavaExceptionHandler: 	at androidx.compose.runtime.ComposerImpl$CompositionContextImpl.composeInitial$runtime_release(Composer.kt:3599)
  07-13 19:41:40.936  5926  6376 E JavaExceptionHandler: 	at androidx.compose.runtime.CompositionImpl.composeInitial(Composition.kt:633)
  07-13 19:41:40.936  5926  6376 E JavaExceptionHandler: 	at androidx.compose.runtime.CompositionImpl.setContent(Composition.kt:619)
  07-13 19:41:40.936  5926  6376 E JavaExceptionHandler: 	at androidx.compose.ui.layout.LayoutNodeSubcompositionsState.subcomposeInto(SubcomposeLayout.kt:500)
  07-13 19:41:40.936  5926  6376 E JavaExceptionHandler: 	at androidx.compose.ui.layout.LayoutNodeSubcompositionsState.subcompose(SubcomposeLayout.kt:472)
  07-13 19:41:40.936  5926  6376 E JavaExceptionHandler: 	at androidx.compose.ui.layout.LayoutNodeSubcompositionsState.subcompose(SubcomposeLayout.kt:463)
  07-13 19:41:40.936  5926  6376 E JavaExceptionHandler: 	at androidx.compose.ui.layout.LayoutNodeSubcompositionsState.subcompose(SubcomposeLayout.kt:447)
  07-13 19:41:40.936  5926  6376 E JavaExceptionHandler: 	at androidx.compose.ui.layout.LayoutNodeSubcompositionsState$Scope.subcompose(SubcomposeLayout.kt:872)
  07-13 19:41:40.936  5926  6376 E JavaExceptionHandler: 	at androidx.compose.material3.ScaffoldKt$ScaffoldLayoutWithMeasureFix$1$1.invoke-0kLqBqw(Scaffold.kt:285)
  07-13 19:41:40.936  5926  6376 E JavaExceptionHandler: 	at androidx.compose.material3.ScaffoldKt$ScaffoldLayoutWithMeasureFix$1$1.invoke(Scaffold.kt:179)
> 07-13 19:41:40.940  2583  3258 W ActivityTaskManager:   Force finishing activity com.princevekariya.projectledger.personal.debug/com.princevekariya.projectledger.MainActivity
  07-13 19:41:40.941  2583  2648 W RescuePartyPlus: This device support and enable RescuePartyPlus! (Via cloud control)
  07-13 19:41:40.941  2583 27075 I DropBoxManagerService: add tag=data_app_crash isTagEnabled=true flags=0x2
  07-13 19:41:40.942  2583  3258 I TransitionController: requestStartTransition, transition: TransitionRecord{e9b888 id=348 type=CLOSE flags=0x10}, call stack: 
com.android.server.wm.TransitionController.requestTransitionIfNeeded:894 com.android.server.wm.DisplayContent.requestTransitionAndLegacyPrepare:6467 
com.android.server.wm.Task.finishTopCrashedActivityLocked:6677 com.android.server.wm.RootWindowContainer.lambda$finishTopCrashedActivities$19:2960 
com.android.server.wm.RootWindowContainer$$ExternalSyntheticLambda0.accept:0 com.android.server.wm.Task.forAllLeafTasks:3968 
com.android.server.wm.WindowContainer.forAllLeafTasks:2379 com.android.server.wm.DisplayArea.forAllLeafTasks:516 com.android.server.wm.WindowContainer.forAllLeafTasks:2379 
com.android.server.wm.DisplayArea.forAllLeafTasks:516 
  07-13 19:41:40.943  2583  3258 D MiuiSoScManager: supportSoScMinimizedMode:true
  07-13 19:41:40.943  2583  3258 D MiuiSoScManager: taskInSoScFullMode:false
> 07-13 19:41:40.944  2583  3258 D MiuiFreeFormGestureController: deliverResultForFinishActivity resultTo: null resultFrom: ActivityRecord{78e569b u0 
com.princevekariya.projectledger.personal.debug/com.princevekariya.projectledger.MainActivity t74 f}} isInVideoOrGameScene: false intent: Intent { flg=0x10000000 
cmp=com.princevekariya.projectledger.personal.debug/com.princevekariya.projectledger.MainActivity }
> 07-13 19:41:40.944  2583  3258 D WindowManager: Collecting in transition 348: Task{571c177 #74 type=standard A=10376:com.princevekariya.projectledger.personal.debug} init 
visibleRequested:true
> 07-13 19:41:40.944  2583  3258 D WindowManager: Collecting in transition 348: ActivityRecord{78e569b u0 
com.princevekariya.projectledger.personal.debug/com.princevekariya.projectledger.MainActivity t74 f}} init visibleRequested:true
  07-13 19:41:40.945  2583  3258 D ActivityTrigger: ActivityTrigger activityPauseTrigger 
  07-13 19:41:40.945  3598  3850 I SoScStageCoordinator: Transition requested:TransitionRequestInfo { type = CLOSE, triggerTask = null, pipTask = null, remoteTransition = null, 
displayChange = null, flags = 16, debugId = 348 } isSoScActive:false triggerTask:null
  07-13 19:41:40.946  1289 31577 E sensors-hal: handle_sns_client_event:431, accel_sample(accelcal_available:0): ts=24236079108495 ns; value = [-0.738377, 0.106289, 9.918347], 
status=3
  07-13 19:41:40.947  2583  3258 D WindowManager: Collecting in transition 348: ActivityRecord{4450c0c u0 com.mi.android.globallauncher/com.miui.home.launcher.Launcher t2} init 
visibleRequested:false
  07-13 19:41:40.947  2583  3258 E WindowManager: setClientVisible ActivityRecord{4450c0c u0 com.mi.android.globallauncher/com.miui.home.launcher.Launcher t2} true
  07-13 19:41:40.947  2583  3258 E WindowManager: setClientVisible WallpaperWindowToken{7c5aead token=android.os.Binder@c12bc71} false
  07-13 19:41:40.948  2583  3258 E WindowManager: setClientVisible WallpaperWindowToken{bbd36f token=android.os.Binder@edff64e} false
  07-13 19:41:40.947  3621  3621 D VRI[Launcher]: visibilityChanged oldVisibility=false newVisibility=true
  07-13 19:41:40.949  3539  3712 I DynamicDDSService: handleMessage(ACTIVITY_INVOKE{appInfo=com.mi.android.globallauncher isFullScreen=}true)
  07-13 19:41:40.949  2583  6106 D WindowManager: Set transition=TransitionRecord{e9b888 id=348 type=CLOSE flags=0x10}, ready=false, SyncId=348 used=true, override=false, 
defer=0, states=Display{#0 state=ON size=1080x2460 ROTATION_0}:false
  07-13 19:41:40.953  3598  3850 D OneHandedController: stopOneHanded state is 0
> 07-13 19:41:40.955  2583  2631 I ActivityManager: Showing crash dialog for package com.princevekariya.projectledger.personal.debug u0
  07-13 19:41:40.957  1474  1474 I BpBinder: onLastStrongRef automatically unlinking death recipients: 
  07-13 19:41:40.957  3621 12744 D EventBus: No subscribers registered for event class com.miui.home.recents.messages.RecentTasksChangedEvent
  07-13 19:41:40.957  3621 12744 D EventBus: No subscribers registered for event class org.greenrobot.eventbus.NoSubscriberEvent
  07-13 19:41:40.957  3621  5752 W MiBridge: Permission not granted !!
  07-13 19:41:40.957  3621  5752 D Launcher.Boost: setDynamicVIPTaskIfNeeded::tid = 103 duration = 500
  07-13 19:41:40.962  2583  6105 I ATMSImpl: cacheTasksForDefaultDisplay size=4 topId=2
  07-13 19:41:40.965  2583  2605 W BroadcastQueue: Delivery state of BroadcastRecord{ba5d534 android.intent.action.DROPBOX_ENTRY_ADDED/u-1} to ResolveInfo{6c9cf5d 
com.google.android.gms/.stats.service.DropBoxEntryAddedReceiver m=0x108000 userHandle=UserHandle{0}} via null changed from PENDING to SKIPPED because skipped by policy at 
enqueue: Background execution not allowed: receiving Intent { act=android.intent.action.DROPBOX_ENTRY_ADDED flg=0x10 (has extras) } to 
com.google.android.gms/.stats.service.DropBoxEntryAddedReceiver
  07-13 19:41:40.965  2583  2605 W BroadcastQueue: Delivery state of BroadcastRecord{ba5d534 android.intent.action.DROPBOX_ENTRY_ADDED/u-1} to ResolveInfo{9d0d2 
com.google.android.gms/.stats.service.DropBoxEntryAddedReceiver m=0x108000 userHandle=UserHandle{999}} via null changed from PENDING to SKIPPED because skipped by policy at 
enqueue: Background execution not allowed: receiving Intent { act=android.intent.action.DROPBOX_ENTRY_ADDED flg=0x10 (has extras) } to 
com.google.android.gms/.stats.service.DropBoxEntryAddedReceiver
  07-13 19:41:40.966  3598  3598 D KeyguardEditorHelper: onTopActivityMayChanged, topActivity=ComponentInfo{com.mi.android.globallauncher/com.miui.home.launcher.Launcher}; 
mState=IDEL
  07-13 19:41:40.969  3621  5752 D RecentsModel: getRunningTask ignoreActivityType : 2 ,ignoreWindowMode:5
  07-13 19:41:40.970  2583  2605 W BroadcastQueue: Delivery state of BroadcastRecord{63a15a3 android.intent.action.DROPBOX_ENTRY_ADDED/u-1} to BroadcastFilter{4dca5cb 10154/u0 
ReceiverList{bbec18e 4277 com.google.android.gms.persistent/10154/u0 remote:e055d89}} via null changed from PENDING to SKIPPED because skipped by policy at enqueue: Compat change 
filtered: broadcasting Intent { act=android.intent.action.DROPBOX_ENTRY_ADDED flg=0x10 (has extras) } to uid 10154 due to compat change 296060945
  07-13 19:41:40.970  2583  2605 W BroadcastQueue: Delivery state of BroadcastRecord{63a15a3 android.intent.action.DROPBOX_ENTRY_ADDED/u-1} to BroadcastFilter{dfaff68 
99910154/u999 ReceiverList{c08fd4e 17423 com.google.android.gms.persistent/99910154/u999 remote:de83049}} via null changed from PENDING to SKIPPED because skipped by policy at 
enqueue: Compat change filtered: broadcasting Intent { act=android.intent.action.DROPBOX_ENTRY_ADDED flg=0x10 (has extras) } to uid 99910154 due to compat change 296060945
  07-13 19:41:40.970  2583  2605 W BroadcastQueue: Delivery state of BroadcastRecord{63a15a3 android.intent.action.DROPBOX_ENTRY_ADDED/u-1} to ResolveInfo{86510a0 
com.google.android.gms/.stats.service.DropBoxEntryAddedReceiver m=0x108000 userHandle=UserHandle{0}} via null changed from PENDING to SKIPPED because skipped by policy at 
enqueue: Compat change filtered: broadcasting Intent { act=android.intent.action.DROPBOX_ENTRY_ADDED flg=0x10 (has extras) } from android (pid=2583, uid=1000) to 
com.google.android.gms/.stats.service.DropBoxEntryAddedReceiver to uid 10154 due to compat change 296060945
  07-13 19:41:40.970  2583  2605 W BroadcastQueue: Delivery state of BroadcastRecord{63a15a3 android.intent.action.DROPBOX_ENTRY_ADDED/u-1} to ResolveInfo{9d90459 
com.google.android.gms/.stats.service.DropBoxEntryAddedReceiver m=0x108000 userHandle=UserHandle{999}} via null changed from PENDING to SKIPPED because skipped by policy at 
enqueue: Compat change filtered: broadcasting Intent { act=android.intent.action.DROPBOX_ENTRY_ADDED flg=0x10 (has extras) } from android (pid=2583, uid=1000) to 
com.google.android.gms/.stats.service.DropBoxEntryAddedReceiver to uid 99910154 due to compat change 296060945
  07-13 19:41:40.970  3621  5752 W RecentsModel: getRunningTask   taskInfo=TaskInfo{userId=0 taskId=57 displayId=0 isRunning=true baseIntent=Intent { 
act=android.intent.action.MAIN flg=0x14000000 cmp=com.android.settings/.Settings$TetherSettingsActivity } 
baseActivity=ComponentInfo{com.android.settings/com.android.settings.Settings$TetherSettingsActivity} 
topActivity=ComponentInfo{com.miui.securitycenter/com.miui.applicationlock.ConfirmAccessControl} origActivity=null 
realActivity=ComponentInfo{com.android.settings/com.android.settings.Settings$TetherSettingsActivity} numActivities=2 lastActiveTime=21053370 supportsSplitScreenMultiWindow=true 
supportsMultiWindow=true resizeMode=1 isResizeable=true minWidth=-1 minHeight=-1 defaultMinSize=200 token=WCT{android.window.IWindowContainerToken$Stub$Proxy@61fb293} 
topActivityType=1 pictureInPictureParams=null shouldDockBigOverlays=false launchIntoPipHostTaskId=-1 lastParentTaskIdBeforePip=-1 displayCutoutSafeInsets=Rect(0, 104 - 0, 0) 
topActivityInfo=ActivityInfo{49a02d0 com.miui.applicationlock.ConfirmAccessControl} launchCookies=[] positionInParent=Point(0, 0) parentTaskId=-1 isFocused=false isVisible=false 
isVisibleRequested=false isSleeping=false locusId=null displayAreaFeatureId=1 isTopActivityTransparent=false appCompatTaskInfo=AppCompatTaskInfo { topActivityInSizeCompat=false 
topActivityInMiuiSizeCompat=false topActivityEligibleForLetterboxEducation= falseisLetterboxEducationEnabled= false isLetterboxDoubleTapEnabled= false 
topActivityEligibleForUserAspectRatioButton= false topActivityBoundsLetterboxed= false isFromLetterboxDoubleTap= false topActivityLetterboxVerticalPosition= -1 
topActivityLetterboxHorizontalPosition= -1 topActivityLetterboxWidth=1080 topActivityLetterboxHeight=2460 isUserFullscreenOverrideEnabled=false 
isSystemFullscreenOverrideEnabled=false cameraCompatTaskInfo=CameraCompatTaskInfo { cameraCompatControlState=hidden freeformCameraCompatMode=inactive}} isImmersive=false 
mTopActivityRequestOrientation=-2 mBehindAppLockPkg=com.android.settings mOriginatingUid=0 isEmbedded=false shouldBeVisible=false mIsCastMode=false mTopActivityMediaSize=null 
mTopActivityRecordName=ActivityRecord{cad43fa u0 com.miui.securitycenter/com.miui.applicationlock.ConfirmAccessControl t57} mTopActivityOrientation=-2}
  07-13 19:41:40.977  2583  3409 I whetstone.activity: Power Event callback listener is empty for resId=32
  07-13 19:41:40.977  2583  3409 D BatteryStatsManagerStub: notifyEvent for resId=32 used 0ms
  07-13 19:41:40.981  3621  5752 E ActivityManagerWrapper: get all recent tasks force including 57
  07-13 19:41:40.983  2583  3409 D WindowManager: wms.Input focus has changed to Window{45974e4 u0 com.mi.android.globallauncher/com.miui.home.launcher.Launcher} display=0 
updateInputWindows = true
  07-13 19:41:40.983  2583  3409 I MultiSenceManagerInternalStub: getInstance
  07-13 19:41:40.983  2583  3181 I MultiSenceManagerInternalStubImpl: packageName = com.mi.android.globallauncher
  07-13 19:41:40.983  2583  3181 W ContextImpl: Calling a method in the system process without a qualified user: android.app.ContextImpl.sendBroadcast:1260 
com.android.server.wm.MultiSenceManagerInternalStubImpl.sendFocusWindowsBroadcast:148 com.android.server.wm.MultiSenceManagerInternalStubImpl$UpdateScreenStatus.run:98 
android.os.Handler.handleCallback:959 android.os.Handler.dispatchMessage:100 
  07-13 19:41:40.983  2583  3181 W ActivityManagerServiceImpl: Sending non-protected broadcast com.xiaomi.multisence.action.FOCUSED_CHANGE from system 2583:system/1000 pkg 
android. Callers=com.android.server.am.ActivityManagerService.checkBroadcastFromSystem:16409 com.android.server.am.ActivityManagerService.broadcastIntentLockedTraced:17280 
com.android.server.am.ActivityManagerService.broadcastIntentLocked:16469 com.android.server.am.ActivityManagerService.broadcastIntentWithFeature:17491 
android.app.ContextImpl.sendBroadcast:1264 
  07-13 19:41:40.985  2583  2631 D AutoDensity: getAccessibilityDpi Exception: android.provider.Settings$SettingNotFoundException: display_density_forced
  07-13 19:41:40.988  3621  3621 W libc    : Access denied finding property "vendor.display.enable_optimal_refresh_rate"
> 07-13 19:41:40.989  3621  5752 E ActivityManagerWrapper:  mainTaskId=74   userId=0   windowMode=1   baseIntent=Intent { act=null flag=268435456 
cmp=ComponentInfo{com.princevekariya.projectledger.personal.debug/com.princevekariya.projectledger.MainActivity} }
> 07-13 19:41:40.989  3621  5752 E ActivityManagerWrapper:  mainTaskId=60   userId=0   windowMode=1   baseIntent=Intent { act=android.intent.action.MAIN flag=270532608 
cmp=ComponentInfo{com.princevekariya.projectledger.debug/com.princevekariya.projectledger.MainActivity} }
> 07-13 19:41:40.989  3621  5752 E ActivityManagerWrapper:  mainTaskId=59   userId=0   windowMode=1   baseIntent=Intent { act=android.intent.action.MAIN flag=270532608 
cmp=ComponentInfo{com.princevekariya.projectledger/com.princevekariya.projectledger.MainActivity} }
  07-13 19:41:40.989  3621  5752 E ActivityManagerWrapper:  mainTaskId=57   userId=0   windowMode=1   baseIntent=Intent { act=android.intent.action.MAIN flag=335544320 
cmp=ComponentInfo{com.android.settings/com.android.settings.Settings$TetherSettingsActivity} }
  07-13 19:41:40.990 19161 19165 I napchat.android: CollectorTransition concurrent mark compact GC freed 1524KB AllocSpace bytes, 35(1788KB) LOS objects, 49% free, 9308KB/18MB, 
paused 1.491ms,9.673ms total 232.449ms
  07-13 19:41:40.992  3621  3621 D VRI[Launcher]: vri.reportNextDraw android.view.ViewRootImpl.performTraversals:4972 android.view.ViewRootImpl.doTraversal:3560 
android.view.ViewRootImpl$TraversalRunnable.run:11601 android.view.Choreographer$CallbackRecord.run:1747 android.view.Choreographer$CallbackRecord.run:1756 
  07-13 19:41:40.993  3621  3621 D VRI[Launcher]: vri.Setup new sync=wmsSync-VRI[Launcher]#44
  07-13 19:41:40.993  3621 27077 I .globallauncher: πÇÉMiuiBoosterUtilsπÇæimprove disable.
> 07-13 19:41:40.994  3621  5752 D RecentsTaskLoader: reloadTasksData [TaskKey{id=74, stackId=0, baseIntent=Intent { flg=0x10000000 
cmp=com.princevekariya.projectledger.personal.debug/com.princevekariya.projectledger.MainActivity }, userId=0, lastActiveTime=24236110, windowingMode=1, isThumbnailBlur=false, 
isAccessLocked=false, isScreening=false, topActivity=null, mHashCode=3128086}, title=Project Ledger Personal Dev, titleDescription=Project Ledger Personal Dev, bounds=null, 
isLaunchTarget=false, isStackTask=true, isSystemApp=false, isDockable=true, baseActivity=null, isLocked=false, mNeedHide=false, hasMultipleTasks=false, cti1Key=, cti2Key=] 
  07-13 19:41:40.995  3621  5752 W IconCustomizer: Density abnormal: context density=442 systemDensity=440
  07-13 19:41:40.995  3621  5752 W IconCustomizer: Density abnormal: context density=442 systemDensity=440
  07-13 19:41:40.996  2583  2634 D WindowManager: Collecting in transition 348: WallpaperWindowToken{7c5aead token=android.os.Binder@c12bc71} init visibleRequested:false
  07-13 19:41:40.997  2583  2634 E WindowManager: setClientVisible WallpaperWindowToken{7c5aead token=android.os.Binder@c12bc71} true
  07-13 19:41:40.997  2583  2634 D WindowManager: Collecting in transition 348: WallpaperWindowToken{bbd36f token=android.os.Binder@edff64e} init visibleRequested:false
  07-13 19:41:40.997  2583  2634 E WindowManager: setClientVisible WallpaperWindowToken{bbd36f token=android.os.Binder@edff64e} true
  07-13 19:41:40.999  2583  2583 W NotificationHistory: Attempted to add notif for locked/gone/disabled user 0
  07-13 19:41:40.999  1410  1410 D DisplayFeatureHal: DataCallback enter mLightRun 1  mInteracted_bl 2047 mDisplayState 1  kStateOn 1
  07-13 19:41:40.999  3342  3342 I MiuiWallpaper-ImageWallpaper: onVisibilityChanged, visible = true
  07-13 19:41:41.000  1410  1410 I DisplayFeatureHal: readPanelNTC, read panel temperature:37734
  07-13 19:41:41.000  1410  1410 I DisplayFeatureHal: checkHBMStatus enter lux 180.000000, timer 0, panelTemperature/1000 = temperature 37  screenoff 0
  07-13 19:41:41.000  1410  1410 D DisplayFeatureHal: checkHBMStatus mode 0 
  07-13 19:41:41.000  1410  1410 D DisplayFeatureHal: HandleHBM modeId 0 cookie 0  HBMStatus 0  isscreenoff 0
  07-13 19:41:41.000  3342 29342 W HWUI    : Surface doesn't have any previously queued frames, nothing to readback from
  07-13 19:41:41.001  3342  3342 I MiuiWallpaper-MiuiKeyguardPictorialWallpaper: onVisibilityChanged, visible = true
  07-13 19:41:41.004  3342 29342 W HWUI    : Surface doesn't have any previously queued frames, nothing to readback from
  07-13 19:41:41.007  2583  2634 I WindowManager: wms.showSurfaceRobustly mWin:Window{8512655 u0 com.miui.miwallpaper.wallpaperservice.ImageWallpaper}
  07-13 19:41:41.007  2583  2634 I WindowManager: wms.showSurfaceRobustly mWin:Window{aff9f1e u0 com.miui.miwallpaper.wallpaperservice.MiuiKeyguardPictorialWallpaper}
  07-13 19:41:41.010  3621  3621 D DragContainerLayout: dispatch draw with clip rect: null
  07-13 19:41:41.011  6724  6724 W FirebaseRemoteConfig: No value of type 'FirebaseRemoteConfigValue' exists for parameter key 'enable_push_monitor_broadcast'.
  07-13 19:41:41.012  3621  5752 D TaskSnapshotCompatVV: getIsInvalidateFromTaskSnapshot, return, mTaskSnapshot=null, mTaskSnapshotClazz=null
> 07-13 19:41:41.012  3621  5752 D RecentsTaskLoader: reloadTasksData [TaskKey{id=60, stackId=0, baseIntent=Intent { act=android.intent.action.MAIN 
cat=[android.intent.category.LAUNCHER] flg=0x10200000 cmp=com.princevekariya.projectledger.debug/com.princevekariya.projectledger.MainActivity }, userId=0, 
lastActiveTime=22163500, windowingMode=1, isThumbnailBlur=false, isAccessLocked=false, isScreening=false, 
topActivity=ComponentInfo{com.princevekariya.projectledger.debug/com.princevekariya.projectledger.MainActivity}, mHashCode=2711012}, title=Project Ledger Play Dev, 
titleDescription=Project Ledger Play Dev, bounds=null, isLaunchTarget=false, isStackTask=true, isSystemApp=false, isDockable=true, 
baseActivity=ComponentInfo{com.princevekariya.projectledger.debug/com.princevekariya.projectledger.MainActivity}, isLocked=false, mNeedHide=false, hasMultipleTasks=false, 
cti1Key=, cti2Key=] 
> 07-13 19:41:41.012  3621  5752 D RecentsTaskLoader: reloadTasksData [TaskKey{id=59, stackId=0, baseIntent=Intent { act=android.intent.action.MAIN 
cat=[android.intent.category.LAUNCHER] flg=0x10200000 cmp=com.princevekariya.projectledger/.MainActivity }, userId=0, lastActiveTime=22148037, windowingMode=1, 
isThumbnailBlur=false, isAccessLocked=false, isScreening=false, topActivity=ComponentInfo{com.princevekariya.projectledger/com.princevekariya.projectledger.MainActivity}, 
mHashCode=2681221}, title=Project Ledger, titleDescription=Project Ledger, bounds=null, isLaunchTarget=false, isStackTask=true, isSystemApp=false, isDockable=true, 
baseActivity=ComponentInfo{com.princevekariya.projectledger/com.princevekariya.projectledger.MainActivity}, isLocked=false, mNeedHide=false, hasMultipleTasks=false, cti1Key=, 
cti2Key=] 
  07-13 19:41:41.012  3621  5752 D RecentsTaskLoader: reloadTasksData [TaskKey{id=57, stackId=0, baseIntent=Intent { act=android.intent.action.MAIN flg=0x14000000 
cmp=com.android.settings/.Settings$TetherSettingsActivity }, userId=0, lastActiveTime=21053370, windowingMode=1, isThumbnailBlur=false, isAccessLocked=true, isScreening=false, 
topActivity=ComponentInfo{com.miui.securitycenter/com.miui.applicationlock.ConfirmAccessControl}, mHashCode=2621639}, title=App lock, titleDescription=Security App lock, 
bounds=null, isLaunchTarget=true, isStackTask=true, isSystemApp=true, isDockable=true, 
baseActivity=ComponentInfo{com.android.settings/com.android.settings.Settings$TetherSettingsActivity}, isLocked=false, mNeedHide=false, hasMultipleTasks=false, cti1Key=, 
cti2Key=] 
  07-13 19:41:41.023  3598  3598 D MiuiBubbleManager: onEntryAdded: com.android.systemui.statusbar.notification.collection.NotificationEntry@61308ea
  07-13 19:41:41.024  3598  3910 D NotificationProvider: call1 method=updateNotificationUsageInfo extras=Bundle[{packageName=com.snapchat.android}]
  07-13 19:41:41.027  2583  2631 D AlertController: Alert dialog ime debugEnable = 
  07-13 19:41:41.033  3621  3621 D VRI[Launcher]: vri.reportDrawFinished
  07-13 19:41:41.033  3621  3621 E FileUtils: err write to mi_exception_log
  07-13 19:41:41.034  2583  3861 D WindowManager: wms.finishDrawingLocked: mDrawState=COMMIT_DRAW_PENDING Window{45974e4 u0 
com.mi.android.globallauncher/com.miui.home.launcher.Launcher} in Surface(name=com.mi.android.globallauncher/com.miui.home.launcher.Launcher#4843)/@0xcdfbd18
  07-13 19:41:41.034  1474  1474 I Layer   : sf.setBuffer drawingN:71 frN:1 com.mi.android.globallauncher/com.miui.home.launcher.Launcher#4843
  07-13 19:41:41.037  3621 12744 E FrameEvents: addRelease: Did not find frame.
  07-13 19:41:41.038  1289 20067 E sensors-hal: handle_sns_client_event:65, virtual_gyro_hal_event: ts=24236203015370 ns; x=-0.001095; y=0.002125; z=0.004244; accuracy=3
  07-13 19:41:41.040  3621  3621 D VRI[Launcher]: vri.reportNextDraw android.view.ViewRootImpl.handleResized:2773 android.view.ViewRootImpl.-$$Nest$mhandleResized:0 
android.view.ViewRootImpl$W.resized:12759 android.app.servertransaction.WindowStateResizeItem.execute:64 android.app.servertransaction.WindowStateTransactionItem.execute:59 
  07-13 19:41:41.041  2583  2631 E FileUtils: err open mi_exception_log errno=2
  07-13 19:41:41.041  2583  2631 E FileUtils: err write to mi_exception_log
  07-13 19:41:41.041  2583  2633 E FileUtils: err open mi_exception_log errno=2
  07-13 19:41:41.041  2583  2633 E FileUtils: err write to mi_exception_log
  07-13 19:41:41.041  2583  2631 D MiuixDialog: onCreate() taskExecutor get failed InvocationTargetException java.lang.reflect.InvocationTargetException
  07-13 19:41:41.046  1289 31577 E sensors-hal: handle_sns_client_event:431, accel_sample(accelcal_available:0): ts=24236180652974 ns; value = [-0.733592, 0.099111, 9.927918], 
status=3
  07-13 19:41:41.052  3621  3621 D VRI[Launcher]: vri.Setup new sync=wmsSync-VRI[Launcher]#46
  07-13 19:41:41.054  3598  4657 E backgroundBlur: setMiViewBlurMode disable com.android.systemui.statusbar.notification.row.NotificationBackgroundView
  07-13 19:41:41.055  3598  3910 I NotificationProvider: call2 method=updateNotificationUsageInfo extras=Bundle[{packageName=com.snapchat.android}]
  07-13 19:41:41.057  3621  3621 D VRI[Launcher]: vri.reportDrawFinished
  07-13 19:41:41.072  2583  2631 D ScrollerOptimizationManager: registerConfigChangedListener
  07-13 19:41:41.087  3598  4208 D LocalImageResolver: Couldn't use ImageDecoder for drawable, falling back to non-resized load.
> 07-13 19:41:41.093  5926  6376 D DigestGenerator: digest=============com.princevekariya.projectledger.personal.debugjava.lang.IllegalStateException: CompositionLocal 
LocalLifecycleOwner not present
  07-13 19:41:41.093  5926  6376 D DigestGenerator: at androidx.lifecycle.compose.LocalLifecycleOwnerKt$LocalLifecycleOwner$.invoke(LocalLifecycleOwner.kt:XX)
  07-13 19:41:41.093  5926  6376 D DigestGenerator: at androidx.lifecycle.compose.LocalLifecycleOwnerKt$LocalLifecycleOwner$.invoke(LocalLifecycleOwner.kt:XX)
  07-13 19:41:41.093  5926  6376 D DigestGenerator: at kotlin.SynchronizedLazyImpl.getValue(LazyJVM.kt:XX)
  07-13 19:41:41.093  5926  6376 D DigestGenerator: at androidx.compose.runtime.LazyValueHolder.getCurrent(ValueHolders.kt:XX)
  07-13 19:41:41.093  5926  6376 D DigestGenerator: at androidx.compose.runtime.LazyValueHolder.getValue(ValueHolders.kt:XX)
  07-13 19:41:41.093  5926  6376 D DigestGenerator: at androidx.compose.runtime.CompositionLocalMapKt.read(CompositionLocalMap.kt:XX)
  07-13 19:41:41.093  5926  6376 D DigestGenerator: at androidx.compose.runtime.ComposerImpl.consume(Composer.kt:XX)
  07-13 19:41:41.093  5926  6376 D DigestGenerator: at androidx.lifecycle.compose.FlowExtKt.collectAsStateWithLifecycle(FlowExt.kt:XX)
> 07-13 19:41:41.093  5926  6376 D DigestGenerator: at com.princevekariya.projectledger.feature.dashboard.DashboardRouteKt.DashboardRoute(DashboardRoute.kt:XX)
> 07-13 19:41:41.093  5926  6376 D DigestGenerator: at com.princevekariya.projectledger.navigation.ProjectLedgerNavHostKt$ProjectLedgerNavHost$$.invoke(ProjectLedgerNavHost.kt:XX)
> 07-13 19:41:41.093  5926  6376 D DigestGenerator: at com.princevekariya.projectledger.navigation.ProjectLedgerNavHostKt$ProjectLedgerNavHost$$.invoke(ProjectLedgerNavHost.kt:XX)
  07-13 19:41:41.093  5926  6376 D DigestGenerator: at androidx.compose.runtime.internal.ComposableLambdaImpl.invoke(ComposableLambda.jvm.kt:XX)
  07-13 19:41:41.093  5926  6376 D DigestGenerator: at androidx.compose.runtime.internal.ComposableLambdaImpl.invoke(ComposableLambda.jvm.kt:XX)
  07-13 19:41:41.093  5926  6376 D DigestGenerator: at androidx.navigation.compose.NavHostKt$NavHost$XX$.invoke(NavHost.kt:XX)
  07-13 19:41:41.093  5926  6376 D DigestGenerator: at androidx.navigation.compose.NavHostKt$NavHost$XX$.invoke(NavHost.kt:XX)
  07-13 19:41:41.093  5926  6376 D DigestGenerator: at androidx.compose.runtime.internal.ComposableLambdaImpl.invoke(ComposableLambda.jvm.kt:XX)
  07-13 19:41:41.093  5926  6376 D DigestGenerator: at androidx.compose.runtime.internal.ComposableLambdaImpl.invoke(ComposableLambda.jvm.kt:XX)
  07-13 19:41:41.093  5926  6376 D DigestGenerator: at androidx.compose.runtime.CompositionLocalKt.CompositionLocalProvider(CompositionLocal.kt:XX)
  07-13 19:41:41.093  5926  6376 D DigestGenerator: at androidx.compose.runtime.saveable.SaveableStateHolderImpl.SaveableStateProvider(SaveableStateHolder.kt:XX)
  07-13 19:41:41.093  5926  6376 D DigestGenerator: at androidx.navigation.compose.NavBackStackEntryProviderKt.SaveableStateProvider(NavBackStackEntryProvider.kt:XX)
  07-13 19:41:41.093  5926  6376 D DigestGenerator: at androidx.navigation.compose.NavBackStackEntryProviderKt.access$SaveableStateProvider(NavBackStackEntryProvider.kt:)
  07-13 19:41:41.093  5926  6376 D DigestGenerator: at androidx.navigation.compose.NavBackStackEntryProviderKt$LocalOwnersProvider$.invoke(NavBackStackEntryProvider.kt:XX)
  07-13 19:41:41.093  5926  6376 D DigestGenerator: at androidx.navigation.compose.NavBackStackEntryProviderKt$LocalOwnersProvider$.invoke(NavBackStackEntryProvider.kt:XX)
  07-13 19:41:41.093  5926  6376 D DigestGenerator: at androidx.compose.runtime.internal.ComposableLambdaImpl.invoke(ComposableLambda.jvm.kt:XX)
  07-13 19:41:41.093  5926  6376 D DigestGenerator: at androidx.compose.runtime.internal.ComposableLambdaImpl.invoke(ComposableLambda.jvm.kt:XX)
  07-13 19:41:41.093  5926  6376 D DigestGenerator: at androidx.compose.runtime.CompositionLocalKt.CompositionLocalProvider(CompositionLocal.kt:XX)
  07-13 19:41:41.093  5926  6376 D DigestGenerator: at androidx.navigation.compose.NavBackStackEntryProviderKt.LocalOwnersProvider(NavBackStackEntryProvider.kt:XX)
  07-13 19:41:41.093  5926  6376 D DigestGenerator: at androidx.navigation.compose.NavHostKt$NavHost$XX.invoke(NavHost.kt:XX)
  07-13 19:41:41.093  5926  6376 D DigestGenerator: at androidx.navigation.compose.NavHostKt$NavHost$XX.invoke(NavHost.kt:XX)
  07-13 19:41:41.093  5926  6376 D DigestGenerator: at androidx.compose.runtime.internal.ComposableLambdaImpl.invoke(ComposableLambda.jvm.kt:XX)
  07-13 19:41:41.093  5926  6376 D DigestGenerator: at androidx.compose.runtime.internal.ComposableLambdaImpl.invoke(ComposableLambda.jvm.kt:XX)
  07-13 19:41:41.093  5926  6376 D DigestGenerator: at androidx.compose.animation.AnimatedContentKt$AnimatedContent$$$.invoke(AnimatedContent.kt:XX)
  07-13 19:41:41.093  5926  6376 D DigestGenerator: at androidx.compose.animation.AnimatedContentKt$AnimatedContent$$$.invoke(AnimatedContent.kt:XX)
  07-13 19:41:41.093  5926  6376 D DigestGenerator: at androidx.compose.runtime.internal.ComposableLambdaImpl.invoke(ComposableLambda.jvm.kt:XX)
  07-13 19:41:41.093  5926  6376 D DigestGenerator: at androidx.compose.runtime.internal.ComposableLambdaImpl.invoke(ComposableLambda.jvm.kt:XX)
  07-13 19:41:41.093  5926  6376 D DigestGenerator: at androidx.compose.animation.AnimatedVisibilityKt.AnimatedEnterExitImpl(AnimatedVisibility.kt:XX)
> 07-13 19:41:41.093  5926  6376 D DigestGenerator: at com.princevekariya.projectledger.navigation.ProjectLedgerNavHostKt.ProjectLedgerNavHost(ProjectLedgerNavHost.kt:XX)
> 07-13 19:41:41.093  5926  6376 D DigestGenerator: at com.princevekariya.projectledger.navigation.ProjectLedgerAppKt$ProjectLedgerApp$.invoke(ProjectLedgerApp.kt:XX)
> 07-13 19:41:41.093  5926  6376 D DigestGenerator: at com.princevekariya.projectledger.navigation.ProjectLedgerAppKt$ProjectLedgerApp$.invoke(ProjectLedgerApp.kt:XX)
  07-13 19:41:41.093  5926  6376 D DigestGenerator: at androidx.compose.runtime.internal.ComposableLambdaImpl.invoke(ComposableLambda.jvm.kt:XX)
  07-13 19:41:41.093  5926  6376 D DigestGenerator: at androidx.compose.runtime.internal.ComposableLambdaImpl.invoke(ComposableLambda.jvm.kt:XX)
  07-13 19:41:41.093  5926  6376 D DigestGenerator: at androidx.compose.material.ScaffoldKt$ScaffoldLayoutWithMeasureFix$$$bodyContentPlaceables$.invoke(Scaffold.kt:XX)
  07-13 19:41:41.093  5926  6376 D DigestGenerator: at androidx.compose.material.ScaffoldKt$ScaffoldLayoutWithMeasureFix$$$bodyContentPlaceables$.invoke(Scaffold.kt:XX)
  07-13 19:41:41.093  5926  6376 D DigestGenerator: at androidx.compose.runtime.internal.ComposableLambdaImpl.invoke(ComposableLambda.jvm.kt:XX)
  07-13 19:41:41.093  5926  6376 D DigestGenerator: at androidx.compose.runtime.internal.ComposableLambdaImpl.invoke(ComposableLambda.jvm.kt:XX)
  07-13 19:41:41.093  5926  6376 D DigestGenerator: at androidx.compose.ui.layout.LayoutNodeSubcompositionsState$subcompose$$$.invoke(SubcomposeLayout.kt:XX)
  07-13 19:41:41.093  5926  6376 D DigestGenerator: at androidx.compose.ui.layout.LayoutNodeSubcompositionsState$subcompose$$$.invoke(SubcomposeLayout.kt:XX)
  07-13 19:41:41.093  5926  6376 D DigestGenerator: at androidx.compose.runtime.internal.ComposableLambdaImpl.invoke(ComposableLambda.jvm.kt:XX)
  07-13 19:41:41.093  5926  6376 D DigestGenerator: at androidx.compose.runtime.internal.ComposableLambdaImpl.invoke(ComposableLambda.jvm.kt:XX)
  07-13 19:41:41.093  5926  6376 D DigestGenerator: at androidx.compose.runtime.ActualJvm_jvmKt.invokeComposable(ActualJvm.jvm.kt:XX)
  07-13 19:41:41.093  5926  6376 D DigestGenerator: at androidx.compose.runtime.ComposerImpl.doCompose(Composer.kt:XX)
  07-13 19:41:41.093  5926  6376 D DigestGenerator: at androidx.compose.runtime.ComposerImpl.composeContent$runtime_release(Composer.kt:XX)
  07-13 19:41:41.093  5926  6376 D DigestGenerator: at androidx.compose.runtime.CompositionImpl.composeContent(Composition.kt:XX)
  07-13 19:41:41.093  5926  6376 D DigestGenerator: at androidx.compose.runtime.Recomposer.composeInitial$runtime_release(Recomposer.kt:XX)
  07-13 19:41:41.093  5926  6376 D DigestGenerator: at androidx.compose.runtime.ComposerImpl$CompositionContextImpl.composeInitial$runtime_release(Composer.kt:XX)
  07-13 19:41:41.093  5926  6376 D DigestGenerator: at androidx.compose.runtime.CompositionImpl.composeInitial(Composition.kt:XX)
  07-13 19:41:41.093  5926  6376 D DigestGenerator: at androidx.compose.runtime.CompositionImpl.setContent(Composition.kt:XX)
  07-13 19:41:41.093  5926  6376 D DigestGenerator: at androidx.compose.ui.layout.LayoutNodeSubcompositionsState.subcomposeInto(SubcomposeLayout.kt:XX)
  07-13 19:41:41.093  5926  6376 D DigestGenerator: at androidx.compose.ui.layout.LayoutNodeSubcompositionsState.subcompose(SubcomposeLayout.kt:XX)
  07-13 19:41:41.093  5926  6376 D DigestGenerator: at androidx.compose.ui.layout.LayoutNodeSubcompositionsState.subcompose(SubcomposeLayout.kt:XX)
  07-13 19:41:41.093  5926  6376 D DigestGenerator: at androidx.compose.ui.layout.LayoutNodeSubcompositionsState.subcompose(SubcomposeLayout.kt:XX)
  07-13 19:41:41.093  5926  6376 D DigestGenerator: at androidx.compose.ui.layout.LayoutNodeSubcompositionsState$Scope.subcompose(SubcomposeLayout.kt:XX)
  07-13 19:41:41.093  5926  6376 D DigestGenerator: at androidx.compose.material.ScaffoldKt$ScaffoldLayoutWithMeasureFix$$.invoke-kLqBqw(Scaffold.kt:XX)
  07-13 19:41:41.093  5926  6376 D DigestGenerator: at androidx.compose.material.ScaffoldKt$ScaffoldLayoutWithMeasureFix$$.invoke(Scaffold.kt:XX)
> 07-13 19:41:41.113  5926  6376 W JavaExceptionHandler: Too noisy! skip duplicate java exception report:com.princevekariya.projectledger.personal.debug now=1783951901113 
mLastReportTime=1783951891186 interval=60000
  07-13 19:41:41.114  1844  1911 D IPACM   : vendor/qcom/opensource/data-ipa-cfg-mgr/ipacm/src/IPACM_Routing.cpp:343 DeleteRoutingHdl() Deleting Route hdl:(0x17) with ip type: 1
  07-13 19:41:41.116  5926  6376 W MQSEventManager: begin to storeEvent
  07-13 19:41:41.117  1844  1911 D IPACM   : vendor/qcom/opensource/data-ipa-cfg-mgr/ipacm/src/IPACM_Routing.cpp:111 AddRoutingRule() Added routing rule 0xb40000731b035330
  07-13 19:41:41.117  1844  1911 D IPACM   : vendor/qcom/opensource/data-ipa-cfg-mgr/ipacm/src/IPACM_Routing.cpp:111 AddRoutingRule() Added routing rule 0xb40000731b035330
  07-13 19:41:41.119  1844  1911 D IPACM   : vendor/qcom/opensource/data-ipa-cfg-mgr/ipacm/src/IPACM_Routing.cpp:111 AddRoutingRule() Added routing rule 0xb40000731b035330
  07-13 19:41:41.120  1844  1911 D IPACM   : vendor/qcom/opensource/data-ipa-cfg-mgr/ipacm/src/IPACM_Routing.cpp:111 AddRoutingRule() Added routing rule 0xb40000731b035330
  07-13 19:41:41.120  1844  1911 D IPACM   : vendor/qcom/opensource/data-ipa-cfg-mgr/ipacm/src/IPACM_Routing.cpp:343 DeleteRoutingHdl() Deleting Route hdl:(0x19) with ip type: 1
  07-13 19:41:41.121  2583  2880 D MiuiNetworkPolicy: onOpActiveChanged op:android:system_alert_window, uid:1000, packageName:android, active:true
  07-13 19:41:41.121  2583  2631 I whetstone.activity: Power Event callback listener is empty for resId=32
  07-13 19:41:41.121  2583  2631 D BatteryStatsManagerStub: notifyEvent for resId=32 used 0ms
  07-13 19:41:41.122  1844  1911 D IPACM   : vendor/qcom/opensource/data-ipa-cfg-mgr/ipacm/src/IPACM_Routing.cpp:343 DeleteRoutingHdl() Deleting Route hdl:(0x1a) with ip type: 1
  07-13 19:41:41.123  1844  1911 D IPACM   : vendor/qcom/opensource/data-ipa-cfg-mgr/ipacm/src/IPACM_Routing.cpp:343 DeleteRoutingHdl() Deleting Route hdl:(0x18) with ip type: 1
  07-13 19:41:41.125  1844  1911 D IPACM   : vendor/qcom/opensource/data-ipa-cfg-mgr/ipacm/src/IPACM_Routing.cpp:343 DeleteRoutingHdl() Deleting Route hdl:(0x1b) with ip type: 1
  07-13 19:41:41.127  5926  6376 W DatabaseUtils: je not allow store to db.
> 07-13 19:41:41.127  5926  6376 D MQSEventManager: send MSG_JUDGE_TRANSMISSION packageName com.princevekariya.projectledger.personal.debug
> 07-13 19:41:41.127  5926  6376 W JavaExceptionHandler: Too noisy! skip duplicate java exception report:com.princevekariya.projectledger.personal.debug now=1783951901127 
mLastReportTime=1783951891186 interval=60000
> 07-13 19:41:41.127  5926  6376 W MQSEventManager: Too noisy! Bail the event:com.princevekariya.projectledger.personal.debug type:1
  07-13 19:41:41.127  1844  1911 D IPACM   : vendor/qcom/opensource/data-ipa-cfg-mgr/ipacm/src/IPACM_Routing.cpp:343 DeleteRoutingHdl() Deleting Route hdl:(0x1d) with ip type: 1
> 07-13 19:41:41.128  2583  2631 D WindowManager: wms.Input focus has changed to Window{7a2f906 u0 Application Error: com.princevekariya.projectledger.personal.debug} display=0 
updateInputWindows = false
  07-13 19:41:41.128  2583  2631 I MultiSenceManagerInternalStub: getInstance
  07-13 19:41:41.128  2583  3181 I MultiSenceManagerInternalStubImpl: packageName = android
  07-13 19:41:41.128  2583  3181 W ContextImpl: Calling a method in the system process without a qualified user: android.app.ContextImpl.sendBroadcast:1260 
com.android.server.wm.MultiSenceManagerInternalStubImpl.sendFocusWindowsBroadcast:148 com.android.server.wm.MultiSenceManagerInternalStubImpl$UpdateScreenStatus.run:98 
android.os.Handler.handleCallback:959 android.os.Handler.dispatchMessage:100 
  07-13 19:41:41.132  2583  2631 E FileUtils: err open mi_exception_log errno=2
  07-13 19:41:41.132  2583  2631 E FileUtils: err write to mi_exception_log
  07-13 19:41:41.133  1844  1911 D IPACM   : vendor/qcom/opensource/data-ipa-cfg-mgr/ipacm/src/IPACM_Routing.cpp:343 DeleteRoutingHdl() Deleting Route hdl:(0x1e) with ip type: 1
  07-13 19:41:41.135  1844  1911 D IPACM   : vendor/qcom/opensource/data-ipa-cfg-mgr/ipacm/src/IPACM_Routing.cpp:343 DeleteRoutingHdl() Deleting Route hdl:(0x1c) with ip type: 1
  07-13 19:41:41.137  1844  1911 D IPACM   : vendor/qcom/opensource/data-ipa-cfg-mgr/ipacm/src/IPACM_Routing.cpp:343 DeleteRoutingHdl() Deleting Route hdl:(0x1f) with ip type: 1
> 07-13 19:41:41.138  2583  2631 D DecorViewImmersiveImpl: onAttachedToWindow:Application Error: com.princevekariya.projectledger.personal.debug
  07-13 19:41:41.138  1289 20067 E sensors-hal: handle_sns_client_event:65, virtual_gyro_hal_event: ts=24236302979172 ns; x=0.002302; y=-0.004949; z=-0.001826; accuracy=3
  07-13 19:41:41.139  2583  2880 I MiuiNetworkPolicy: updateUidState uid = 10308, uidState = 5
  07-13 19:41:41.134  3517  3517 D HidDeviceService: handleMessage(): msg.what=8
  07-13 19:41:41.139  2583  3409 I ClipboardServiceI: checkProviderWakePathForClipboard: com.miui.daemonis not a activePermissionOwner
  07-13 19:41:41.140  2583  3409 I SmartPower: com.miui.thirdappassistant/10308(22039): idle->background(6605ms) R(content provider start ContentProviderRecord{dcbd41f u0 
com.miui.thirdappassistant/.ui.exceptionresult.ERHeaderItemViewHolder$SharedPreferencesProvider}) adj=0.
> 07-13 19:41:41.140  2583  2634 D WindowManager: wms.Focus not requested for window=Window{7a2f906 u0 Application Error: com.princevekariya.projectledger.personal.debug} because 
it has no surface or is not focusable.
