> 07-13 19:41:41.141  2583  2631 D CoreBackPreview: Window{7a2f906 u0 Application Error: com.princevekariya.projectledger.personal.debug}: Setting back callback 
OnBackInvokedCallbackInfo{mCallback=android.window.WindowOnBackInvokedDispatcher$OnBackInvokedCallbackWrapper@f155db, mPriority=0, mIsAnimationCallback=false}
  07-13 19:41:41.141  2583  3181 W ActivityManagerServiceImpl: Sending non-protected broadcast com.xiaomi.multisence.action.FOCUSED_CHANGE from system 2583:system/1000 pkg 
android. Callers=com.android.server.am.ActivityManagerService.checkBroadcastFromSystem:16409 com.android.server.am.ActivityManagerService.broadcastIntentLockedTraced:17280 
com.android.server.am.ActivityManagerService.broadcastIntentLocked:16469 com.android.server.am.ActivityManagerService.broadcastIntentWithFeature:17491 
android.app.ContextImpl.sendBroadcast:1264 
  07-13 19:41:41.143 11754 11754 I DockWindowManager: showSidebar: isSidebarAdded: true DockWindowManager = e8.n@9962de2
  07-13 19:41:41.144  1844  1911 D IPACM   : vendor/qcom/opensource/data-ipa-cfg-mgr/ipacm/src/IPACM_Routing.cpp:111 AddRoutingRule() Added routing rule 0xb40000731b035330
  07-13 19:41:41.144  1844  1911 D IPACM   : vendor/qcom/opensource/data-ipa-cfg-mgr/ipacm/src/IPACM_Routing.cpp:111 AddRoutingRule() Added routing rule 0xb40000731b035330
  07-13 19:41:41.145  1844  1911 D IPACM   : vendor/qcom/opensource/data-ipa-cfg-mgr/ipacm/src/IPACM_Routing.cpp:111 AddRoutingRule() Added routing rule 0xb40000731b035330
  07-13 19:41:41.146  1289 31577 E sensors-hal: handle_sns_client_event:431, accel_sample(accelcal_available:0): ts=24236282207714 ns; value = [-0.721628, 0.120646, 9.903991], 
status=3
  07-13 19:41:41.147  1844  1911 D IPACM   : vendor/qcom/opensource/data-ipa-cfg-mgr/ipacm/src/IPACM_Routing.cpp:111 AddRoutingRule() Added routing rule 0xb40000731b035330
  07-13 19:41:41.148  5849  5849 I AiAiTextClassifier: onDestroyTextClassificationSession = TextClassificationSessionId {fa271995-a9f6-4caf-b11b-b03936320f29}
  07-13 19:41:41.148  1844  1911 D IPACM   : vendor/qcom/opensource/data-ipa-cfg-mgr/ipacm/src/IPACM_Routing.cpp:111 AddRoutingRule() Added routing rule 0xb40000731b035330
  07-13 19:41:41.149 11754 11754 I DockWindowManager: hideOrShowSidebarWithAnimation: isShow = true caller = showSidebar
  07-13 19:41:41.149  1844  1911 D IPACM   : vendor/qcom/opensource/data-ipa-cfg-mgr/ipacm/src/IPACM_Routing.cpp:111 AddRoutingRule() Added routing rule 0xb40000731b035330
  07-13 19:41:41.150  1844  1911 D IPACM   : vendor/qcom/opensource/data-ipa-cfg-mgr/ipacm/src/IPACM_Routing.cpp:111 AddRoutingRule() Added routing rule 0xb40000731b035330
  07-13 19:41:41.150  1844  1911 D IPACM   : vendor/qcom/opensource/data-ipa-cfg-mgr/ipacm/src/IPACM_Routing.cpp:111 AddRoutingRule() Added routing rule 0xb40000731b035330
  07-13 19:41:41.150  1844  1911 D IPACM   : vendor/qcom/opensource/data-ipa-cfg-mgr/ipacm/src/IPACM_Routing.cpp:343 DeleteRoutingHdl() Deleting Route hdl:(0x2a) with ip type: 0
  07-13 19:41:41.151  1844  1911 D IPACM   : vendor/qcom/opensource/data-ipa-cfg-mgr/ipacm/src/IPACM_Routing.cpp:343 DeleteRoutingHdl() Deleting Route hdl:(0x29) with ip type: 0
  07-13 19:41:41.152  1844  1911 D IPACM   : vendor/qcom/opensource/data-ipa-cfg-mgr/ipacm/src/IPACM_Routing.cpp:343 DeleteRoutingHdl() Deleting Route hdl:(0x2b) with ip type: 0
  07-13 19:41:41.153  3598  4208 D LocalImageResolver: Couldn't use ImageDecoder for drawable, falling back to non-resized load.
  07-13 19:41:41.153  1844  1911 D IPACM   : vendor/qcom/opensource/data-ipa-cfg-mgr/ipacm/src/IPACM_Routing.cpp:111 AddRoutingRule() Added routing rule 0xb40000731b035330
  07-13 19:41:41.155  1844  1911 D IPACM   : vendor/qcom/opensource/data-ipa-cfg-mgr/ipacm/src/IPACM_Routing.cpp:111 AddRoutingRule() Added routing rule 0xb40000731b035330
  07-13 19:41:41.156  5926  6382 D MQSEventManager: begin call thirdappassistant
  07-13 19:41:41.157  1844  1911 D IPACM   : vendor/qcom/opensource/data-ipa-cfg-mgr/ipacm/src/IPACM_Routing.cpp:111 AddRoutingRule() Added routing rule 0xb40000731b035330
  07-13 19:41:41.157  1844  1911 D IPACM   : vendor/qcom/opensource/data-ipa-cfg-mgr/ipacm/src/IPACM_Routing.cpp:343 DeleteRoutingHdl() Deleting Route hdl:(0x21) with ip type: 1
  07-13 19:41:41.156  2583  3409 I ClipboardServiceI: checkProviderWakePathForClipboard: com.miui.daemonis not a activePermissionOwner
  07-13 19:41:41.159  1844  1911 D IPACM   : vendor/qcom/opensource/data-ipa-cfg-mgr/ipacm/src/IPACM_Routing.cpp:343 DeleteRoutingHdl() Deleting Route hdl:(0x22) with ip type: 1
  07-13 19:41:41.160  1844  1911 D IPACM   : vendor/qcom/opensource/data-ipa-cfg-mgr/ipacm/src/IPACM_Routing.cpp:343 DeleteRoutingHdl() Deleting Route hdl:(0x20) with ip type: 1
> 07-13 19:41:41.206  2583  2631 D WindowManager: wms.finishDrawingLocked: mDrawState=COMMIT_DRAW_PENDING Window{7a2f906 u0 Application Error: 
com.princevekariya.projectledger.personal.debug} in Surface(name=Application Error: com.princevekariya.projectledger.personal.debug#4885)/@0xf0ca424
  07-13 19:41:41.209  3598  3598 E StackScroller: updateSidePadding: viewWidth is zero
  07-13 19:41:41.213  1360  1668 W SDM     : DisplayBase::SetHWDetailedEnhancerConfig: SetDetailEnhancerConfig failed. err = 10
  07-13 19:41:41.214  3598  3598 D MiuiBubbleManager: onEntryRemoved: com.android.systemui.statusbar.notification.collection.NotificationEntry@61308ea
  07-13 19:41:41.216  2583  4260 W ActivityManagerServiceImpl: Sending non-protected broadcast android.intent.action.APPLICATION_MESSAGE_UPDATE from system 
3598:com.android.systemui/1000 pkg com.android.systemui. Callers=
  07-13 19:41:41.218  3621  3739 I Launcher.ApplicationsMessage: onReceive true
  07-13 19:41:41.218  3621  3739 I Launcher.ApplicationsMessage: update com.snapchat.android/ to null
  07-13 19:41:41.219  3621  3621 D ShortcutIcon: setMessage textnull
  07-13 19:41:41.222 26813 26851 I htmlviewercloudcontrol: isStagingEnv:false param =  taa_SwitchStatus  uriMatch = 2, cluster: in, version: 376480, traceId: 
1b596dd55917bb6c06b8a17f1b7f6788, regId: 
  07-13 19:41:41.223  3598  3598 E StackScroller: updateSidePadding: viewWidth is zero
> 07-13 19:41:41.225  2583  2634 I WindowManager: wms.showSurfaceRobustly mWin:Window{7a2f906 u0 Application Error: com.princevekariya.projectledger.personal.debug}
  07-13 19:41:41.225  3621  3621 D TouchInteractionService: onSystemUiFlagsChanged, mSystemUiStateFlags=10000000
  07-13 19:41:41.225  3621  3791 D NavStubGestureListener: onSystemUiFlagsChanged, newFlag:268435456
  07-13 19:41:41.225  3621  3791 D NavStubView_Touch: onSystemUiFlagsChanged  mIsShowStatusBar    old= true   new=true
  07-13 19:41:41.225  3621  3791 D NavStubView_Touch: onSystemUiFlagsChanged  mIsShowNavBar    old= true   new=true
  07-13 19:41:41.225  3621  3791 D NavStubView_Touch: onSystemUiFlagsChanged  isImmersiveNew    old= false   new=false
  07-13 19:41:41.225  3621  3791 D NavStubView_Touch: onSystemUiFlagsChanged, mDisableHomeRecents = false, disableHomeRecents = false, isHomeDisabled = false, isRecentDisabled = 
false
  07-13 19:41:41.227  1474  1474 D RefreshRateSelector: Touch Boost
  07-13 19:41:41.228 26813 26851 I htmlviewercloudcontrol: isStagingEnv:false param =  taa_SwitchStatus  uriMatch = 2, cluster: in, version: 376480, traceId: 
1b596dd55917bb6c06b8a17f1b7f6788, regId: 
  07-13 19:41:41.230  3598  3598 D NotificationHeaderExpandController: onExpansionChanged: progress =  0.0
  07-13 19:41:41.234 26813 26851 I htmlviewercloudcontrol: isStagingEnv:false param =  taa_SwitchStatus  uriMatch = 2, cluster: in, version: 376480, traceId: 
1b596dd55917bb6c06b8a17f1b7f6788, regId: 
  07-13 19:41:41.236  1360  1668 W SDM     : DisplayBase::SetHWDetailedEnhancerConfig: SetDetailEnhancerConfig failed. err = 10
  07-13 19:41:41.238  1289 20067 E sensors-hal: handle_sns_client_event:65, virtual_gyro_hal_event: ts=24236402982558 ns; x=-0.001702; y=0.000248; z=-0.000925; accuracy=3
  07-13 19:41:41.239 22039 22063 I SmartAppAssistant: AppStoreHelper don't call market because the current MIUI is built for the international version
  07-13 19:41:41.246 26813 26851 I htmlviewercloudcontrol: isStagingEnv:false param =  taa_atest  uriMatch = 2, cluster: in, version: 376480, traceId: 
1b596dd55917bb6c06b8a17f1b7f6788, regId: 
  07-13 19:41:41.246  1289 31577 E sensors-hal: handle_sns_client_event:431, accel_sample(accelcal_available:0): ts=24236383747870 ns; value = [-0.728806, 0.106289, 9.899204], 
status=3
  07-13 19:41:41.247  1360  1668 W SDM     : DisplayBase::SetHWDetailedEnhancerConfig: SetDetailEnhancerConfig failed. err = 10
  07-13 19:41:41.254 26813 26851 I htmlviewercloudcontrol: isStagingEnv:false param =  taa_btest  uriMatch = 2, cluster: in, version: 376480, traceId: 
1b596dd55917bb6c06b8a17f1b7f6788, regId: 
  07-13 19:41:41.258  1360  1668 W SDM     : DisplayBase::SetHWDetailedEnhancerConfig: SetDetailEnhancerConfig failed. err = 10
  07-13 19:41:41.260 26813 26851 I htmlviewercloudcontrol: isStagingEnv:false param =  taa_ctest  uriMatch = 2, cluster: in, version: 376480, traceId: 
1b596dd55917bb6c06b8a17f1b7f6788, regId: 
  07-13 19:41:41.264 26813 26851 I htmlviewercloudcontrol: isStagingEnv:false param =  taa_EmergentProblem  uriMatch = 2, cluster: in, version: 376480, traceId: 
1b596dd55917bb6c06b8a17f1b7f6788, regId: 
  07-13 19:41:41.269  1360  1668 W SDM     : DisplayBase::SetHWDetailedEnhancerConfig: SetDetailEnhancerConfig failed. err = 10
  07-13 19:41:41.273 26813 26851 I htmlviewercloudcontrol: isStagingEnv:false param =  taa_CrashRuleMatch  uriMatch = 2, cluster: in, version: 376480, traceId: 
1b596dd55917bb6c06b8a17f1b7f6788, regId: 
  07-13 19:41:41.280  1360  1668 W SDM     : DisplayBase::SetHWDetailedEnhancerConfig: SetDetailEnhancerConfig failed. err = 10
  07-13 19:41:41.285 22039 22063 D SmartAppAssistant: RegexMatcher Regex match suc: JE_ISE
  07-13 19:41:41.287 26813 26851 I htmlviewercloudcontrol: isStagingEnv:false param =  taa_SwitchStatus  uriMatch = 2, cluster: in, version: 376480, traceId: 
1b596dd55917bb6c06b8a17f1b7f6788, regId: 
> 07-13 19:41:41.313 22039 22063 I SmartAppAssistant: ExceptionManager match exception type failed for com.princevekariya.projectledger.personal.debug
  07-13 19:41:41.313  1360  1668 W SDM     : DisplayBase::SetHWDetailedEnhancerConfig: SetDetailEnhancerConfig failed. err = 10
  07-13 19:41:41.325  1360  1668 W SDM     : DisplayBase::SetHWDetailedEnhancerConfig: SetDetailEnhancerConfig failed. err = 10
  07-13 19:41:41.336  1360  1668 W SDM     : DisplayBase::SetHWDetailedEnhancerConfig: SetDetailEnhancerConfig failed. err = 10
  07-13 19:41:41.337  4277 26928 I NearbyConnections: Invalidate cached hpkeKey for client 66349984
  07-13 19:41:41.338  1289 20067 E sensors-hal: handle_sns_client_event:65, virtual_gyro_hal_event: ts=24236502994641 ns; x=-0.002909; y=0.003368; z=0.003392; accuracy=3
  07-13 19:41:41.346  1289 31577 E sensors-hal: handle_sns_client_event:431, accel_sample(accelcal_available:0): ts=24236485309276 ns; value = [-0.731199, 0.111075, 9.918347], 
status=3
  07-13 19:41:41.347  1360  1668 W SDM     : DisplayBase::SetHWDetailedEnhancerConfig: SetDetailEnhancerConfig failed. err = 10
  07-13 19:41:41.358  1360  1668 W SDM     : DisplayBase::SetHWDetailedEnhancerConfig: SetDetailEnhancerConfig failed. err = 10
  07-13 19:41:41.368 11754 11754 I RegionSamplingImageView: onRegionDarknessChanged, new = true, old = true
  07-13 19:41:41.369  1360  1668 W SDM     : DisplayBase::SetHWDetailedEnhancerConfig: SetDetailEnhancerConfig failed. err = 10
  07-13 19:41:41.374  1255  3904 I vendor.qti.bluetooth@1.0-ibs_handler: ProcessIbsCmd: Received IBS_WAKE_IND: 0xFD
  07-13 19:41:41.374  1255  3904 D vendor.qti.bluetooth@1.0-ibs_handler: SerialClockVote: vote for UART CLK ON
  07-13 19:41:41.374  1255  3904 D vendor.qti.bluetooth@1.0-wake_lock: Acquire wakelock is acquired 
  07-13 19:41:41.374  1255  3904 I vendor.qti.bluetooth@1.0-ibs_handler: ProcessIbsCmd: Writing IBS_WAKE_ACK
  07-13 19:41:41.377  3517  3922 V BtGatt.ScanHelper: onScanResult() - eventType=0x1b, addressType=1, address=69:F6:E7:E6:A1:31, primaryPhy=1, secondaryPhy=0, 
advertisingSid=0xff, txPower=127, rssi=-56, periodicAdvInt=0x0, originalAddress=00:00:00:00:00:00
  07-13 19:41:41.378  3517  3922 V BtGatt.ScanHelper: Skipping client: permission=true matches=false
  07-13 19:41:41.379  3517  3922 V BtGatt.ScanHelper: Skipping client: permission=true matches=false
  07-13 19:41:41.379  3517  3922 D BluetoothRemoteDevices: Update property, device=XX:XX:XX:XX:A1:31, type: 1
  07-13 19:41:41.379  3517  3922 D BluetoothRemoteDevices: Skip name update for XX:XX:XX:XX:A1:31
  07-13 19:41:41.379  3517  3922 D BluetoothRemoteDevices: Update property, device=XX:XX:XX:XX:A1:31, type: 4
  07-13 19:41:41.379  3517  3922 D BluetoothRemoteDevices: Skip class update, device=XX:XX:XX:XX:A1:31, cod=0x1f00
  07-13 19:41:41.379  3517  3922 D BluetoothRemoteDevices: Update property, device=XX:XX:XX:XX:A1:31, type: 5
  07-13 19:41:41.379  3517  3922 D BluetoothRemoteDevices:  BT_PROPERTY_TYPE_OF_DEVICE addr:69:F6:E7:E6:A1:31 deviceType:3
  07-13 19:41:41.380  1360  1668 W SDM     : DisplayBase::SetHWDetailedEnhancerConfig: SetDetailEnhancerConfig failed. err = 10
  07-13 19:41:41.380  2583  2583 I NotificationService: Cannot find enqueued record for key: 0|com.snapchat.android|1431325696|null|10326
> 07-13 19:41:41.444  2583  2633 W ActivityTaskManager: Activity top resumed state loss timeout for ActivityRecord{78e569b u0 
com.princevekariya.projectledger.personal.debug/com.princevekariya.projectledger.MainActivity t74 f}}
> 07-13 19:41:41.446  2583  2633 W ActivityTaskManager: Activity pause timeout for ActivityRecord{78e569b u0 
com.princevekariya.projectledger.personal.debug/com.princevekariya.projectledger.MainActivity t74 f}}
  07-13 19:41:41.446  1289 31577 E sensors-hal: handle_sns_client_event:431, accel_sample(accelcal_available:0): ts=24236586849172 ns; value = [-0.738377, 0.113468, 9.911168], 
status=3
  07-13 19:41:41.447  1360  1668 W SDM     : DisplayBase::SetHWDetailedEnhancerConfig: SetDetailEnhancerConfig failed. err = 10
  07-13 19:41:41.448  2583  2633 D PerfStubImpl: perfWarmLaunchBoost: com.mi.android.globallauncher, -1, 1
  07-13 19:41:41.452  2583  2633 D WindowManagerService: checkFlipFullScreenChange is same, nowIsFullScreen = false
  07-13 19:41:41.458  1360  1668 W SDM     : DisplayBase::SetHWDetailedEnhancerConfig: SetDetailEnhancerConfig failed. err = 10
  07-13 19:41:41.458  2583  2633 I ATMSImpl: cacheTasksForDefaultDisplay size=4 topId=2
  07-13 19:41:41.460  2583  2633 D WindowManager: Set transition=TransitionRecord{e9b888 id=348 type=CLOSE flags=0x10}, ready=true, SyncId=348 
  07-13 19:41:41.466  3598  3850 I MultiTaskingTaskRepository: no MULTI_WINDOW, but base activity is null
  07-13 19:41:41.466  2583  3404 D AppLock_AccessControlImpl: activityResume packageName: com.mi.android.globallauncher userId: 0 enabled: true
  07-13 19:41:41.466  2583  3404 D AppLock_AccessControlImpl: activityResume lockMode: 2
  07-13 19:41:41.467  2583  2633 E WindowManager: setClientVisible ActivityRecord{4450c0c u0 com.mi.android.globallauncher/com.miui.home.launcher.Launcher t2} true
  07-13 19:41:41.468  2583  2633 I WindowManager: wms.showSurfaceRobustly mWin:Window{45974e4 u0 com.mi.android.globallauncher/com.miui.home.launcher.Launcher}
> 07-13 19:41:41.469  2583  2633 D WindowManager: Final targets: [Task{bc6d67c #1 type=home}, Task{571c177 #74 type=standard 
A=10376:com.princevekariya.projectledger.personal.debug}, WallpaperWindowToken{bbd36f token=android.os.Binder@edff64e}, WallpaperWindowToken{7c5aead 
token=android.os.Binder@c12bc71}]
  07-13 19:41:41.470  1360  1668 W SDM     : DisplayBase::SetHWDetailedEnhancerConfig: SetDetailEnhancerConfig failed. err = 10
  07-13 19:41:41.472  3621  3621 D SecurityManager: checkAccessControl flag1
  07-13 19:41:41.473  3621  3621 D Launcher: Launcher.DeviceConfig onResume bounds = Rect(0, 0 - 1080, 2460)
  07-13 19:41:41.473  3621  3621 D Launcher.DropTargetBar: update uninstall active when NO drag, active=false (edit=0, isUninstallDialogShowing=false, 
isWidgetPreviewShowing=false, isDefaultScreenPreviewShowing=false, isMenuVisible=false)
  07-13 19:41:41.473  3621  3621 D Launcher.Lifecycle: onResume:UserHandle{0},eeb4a4c,false
  07-13 19:41:41.473  3621  3621 W Settings: Setting device_provisioned has moved from android.provider.Settings.Secure to android.provider.Settings.Global.
> 07-13 19:41:41.477  2583  2633 D WindowManager: Calling onTransitionReady info={id=348 t=CLOSE f=0x10 trk=0 opt={t=FROM_STYLE} r=[0@Point(0, 0)] c=[{WCT{RemoteToken{f9211a4 
Task{bc6d67c #1 type=home}}} m=TO_FRONT f=SHOW_WALLPAPER|MOVE_TO_TOP leash=Surface(name=Task=1#47)/@0x6a196f sb=Rect(0, 0 - 1080, 2460) eb=Rect(0, 0 - 1080, 2460) d=0 
taskParent=-1 v=true},{WCT{RemoteToken{c7c1129 Task{571c177 #74 type=standard A=10376:com.princevekariya.projectledger.personal.debug}}} m=CLOSE f=NONE 
leash=Surface(name=Task=74#4870)/@0xff03776 sb=Rect(0, 0 - 1080, 2460) eb=Rect(0, 0 - 1080, 2460) d=0 taskParent=-1 v=false},{null m=TO_FRONT f=IS_WALLPAPER 
leash=Surface(name=WallpaperWindowToken{bbd36f token=android.os.Binder@edff64e}#92)/@0x13f087c sb=Rect(0, 0 - 1080, 2460) eb=Rect(0, 0 - 1080, 2460) d=0 v=true},{null m=TO_FRONT 
f=IS_WALLPAPER|IS_OCCLUDED leash=Surface(name=WallpaperWindowToken{7c5aead token=android.os.Binder@c12bc71}#91)/@0xa3b88a9 sb=Rect(0, 0 - 1080, 2460) eb=Rect(0, 0 - 1080, 2460) 
d=0 v=true}] mk=[false] noAni=[false] df=[false] rsa=[false] oa=[false] nc=[0] sa=[false] ho=[false] iSync=[-1]}, mToken=Token{ed6ddbb TransitionRecord{e9b888 id=348 type=CLOSE 
flags=0x10}}
  07-13 19:41:41.478  3621  3621 D Launcher.FullbackHome: FallbackHomeCompat::needKillSelf::needKillSelf = false
  07-13 19:41:41.479  3621  3621 D SoscSplitStateController: updateDividerFixedState: isFixed = true
  07-13 19:41:41.479  3621  3621 E Launcher.application: setClickAppWaitForCallback = false
  07-13 19:41:41.479  3621  3621 D Launcher.FullbackHome: FallbackHomeCompat::needKillSelf::needKillSelf = false
  07-13 19:41:41.479  3621  3621 D Launcher_UnlockAnimationStateMachine: onResume = IDLE
  07-13 19:41:41.479  3621  3621 I Launcher: changeMIUIWidgetEditMode false
  07-13 19:41:41.479  3621  3621 D NavStubView: setAssistantInEditMode: false
  07-13 19:41:41.479  3621  3621 D ServiceDeliveryReplaceHelper: onResume: widget to serviceDeliver isReplace false
  07-13 19:41:41.479  3598  3850 D SoScSplitScreenController: updateDividerFixedState isFixed:true
> 07-13 19:41:41.480  2583  2633 E WindowManager:  source = Task{571c177 #74 type=standard A=10376:com.princevekariya.projectledger.personal.debug} excludeMiuiNavBar = true 
excludeMiuiStatusBar = true excludeIme = false excludeNavBar = true miuiNavSurfaceControl = Surface(name=Miui Fake NavBar#51)/@0x1732364 miuiStatusSurfaceControl = 
Surface(name=Miui Fake StatusBar#50)/@0x78d83b8
  07-13 19:41:41.481  1360  1668 W SDM     : DisplayBase::SetHWDetailedEnhancerConfig: SetDetailEnhancerConfig failed. err = 10
  07-13 19:41:41.483  3621  3621 I Launcher.widget: onVisible com.google.android.apps.gsa.staticplugins.searchwidget.GoogleSearchWidgetProvider
  07-13 19:41:41.484  3598  3598 D BadgeCoordinator: recevie broadbcast ACTION_APPLICATION_MESSAGE_QUERY, requestFirstTime=false
  07-13 19:41:41.486  3621  3621 D Launcher:WidgetView: onVisible: 
ComponentInfo{com.google.android.googlequicksearchbox/com.google.android.apps.gsa.staticplugins.searchwidget.GoogleSearchWidgetProvider}
  07-13 19:41:41.487  3621  3621 I Launcher.widget: onInvisible com.google.android.apps.youtube.music.player.widget.gm3.FreeformMusicWidgetProvider
  07-13 19:41:41.488  3598  3850 I MultiTaskingTaskRepository: needSkip: is home task
  07-13 19:41:41.489  3598  3850 D MiuiFreeformModeController: onFocusTaskChanged taskInfo: TaskInfo{userId=0 taskId=1 displayId=0 isRunning=true baseIntent=Intent { 
act=android.intent.action.MAIN cat=[android.intent.category.HOME] flg=0x10000100 cmp=com.mi.android.globallauncher/com.miui.home.launcher.Launcher } 
baseActivity=ComponentInfo{com.mi.android.globallauncher/com.miui.home.launcher.Launcher} topActivity=ComponentInfo{com.mi.android.globallauncher/com.miui.home.launcher.Launcher} 
origActivity=null realActivity=null numActivities=1 lastActiveTime=24317 supportsSplitScreenMultiWindow=true supportsMultiWindow=true resizeMode=2 isResizeable=true minWidth=-1 
minHeight=-1 defaultMinSize=200 token=WCT{android.window.IWindowContainerToken$Stub$Proxy@a37988a} topActivityType=2 pictureInPictureParams=null shouldDockBigOverlays=false 
launchIntoPipHostTaskId=-1 lastParentTaskIdBeforePip=-1 displayCutoutSafeInsets=null topActivityInfo=ActivityInfo{ee22efb com.miui.home.launcher.Launcher} launchCookies=[] 
positionInParent=Point(0, 0) parentTaskId=-1 isFocused=true isVisible=false isVisibleRequested=true isSleeping=false locusId=null displayAreaFeatureId=1 
isTopActivityTransparent=false appCompatTaskInfo=AppCompatTaskInfo { topActivityInSizeCompat=false topActivityInMiuiSizeCompat=false topActivityEligibleForLetterboxEducation= 
falseisLetterboxEducationEnabled= false isLetterboxDoubleTapEnabled= false topActivityEligibleForUserAspectRatioButton= false topActivityBoundsLetterboxed= false 
isFromLetterboxDoubleTap= false topActivityLetterboxVerticalPosition= -1 topActivityLetterboxHorizontalPosition= -1 topActivityLetterboxWidth=1080 topActivityLetterboxHeight=2460 
isUserFullscreenOverrideEnabled=false isSystemFullscreenOverrideEnabled=false cameraCompatTaskInfo=CameraCompatTaskInfo { cameraCompatControlState=hidden 
freeformCameraCompatMode=inactive}} isImmersive=false mTopActivityRequestOrientation=-2 mBehindAppLockPkg=null mOriginatingUid=0 isEmbedded=false shouldBeVisible=true 
mIsCastMode=false mTopActivityMediaSize=null mTopActivityRecordName=ActivityRecord{4450c0c u0 com.mi.android.globallauncher/com.miui.home.launcher.Launcher t2} 
mTopActivityOrientation=1}
  07-13 19:41:41.490  3598  3850 I MultiTaskingTaskRepository: needSkip: is home task
  07-13 19:41:41.490  3598  3850 W MultiTaskingTaskRepository: putOrUpdateTaskInfo skip
  07-13 19:41:41.490  3598  3850 I MultiTaskingTaskRepository: needSkip: is home task
  07-13 19:41:41.490  3598  3850 W MultiTaskingTaskRepository: onToBackTransitionReady putOrUpdateTaskInfo skip
  07-13 19:41:41.491  3598  3850 I ShellTransitions: Is abandon offsetY: false
  07-13 19:41:41.491  3598  3850 I ShellTransitions: Is abandon offsetY: false
  07-13 19:41:41.491 27023 27031 I .personal.debug: Compiler allocated 5280KB to compile void android.view.ViewRootImpl.performTraversals()
  07-13 19:41:41.491  3598  3850 I ShellTransitions: Is abandon offsetY: false
  07-13 19:41:41.491  3598  3850 I ShellTransitions: Is abandon offsetY: false
  07-13 19:41:41.491  3598  3850 E KeyguardTransitionHandlerImpl: activityCount = 0
  07-13 19:41:41.491  3598  3850 E KeyguardTransitionHandlerImpl: activityCount = 0
> 07-13 19:41:41.492  2583  2633 D WindowManager: snapshot isNothing = false source = Task{571c177 #74 type=standard A=10376:com.princevekariya.projectledger.personal.debug}
  07-13 19:41:41.492  3598  3850 D MiuiFreeformModeAnimation: startAnimation change: {WCT{android.window.IWindowContainerToken$Stub$Proxy@1c0ab18} m=TO_FRONT 
f=SHOW_WALLPAPER|MOVE_TO_TOP leash=Surface(name=Task=1#47)/@0xb465c39 sb=Rect(0, 0 - 1080, 2460) eb=Rect(0, 0 - 1080, 2460) d=0 taskParent=-1 v=true} info.getType(): 2
  07-13 19:41:41.492  1360  1668 W SDM     : DisplayBase::SetHWDetailedEnhancerConfig: SetDetailEnhancerConfig failed. err = 10
  07-13 19:41:41.492  3598  3850 D MiuiFreeformModeAnimation: startAnimation change: {WCT{android.window.IWindowContainerToken$Stub$Proxy@fba5971} m=CLOSE f=NONE 
leash=Surface(name=Task=74#4870)/@0xa24d27e sb=Rect(0, 0 - 1080, 2460) eb=Rect(0, 0 - 1080, 2460) d=0 taskParent=-1 v=false} info.getType(): 2
  07-13 19:41:41.492  3598  3850 D MiuiFreeformModeAnimation: startAnimation change: {null m=TO_FRONT f=IS_WALLPAPER leash=Surface(name=WallpaperWindowToken{bbd36f 
token=android.os.Binder@edff64e}#92)/@0x54433df sb=Rect(0, 0 - 1080, 2460) eb=Rect(0, 0 - 1080, 2460) d=0 v=true} info.getType(): 2
  07-13 19:41:41.492  3598  3850 D MiuiFreeformModeAnimation: startAnimation change: {null m=TO_FRONT f=IS_WALLPAPER|IS_OCCLUDED leash=Surface(name=WallpaperWindowToken{7c5aead 
token=android.os.Binder@c12bc71}#91)/@0x352382c sb=Rect(0, 0 - 1080, 2460) eb=Rect(0, 0 - 1080, 2460) d=0 v=true} info.getType(): 2
  07-13 19:41:41.492  3598  3850 D SoScStageCoordinator: inCloseTransition:false pairsStartedWithCloseTransition:false isRequestCloseTriggerTask:false inSingleSoScState:false 
inSoScUnactivie:true closeStage:null mDeferUpdateSoScStateCount:0
  07-13 19:41:41.494  3598  3850 D RemoteTransitionHandler: Found filterPair{{types=[] flags=0x0] notFlags=0x3900 checks=[{atype=home independent=true modes=[OPEN,TO_FRONT] 
flags=NONE mustBeTask=false order=TOP topActivity=ComponentInfo{com.mi.android.globallauncher/com.miui.home.launcher.Launcher} launchCookie=null},{atype=standard independent=true 
modes=[CLOSE,TO_BACK] flags=NONE mustBeTask=false order=ANY topActivity=null launchCookie=null}]} RemoteTransition { remoteTransition = 
android.window.IRemoteTransition$Stub$Proxy@6abbc63, appThread = null, debugName = null, hyperRemoteTransition = null }}
  07-13 19:41:41.495  3598  3850 W System.err: android.content.pm.PackageManager$NameNotFoundException: com.miui.home
  07-13 19:41:41.495  3598  3850 W System.err: 	at android.app.ApplicationPackageManager.getApplicationInfoAsUser(ApplicationPackageManager.java:535)
  07-13 19:41:41.495  3598  3850 W System.err: 	at android.app.ApplicationPackageManager.getApplicationInfo(ApplicationPackageManager.java:518)
  07-13 19:41:41.495  3598  3850 W System.err: 	at android.app.ApplicationPackageManager.getApplicationInfo(ApplicationPackageManager.java:512)
  07-13 19:41:41.495  3598  3850 W System.err: 	at com.android.wm.shell.sosc.SoScUtilsImpl.checkHomeVersionSupportDividerBg(go/retraceme 
7a22db4d3d33f6ead7b056f3049df2c9f825df819eec53f6a19d9d820b73bb95:8)
  07-13 19:41:41.495  3598  3850 W System.err: 	at com.android.wm.shell.sosc.SoScUtilsImpl.supportDividerBackground(go/retraceme 
7a22db4d3d33f6ead7b056f3049df2c9f825df819eec53f6a19d9d820b73bb95:1)
  07-13 19:41:41.495  3598  3850 W System.err: 	at com.android.wm.shell.sosc.SoScUtilsImpl.updateTransitionInfoForRemote(go/retraceme 
7a22db4d3d33f6ead7b056f3049df2c9f825df819eec53f6a19d9d820b73bb95:1)
  07-13 19:41:41.496  3598  3850 W System.err: 	at com.android.wm.shell.transition.RemoteTransitionHandler.startAnimation(go/retraceme 
7a22db4d3d33f6ead7b056f3049df2c9f825df819eec53f6a19d9d820b73bb95:297)
  07-13 19:41:41.496  3598  3850 W System.err: 	at com.android.wm.shell.transition.Transitions.dispatchTransition(go/retraceme 
7a22db4d3d33f6ead7b056f3049df2c9f825df819eec53f6a19d9d820b73bb95:68)
  07-13 19:41:41.496  3598  3850 W System.err: 	at com.android.wm.shell.transition.Transitions.processReadyQueue(go/retraceme 
7a22db4d3d33f6ead7b056f3049df2c9f825df819eec53f6a19d9d820b73bb95:822)
  07-13 19:41:41.496  3598  3850 W System.err: 	at com.android.wm.shell.transition.Transitions.dispatchReady(go/retraceme 
7a22db4d3d33f6ead7b056f3049df2c9f825df819eec53f6a19d9d820b73bb95:1173)
  07-13 19:41:41.496  3598  3850 W System.err: 	at com.android.wm.shell.transition.Transitions.onTransitionReady(go/retraceme 
7a22db4d3d33f6ead7b056f3049df2c9f825df819eec53f6a19d9d820b73bb95:248)
  07-13 19:41:41.496  3598  3850 W System.err: 	at com.android.wm.shell.transition.Transitions$TransitionPlayerImpl$$ExternalSyntheticLambda1.run(go/retraceme 
7a22db4d3d33f6ead7b056f3049df2c9f825df819eec53f6a19d9d820b73bb95:47)
  07-13 19:41:41.496  3598  3850 W System.err: 	at android.os.Handler.handleCallback(Handler.java:959)
  07-13 19:41:41.496  3598  3850 W System.err: 	at android.os.Handler.dispatchMessage(Handler.java:100)
  07-13 19:41:41.496  3598  3850 W System.err: 	at android.os.Looper.loopOnce(Looper.java:249)
  07-13 19:41:41.496  3598  3850 W System.err: 	at android.os.Looper.loop(Looper.java:337)
  07-13 19:41:41.496  3598  3850 W System.err: 	at android.os.HandlerThread.run(HandlerThread.java:85)
> 07-13 19:41:41.512  3621  3822 D WindowTransitionCompat: printLeash::taskInfo = TaskInfo{userId=0 taskId=74 displayId=0 isRunning=false baseIntent=Intent { flg=0x10000000 
cmp=com.princevekariya.projectledger.personal.debug/com.princevekariya.projectledger.MainActivity } baseActivity=null topActivity=null origActivity=null 
realActivity=ComponentInfo{com.princevekariya.projectledger.personal.debug/com.princevekariya.projectledger.MainActivity} numActivities=0 lastActiveTime=24236110 
supportsSplitScreenMultiWindow=true supportsMultiWindow=true resizeMode=1 isResizeable=true minWidth=-1 minHeight=-1 defaultMinSize=200 
token=WCT{android.window.IWindowContainerToken$Stub$Proxy@218b6} topActivityType=1 pictureInPictureParams=null shouldDockBigOverlays=false launchIntoPipHostTaskId=-1 
lastParentTaskIdBeforePip=-1 displayCutoutSafeInsets=Rect(0, 104 - 0, 0) topActivityInfo=null launchCookies=[] positionInParent=Point(0, 0) parentTaskId=-1 isFocused=false 
isVisible=true isVisibleRequested=false isSleeping=false locusId=null displayAreaFeatureId=1 isTopActivityTransparent=false appCompatTaskInfo=AppCompatTaskInfo { 
topActivityInSizeCompat=false topActivityInMiuiSizeCompat=false topActivityEligibleForLetterboxEducation= falseisLetterboxEducationEnabled= false isLetterboxDoubleTapEnabled= 
false topActivityEligibleForUserAspectRatioButton= false topActivityBoundsLetterboxed= false isFromLetterboxDoubleTap= false topActivityLetterboxVerticalPosition= -1 
topActivityLetterboxHorizontalPosition= -1 topActivityLetterboxWidth=-1 topActivityLetterboxHeight=-1 isUserFullscreenOverrideEnabled=false 
isSystemFullscreenOverrideEnabled=false cameraCompatTaskInfo=CameraCompatTaskInfo { cameraCompatControlState=hidden freeformCameraCompatMode=inactive}} isImmersive=false 
mTopActivityRequestOrientation=-2 mBehindAppLockPkg=null mOriginatingUid=0 isEmbedded=false shouldBeVisible=false mIsCastMode=false mTopActivityMediaSize=null 
mTopActivityRecordName=null mTopActivityOrientation=-2}
  07-13 19:41:41.512  3621  3822 D WindowTransitionCompat: printLeash::index = 2, change = {null m=TO_FRONT f=IS_WALLPAPER leash=Surface(name=WallpaperWindowToken{bbd36f 
token=android.os.Binder@edff64e}#92)/@0xd272206 sb=Rect(0, 0 - 1080, 2460) eb=Rect(0, 0 - 1080, 2460) d=0 v=true}
  07-13 19:41:41.512  3621  3822 D WindowTransitionCompat: printLeash::index = 3, change = {null m=TO_FRONT f=IS_WALLPAPER|IS_OCCLUDED 
leash=Surface(name=WallpaperWindowToken{7c5aead token=android.os.Binder@c12bc71}#91)/@0xcab80c7 sb=Rect(0, 0 - 1080, 2460) eb=Rect(0, 0 - 1080, 2460) d=0 v=true}
  07-13 19:41:41.512  3621  3822 E WindowTransitionCompat: printLeash::index = 0, root = Surface(name=Transition Root #348: Task=1#4888)/@0x72ca6f4
  07-13 19:41:41.512  3621  3822 I TransitionCallback: get is waitFinishMainAnim = false
  07-13 19:41:41.512  3621  3822 I TransitionCallback: mNeedShowLauncher = false
  07-13 19:41:41.512  3621  3822 E WindowTransitionCompat: 0, check isClosingType type = 2, mode = 3
  07-13 19:41:41.513  3621  3822 E WindowTransitionCompat: 1, check isClosingType type = 1, mode = 2
  07-13 19:41:41.513  3621  3822 I WindowTransitionCompat: startAnimation token = android.os.BinderProxy@8e73e60, isClosingType = true
  07-13 19:41:41.513  3621  3822 I TransitionCallback: com.android.systemui.shared.recents.utilities.WindowTransitionCallbackHelper@73029b7 setMainFinishCallback, token = 
android.os.BinderProxy@8e73e60, callback = android.window.IRemoteTransitionFinishedCallback$Stub$Proxy@bf1e08c
  07-13 19:41:41.513  3621  3822 I TransitionCallback: com.android.systemui.shared.recents.utilities.WindowTransitionCallbackHelper@73029b7 setTransitionInfo token = 
android.os.BinderProxy@8e73e60, info = {id=348 t=CLOSE f=0x10 trk=0 opt={t=FROM_STYLE} r=[0@Point(0, 0)] c=[{WCT{android.window.IWindowContainerToken$Stub$Proxy@db6ff19} 
m=TO_FRONT f=SHOW_WALLPAPER|MOVE_TO_TOP leash=Surface(name=Task=1#47)/@0xbb2ee48 sb=Rect(0, 0 - 1080, 2460) eb=Rect(0, 0 - 1080, 2460) d=0 taskParent=-1 
v=true},{WCT{android.window.IWindowContainerToken$Stub$Proxy@efa6bde} m=CLOSE f=NONE leash=Surface(name=Task=74#4870)/@0x37994e1 sb=Rect(0, 0 - 1080, 2460) eb=Rect(0, 0 - 1080, 
2460) d=0 taskParent=-1 v=false},{null m=TO_FRONT f=IS_WALLPAPER leash=Surface(name=WallpaperWindowToken{bbd36f token=android.os.Binder@edff64e}#92)/@0xd272206 sb=Rect(0, 0 - 
1080, 2460) eb=Rect(0, 0 - 1080, 2460) d=0 v=true},{null m=TO_FRONT f=IS_WALLPAPER|IS_OCCLUDED leash=Surface(name=WallpaperWindowToken{7c5aead 
token=android.os.Binder@c12bc71}#91)/@0xcab80c7 sb=Rect(0, 0 - 1080, 2460) eb=Rect(0, 0 - 1080, 2460) d=0 v=true}] mk=[false] noAni=[false] df=[false] rsa=[false] oa=[false] 
nc=[0] sa=[false] ho=[false] iSync=[-1]}
  07-13 19:41:41.513  3621  3822 D TransitionUtil: get key :ComponentInfo{com.mi.android.globallauncher/com.miui.home.launcher.Launcher}#1
  07-13 19:41:41.513  3621  3822 I TransitionUtil: rootLeash = Surface(name=Transition Root #348: Task=1#4888)/@0x72ca6f4
  07-13 19:41:41.513  3621  3822 I TransitionUtil: setupLeash isAppOpening = false
  07-13 19:41:41.513  7939  9647 D DFS-AppUsageTracker: Fg changed, new=com.mi.android.globallauncher, but charging.
  07-13 19:41:41.514  3621  3822 I TransitionUtil: setLayer leash5 = Surface(name=TL_Surface(name=Task=1#47)/@0xbb2ee48_transition-leash#4889)/@0x6c1b524, layer = 3
  07-13 19:41:41.514  3621  3822 D ReflectUtils: callObjectMethod
  07-13 19:41:41.514  3621  3822 D ReflectUtils: java.lang.NoSuchMethodException: android.window.TransitionInfo$Change.getAllowEnterPip []
  07-13 19:41:41.514  3621  3822 D ReflectUtils: 	at java.lang.Class.getMethod(Class.java:2934)
  07-13 19:41:41.514  3621  3822 D ReflectUtils: 	at java.lang.Class.getDeclaredMethod(Class.java:2913)
  07-13 19:41:41.514  3621  3822 D ReflectUtils: 	at com.miui.launcher.utils.ReflectUtils.callObjectMethod(ReflectUtils.java:35)
  07-13 19:41:41.514  3621  3822 D ReflectUtils: 	at com.android.hideapi.TransitionInfoExpose$ChangeExpose.getAllowEnterPip(TransitionInfoExpose.java:119)
  07-13 19:41:41.514  3621  3822 D ReflectUtils: 	at com.android.wm.shell.util.TransitionUtil.newTarget(TransitionUtil.java:583)
  07-13 19:41:41.514  3621  3822 D ReflectUtils: 	at com.android.wm.shell.util.TransitionUtil.newTarget(TransitionUtil.java:520)
  07-13 19:41:41.514  3621  3822 D ReflectUtils: 	at com.android.wm.shell.util.TransitionUtil.newTarget(TransitionUtil.java:511)
  07-13 19:41:41.514  3621  3822 D ReflectUtils: 	at com.android.systemui.shared.recents.system.RemoteAnimationTargetCompat.wrap(RemoteAnimationTargetCompat.java:212)
> 07-13 19:41:41.514  3621  3822 D TransitionUtil: get key :ComponentInfo{com.princevekariya.projectledger.personal.debug/com.princevekariya.projectledger.MainActivity}#74
  07-13 19:41:41.514  1360  1668 W SDM     : DisplayBase::SetHWDetailedEnhancerConfig: SetDetailEnhancerConfig failed. err = 10
  07-13 19:41:41.514  3621  3822 I TransitionUtil: rootLeash = Surface(name=Transition Root #348: Task=1#4888)/@0x72ca6f4
  07-13 19:41:41.514  7939  8163 D MilletUtils: setUidState, uid = 10171 allow = true
  07-13 19:41:41.515  3621  3822 I TransitionUtil: setupLeash isAppOpening = false
  07-13 19:41:41.515  3621  3822 I TransitionUtil: setLayer leash7 = Surface(name=TL_Surface(name=Task=74#4870)/@0x37994e1_transition-leash#4890)/@0x90f0a42, layer = 7
  07-13 19:41:41.515  3621  3822 D ReflectUtils: callObjectMethod
  07-13 19:41:41.515  3621  3822 D ReflectUtils: java.lang.NoSuchMethodException: android.window.TransitionInfo$Change.getAllowEnterPip []
  07-13 19:41:41.515  3621  3822 D ReflectUtils: 	at java.lang.Class.getMethod(Class.java:2934)
  07-13 19:41:41.515  3621  3822 D ReflectUtils: 	at java.lang.Class.getDeclaredMethod(Class.java:2913)
  07-13 19:41:41.515  3621  3822 D ReflectUtils: 	at com.miui.launcher.utils.ReflectUtils.callObjectMethod(ReflectUtils.java:35)
  07-13 19:41:41.515  3621  3822 D ReflectUtils: 	at com.android.hideapi.TransitionInfoExpose$ChangeExpose.getAllowEnterPip(TransitionInfoExpose.java:119)
  07-13 19:41:41.515  3621  3822 D ReflectUtils: 	at com.android.wm.shell.util.TransitionUtil.newTarget(TransitionUtil.java:583)
  07-13 19:41:41.515  3621  3822 D ReflectUtils: 	at com.android.wm.shell.util.TransitionUtil.newTarget(TransitionUtil.java:520)
  07-13 19:41:41.515  3621  3822 D ReflectUtils: 	at com.android.wm.shell.util.TransitionUtil.newTarget(TransitionUtil.java:511)
  07-13 19:41:41.515  3621  3822 D ReflectUtils: 	at com.android.systemui.shared.recents.system.RemoteAnimationTargetCompat.wrap(RemoteAnimationTargetCompat.java:212)
  07-13 19:41:41.515  3621  3822 D ReflectUtils: 	at com.android.systemui.shared.recents.system.RemoteAnimationTargetCompat.wrapAppsForCompat(RemoteAnimationTargetCompat.java:232)
  07-13 19:41:41.515  3621  3822 D ReflectUtils: 	at com.android.systemui.shared.recents.system.WindowTransitionCompat$2.lambda$startAnimation$0(WindowTransitionCompat.java:140)
  07-13 19:41:41.515  3621  3822 D ReflectUtils: 	at com.android.systemui.shared.recents.system.WindowTransitionCompat$2.$r8$lambda$hcqKCUwnRuMqtvMJ6DPLae5xnFA(Unknown Source:0)
  07-13 19:41:41.515  3621  3822 D ReflectUtils: 	at com.android.systemui.shared.recents.system.WindowTransitionCompat$2$$ExternalSyntheticLambda1.run(Unknown Source:10)
  07-13 19:41:41.515  3621  3822 D ReflectUtils: 	at android.os.Handler.handleCallback(Handler.java:959)
  07-13 19:41:41.515  3621  3822 D ReflectUtils: 	at android.os.Handler.dispatchMessage(Handler.java:100)
  07-13 19:41:41.515  3621  3822 D ReflectUtils: 	at android.os.Looper.loopOnce(Looper.java:249)
  07-13 19:41:41.515  3621  3822 D ReflectUtils: 	at android.os.Looper.loop(Looper.java:337)
  07-13 19:41:41.515  3621  3822 D ReflectUtils: 	at android.os.HandlerThread.run(HandlerThread.java:85)
  07-13 19:41:41.515  3621  3822 W TransitionInfoExpose.ChangeExpose: getAllowEnterPip: return null from reflection, use default value false
> 07-13 19:41:41.531  6347 31516 I ProcessMonitor: onForegroundInfoChanged: ForegroundInfo{mForegroundPackageName='com.mi.android.globallauncher', mForegroundUid=10171, 
mForegroundPid=3621, mLastForegroundPackageName='com.princevekariya.projectledger.personal.debug', mLastForegroundUid=10376, mLastForegroundPid=27023, 
mMultiWindowForegroundPackageName='com.mi.android.globallauncher', mMultiWindowForegroundUid=10171, mFlags=0}
> 07-13 19:41:41.532  9462  9472 I GST     : forePkg: com.mi.android.globallauncher, preForePkg: com.princevekariya.projectledger.personal.debug
> 07-13 19:41:41.532  6347 31516 I GameBoosterService: onForegroundInfoChanged: Cur=com.mi.android.globallauncher	 last=com.princevekariya.projectledger.personal.debug
  07-13 19:41:41.532  3621  3621 D HomeLayerElement: bindHomeLeash com.android.systemui.shared.recents.system.SurfaceControlCompat@90287f2
  07-13 19:41:41.532  3621  3621 D HomeLayerElement: java.lang.Exception
  07-13 19:41:41.532  3621  3621 D HomeLayerElement: 	at com.miui.home.recents.anim.HomeLayerElement.bindHomeLeash(HomeLayerElement.kt:86)
  07-13 19:41:41.532  3621  3621 D HomeLayerElement: 	at com.miui.home.recents.anim.WindowElement.onClosingWindowTransitionExecute$lambda-9(WindowElement.kt:435)
  07-13 19:41:41.532  3621  3621 D HomeLayerElement: 	at com.miui.home.recents.anim.WindowElement.$r8$lambda$4vBY0vyx5GyPPzPO6CeZtw3aGOs(Unknown Source:0)
  07-13 19:41:41.532  3621  3621 D HomeLayerElement: 	at com.miui.home.recents.anim.WindowElement$$ExternalSyntheticLambda11.run(Unknown Source:8)
  07-13 19:41:41.532  3621  3621 D HomeLayerElement: 	at android.os.Handler.handleCallback(Handler.java:959)
  07-13 19:41:41.532  3621  3621 D HomeLayerElement: 	at android.os.Handler.dispatchMessage(Handler.java:100)
  07-13 19:41:41.532  3621  3621 D HomeLayerElement: 	at android.os.Looper.loopOnce(Looper.java:249)
  07-13 19:41:41.532  3621  3621 D HomeLayerElement: 	at android.os.Looper.loop(Looper.java:337)
  07-13 19:41:41.532  3621  3621 D HomeLayerElement: 	at android.app.ActivityThread.main(ActivityThread.java:9608)
  07-13 19:41:41.532  3621  3621 D HomeLayerElement: 	at java.lang.reflect.Method.invoke(Native Method)
  07-13 19:41:41.532  3621  3621 D HomeLayerElement: 	at com.android.internal.os.RuntimeInit$MethodAndArgsCaller.run(RuntimeInit.java:615)
  07-13 19:41:41.532  3621  3621 D HomeLayerElement: 	at com.android.internal.os.ZygoteInit.main(ZygoteInit.java:936)
  07-13 19:41:41.532  3621  3621 I AnimStateManager: onAnimParamsReady windowElement = com.miui.home.recents.anim.WindowElement@d999e1d
  07-13 19:41:41.532  3621  3621 D WallpaperElement: setTo   zoomOut=1.14 useWallpaperAnim = false
  07-13 19:41:41.532  3621  3621 D RecentBlurViewElement: setTo: params = RecentBlurParams(blurRadius=0.0, dimming=1.0, dampingRatio=0.95, response=0.3) blurView = null
  07-13 19:41:41.532  3621  3621 D WindowElement: d999e1d animTo, params=RectFParams(targetApps=com.miui.home.recents.util.RemoteAnimationTargetSet@6d16cc0, startRect=RectF(0.0, 
0.0, 1080.0, 2460.0), targetRect=RectF(504.0, 784.0, 576.0, 856.0), startRadius=110.0, endRadius=20.0, startAlpha=1.0, endAlpha=0.0, animType=CLOSE_TO_HOME_CENTER, 
ignoreIcon=false, showTask=false, isQuickSwitchMode=false, targetView=null, 
animListener=com.miui.home.recents.anim.WindowAnimParamsProvider$getClosingWindowAnimParams$animListener$1@2cdfdf9, 
clipAnimationHelper=com.miui.home.recents.util.ClipAnimationHelper@cad313e, clearLastListener=false, currentDisplayRotation=0, homeRotation=0, needFinishOnAnimEnd=true, 
currentTaskIndex=0, isSplitModeBack=false, isUseTranslucentAnim=false, runningTaskId=0, touchRange=2, hasAnimTarget=false), isRunning()=false
  07-13 19:41:41.532  3621  3621 D WindowElement: d999e1d updateFloatingIconView, animType=CLOSE_TO_HOME_CENTER
> 07-13 19:41:41.532  6347 31516 D GameBoosterService: onGameStatusChange foreground:ForegroundInfo{mForegroundPackageName='com.mi.android.globallauncher', mForegroundUid=10171, 
mForegroundPid=3621, mLastForegroundPackageName='com.princevekariya.projectledger.personal.debug', mLastForegroundUid=10376, mLastForegroundPid=27023, 
mMultiWindowForegroundPackageName='com.mi.android.globallauncher', mMultiWindowForegroundUid=10171, mFlags=0}
  07-13 19:41:41.533  3621  3621 D WindowElement: d999e1d updateFloatingIconView, oldTargetView=null, params.targetView=null
  07-13 19:41:41.533  3621  3621 D WindowElement: d999e1d updateFloatingIconView, targetView is same
  07-13 19:41:41.533  3621  3621 D WindowElement: d999e1d bindIconLayerLeashIfNeeded false  null  
Surface(name=TL_Surface(name=Task=1#47)/@0xbb2ee48_transition-leash#4889)/@0x6c1b524 target = null
  07-13 19:41:41.533  6347 31516 I VideoBoxUtils: isSupportVideoBox: true
  07-13 19:41:41.533  6347 31516 I VideoToolBoxService: splitMode: onfalse
  07-13 19:41:41.533  9462  9472 D VENUS_GAMEAI_START_GameAiStartManager: Θ½ÿΦâ╜µù╢σê╗µ£¬σ«ëΦúà
  07-13 19:41:41.534  3621  3621 D WindowAnimImplementorDispatcher: d999e1d animTo by com.miui.home.recents.anim.windowanim.LocalWindowAnimImplementor@eb30b9f
  07-13 19:41:41.535  3621  3791 D LocalWindowAnimImplementor: animTo, params=RectFParams(targetApps=com.miui.home.recents.util.RemoteAnimationTargetSet@6d16cc0, 
startRect=RectF(0.0, 0.0, 1080.0, 2460.0), targetRect=RectF(504.0, 784.0, 576.0, 856.0), startRadius=110.0, endRadius=20.0, startAlpha=1.0, endAlpha=0.0, 
animType=CLOSE_TO_HOME_CENTER, ignoreIcon=false, showTask=false, isQuickSwitchMode=false, targetView=null, 
animListener=com.miui.home.recents.anim.WindowAnimParamsProvider$getClosingWindowAnimParams$animListener$1@2cdfdf9, 
clipAnimationHelper=com.miui.home.recents.util.ClipAnimationHelper@cad313e, clearLastListener=false, currentDisplayRotation=0, homeRotation=0, needFinishOnAnimEnd=true, 
currentTaskIndex=0, isSplitModeBack=false, isUseTranslucentAnim=false, runningTaskId=0, touchRange=2, hasAnimTarget=false), isRunningAndNotRequestEndOrCancel()=false
  07-13 19:41:41.535  3621  3621 D ShortcutMenuLayerElement: animTo, params=ShortcutMenuLayerParams(alpha=1.0, scaleX=1.0, scaleY=1.0, dampingRation=1.2, response=0.5, 
isSurfaceChange=true)
  07-13 19:41:41.535  3621  3621 D ShortcutMenuLayerElement: java.lang.Exception
  07-13 19:41:41.535  3621  3621 D ShortcutMenuLayerElement: 	at com.miui.home.recents.anim.ShortcutMenuLayerElement.animTo(ShortcutMenuLayerElement.kt:247)
  07-13 19:41:41.535  3621  3621 D ShortcutMenuLayerElement: 	at com.miui.home.recents.anim.StateManager.handleAllElementParams(StateManager.kt:308)
  07-13 19:41:41.535  3621  3621 D ShortcutMenuLayerElement: 	at com.miui.home.recents.anim.StateManager.onAnimParamsReady(StateManager.kt:240)
  07-13 19:41:41.535  3621  3621 D ShortcutMenuLayerElement: 	at com.miui.home.recents.anim.StateManager.onAnimParamsReady$default(StateManager.kt:237)
  07-13 19:41:41.535  3621  3621 D ShortcutMenuLayerElement: 	at com.miui.home.recents.anim.WindowElement.onClosingWindowTransitionExecute$lambda-9(WindowElement.kt:446)
  07-13 19:41:41.535  3621  3621 D ShortcutMenuLayerElement: 	at com.miui.home.recents.anim.WindowElement.$r8$lambda$4vBY0vyx5GyPPzPO6CeZtw3aGOs(Unknown Source:0)
  07-13 19:41:41.535  3621  3621 D ShortcutMenuLayerElement: 	at com.miui.home.recents.anim.WindowElement$$ExternalSyntheticLambda11.run(Unknown Source:8)
  07-13 19:41:41.535  3621  3621 D ShortcutMenuLayerElement: 	at android.os.Handler.handleCallback(Handler.java:959)
  07-13 19:41:41.535  3621  3621 D ShortcutMenuLayerElement: 	at android.os.Handler.dispatchMessage(Handler.java:100)
  07-13 19:41:41.535  3621  3621 D ShortcutMenuLayerElement: 	at android.os.Looper.loopOnce(Looper.java:249)
  07-13 19:41:41.535  3621  3621 D ShortcutMenuLayerElement: 	at android.os.Looper.loop(Looper.java:337)
  07-13 19:41:41.535  3621  3621 D ShortcutMenuLayerElement: 	at android.app.ActivityThread.main(ActivityThread.java:9608)
  07-13 19:41:41.535  3621  3621 D ShortcutMenuLayerElement: 	at java.lang.reflect.Method.invoke(Native Method)
  07-13 19:41:41.535  3621  3621 D ShortcutMenuLayerElement: 	at com.android.internal.os.RuntimeInit$MethodAndArgsCaller.run(RuntimeInit.java:615)
  07-13 19:41:41.535  3621  3621 D ShortcutMenuLayerElement: 	at com.android.internal.os.ZygoteInit.main(ZygoteInit.java:936)
> 07-13 19:41:41.542  7939 11104 D PerfEngineController: ForegroundInfo{mForegroundPackageName='com.mi.android.globallauncher', mForegroundUid=10171, mForegroundPid=3621, 
mLastForegroundPackageName='com.princevekariya.projectledger.personal.debug', mLastForegroundUid=10376, mLastForegroundPid=27023, 
mMultiWindowForegroundPackageName='com.mi.android.globallauncher', mMultiWindowForegroundUid=10171, mFlags=0}
  07-13 19:41:41.542  6347  6381 D x1      : myUserId = 0	currentUserId0
  07-13 19:41:41.543  2583  3795 D Aurogon :  packageName = com.google.android.gms isAllowWakeUpList 
  07-13 19:41:41.543  3598  3910 I NotificationProvider: call2 method=updateNotificationUsageInfo extras=Bundle[{packageName=com.snapchat.android}]
  07-13 19:41:41.544  2583  4950 W ActivityManagerServiceImpl: Sending non-protected broadcast android.intent.action.APPLICATION_MESSAGE_UPDATE from system 
3598:com.android.systemui/1000 pkg com.android.systemui. Callers=
  07-13 19:41:41.545  6347 31516 D FreeformUtil: retrieveFirstNoFreeformRootTaskInfo: windowMode = 1
  07-13 19:41:41.545  6347 31516 I VideoToolBoxService: not support vtb. skipExit : false
> 07-13 19:41:41.545  6347 31516 D GlobalDock-MonitorService: onForegroundInfoChanged: appUserId=0	myUserId=0	foregroundInfo = 
ForegroundInfo{mForegroundPackageName='com.mi.android.globallauncher', mForegroundUid=10171, mForegroundPid=3621, 
mLastForegroundPackageName='com.princevekariya.projectledger.personal.debug', mLastForegroundUid=10376, mLastForegroundPid=27023, 
mMultiWindowForegroundPackageName='com.mi.android.globallauncher', mMultiWindowForegroundUid=10171, mFlags=0}
  07-13 19:41:41.545  2583  2599 D Aurogon :  packageName = com.google.android.gms isAllowWakeUpList 
  07-13 19:41:41.545  3621  5752 E ActivityManagerWrapper: getRecentTasksForceIncludingTaskIdIfValid: getRecentTasks: size=4
> 07-13 19:41:41.545  3621  5752 E ActivityManagerWrapper:  mainTaskId=74   userId=0   windowMode=1   baseIntent=Intent { act=null flag=268435456 
cmp=ComponentInfo{com.princevekariya.projectledger.personal.debug/com.princevekariya.projectledger.MainActivity} }
> 07-13 19:41:41.545  3621  5752 E ActivityManagerWrapper:  mainTaskId=60   userId=0   windowMode=1   baseIntent=Intent { act=android.intent.action.MAIN flag=270532608 
cmp=ComponentInfo{com.princevekariya.projectledger.debug/com.princevekariya.projectledger.MainActivity} }
> 07-13 19:41:41.545  3621  5752 E ActivityManagerWrapper:  mainTaskId=59   userId=0   windowMode=1   baseIntent=Intent { act=android.intent.action.MAIN flag=270532608 
cmp=ComponentInfo{com.princevekariya.projectledger/com.princevekariya.projectledger.MainActivity} }
  07-13 19:41:41.545  3621  5752 E ActivityManagerWrapper:  mainTaskId=57   userId=0   windowMode=1   baseIntent=Intent { act=android.intent.action.MAIN flag=335544320 
cmp=ComponentInfo{com.android.settings/com.android.settings.Settings$TetherSettingsActivity} }
  07-13 19:41:41.546  1289 31577 E sensors-hal: handle_sns_client_event:431, accel_sample(accelcal_available:0): ts=24236688402766 ns; value = [-0.714449, 0.115861, 9.903991], 
status=3
  07-13 19:41:41.548  3598  4657 E backgroundBlur: setMiViewBlurMode disable com.android.systemui.statusbar.notification.row.NotificationBackgroundView
  07-13 19:41:41.548  2583  4073 I ATMSImpl: cacheTasksForDefaultDisplay size=4 topId=2
