07-14 18:21:06.014  3655  3655 W Launcher.Utilities: 	at com.miui.home.launcher.LauncherModel$LauncherAppsCallback.onPackageChanged(LauncherModel.java:423)
07-14 18:21:06.014  3655  3655 W Launcher.Utilities: 	at com.miui.home.library.compat.LauncherAppsCompatVL$WrappedCallback.onPackageChanged(LauncherAppsCompatVL.java:111)
07-14 18:21:06.014  3655  3655 W Launcher.Utilities: 	at android.content.pm.LauncherApps$CallbackMessageHandler.handleMessage(LauncherApps.java:2250)
07-14 18:21:06.014  3655  3655 W Launcher.Utilities: 	at android.os.Handler.dispatchMessage(Handler.java:107)
07-14 18:21:06.014  3655  3655 W Launcher.Utilities: 	at android.os.Looper.loopOnce(Looper.java:249)
07-14 18:21:06.014  3655  3655 W Launcher.Utilities: 	at android.os.Looper.loop(Looper.java:337)
07-14 18:21:06.014  3655  3655 W Launcher.Utilities: 	at android.app.ActivityThread.main(ActivityThread.java:9608)
07-14 18:21:06.014  3655  3655 W Launcher.Utilities: 	at java.lang.reflect.Method.invoke(Native Method)
07-14 18:21:06.014  3655  3655 W Launcher.Utilities: 	at com.android.internal.os.RuntimeInit$MethodAndArgsCaller.run(RuntimeInit.java:615)
07-14 18:21:06.014  3655  3655 W Launcher.Utilities: 	at com.android.internal.os.ZygoteInit.main(ZygoteInit.java:936)
07-14 18:21:06.014  3655  3655 D Launcher.Model: checkAssistantBlurSupport: post AssistantBlurSupportChangeMessage 
07-14 18:21:06.014  3655  3655 D EventBus: No subscribers registered for event class com.miui.home.launcher.common.messages.AssistantBlurSupportChangeMessage
07-14 18:21:06.014  3655  3655 D EventBus: No subscribers registered for event class org.greenrobot.eventbus.NoSubscriberEvent
07-14 18:21:06.014  3655  3655 D Launcher.Model: checkWidgetBlurState: post WidgetBlurStateMessage org.iggymedia.periodtracker
07-14 18:21:06.014  3655  3655 D Launcher.Widget: onMessageEvent: message = WidgetBlurStateMessage{packageName='org.iggymedia.periodtracker'}
07-14 18:21:06.014  3655  3655 D Launcher.Widget: onMessageEvent: launcherAppWidgetInfo.packageName = com.google.android.googlequicksearchbox
07-14 18:21:06.014  3655  3655 D Launcher.Widget: onMessageEvent: message = WidgetBlurStateMessage{packageName='org.iggymedia.periodtracker'}
07-14 18:21:06.014  3655  3655 D Launcher.Widget: onMessageEvent: launcherAppWidgetInfo.packageName = com.google.android.apps.youtube.music
07-14 18:21:06.014  2561  2800 I RoleService: Granting default roles...
07-14 18:21:06.015  2561  3245 D ShortcutService: changing package: org.iggymedia.periodtracker userId999
07-14 18:21:06.015  2561  3245 D ShortcutService: handlePackageChanged: org.iggymedia.periodtracker user=999
07-14 18:21:06.016  3655  3798 D Launcher.Model: Got broadcast:Intent { act=android.intent.action.PACKAGE_CHANGED dat=package: (has extras) }
07-14 18:21:06.015  2561  3245 D ShortcutService: rescanPackageIfNeeded 999@org.iggymedia.periodtracker, forceRescan=true , isNewApp=true
07-14 18:21:06.020  3655  3798 W IconCustomizer: Density abnormal: context density=442 systemDensity=440
07-14 18:21:06.020  2561  3245 D ShortcutService: Package org.iggymedia.periodtracker has 0 manifest shortcut(s), and 0 share target(s)
07-14 18:21:06.020  3655  3798 W IconCustomizer: Density abnormal: context density=442 systemDensity=440
07-14 18:21:06.022  1274 16295 D PAL: API: pal_get_param: 1017: Enter:
07-14 18:21:06.022  1274 16295 D PAL: ResourceManager: getParameter: 7859: param_id=18
07-14 18:21:06.022  1274 16295 D PAL: ResourceManager: isDeviceAvailable: 9517: Device 8, is_available = 1
07-14 18:21:06.022  1274 16295 D PAL: API: pal_get_param: 1029: Exit, status 0
07-14 18:21:06.023  3586  3586 D CarrierSvcBindHelper: onPackageModified: org.iggymedia.periodtracker
07-14 18:21:06.023  3586  3586 D CarrierSvcBindHelper: No carrier app for: 0
07-14 18:21:06.023  3586  3586 D CarrierSvcBindHelper: No carrier app for: 1
07-14 18:21:06.026  2561 27047 W SignedPackage: Cannot get ApplicationInfo for package: com.android.contacts
07-14 18:21:06.028  3586  4209 D ImsResolver: maybeAddedImsService, packageName: org.iggymedia.periodtracker
07-14 18:21:06.034  1204  1204 W Zygote  : forkRepeatedly terminated due to non-simple command
07-14 18:21:06.034  2561 27047 W SignedPackage: Cannot get ApplicationInfo for package: com.android.settings.intelligence
07-14 18:21:06.034  1204  1204 D Zygote  : mbuffer starts with 17, nice name is , mEnd = 1447, mNext = 36, mLinesLeft = 15, mFd = 4
07-14 18:21:06.036  2561 27047 W SignedPackage: Cannot get ApplicationInfo for package: com.google.android.gms.supervision
07-14 18:21:06.040  2561 27047 I Role    : com.google.android.gms not qualified for android.app.role.SYSTEM_CALL_STREAMING due to missing RequiredComponent{mIntentFilterData=IntentFilterData{mAction='android.telecom.CallStreamingService', mCategories='[]', mDataScheme='null', mDataType='null'}, mMinTargetSdkVersion=1, mFlags='0', mPermission='android.permission.BIND_CALL_STREAMING_SERVICE', mQueryFlags=0, mMetaData=[]}
07-14 18:21:06.040  2561 27047 E RoleControllerServiceImpl: Default/fallback role holder package doesn't qualify for the role, package: com.google.android.gms, role: android.app.role.SYSTEM_CALL_STREAMING, user: 999
07-14 18:21:06.042  3586  4238 E SmsApplication: Package not found: com.android.bluetooth
07-14 18:21:06.044  2561 27047 W SignedPackage: Package doesn't have required signing certificate: com.google.android.apps.work.clouddpc
07-14 18:21:06.045  1204  1204 I Zygote  : Entering forkRepeatedly native zygote loop
07-14 18:21:06.048  3586  4238 E SmsApplication: com.android.mms.service does not have system signature
07-14 18:21:06.049  2561 27047 W SignedPackage: Cannot get ApplicationInfo for package: com.google.android.as
07-14 18:21:06.049  3586  4238 E SmsApplication: com.android.providers.telephony does not have system signature
07-14 18:21:06.050  3586  4238 E CellBroadcastUtils: getDefaultCellBroadcastReceiverPackageName: no package found
07-14 18:21:06.051  2561 27047 W SignedPackage: Cannot get ApplicationInfo for package: com.android.bluetooth
07-14 18:21:06.052  2561  3393 W AppOpService: Ignored setUidMode call for runtime permission app op: uid = 1001, code = READ_SMS, mode = allow, callingUid = 1001, oldMode = allow
07-14 18:21:06.053  2561 27047 E DocumentManagerRoleBehavior: There should be exactly one documenter; found 0: matches=[]
07-14 18:21:06.054  2561  3393 W AppOpService: Ignored setUidMode call for runtime permission app op: uid = 1001, code = RECEIVE_SMS, mode = allow, callingUid = 1001, oldMode = allow
07-14 18:21:06.055  2561  3393 W AppOpService: Ignored setUidMode call for runtime permission app op: uid = 1001, code = RECEIVE_WAP_PUSH, mode = allow, callingUid = 1001, oldMode = allow
07-14 18:21:06.055  1204  1204 D Zygote  : Forked child process 21475
07-14 18:21:06.055  2561  3393 W AppOpService: Ignored setUidMode call for runtime permission app op: uid = 1001, code = SEND_SMS, mode = allow, callingUid = 1001, oldMode = allow
07-14 18:21:06.056  1490  1490 D MI-SF   : setIdleFps choose FPS:48, mode:0
07-14 18:21:06.056  1490  1490 D DisplayModeController: setDesiredMode 4630946796165144705 {mode={fps=48.00 Hz, modePtr={id=2, vsyncRate=48.00 Hz, peakRefreshRate=48.00 Hz}}, emitEvent=false, force=false}
07-14 18:21:06.056  2561  3393 W AppOpService: Ignored setUidMode call for runtime permission app op: uid = 1001, code = READ_CELL_BROADCASTS, mode = allow, callingUid = 1001, oldMode = allow
07-14 18:21:06.057  1361  2839 W SDM     : HWDeviceDRM::GetSupportedBitClkRate: Requested rate not supported: 0
07-14 18:21:06.058  1361  2839 I SDM     : HWDeviceDRM::UpdateMixerAttributes: Mixer WxH 1080x2460-0 for Peripheral
07-14 18:21:06.058  1361  2839 I SDM     : HWCDisplay::SubmitDisplayConfig: Active configuration changed from config 0 to 2
07-14 18:21:06.058  1361  2839 W SDM     : DisplayBase::SetHWDetailedEnhancerConfig: SetDetailEnhancerConfig failed. err = 10
07-14 18:21:06.059  2561  2655 I ActivityManager: Start proc 21475:com.google.android.permissioncontroller/u999a270 for service {com.google.android.permissioncontroller/com.android.permissioncontroller.permission.service.PermissionControllerServiceImpl} caller=android
07-14 18:21:06.059  3655  3798 D Launcher.AllAppsList: updatePackage, packageName=org.iggymedia.periodtracker, loadMissing=false, user=UserHandle{999}, matchedSize=1
07-14 18:21:06.059  1361  2775 E Dpps    : DppsServer::RunPollIteration():480 Poll iteration failed with ret -95
07-14 18:21:06.059  1361  2775 E Dpps    : DppsServer::Run():293 Poll iteration failed, ret -95
07-14 18:21:06.059  1361  1500 I SDM     : HWDeviceDRM::SetDisplaySwitchMode: Mode 2 already set
07-14 18:21:06.060  3655  3798 D Launcher.Model: onReceiveBackground, mAllAppsList=add=[], remove=[], modified=[]
07-14 18:21:06.060  2561 27047 W SignedPackage: Cannot get ApplicationInfo for package: com.google.android.apps.photos
07-14 18:21:06.062  2561 27047 W SignedPackage: Cannot get ApplicationInfo for package: com.android.shell
07-14 18:21:06.064  2561 27047 W SignedPackage: Cannot get ApplicationInfo for package: com.google.android.apps.wellbeing
07-14 18:21:06.065  2561 27047 W SignedPackage: Cannot get ApplicationInfo for package: com.google.android.as
07-14 18:21:06.066  1274 16295 D PAL: API: pal_get_param: 1017: Enter:
07-14 18:21:06.066  1274 16295 D PAL: ResourceManager: getParameter: 7859: param_id=18
07-14 18:21:06.066  1274 16295 D PAL: ResourceManager: isDeviceAvailable: 9517: Device 8, is_available = 1
07-14 18:21:06.066  1274 16295 D PAL: API: pal_get_param: 1029: Exit, status 0
07-14 18:21:06.067  2561 27047 W SignedPackage: Cannot get ApplicationInfo for package: com.google.android.projection.gearhead
07-14 18:21:06.071  2561 27047 W SignedPackage: Cannot get ApplicationInfo for package: com.android.contacts
07-14 18:21:06.071  2561 27047 W SignedPackage: Cannot get ApplicationInfo for package: com.google.android.tts
07-14 18:21:06.073 21475 21475 E Zygote  : process_name_ptr:21475 com.google.android.permissioncontroller
07-14 18:21:06.073 21475 21475 E Zygote  : SetMemoryProtected process_name_ptr:21475 com.google.android.permissioncontroller
07-14 18:21:06.074  1361  2839 W SDM     : DisplayBase::SetHWDetailedEnhancerConfig: SetDetailEnhancerConfig failed. err = 10
07-14 18:21:06.080  2561 27047 W SignedPackage: Cannot get ApplicationInfo for package: com.google.android.devicelockcontroller
07-14 18:21:06.082  2561 27047 W SignedPackage: Cannot get ApplicationInfo for package: com.google.android.as
07-14 18:21:06.088 21475 21475 I ssioncontroller: Using CollectorTypeCMC GC.
07-14 18:21:06.089  2561 27047 E AppOpService: Blocked setUidMode call for runtime permission app op: uid = 99910180, code = FINE_LOCATION, mode = foreground, callingUid = 1000, oldMode = allow
07-14 18:21:06.089  2561 27047 E AppOpService: java.lang.RuntimeException
07-14 18:21:06.089  2561 27047 E AppOpService: 	at com.android.server.permission.access.appop.AppOpService.setUidMode(AppOpService.kt:286)
07-14 18:21:06.089  2561 27047 E AppOpService: 	at com.android.server.appop.AppOpsCheckingServiceTracingDecorator.setUidMode(AppOpsCheckingServiceTracingDecorator.java:120)
07-14 18:21:06.089  2561 27047 E AppOpService: 	at com.android.server.appop.AppOpsService.setUidMode(AppOpsService.java:2147)
07-14 18:21:06.089  2561 27047 E AppOpService: 	at com.android.server.appop.AppOpsService.setUidMode(AppOpsService.java:2097)
07-14 18:21:06.089  2561 27047 E AppOpService: 	at android.app.AppOpsManager.setUidMode(AppOpsManager.java:8332)
07-14 18:21:06.089  2561 27047 E AppOpService: 	at com.android.role.controller.model.Permissions.setAppOpModeAsUser(Permissions.java:908)
07-14 18:21:06.089  2561 27047 E AppOpService: 	at com.android.role.controller.model.Permissions.setAppOpUidModeAsUser(Permissions.java:885)
07-14 18:21:06.089  2561 27047 E AppOpService: 	at com.android.role.controller.model.Permissions.grantPermissionAndAppOpAsUser(Permissions.java:373)
07-14 18:21:06.089  2561 27047 E AppOpService: 	at com.android.role.controller.model.Permissions.grantSingleAsUser(Permissions.java:247)
07-14 18:21:06.089  2561 27047 E AppOpService: 	at com.android.role.controller.model.Permissions.grantAsUser(Permissions.java:205)
07-14 18:21:06.089  2561 27047 E AppOpService: 	at com.android.role.controller.behavior.BrowserRoleBehavior.grantAsUser(BrowserRoleBehavior.java:142)
07-14 18:21:06.089  2561 27047 E AppOpService: 	at com.android.role.controller.model.Role.grantAsUser(Role.java:893)
07-14 18:21:06.089  2561 27047 E AppOpService: 	at com.android.role.controller.service.RoleControllerServiceImpl.addRoleHolderInternal(RoleControllerServiceImpl.java:380)
07-14 18:21:06.089  2561 27047 E AppOpService: 	at com.android.role.controller.service.RoleControllerServiceImpl.onGrantDefaultRoles(RoleControllerServiceImpl.java:163)
07-14 18:21:06.089  2561 27047 E AppOpService: 	at com.android.role.LocalRoleController.lambda$grantDefaultRoles$1(LocalRoleController.java:56)
07-14 18:21:06.089  2561 27047 E AppOpService: 	at com.android.role.LocalRoleController.$r8$lambda$ye-flP7Mf14AbTzwSmiTgndT6Cg(LocalRoleController.java:0)
07-14 18:21:06.089  2561 27047 E AppOpService: 	at com.android.role.LocalRoleController$$ExternalSyntheticLambda1.run(R8$$SyntheticClass:0)
07-14 18:21:06.089  2561 27047 E AppOpService: 	at android.os.Handler.handleCallback(Handler.java:959)
07-14 18:21:06.089  2561 27047 E AppOpService: 	at android.os.Handler.dispatchMessage(Handler.java:100)
07-14 18:21:06.089  2561 27047 E AppOpService: 	at android.os.Looper.loopOnce(Looper.java:249)
07-14 18:21:06.089  2561 27047 E AppOpService: 	at android.os.Looper.loop(Looper.java:337)
07-14 18:21:06.089  2561 27047 E AppOpService: 	at android.os.HandlerThread.run(HandlerThread.java:85)
07-14 18:21:06.092  2561 27047 E AppOpService: Blocked setUidMode call for runtime permission app op: uid = 99910180, code = COARSE_LOCATION, mode = foreground, callingUid = 1000, oldMode = allow
07-14 18:21:06.092  2561 27047 E AppOpService: java.lang.RuntimeException
07-14 18:21:06.092  2561 27047 E AppOpService: 	at com.android.server.permission.access.appop.AppOpService.setUidMode(AppOpService.kt:286)
07-14 18:21:06.092  2561 27047 E AppOpService: 	at com.android.server.appop.AppOpsCheckingServiceTracingDecorator.setUidMode(AppOpsCheckingServiceTracingDecorator.java:120)
07-14 18:21:06.092  2561 27047 E AppOpService: 	at com.android.server.appop.AppOpsService.setUidMode(AppOpsService.java:2147)
07-14 18:21:06.092  2561 27047 E AppOpService: 	at com.android.server.appop.AppOpsService.setUidMode(AppOpsService.java:2097)
07-14 18:21:06.092  2561 27047 E AppOpService: 	at android.app.AppOpsManager.setUidMode(AppOpsManager.java:8332)
07-14 18:21:06.092  2561 27047 E AppOpService: 	at com.android.role.controller.model.Permissions.setAppOpModeAsUser(Permissions.java:908)
07-14 18:21:06.092  2561 27047 E AppOpService: 	at com.android.role.controller.model.Permissions.setAppOpUidModeAsUser(Permissions.java:885)
07-14 18:21:06.092  2561 27047 E AppOpService: 	at com.android.role.controller.model.Permissions.grantPermissionAndAppOpAsUser(Permissions.java:373)
07-14 18:21:06.092  2561 27047 E AppOpService: 	at com.android.role.controller.model.Permissions.grantSingleAsUser(Permissions.java:247)
07-14 18:21:06.092  2561 27047 E AppOpService: 	at com.android.role.controller.model.Permissions.grantAsUser(Permissions.java:205)
07-14 18:21:06.092  2561 27047 E AppOpService: 	at com.android.role.controller.behavior.BrowserRoleBehavior.grantAsUser(BrowserRoleBehavior.java:142)
07-14 18:21:06.092  2561 27047 E AppOpService: 	at com.android.role.controller.model.Role.grantAsUser(Role.java:893)
07-14 18:21:06.092  2561 27047 E AppOpService: 	at com.android.role.controller.service.RoleControllerServiceImpl.addRoleHolderInternal(RoleControllerServiceImpl.java:380)
07-14 18:21:06.092  2561 27047 E AppOpService: 	at com.android.role.controller.service.RoleControllerServiceImpl.onGrantDefaultRoles(RoleControllerServiceImpl.java:163)
07-14 18:21:06.092  2561 27047 E AppOpService: 	at com.android.role.LocalRoleController.lambda$grantDefaultRoles$1(LocalRoleController.java:56)
07-14 18:21:06.092  2561 27047 E AppOpService: 	at com.android.role.LocalRoleController.$r8$lambda$ye-flP7Mf14AbTzwSmiTgndT6Cg(LocalRoleController.java:0)
07-14 18:21:06.092  2561 27047 E AppOpService: 	at com.android.role.LocalRoleController$$ExternalSyntheticLambda1.run(R8$$SyntheticClass:0)
07-14 18:21:06.092  2561 27047 E AppOpService: 	at android.os.Handler.handleCallback(Handler.java:959)
07-14 18:21:06.092  2561 27047 E AppOpService: 	at android.os.Handler.dispatchMessage(Handler.java:100)
07-14 18:21:06.092  2561 27047 E AppOpService: 	at android.os.Looper.loopOnce(Looper.java:249)
07-14 18:21:06.092  2561 27047 E AppOpService: 	at android.os.Looper.loop(Looper.java:337)
07-14 18:21:06.092  2561 27047 E AppOpService: 	at android.os.HandlerThread.run(HandlerThread.java:85)
07-14 18:21:06.096 21475 21475 D nativeloader: Load libframework-connectivity-tiramisu-jni.so using APEX ns com_android_tethering for caller /apex/com.android.tethering/javalib/framework-connectivity-t.jar: ok
07-14 18:21:06.102  1274 16295 D PAL: API: pal_get_param: 1017: Enter:
07-14 18:21:06.102 21475 21475 I MessageMonitor: Load libmiui_runtime
07-14 18:21:06.102  1274 16295 D PAL: ResourceManager: getParameter: 7859: param_id=18
07-14 18:21:06.102  1274 16295 D PAL: ResourceManager: isDeviceAvailable: 9517: Device 8, is_available = 1
07-14 18:21:06.102  1274 16295 D PAL: API: pal_get_param: 1029: Exit, status 0
07-14 18:21:06.105  2561  3393 D SymlinkUtils: attachApplication file op go pass: 1 ms
07-14 18:21:06.105  2561  3393 I SmartPower: com.google.android.permissioncontroller/99910270(21475): died->background(3696ms) R(process start ) adj=-10000.
07-14 18:21:06.106 15169 15472 I MlsIntegration: Treatment for Weblab MLS_USE_PSEUDO_DEVICE_ID_ANDROID_1109242 is C_default (changed?: false)
07-14 18:21:06.106 15169 15472 I MlsIntegration: Treatment for Weblab MLS_ANDROID_ZAZ_MIGRATION_1364350 is C_default (changed?: false)
07-14 18:21:06.106  2561  3393 D CompatibilityInfo: mCompatibilityFlags - 0
07-14 18:21:06.106  2561  3393 D CompatibilityInfo: applicationDensity - 440
07-14 18:21:06.106  2561  3393 D CompatibilityInfo: applicationScale - 1.0
07-14 18:21:06.106 15169 15472 I MlsIntegration: Treatment for Weblab MLS_ENABLE_DEBUG_LOGS_1366122 is C_default (changed?: false)
07-14 18:21:06.108  2561  2876 I MiuiNetworkPolicy: updateUidState uid = 99910270, uidState = 19
07-14 18:21:06.110 21475 21475 I JavaheapMonitor: Disabled. Process name: <pre-initialized>
07-14 18:21:06.113  3490  3490 D HidDeviceService: handleMessage(): msg.what=8
07-14 18:21:06.113  3490  3490 D HidDeviceService: unregisterAppUid(): uid=99910270
07-14 18:21:06.113  3490  3490 D HidDeviceService: unregisterAppUid(): caller UID doesn't match user UID
07-14 18:21:06.114 21475 21487 D MiuiDownscaleImpl: set override inverted scale : 1.0
07-14 18:21:06.115 21475 21475 D MiuiMonitorThread: Shared singleton Thread for stability monitor start
07-14 18:21:06.119 21475 21490 D ActivityThread: the event that target app starts is : AppLaunchEvent{mType='441', mProcessName='com.google.android.permissioncontroller', mPackageName='com.google.android.permissioncontroller', mIsMainProcess='true', mVersionCode='361154140', mLaunchTime='2026-07-14'}
07-14 18:21:06.120  5891  5903 W MQSEventManager: occur
07-14 18:21:06.123 21475 21475 D ActivityThread: setEmbeddedParam packageName=com.google.android.permissioncontroller processName=com.google.android.permissioncontroller isEmbedded=false isIsolated=false
07-14 18:21:06.125 21475 21475 D ApplicationLoaders: Returning zygote-cached class loader: /system/framework/org.apache.http.legacy.jar
07-14 18:21:06.125 21475 21475 D ApplicationLoaders: Returning zygote-cached class loader: /system_ext/framework/androidx.window.extensions.jar
07-14 18:21:06.125 21475 21475 D ApplicationLoaders: Returning zygote-cached class loader: /system_ext/framework/androidx.window.sidecar.jar
07-14 18:21:06.137 21475 21475 D nativeloader: Configuring clns-shared-7 for other apk /apex/com.android.permission/priv-app/GooglePermissionController@361154140/GooglePermissionController.apk. target_sdk_version=36, uses_libraries=, library_path=/apex/com.android.permission/priv-app/GooglePermissionController@361154140/lib/arm64:/system/lib64:/system_ext/lib64, permitted_path=/data:/mnt/expand:/data/user_de/999/com.google.android.permissioncontroller:/apex/com.android.permission/priv-app/GooglePermissionController@361154140:/system/lib64:/system_ext/lib64
07-14 18:21:06.139 21475 21475 D nativeloader: InitApexLibraries:
07-14 18:21:06.139 21475 21475 D nativeloader:   com_android_adservices: libhpke_jni.so:libtflite_support_classifiers_native.so
07-14 18:21:06.139 21475 21475 D nativeloader:   com_android_appsearch: libappsearchservice.so:libicing_anywhere.so
07-14 18:21:06.139 21475 21475 D nativeloader:   com_android_art: libartservice.so
07-14 18:21:06.139 21475 21475 D nativeloader:   com_android_btservices: libbluetooth_jni.so
07-14 18:21:06.139 21475 21475 D nativeloader:   com_android_conscrypt: libjavacrypto.so
07-14 18:21:06.139 21475 21475 D nativeloader:   com_android_mediaprovider: libpdfclient.so
07-14 18:21:06.139 21475 21475 D nativeloader:   com_android_nfcservices: libnfc_nci_jni.so
07-14 18:21:06.139 21475 21475 D nativeloader:   com_android_ondevicepersonalization: libfcp_cpp_dep_jni.so:libfcp_hpke_jni.so
07-14 18:21:06.139 21475 21475 D nativeloader:   com_android_os_statsd: libstats_jni.so
07-14 18:21:06.139 21475 21475 D nativeloader:   com_android_tethering: libandroid_net_connectivity_com_android_net_module_util_jni.so:libandroid_net_connectivity_com_android_net_module_util_jni_CommonConnectivityJni.so:libframework-connectivity-jni.so:libframework-connectivity-tiramisu-jni.so:libmainlinecronet.141.0.7340.3.so:libservice-connectivity.so:libservice-thread-jni.so:stable_cronet_libcrypto.so:stable_cronet_libssl.so
07-14 18:21:06.139 21475 21475 D nativeloader:   com_android_uwb: libuwb_uci_jni_rust.so
07-14 18:21:06.139 21475 21475 D nativeloader:   com_android_virt: libvirtualizationservice_jni.so:libvirtualmachine_jni.so
07-14 18:21:06.142  1274 16295 D PAL: API: pal_get_param: 1017: Enter:
07-14 18:21:06.142  1274 16295 D PAL: ResourceManager: getParameter: 7859: param_id=18
07-14 18:21:06.142  1274 16295 D PAL: ResourceManager: isDeviceAvailable: 9517: Device 8, is_available = 1
07-14 18:21:06.142  1274 16295 D PAL: API: pal_get_param: 1029: Exit, status 0
07-14 18:21:06.162  1325 13568 E sensors-hal: handle_sns_client_event:431, accel_sample(accelcal_available:0): ts=19625049307761 ns; value = [-1.920432, -1.547151, 9.698207], status=3
07-14 18:21:06.162  1325 13568 E sensors-hal: handle_sns_client_event:431, accel_sample(accelcal_available:0): ts=19625150724428 ns; value = [-1.898896, -1.571079, 9.686243], status=3
07-14 18:21:06.162  1325 13568 E sensors-hal: handle_sns_client_event:431, accel_sample(accelcal_available:0): ts=19625252150938 ns; value = [-1.901289, -1.547151, 9.698207], status=3
07-14 18:21:06.162  1325 13568 E sensors-hal: handle_sns_client_event:431, accel_sample(accelcal_available:0): ts=19625353578542 ns; value = [-1.903682, -1.554330, 9.686243], status=3
07-14 18:21:06.165  1402  1402 D DisplayFeatureHal: DataCallback enter mLightRun 1  mInteracted_bl 2047 mDisplayState 1  kStateOn 1
07-14 18:21:06.166  1402  1402 I DisplayFeatureHal: readPanelNTC, read panel temperature:38146
07-14 18:21:06.166  1402  1402 I DisplayFeatureHal: checkHBMStatus enter lux 169.000000, timer 0, panelTemperature/1000 = temperature 38  screenoff 0
07-14 18:21:06.166  1402  1402 D DisplayFeatureHal: checkHBMStatus mode 0 
07-14 18:21:06.166  1402  1402 D DisplayFeatureHal: HandleHBM modeId 0 cookie 0  HBMStatus 0  isscreenoff 0
07-14 18:21:06.166  1402  1402 D DisplayFeatureHal: DataCallback enter mLightRun 1  mInteracted_bl 2047 mDisplayState 1  kStateOn 1
07-14 18:21:06.166  1402  1402 I DisplayFeatureHal: readPanelNTC, read panel temperature:38146
07-14 18:21:06.166  1402  1402 I DisplayFeatureHal: checkHBMStatus enter lux 171.000000, timer 0, panelTemperature/1000 = temperature 38  screenoff 0
07-14 18:21:06.166  1402  1402 D DisplayFeatureHal: checkHBMStatus mode 0 
07-14 18:21:06.167  1402  1402 D DisplayFeatureHal: HandleHBM modeId 0 cookie 0  HBMStatus 0  isscreenoff 0
07-14 18:21:06.167  1402  1402 D DisplayFeatureHal: DataCallback enter mLightRun 1  mInteracted_bl 2047 mDisplayState 1  kStateOn 1
07-14 18:21:06.167  1402  1402 I DisplayFeatureHal: readPanelNTC, read panel temperature:38146
07-14 18:21:06.167  1402  1402 I DisplayFeatureHal: checkHBMStatus enter lux 171.000000, timer 0, panelTemperature/1000 = temperature 38  screenoff 0
07-14 18:21:06.167  1402  1402 D DisplayFeatureHal: checkHBMStatus mode 0 
07-14 18:21:06.167  1402  1402 D DisplayFeatureHal: HandleHBM modeId 0 cookie 0  HBMStatus 0  isscreenoff 0
07-14 18:21:06.167  1402  1402 D DisplayFeatureHal: DataCallback enter mLightRun 1  mInteracted_bl 2047 mDisplayState 1  kStateOn 1
07-14 18:21:06.167  1402  1402 I DisplayFeatureHal: readPanelNTC, read panel temperature:38146
07-14 18:21:06.167  1402  1402 I DisplayFeatureHal: checkHBMStatus enter lux 171.000000, timer 0, panelTemperature/1000 = temperature 38  screenoff 0
07-14 18:21:06.167  1402  1402 D DisplayFeatureHal: checkHBMStatus mode 0 
07-14 18:21:06.167  1402  1402 D DisplayFeatureHal: HandleHBM modeId 0 cookie 0  HBMStatus 0  isscreenoff 0
07-14 18:21:06.168   891   975 D IPACM   : vendor/qcom/opensource/data-ipa-cfg-mgr/ipacm/src/IPACM_Routing.cpp:343 DeleteRoutingHdl() Deleting Route hdl:(0x14) with ip type: 1
07-14 18:21:06.169  1259  1317 E minksocket: MinkIPC_QRTR_Service: client with node 1 port 60c6 went down
07-14 18:21:06.169   891   975 D IPACM   : vendor/qcom/opensource/data-ipa-cfg-mgr/ipacm/src/IPACM_Routing.cpp:343 DeleteRoutingHdl() Deleting Route hdl:(0x15) with ip type: 1
07-14 18:21:06.170  1259  1317 E minksocket: MinkIPC_QRTR_Service: client with node 1 port 60ca went down
07-14 18:21:06.170   891   975 D IPACM   : vendor/qcom/opensource/data-ipa-cfg-mgr/ipacm/src/IPACM_Routing.cpp:343 DeleteRoutingHdl() Deleting Route hdl:(0x13) with ip type: 1
07-14 18:21:06.172   891   975 D IPACM   : vendor/qcom/opensource/data-ipa-cfg-mgr/ipacm/src/IPACM_Routing.cpp:343 DeleteRoutingHdl() Deleting Route hdl:(0x17) with ip type: 1
07-14 18:21:06.173   891   975 D IPACM   : vendor/qcom/opensource/data-ipa-cfg-mgr/ipacm/src/IPACM_Routing.cpp:111 AddRoutingRule() Added routing rule 0xb400007689094250
07-14 18:21:06.174   891   975 D IPACM   : vendor/qcom/opensource/data-ipa-cfg-mgr/ipacm/src/IPACM_Routing.cpp:111 AddRoutingRule() Added routing rule 0xb400007689094250
07-14 18:21:06.175   891   975 D IPACM   : vendor/qcom/opensource/data-ipa-cfg-mgr/ipacm/src/IPACM_Routing.cpp:111 AddRoutingRule() Added routing rule 0xb400007689094250
07-14 18:21:06.175   891   975 D IPACM   : vendor/qcom/opensource/data-ipa-cfg-mgr/ipacm/src/IPACM_Routing.cpp:111 AddRoutingRule() Added routing rule 0xb400007689094250
07-14 18:21:06.175   891   975 D IPACM   : vendor/qcom/opensource/data-ipa-cfg-mgr/ipacm/src/IPACM_Routing.cpp:343 DeleteRoutingHdl() Deleting Route hdl:(0x19) with ip type: 1
07-14 18:21:06.176   891   975 D IPACM   : vendor/qcom/opensource/data-ipa-cfg-mgr/ipacm/src/IPACM_Routing.cpp:343 DeleteRoutingHdl() Deleting Route hdl:(0x1a) with ip type: 1
07-14 18:21:06.177   891   975 D IPACM   : vendor/qcom/opensource/data-ipa-cfg-mgr/ipacm/src/IPACM_Routing.cpp:343 DeleteRoutingHdl() Deleting Route hdl:(0x18) with ip type: 1
07-14 18:21:06.178   891   975 D IPACM   : vendor/qcom/opensource/data-ipa-cfg-mgr/ipacm/src/IPACM_Routing.cpp:343 DeleteRoutingHdl() Deleting Route hdl:(0x1b) with ip type: 1
07-14 18:21:06.179   891   975 D IPACM   : vendor/qcom/opensource/data-ipa-cfg-mgr/ipacm/src/IPACM_Routing.cpp:343 DeleteRoutingHdl() Deleting Route hdl:(0x1d) with ip type: 1
07-14 18:21:06.180   891   975 D IPACM   : vendor/qcom/opensource/data-ipa-cfg-mgr/ipacm/src/IPACM_Routing.cpp:343 DeleteRoutingHdl() Deleting Route hdl:(0x1e) with ip type: 1
07-14 18:21:06.181   891   975 D IPACM   : vendor/qcom/opensource/data-ipa-cfg-mgr/ipacm/src/IPACM_Routing.cpp:343 DeleteRoutingHdl() Deleting Route hdl:(0x1c) with ip type: 1
07-14 18:21:06.182  1274 16295 D PAL: API: pal_get_param: 1017: Enter:
07-14 18:21:06.182  1274 16295 D PAL: ResourceManager: getParameter: 7859: param_id=18
07-14 18:21:06.182  1274 16295 D PAL: ResourceManager: isDeviceAvailable: 9517: Device 8, is_available = 1
07-14 18:21:06.182  1274 16295 D PAL: API: pal_get_param: 1029: Exit, status 0
07-14 18:21:06.182   891   975 D IPACM   : vendor/qcom/opensource/data-ipa-cfg-mgr/ipacm/src/IPACM_Routing.cpp:343 DeleteRoutingHdl() Deleting Route hdl:(0x1f) with ip type: 1
07-14 18:21:06.184   891   975 D IPACM   : vendor/qcom/opensource/data-ipa-cfg-mgr/ipacm/src/IPACM_Routing.cpp:111 AddRoutingRule() Added routing rule 0xb400007689094250
07-14 18:21:06.186   891   975 D IPACM   : vendor/qcom/opensource/data-ipa-cfg-mgr/ipacm/src/IPACM_Routing.cpp:111 AddRoutingRule() Added routing rule 0xb400007689094250
07-14 18:21:06.187   891   975 D IPACM   : vendor/qcom/opensource/data-ipa-cfg-mgr/ipacm/src/IPACM_Routing.cpp:111 AddRoutingRule() Added routing rule 0xb400007689094250
07-14 18:21:06.187   891   975 D IPACM   : vendor/qcom/opensource/data-ipa-cfg-mgr/ipacm/src/IPACM_Routing.cpp:111 AddRoutingRule() Added routing rule 0xb400007689094250
07-14 18:21:06.187   891   975 D IPACM   : vendor/qcom/opensource/data-ipa-cfg-mgr/ipacm/src/IPACM_Routing.cpp:111 AddRoutingRule() Added routing rule 0xb400007689094250
07-14 18:21:06.188   891   975 D IPACM   : vendor/qcom/opensource/data-ipa-cfg-mgr/ipacm/src/IPACM_Routing.cpp:111 AddRoutingRule() Added routing rule 0xb400007689094250
07-14 18:21:06.188   891   975 D IPACM   : vendor/qcom/opensource/data-ipa-cfg-mgr/ipacm/src/IPACM_Routing.cpp:111 AddRoutingRule() Added routing rule 0xb400007689094250
07-14 18:21:06.188   891   975 D IPACM   : vendor/qcom/opensource/data-ipa-cfg-mgr/ipacm/src/IPACM_Routing.cpp:111 AddRoutingRule() Added routing rule 0xb400007689094250
07-14 18:21:06.188   891   975 D IPACM   : vendor/qcom/opensource/data-ipa-cfg-mgr/ipacm/src/IPACM_Routing.cpp:343 DeleteRoutingHdl() Deleting Route hdl:(0x22) with ip type: 0
07-14 18:21:06.190   891   975 D IPACM   : vendor/qcom/opensource/data-ipa-cfg-mgr/ipacm/src/IPACM_Routing.cpp:343 DeleteRoutingHdl() Deleting Route hdl:(0x21) with ip type: 0
07-14 18:21:06.192   891   975 D IPACM   : vendor/qcom/opensource/data-ipa-cfg-mgr/ipacm/src/IPACM_Routing.cpp:343 DeleteRoutingHdl() Deleting Route hdl:(0x23) with ip type: 0
07-14 18:21:06.192   891   975 D IPACM   : vendor/qcom/opensource/data-ipa-cfg-mgr/ipacm/src/IPACM_Routing.cpp:111 AddRoutingRule() Added routing rule 0xb400007689094250
07-14 18:21:06.193   891   975 D IPACM   : vendor/qcom/opensource/data-ipa-cfg-mgr/ipacm/src/IPACM_Routing.cpp:111 AddRoutingRule() Added routing rule 0xb400007689094250
07-14 18:21:06.193   891   975 D IPACM   : vendor/qcom/opensource/data-ipa-cfg-mgr/ipacm/src/IPACM_Routing.cpp:111 AddRoutingRule() Added routing rule 0xb400007689094250
07-14 18:21:06.193   891   975 D IPACM   : vendor/qcom/opensource/data-ipa-cfg-mgr/ipacm/src/IPACM_Routing.cpp:343 DeleteRoutingHdl() Deleting Route hdl:(0x25) with ip type: 1
07-14 18:21:06.193   891   975 D IPACM   : vendor/qcom/opensource/data-ipa-cfg-mgr/ipacm/src/IPACM_Routing.cpp:343 DeleteRoutingHdl() Deleting Route hdl:(0x26) with ip type: 1
07-14 18:21:06.194   891   975 D IPACM   : vendor/qcom/opensource/data-ipa-cfg-mgr/ipacm/src/IPACM_Routing.cpp:343 DeleteRoutingHdl() Deleting Route hdl:(0x24) with ip type: 1
07-14 18:21:06.194   891   975 D IPACM   : vendor/qcom/opensource/data-ipa-cfg-mgr/ipacm/src/IPACM_Routing.cpp:343 DeleteRoutingHdl() Deleting Route hdl:(0x27) with ip type: 1
07-14 18:21:06.195   891   975 D IPACM   : vendor/qcom/opensource/data-ipa-cfg-mgr/ipacm/src/IPACM_Routing.cpp:343 DeleteRoutingHdl() Deleting Route hdl:(0x29) with ip type: 1
07-14 18:21:06.195   891   975 D IPACM   : vendor/qcom/opensource/data-ipa-cfg-mgr/ipacm/src/IPACM_Routing.cpp:343 DeleteRoutingHdl() Deleting Route hdl:(0x2a) with ip type: 1
07-14 18:21:06.196   891   975 D IPACM   : vendor/qcom/opensource/data-ipa-cfg-mgr/ipacm/src/IPACM_Routing.cpp:343 DeleteRoutingHdl() Deleting Route hdl:(0x28) with ip type: 1
07-14 18:21:06.196   891   975 D IPACM   : vendor/qcom/opensource/data-ipa-cfg-mgr/ipacm/src/IPACM_Routing.cpp:343 DeleteRoutingHdl() Deleting Route hdl:(0x2b) with ip type: 1
07-14 18:21:06.197   891   975 D IPACM   : vendor/qcom/opensource/data-ipa-cfg-mgr/ipacm/src/IPACM_Routing.cpp:111 AddRoutingRule() Added routing rule 0xb400007689094250
07-14 18:21:06.197   891   975 D IPACM   : vendor/qcom/opensource/data-ipa-cfg-mgr/ipacm/src/IPACM_Routing.cpp:111 AddRoutingRule() Added routing rule 0xb400007689094250
07-14 18:21:06.198   891   975 D IPACM   : vendor/qcom/opensource/data-ipa-cfg-mgr/ipacm/src/IPACM_Routing.cpp:111 AddRoutingRule() Added routing rule 0xb400007689094250
07-14 18:21:06.199   891   975 D IPACM   : vendor/qcom/opensource/data-ipa-cfg-mgr/ipacm/src/IPACM_Routing.cpp:111 AddRoutingRule() Added routing rule 0xb400007689094250
07-14 18:21:06.199   891   975 D IPACM   : vendor/qcom/opensource/data-ipa-cfg-mgr/ipacm/src/IPACM_Routing.cpp:111 AddRoutingRule() Added routing rule 0xb400007689094250
07-14 18:21:06.199   891   975 D IPACM   : vendor/qcom/opensource/data-ipa-cfg-mgr/ipacm/src/IPACM_Routing.cpp:111 AddRoutingRule() Added routing rule 0xb400007689094250
07-14 18:21:06.200   891   975 D IPACM   : vendor/qcom/opensource/data-ipa-cfg-mgr/ipacm/src/IPACM_Routing.cpp:111 AddRoutingRule() Added routing rule 0xb400007689094250
07-14 18:21:06.200   891   975 D IPACM   : vendor/qcom/opensource/data-ipa-cfg-mgr/ipacm/src/IPACM_Routing.cpp:111 AddRoutingRule() Added routing rule 0xb400007689094250
07-14 18:21:06.222  1274 16295 D PAL: API: pal_get_param: 1017: Enter:
07-14 18:21:06.222  1274 16295 D PAL: ResourceManager: getParameter: 7859: param_id=18
07-14 18:21:06.222  1274 16295 D PAL: ResourceManager: isDeviceAvailable: 9517: Device 8, is_available = 1
07-14 18:21:06.222  1274 16295 D PAL: API: pal_get_param: 1029: Exit, status 0
07-14 18:21:06.234 21475 21475 I Perf    : Connecting to perf service.
07-14 18:21:06.244 21475 21475 V GraphicsEnvironment: Currently set values for:
07-14 18:21:06.244 21475 21475 V GraphicsEnvironment:   angle_gl_driver_selection_pkgs=[]
07-14 18:21:06.244 21475 21475 V GraphicsEnvironment:   angle_gl_driver_selection_values=[]
07-14 18:21:06.244 21475 21475 V GraphicsEnvironment: Global.Settings values are invalid: number of packages: 0, number of values: 0
07-14 18:21:06.247 21475 21489 I ActivityThread: TrafficStats init done
07-14 18:21:06.251  2561  2602 I ClipboardServiceI: checkProviderWakePathForClipboard: com.google.android.permissioncontrolleris not a activePermissionOwner
07-14 18:21:06.256 21475 21489 I ForceDarkHelperStubImpl: initialize for com.google.android.permissioncontroller , ForceDarkOrigin
07-14 18:21:06.258 21475 21489 D nativeloader: Load libforcedarkimpl.so using system ns (caller=/system_ext/framework/miui-framework.jar): ok
07-14 18:21:06.259 21475 21489 D HWUI    : JNI_OnLoad success
07-14 18:21:06.259 21475 21489 I MiuiForceDarkConfig: setConfig density:2.750000, mainRule:0, secondaryRule:0, tertiaryRule:0
07-14 18:21:06.260  2561  2602 D MiuiForceVkService: shouldUseVk, pkg=com.google.android.permissioncontroller useVk 0
07-14 18:21:06.262  1274 16295 D PAL: API: pal_get_param: 1017: Enter:
07-14 18:21:06.262  1274 16295 D PAL: ResourceManager: getParameter: 7859: param_id=18
07-14 18:21:06.262  1274 16295 D PAL: ResourceManager: isDeviceAvailable: 9517: Device 8, is_available = 1
07-14 18:21:06.262  1274 16295 D PAL: API: pal_get_param: 1029: Exit, status 0
07-14 18:21:06.266 21475 21489 I ActivityThread: Miui Feature Init done
07-14 18:21:06.302  1274 16295 D PAL: API: pal_get_param: 1017: Enter:
07-14 18:21:06.302  1274 16295 D PAL: ResourceManager: getParameter: 7859: param_id=18
07-14 18:21:06.302  1274 16295 D PAL: ResourceManager: isDeviceAvailable: 9517: Device 8, is_available = 1
07-14 18:21:06.302  1274 16295 D PAL: API: pal_get_param: 1029: Exit, status 0
07-14 18:21:06.342  1274 16295 D PAL: API: pal_get_param: 1017: Enter:
07-14 18:21:06.342  1274 16295 D PAL: ResourceManager: getParameter: 7859: param_id=18
07-14 18:21:06.342  1274 16295 D PAL: ResourceManager: isDeviceAvailable: 9517: Device 8, is_available = 1
07-14 18:21:06.342  1274 16295 D PAL: API: pal_get_param: 1029: Exit, status 0
07-14 18:21:06.348  1276  3882 I vendor.qti.bluetooth@1.0-ibs_handler: ProcessIbsCmd: Received IBS_WAKE_IND: 0xFD
07-14 18:21:06.348  1276  3882 D vendor.qti.bluetooth@1.0-ibs_handler: SerialClockVote: vote for UART CLK ON
07-14 18:21:06.348  1276  3882 D vendor.qti.bluetooth@1.0-wake_lock: Acquire wakelock is acquired 
07-14 18:21:06.348  1276  3882 I vendor.qti.bluetooth@1.0-ibs_handler: ProcessIbsCmd: Writing IBS_WAKE_ACK
07-14 18:21:06.350  3490  3914 V BtGatt.ScanHelper: onScanResult() - eventType=0x1b, addressType=1, address=4F:B5:FB:67:6D:3A, primaryPhy=1, secondaryPhy=0, advertisingSid=0xff, txPower=127, rssi=-56, periodicAdvInt=0x0, originalAddress=00:00:00:00:00:00
07-14 18:21:06.351  2561  2602 I ClipboardServiceI: checkProviderWakePathForClipboard: com.google.android.permissioncontrolleris not a activePermissionOwner
07-14 18:21:06.352  3490  3914 V BtGatt.ScanHelper: Skipping client: permission=true matches=false
07-14 18:21:06.352  3490  3914 V BtGatt.ScanHelper: Skipping client: permission=true matches=false
07-14 18:21:06.353  3490  3914 V BtGatt.ScanHelper: Skipping client: permission=true matches=false
07-14 18:21:06.353  3490  3914 D BluetoothRemoteDevices: Update property, device=XX:XX:XX:XX:6D:3A, type: 1
07-14 18:21:06.353  3490  3914 D BluetoothRemoteDevices: Skip name update for XX:XX:XX:XX:6D:3A
07-14 18:21:06.353  3490  3914 D BluetoothRemoteDevices: Update property, device=XX:XX:XX:XX:6D:3A, type: 4
07-14 18:21:06.353  3490  3914 D BluetoothRemoteDevices: Skip class update, device=XX:XX:XX:XX:6D:3A, cod=0x1f00
07-14 18:21:06.353  3490  3914 D BluetoothRemoteDevices: Update property, device=XX:XX:XX:XX:6D:3A, type: 5
07-14 18:21:06.353  3490  3914 D BluetoothRemoteDevices:  BT_PROPERTY_TYPE_OF_DEVICE addr:4F:B5:FB:67:6D:3A deviceType:3
07-14 18:21:06.382  1274 16295 D PAL: API: pal_get_param: 1017: Enter:
07-14 18:21:06.382  1274 16295 D PAL: ResourceManager: getParameter: 7859: param_id=18
07-14 18:21:06.382  1274 16295 D PAL: ResourceManager: isDeviceAvailable: 9517: Device 8, is_available = 1
07-14 18:21:06.382  1274 16295 D PAL: API: pal_get_param: 1029: Exit, status 0
07-14 18:21:06.385 21475 21475 E FeatureFlagsImplExport: android.os.flagging.AconfigStorageReadException: ERROR_PACKAGE_NOT_FOUND: package com.android.permission.flags cannot be found on the device
07-14 18:21:06.389  1276  3882 I vendor.qti.bluetooth@1.0-ibs_handler: ProcessIbsCmd: Received IBS_SLEEP_IND: 0xFE
07-14 18:21:06.389  1276  3882 D vendor.qti.bluetooth@1.0-ibs_handler: SerialClockVote: vote for UART CLK OFF
07-14 18:21:06.401 21475 21475 E FeatureFlagsImplExport: android.os.flagging.AconfigStorageReadException: ERROR_PACKAGE_NOT_FOUND: package android.permission.flags cannot be found on the device
07-14 18:21:06.401 21475 21475 E FeatureFlagsImplExport: android.os.flagging.AconfigStorageReadException: ERROR_PACKAGE_NOT_FOUND: package android.companion cannot be found on the device
07-14 18:21:06.402 21475 21475 E FeatureFlagsImplExport: android.os.flagging.AconfigStorageReadException: ERROR_PACKAGE_NOT_FOUND: package android.content.pm cannot be found on the device
07-14 18:21:06.403 21475 21475 E FeatureFlagsImplExport: android.os.flagging.AconfigStorageReadException: ERROR_PACKAGE_NOT_FOUND: package android.companion.virtualdevice.flags cannot be found on the device
07-14 18:21:06.405  2561  2602 D PackageManager: set app component=ComponentInfo{com.google.android.permissioncontroller/com.android.permissioncontroller.role.ui.SpecialAppAccessListActivity} enabled state: 2 from com.google.android.permissioncontroller,uid=99910270,pid=21475
07-14 18:21:06.409  2561  2602 I ClipboardServiceI: checkProviderWakePathForClipboard: com.google.android.permissioncontrolleris not a activePermissionOwner
07-14 18:21:06.418 21475 21475 E FeatureFlagsImplExport: android.os.flagging.AconfigStorageReadException: ERROR_PACKAGE_NOT_FOUND: package android.xr cannot be found on the device
07-14 18:21:06.421  2561  2876 I MiuiNetworkPolicy: updateUidState uid = 99910270, uidState = 6
07-14 18:21:06.422 21475 21475 E FileUtils: err open mi_exception_log errno=2
07-14 18:21:06.422 21475 21475 E FileUtils: err write to mi_exception_log
07-14 18:21:06.423  1274 16295 D PAL: API: pal_get_param: 1017: Enter:
07-14 18:21:06.423  1274 16295 D PAL: ResourceManager: getParameter: 7859: param_id=18
07-14 18:21:06.423  1274 16295 D PAL: ResourceManager: isDeviceAvailable: 9517: Device 8, is_available = 1
07-14 18:21:06.423  1274 16295 D PAL: API: pal_get_param: 1029: Exit, status 0
07-14 18:21:06.424  3490  3490 D HidDeviceService: handleMessage(): msg.what=8
07-14 18:21:06.425  2561  3003 D isUidValid: uid = 99910270
07-14 18:21:06.429 21475 21486 I PermissionControllerServiceImpl: Updating user sensitive for uid 99910345
07-14 18:21:06.462  1274 16295 D PAL: API: pal_get_param: 1017: Enter:
07-14 18:21:06.462  1274 16295 D PAL: ResourceManager: getParameter: 7859: param_id=18
07-14 18:21:06.462  1274 16295 D PAL: ResourceManager: isDeviceAvailable: 9517: Device 8, is_available = 1
07-14 18:21:06.462  1274 16295 D PAL: API: pal_get_param: 1029: Exit, status 0
07-14 18:21:06.502  1274 16295 D PAL: API: pal_get_param: 1017: Enter:
07-14 18:21:06.502  1274 16295 D PAL: ResourceManager: getParameter: 7859: param_id=18
07-14 18:21:06.502  1274 16295 D PAL: ResourceManager: isDeviceAvailable: 9517: Device 8, is_available = 1
07-14 18:21:06.502  1274 16295 D PAL: API: pal_get_param: 1029: Exit, status 0
07-14 18:21:06.532  2561  2602 D Aurogon :  packageName = com.google.android.gms isAllowWakeUpList 
07-14 18:21:06.539  1276  3781 D vendor.qti.bluetooth@1.0-wake_lock: Release wakelock is released 
07-14 18:21:06.542  1274 16295 D PAL: API: pal_get_param: 1017: Enter:
07-14 18:21:06.542  1274 16295 D PAL: ResourceManager: getParameter: 7859: param_id=18
07-14 18:21:06.542  1274 16295 D PAL: ResourceManager: isDeviceAvailable: 9517: Device 8, is_available = 1
07-14 18:21:06.542  1274 16295 D PAL: API: pal_get_param: 1029: Exit, status 0
07-14 18:21:06.562 30541 21504 I FraudProtectUtils: Not in testing population, skipping local test bank apps. [CONTEXT service_id=469 ]
07-14 18:21:06.562 30541 21504 I FraudProtectUtils: (REDACTED) Latest bank app list size: %d, %s isBankApp: false
07-14 18:21:06.562 30541 21504 W ComponentChangedIO: No package name in intent data or package is not a bank app [CONTEXT service_id=469 ]
07-14 18:21:06.568  1325 13568 E sensors-hal: handle_sns_client_event:431, accel_sample(accelcal_available:0): ts=19625457352605 ns; value = [-1.908468, -1.547151, 9.693422], status=3
07-14 18:21:06.568  1325 13568 E sensors-hal: handle_sns_client_event:431, accel_sample(accelcal_available:0): ts=19625561700521 ns; value = [-1.602186, -1.439474, 9.195714], status=3
07-14 18:21:06.571  1325 13568 E sensors-hal: handle_sns_client_event:431, accel_sample(accelcal_available:0): ts=19625665215521 ns; value = [-1.843862, -1.580651, 9.712564], status=3
07-14 18:21:06.571  1325 13568 E sensors-hal: handle_sns_client_event:431, accel_sample(accelcal_available:0): ts=19625768637917 ns; value = [-1.841469, -1.578258, 9.712564], status=3
07-14 18:21:06.571  1402  1402 D DisplayFeatureHal: DataCallback enter mLightRun 1  mInteracted_bl 2047 mDisplayState 1  kStateOn 1
07-14 18:21:06.571  1402  1402 I DisplayFeatureHal: readPanelNTC, read panel temperature:38146
07-14 18:21:06.571  1402  1402 I DisplayFeatureHal: checkHBMStatus enter lux 171.000000, timer 0, panelTemperature/1000 = temperature 38  screenoff 0
07-14 18:21:06.571  1402  1402 D DisplayFeatureHal: checkHBMStatus mode 0 
07-14 18:21:06.571  1402  1402 D DisplayFeatureHal: HandleHBM modeId 0 cookie 0  HBMStatus 0  isscreenoff 0
07-14 18:21:06.571  1402  1402 D DisplayFeatureHal: DataCallback enter mLightRun 1  mInteracted_bl 2047 mDisplayState 1  kStateOn 1
07-14 18:21:06.572  1402  1402 I DisplayFeatureHal: readPanelNTC, read panel temperature:38146
07-14 18:21:06.572  1402  1402 I DisplayFeatureHal: checkHBMStatus enter lux 170.000000, timer 0, panelTemperature/1000 = temperature 38  screenoff 0
07-14 18:21:06.572  1402  1402 D DisplayFeatureHal: checkHBMStatus mode 0 
07-14 18:21:06.572  1402  1402 D DisplayFeatureHal: HandleHBM modeId 0 cookie 0  HBMStatus 0  isscreenoff 0
07-14 18:21:06.572  1402  1402 D DisplayFeatureHal: DataCallback enter mLightRun 1  mInteracted_bl 2047 mDisplayState 1  kStateOn 1
07-14 18:21:06.572  1402  1402 I DisplayFeatureHal: readPanelNTC, read panel temperature:38146
07-14 18:21:06.572  1402  1402 I DisplayFeatureHal: checkHBMStatus enter lux 169.000000, timer 0, panelTemperature/1000 = temperature 38  screenoff 0
07-14 18:21:06.572  1402  1402 D DisplayFeatureHal: checkHBMStatus mode 0 
07-14 18:21:06.572  1402  1402 D DisplayFeatureHal: HandleHBM modeId 0 cookie 0  HBMStatus 0  isscreenoff 0
07-14 18:21:06.572  1402  1402 D DisplayFeatureHal: DataCallback enter mLightRun 1  mInteracted_bl 2047 mDisplayState 1  kStateOn 1
07-14 18:21:06.572  1402  1402 I DisplayFeatureHal: readPanelNTC, read panel temperature:38146
07-14 18:21:06.572  1402  1402 I DisplayFeatureHal: checkHBMStatus enter lux 169.000000, timer 0, panelTemperature/1000 = temperature 38  screenoff 0
07-14 18:21:06.572  1402  1402 D DisplayFeatureHal: checkHBMStatus mode 0 
07-14 18:21:06.572  1402  1402 D DisplayFeatureHal: HandleHBM modeId 0 cookie 0  HBMStatus 0  isscreenoff 0
07-14 18:21:06.582  1274 16295 D PAL: API: pal_get_param: 1017: Enter:
07-14 18:21:06.582  1274 16295 D PAL: ResourceManager: getParameter: 7859: param_id=18
07-14 18:21:06.582  1274 16295 D PAL: ResourceManager: isDeviceAvailable: 9517: Device 8, is_available = 1
07-14 18:21:06.582  1274 16295 D PAL: API: pal_get_param: 1029: Exit, status 0
07-14 18:21:06.590  2561  3097 I SmartPower: org.iggymedia.periodtracker/99910345(21261): background->idle(4956ms) R(service end org.iggymedia.periodtracker/androidx.work.impl.background.systemjob.SystemJobService) adj=905.
07-14 18:21:06.621  1274 16295 D PAL: API: pal_get_param: 1017: Enter:
07-14 18:21:06.622  1274 16295 D PAL: ResourceManager: getParameter: 7859: param_id=18
07-14 18:21:06.622  1274 16295 D PAL: ResourceManager: isDeviceAvailable: 9517: Device 8, is_available = 1
07-14 18:21:06.622  1274 16295 D PAL: API: pal_get_param: 1029: Exit, status 0
07-14 18:21:06.662  1274 16295 D PAL: API: pal_get_param: 1017: Enter:
07-14 18:21:06.662  1274 16295 D PAL: ResourceManager: getParameter: 7859: param_id=18
07-14 18:21:06.662  1274 16295 D PAL: ResourceManager: isDeviceAvailable: 9517: Device 8, is_available = 1
07-14 18:21:06.662  1274 16295 D PAL: API: pal_get_param: 1029: Exit, status 0
07-14 18:21:06.668  1259  1317 E minksocket: MinkIPC_QRTR_Service: client with node 1 port 60e3 went down
07-14 18:21:06.669  1259  1317 E minksocket: MinkIPC_QRTR_Service: client with node 1 port 60e4 went down
07-14 18:21:06.671  1259  1317 E minksocket: MinkIPC_QRTR_Service: client with node 1 port 60e5 went down
07-14 18:21:06.674  1259  1317 E minksocket: MinkIPC_QRTR_Service: client with node 1 port 60e6 went down
07-14 18:21:06.684  3594  3594 D ControlCenterHeaderExpandController: onExpansionChanged: progress =  0.0
07-14 18:21:06.687  3594  3594 D ControlCenterHeaderExpandController: onExpansionChanged: progress =  0.0
07-14 18:21:06.693  2561  3097 I SmartPower: com.google.android.gms/99910154(30541): background->idle(3003ms) R(service create com.google.android.gms/.chimera.GmsApiService) adj=500.
07-14 18:21:06.702  1274 16295 D PAL: API: pal_get_param: 1017: Enter:
07-14 18:21:06.702  1274 16295 D PAL: ResourceManager: getParameter: 7859: param_id=18
07-14 18:21:06.702  1274 16295 D PAL: ResourceManager: isDeviceAvailable: 9517: Device 8, is_available = 1
07-14 18:21:06.702  1274 16295 D PAL: API: pal_get_param: 1029: Exit, status 0
07-14 18:21:06.702  3594  3594 D ControlCenterHeaderExpandController: onExpansionChanged: progress =  0.0
07-14 18:21:06.703  1361  1579 W SDM     : DisplayBase::SetHWDetailedEnhancerConfig: SetDetailEnhancerConfig failed. err = 10
07-14 18:21:06.723  3594  3594 D ControlCenterHeaderExpandController: onExpansionChanged: progress =  0.0
07-14 18:21:06.742  1274 16295 D PAL: API: pal_get_param: 1017: Enter:
07-14 18:21:06.742  1274 16295 D PAL: ResourceManager: getParameter: 7859: param_id=18
07-14 18:21:06.742  1274 16295 D PAL: ResourceManager: isDeviceAvailable: 9517: Device 8, is_available = 1
07-14 18:21:06.742  1274 16295 D PAL: API: pal_get_param: 1029: Exit, status 0
07-14 18:21:06.782  1274 16295 D PAL: API: pal_get_param: 1017: Enter:
07-14 18:21:06.782  1274 16295 D PAL: ResourceManager: getParameter: 7859: param_id=18
07-14 18:21:06.782  1274 16295 D PAL: ResourceManager: isDeviceAvailable: 9517: Device 8, is_available = 1
07-14 18:21:06.782  1274 16295 D PAL: API: pal_get_param: 1029: Exit, status 0
07-14 18:21:06.806  2561  2876 I MiuiNetworkPolicy: updateUidState uid = 10319, uidState = 19
07-14 18:21:06.812  2561  2876 I MiuiNetworkPolicy: updateUidState uid = 10319, uidState = 11
07-14 18:21:06.822  1274 16295 D PAL: API: pal_get_param: 1017: Enter:
