Project Ledger Phase 16 startup smoke-test failure
Generated: 2026-07-14 18:21:10 +05:30
Package: com.princevekariya.projectledger.personal.debug
Process ID after launch: 21216
Container-ready log found: False

=== Launch output ===
Starting: Intent { cmp=com.princevekariya.projectledger.personal.debug/com.princevekariya.projectledger.MainActivity }
Status: ok
LaunchState: COLD
Activity: com.princevekariya.projectledger.personal.debug/com.princevekariya.projectledger.MainActivity
TotalTime: 3672
WaitTime: 3723
Complete

=== Logcat ===
--------- beginning of main
07-14 18:21:02.582  1274 16295 D PAL: ResourceManager: isDeviceAvailable: 9517: Device 8, is_available = 1
07-14 18:21:02.582  1274 16295 D PAL: API: pal_get_param: 1029: Exit, status 0
07-14 18:21:02.587  3490  3490 D HidDeviceService: handleMessage(): msg.what=8
07-14 18:21:02.587  3490  3490 D HidDeviceService: unregisterAppUid(): uid=10212
07-14 18:21:02.587  3490  3490 D HidDeviceService: unregisterAppUid(): caller UID doesn't match user UID
--------- beginning of system
07-14 18:21:02.593  2561  3097 I SmartPower: com.android.contacts/10166(18045): background->idle(3003ms) R(broadcast start Intent { act=android.intent.action.PACKAGE_REMOVED dat=package: flg=0x4000010 (has extras) }) adj=901.
07-14 18:21:02.600  2561  3097 I SmartPower: com.google.android.apps.messaging/10170(14099): background->idle(3006ms) R(broadcast start Intent { act=android.intent.action.PACKAGE_REMOVED dat=package: flg=0x4000010 (has extras) }) adj=905.
07-14 18:21:02.603 21275 21275 D nativeloader: Configuring clns-shared-8 for other apk /system/priv-app/MtpService/MtpService.apk. target_sdk_version=35, uses_libraries=, library_path=/system/priv-app/MtpService/lib/arm64:/system/lib64:/system_ext/lib64, permitted_path=/data:/mnt/expand:/data/user/0/com.android.mtp:/system/priv-app/MtpService:/system/lib64:/system_ext/lib64
07-14 18:21:02.622  1274 16295 D PAL: API: pal_get_param: 1017: Enter:
07-14 18:21:02.622  1274 16295 D PAL: ResourceManager: getParameter: 7859: param_id=18
07-14 18:21:02.622  1274 16295 D PAL: ResourceManager: isDeviceAvailable: 9517: Device 8, is_available = 1
07-14 18:21:02.622  1274 16295 D PAL: API: pal_get_param: 1029: Exit, status 0
07-14 18:21:02.631  2561  3097 I SmartPower: in.amazon.mShop.android.shopping/10363(15169): background->idle(3010ms) R(broadcast start Intent { act=android.intent.action.PACKAGE_REMOVED dat=package: flg=0x4000010 (has extras) }) adj=905.
07-14 18:21:02.645  2561  3097 I SmartPower: com.miui.android.fashiongallery/10294(24565): background->idle(3010ms) R(broadcast start Intent { act=android.intent.action.PACKAGE_ADDED dat=package: flg=0x4000010 (has extras) }) adj=905.
07-14 18:21:02.650 21261 21261 I Perf    : Connecting to perf service.
07-14 18:21:02.662  1274 16295 D PAL: API: pal_get_param: 1017: Enter:
07-14 18:21:02.662  1274 16295 D PAL: ResourceManager: getParameter: 7859: param_id=18
07-14 18:21:02.662  1274 16295 D PAL: ResourceManager: isDeviceAvailable: 9517: Device 8, is_available = 1
07-14 18:21:02.662  1274 16295 D PAL: API: pal_get_param: 1029: Exit, status 0
07-14 18:21:02.672  3594  3594 D ControlCenterHeaderExpandController: onExpansionChanged: progress =  0.0
07-14 18:21:02.674  2561  3944 D CoreBackPreview: Window{f86f499 u0 com.princevekariya.projectledger.personal.debug/com.princevekariya.projectledger.MainActivity}: Setting back callback OnBackInvokedCallbackInfo{mCallback=android.window.IOnBackInvokedCallback$Stub$Proxy@11fe196, mPriority=0, mIsAnimationCallback=false}
07-14 18:21:02.677  3594  3594 D ControlCenterHeaderExpandController: onExpansionChanged: progress =  0.0
07-14 18:21:02.684  2561  2747 I SmartPower: com.google.android.gms/10154(11182): idle->background(4147ms) R(service destroy com.google.android.gms/.icing.service.IndexWorkerService) adj=250.
07-14 18:21:02.686 21261 21261 V GraphicsEnvironment: Currently set values for:
07-14 18:21:02.686 21261 21261 V GraphicsEnvironment:   angle_gl_driver_selection_pkgs=[]
07-14 18:21:02.686 21261 21261 V GraphicsEnvironment:   angle_gl_driver_selection_values=[]
07-14 18:21:02.686 21261 21261 V GraphicsEnvironment: Global.Settings values are invalid: number of packages: 0, number of values: 0
07-14 18:21:02.686 21261 21261 V GraphicsEnvironment: App is not on the allowlist for updatable production driver.
07-14 18:21:02.688  2561  2888 I ClipboardServiceI: checkProviderWakePathForClipboard: org.iggymedia.periodtrackeris not a activePermissionOwner
07-14 18:21:02.690 21261 21278 I ActivityThread: TrafficStats init done
07-14 18:21:02.691  3594  3594 D ControlCenterHeaderExpandController: onExpansionChanged: progress =  0.0
07-14 18:21:02.695  1361  1579 W SDM     : DisplayBase::SetHWDetailedEnhancerConfig: SetDetailEnhancerConfig failed. err = 10
07-14 18:21:02.701  3594  3594 D ControlCenterHeaderExpandController: onExpansionChanged: progress =  0.0
07-14 18:21:02.702  1274 16295 D PAL: API: pal_get_param: 1017: Enter:
07-14 18:21:02.703  1274 16295 D PAL: ResourceManager: getParameter: 7859: param_id=18
07-14 18:21:02.703  1274 16295 D PAL: ResourceManager: isDeviceAvailable: 9517: Device 8, is_available = 1
07-14 18:21:02.703  1274 16295 D PAL: API: pal_get_param: 1029: Exit, status 0
07-14 18:21:02.714 21261 21261 D ActivityThread: useGrowthLimitOutExpendMethod invoke error.
07-14 18:21:02.724  1276  3882 I vendor.qti.bluetooth@1.0-ibs_handler: ProcessIbsCmd: Received IBS_WAKE_IND: 0xFD
07-14 18:21:02.724  1276  3882 D vendor.qti.bluetooth@1.0-ibs_handler: SerialClockVote: vote for UART CLK ON
07-14 18:21:02.724  1276  3882 D vendor.qti.bluetooth@1.0-wake_lock: Acquire wakelock is acquired 
07-14 18:21:02.724  1276  3882 I vendor.qti.bluetooth@1.0-ibs_handler: ProcessIbsCmd: Writing IBS_WAKE_ACK
07-14 18:21:02.727  2561  4325 D ForceDarkAppConfigProvider: cloudConfigVersion: -1   localConfigVersion:20250619
07-14 18:21:02.727  2561  4325 I UiModeManager: systemserver package:org.iggymedia.periodtracker null
07-14 18:21:02.728 21261 21278 I ForceDarkHelperStubImpl: initialize for org.iggymedia.periodtracker , ForceDarkAppConfig: null
07-14 18:21:02.730  3490  3914 V BtGatt.ScanHelper: onScanResult() - eventType=0x1b, addressType=1, address=4F:B5:FB:67:6D:3A, primaryPhy=1, secondaryPhy=0, advertisingSid=0xff, txPower=127, rssi=-58, periodicAdvInt=0x0, originalAddress=00:00:00:00:00:00
07-14 18:21:02.734  3490  3914 V BtGatt.ScanHelper: Skipping client: permission=true matches=false
07-14 18:21:02.735 21261 21278 D nativeloader: Load libforcedarkimpl.so using system ns (caller=/system_ext/framework/miui-framework.jar): ok
07-14 18:21:02.735  3490  3914 V BtGatt.ScanHelper: Skipping client: permission=true matches=false
07-14 18:21:02.735 21261 21278 D HWUI    : JNI_OnLoad success
07-14 18:21:02.736 21261 21278 I MiuiForceDarkConfig: setConfig density:2.750000, mainRule:0, secondaryRule:0, tertiaryRule:0
07-14 18:21:02.736  3490  3914 V BtGatt.ScanHelper: Skipping client: permission=true matches=false
07-14 18:21:02.736  3490  3914 D BluetoothRemoteDevices: Update property, device=XX:XX:XX:XX:6D:3A, type: 1
07-14 18:21:02.736  3490  3914 D BluetoothRemoteDevices: Skip name update for XX:XX:XX:XX:6D:3A
07-14 18:21:02.737  3490  3914 D BluetoothRemoteDevices: Update property, device=XX:XX:XX:XX:6D:3A, type: 4
07-14 18:21:02.737  3490  3914 D BluetoothRemoteDevices: Skip class update, device=XX:XX:XX:XX:6D:3A, cod=0x1f00
07-14 18:21:02.737  3490  3914 D BluetoothRemoteDevices: Update property, device=XX:XX:XX:XX:6D:3A, type: 5
07-14 18:21:02.738  3490  3914 D BluetoothRemoteDevices:  BT_PROPERTY_TYPE_OF_DEVICE addr:4F:B5:FB:67:6D:3A deviceType:3
07-14 18:21:02.741  2561  4325 D MiuiForceVkService: shouldUseVk, pkg=org.iggymedia.periodtracker useVk 0
07-14 18:21:02.742  1274 16295 D PAL: API: pal_get_param: 1017: Enter:
07-14 18:21:02.742  1274 16295 D PAL: ResourceManager: getParameter: 7859: param_id=18
07-14 18:21:02.742  1274 16295 D PAL: ResourceManager: isDeviceAvailable: 9517: Device 8, is_available = 1
07-14 18:21:02.742  1274 16295 D PAL: API: pal_get_param: 1029: Exit, status 0
07-14 18:21:02.748 21261 21278 I ActivityThread: Miui Feature Init done
07-14 18:21:02.760  2561  2876 I MiuiNetworkPolicy: updateUidState uid = 10319, uidState = 19
07-14 18:21:02.765  1276  3882 I vendor.qti.bluetooth@1.0-ibs_handler: ProcessIbsCmd: Received IBS_SLEEP_IND: 0xFE
07-14 18:21:02.765  1276  3882 D vendor.qti.bluetooth@1.0-ibs_handler: SerialClockVote: vote for UART CLK OFF
07-14 18:21:02.768  2561  2876 I MiuiNetworkPolicy: updateUidState uid = 10319, uidState = 11
07-14 18:21:02.771 21275 21275 I ActivityThread: installProviderAuthoritiesLocked allowBlocking downloads
07-14 18:21:02.783  1274 16295 D PAL: API: pal_get_param: 1017: Enter:
07-14 18:21:02.783  1274 16295 D PAL: ResourceManager: getParameter: 7859: param_id=18
07-14 18:21:02.783  1274 16295 D PAL: ResourceManager: isDeviceAvailable: 9517: Device 8, is_available = 1
07-14 18:21:02.783  1274 16295 D PAL: API: pal_get_param: 1029: Exit, status 0
07-14 18:21:02.793 21261 21261 D Sentry  : io.sentry.auto-init read: false
07-14 18:21:02.816 20935 21042 W PackageParsing: No actions in intent-filter at /product/app/LogManager_sky/LogManager_sky.apk Binary XML file line #79
07-14 18:21:02.822 21275 21275 D nativeloader: Configuring clns-shared-9 for other apk /system/priv-app/MediaProviderLegacy/MediaProviderLegacy.apk. target_sdk_version=35, uses_libraries=, library_path=/system/priv-app/MediaProviderLegacy/lib/arm64:/system/lib64:/system_ext/lib64, permitted_path=/data:/mnt/expand:/data/user/0/com.android.providers.media:/system/priv-app/MediaProviderLegacy:/system/lib64:/system_ext/lib64
07-14 18:21:02.822  1274 16295 D PAL: API: pal_get_param: 1017: Enter:
07-14 18:21:02.822  1274 16295 D PAL: ResourceManager: getParameter: 7859: param_id=18
07-14 18:21:02.822  1274 16295 D PAL: ResourceManager: isDeviceAvailable: 9517: Device 8, is_available = 1
07-14 18:21:02.822  1274 16295 D PAL: API: pal_get_param: 1029: Exit, status 0
07-14 18:21:02.825 20874 21338 D ProfileInstaller: Installing profile for com.miui.securitycenter
07-14 18:21:02.849 21261 21261 W libc    : Access denied finding property "vendor.boostfwk.frameprefetcher"
07-14 18:21:02.862  1274 16295 D PAL: API: pal_get_param: 1017: Enter:
07-14 18:21:02.862  1274 16295 D PAL: ResourceManager: getParameter: 7859: param_id=18
07-14 18:21:02.862  1274 16295 D PAL: ResourceManager: isDeviceAvailable: 9517: Device 8, is_available = 1
07-14 18:21:02.862  1274 16295 D PAL: API: pal_get_param: 1029: Exit, status 0
07-14 18:21:02.863 20935 21065 I ActivityThread: installProviderAuthoritiesLocked allowBlocking downloads
07-14 18:21:02.868  2561  4325 D CompatChangeReporter: Compat change id reported: 161145287; UID 10100; state: ENABLED
07-14 18:21:02.874 21275 21275 E FileUtils: err open mi_exception_log errno=2
07-14 18:21:02.874 21275 21275 E FileUtils: err write to mi_exception_log
07-14 18:21:02.882 21261 21261 D CompatChangeReporter: Compat change id reported: 279646685; UID 99910345; state: ENABLED
07-14 18:21:02.883 20935 21065 W FirebaseRemoteConfig: No value of type 'FirebaseRemoteConfigValue' exists for parameter key 'maxDownTaskNum'.
07-14 18:21:02.884 20935 21065 W FirebaseRemoteConfig: No value of type 'FirebaseRemoteConfigValue' exists for parameter key 'parallelDownNum'.
07-14 18:21:02.884 20935 21065 W FirebaseRemoteConfig: No value of type 'FirebaseRemoteConfigValue' exists for parameter key 'taskThreadNum'.
07-14 18:21:02.898  2561  3944 I ClipboardServiceI: checkProviderWakePathForClipboard: org.iggymedia.periodtrackeris not a activePermissionOwner
07-14 18:21:02.902  1274 16295 D PAL: API: pal_get_param: 1017: Enter:
07-14 18:21:02.902  1274 16295 D PAL: ResourceManager: getParameter: 7859: param_id=18
07-14 18:21:02.902  1274 16295 D PAL: ResourceManager: isDeviceAvailable: 9517: Device 8, is_available = 1
07-14 18:21:02.902  1274 16295 D PAL: API: pal_get_param: 1029: Exit, status 0
07-14 18:21:02.903 20935 21065 W FirebaseRemoteConfig: No value of type 'FirebaseRemoteConfigValue' exists for parameter key 'minRefragmentSize'.
07-14 18:21:02.908 20935 21065 I Indus-TaskManager: handleNetworkChanged: true
07-14 18:21:02.910  1325 13568 E sensors-hal: handle_sns_client_event:431, accel_sample(accelcal_available:0): ts=19621804072605 ns; value = [-1.910861, -1.542366, 9.671886], status=3
07-14 18:21:02.910  1325 13568 E sensors-hal: handle_sns_client_event:431, accel_sample(accelcal_available:0): ts=19621905491875 ns; value = [-1.910861, -1.559115, 9.659923], status=3
07-14 18:21:02.911  1325 13568 E sensors-hal: handle_sns_client_event:431, accel_sample(accelcal_available:0): ts=19622006911615 ns; value = [-1.903682, -1.532794, 9.683850], status=3
07-14 18:21:02.911  1325 13568 E sensors-hal: handle_sns_client_event:431, accel_sample(accelcal_available:0): ts=19622108331407 ns; value = [-1.922825, -1.537580, 9.695814], status=3
07-14 18:21:02.914  1402  1402 D DisplayFeatureHal: DataCallback enter mLightRun 1  mInteracted_bl 2047 mDisplayState 1  kStateOn 1
07-14 18:21:02.914  1402  1402 I DisplayFeatureHal: readPanelNTC, read panel temperature:38146
07-14 18:21:02.914  1402  1402 I DisplayFeatureHal: checkHBMStatus enter lux 167.000000, timer 0, panelTemperature/1000 = temperature 38  screenoff 0
07-14 18:21:02.914  1402  1402 D DisplayFeatureHal: checkHBMStatus mode 0 
07-14 18:21:02.915  1402  1402 D DisplayFeatureHal: HandleHBM modeId 0 cookie 0  HBMStatus 0  isscreenoff 0
07-14 18:21:02.915  1402  1402 D DisplayFeatureHal: DataCallback enter mLightRun 1  mInteracted_bl 2047 mDisplayState 1  kStateOn 1
07-14 18:21:02.915  1402  1402 I DisplayFeatureHal: readPanelNTC, read panel temperature:38146
07-14 18:21:02.915  1402  1402 I DisplayFeatureHal: checkHBMStatus enter lux 168.000000, timer 0, panelTemperature/1000 = temperature 38  screenoff 0
07-14 18:21:02.915  1402  1402 D DisplayFeatureHal: checkHBMStatus mode 0 
07-14 18:21:02.915  1402  1402 D DisplayFeatureHal: HandleHBM modeId 0 cookie 0  HBMStatus 0  isscreenoff 0
07-14 18:21:02.915  1402  1402 D DisplayFeatureHal: DataCallback enter mLightRun 1  mInteracted_bl 2047 mDisplayState 1  kStateOn 1
07-14 18:21:02.915  1402  1402 I DisplayFeatureHal: readPanelNTC, read panel temperature:38146
07-14 18:21:02.915  1402  1402 I DisplayFeatureHal: checkHBMStatus enter lux 168.000000, timer 0, panelTemperature/1000 = temperature 38  screenoff 0
07-14 18:21:02.915  1402  1402 D DisplayFeatureHal: checkHBMStatus mode 0 
07-14 18:21:02.915  1402  1402 D DisplayFeatureHal: HandleHBM modeId 0 cookie 0  HBMStatus 0  isscreenoff 0
07-14 18:21:02.915  1402  1402 D DisplayFeatureHal: DataCallback enter mLightRun 1  mInteracted_bl 2047 mDisplayState 1  kStateOn 1
07-14 18:21:02.915  1402  1402 I DisplayFeatureHal: readPanelNTC, read panel temperature:38146
07-14 18:21:02.915  1402  1402 I DisplayFeatureHal: checkHBMStatus enter lux 167.000000, timer 0, panelTemperature/1000 = temperature 38  screenoff 0
07-14 18:21:02.915  1402  1402 D DisplayFeatureHal: checkHBMStatus mode 0 
07-14 18:21:02.915  1402  1402 D DisplayFeatureHal: HandleHBM modeId 0 cookie 0  HBMStatus 0  isscreenoff 0
07-14 18:21:02.915  1276  3781 D vendor.qti.bluetooth@1.0-wake_lock: Release wakelock is released 
07-14 18:21:02.925 21261 21261 W SoLoader: Initializing SoLoader: 0
07-14 18:21:02.925 21261 21261 W SoLoader: SoLoader initialized: 0
07-14 18:21:02.941 21261 21261 D nativeloader: Load /data/app/~~UHoKWm3HyDz-BKF-Nb6GVQ==/org.iggymedia.periodtracker-o_amxpvdKdBf8nUYDB8Utg==/split_config.arm64_v8a.apk!/lib/arm64-v8a/libyoga.so using class loader ns clns-7 (caller=/data/app/~~UHoKWm3HyDz-BKF-Nb6GVQ==/org.iggymedia.periodtracker-o_amxpvdKdBf8nUYDB8Utg==/base.apk): ok
07-14 18:21:02.942   352   352 I lowmemorykiller: Kill 'com.meesho.supply' (15008), uid 10420, oom_score_adj 945 to free 82292kB rss, 58816kB swap; reason: cw
07-14 18:21:02.950  1274 16295 D PAL: API: pal_get_param: 1017: Enter:
07-14 18:21:02.950  1274 16295 D PAL: ResourceManager: getParameter: 7859: param_id=18
07-14 18:21:02.950  1274 16295 D PAL: ResourceManager: isDeviceAvailable: 9517: Device 8, is_available = 1
07-14 18:21:02.950  1274 16295 D PAL: API: pal_get_param: 1029: Exit, status 0
07-14 18:21:02.953  2561  2656 I libc    : kill: send 9 to pid -15008
07-14 18:21:02.953  2561  2656 I libc    : kill: send 9 to pid 15008
07-14 18:21:02.954  2561  2656 I libc    : kill: send 9 to pid -15008
07-14 18:21:02.954  2561  2656 I libc    : kill: send 9 to pid 15008
07-14 18:21:02.982  1274 16295 D PAL: API: pal_get_param: 1017: Enter:
07-14 18:21:02.982  1274 16295 D PAL: ResourceManager: getParameter: 7859: param_id=18
07-14 18:21:02.982  1274 16295 D PAL: ResourceManager: isDeviceAvailable: 9517: Device 8, is_available = 1
07-14 18:21:02.982  1274 16295 D PAL: API: pal_get_param: 1029: Exit, status 0
07-14 18:21:03.008 21261 21345 D nativeloader: Load /system/lib64/liblog.so using class loader ns clns-7 (caller=/data/app/~~UHoKWm3HyDz-BKF-Nb6GVQ==/org.iggymedia.periodtracker-o_amxpvdKdBf8nUYDB8Utg==/base.apk): ok
07-14 18:21:03.016  2051  2051 I adbd    : Remote process closed the socket (on MSG_PEEK)
07-14 18:21:03.020  1204  1204 I Zygote  : Process 15008 exited due to signal 9 (Killed)
07-14 18:21:03.020  2561  2901 D ConnectivityService: releasing NetworkRequest [ REQUEST id=4295, [ Capabilities: INTERNET&NOT_RESTRICTED&TRUSTED&NOT_VCN_MANAGED&NOT_BANDWIDTH_CONSTRAINED Uid: 10420 RequestorUid: 10420 RequestorPkg: com.meesho.supply UnderlyingNetworks: Null] ] (release request)
07-14 18:21:03.022  1274 16295 D PAL: API: pal_get_param: 1017: Enter:
07-14 18:21:03.023  1274 16295 D PAL: ResourceManager: getParameter: 7859: param_id=18
07-14 18:21:03.024  1274 16295 D PAL: ResourceManager: isDeviceAvailable: 9517: Device 8, is_available = 1
07-14 18:21:03.024  2561  2656 I libprocessgroup: Removed cgroup /sys/fs/cgroup/uid_10420/pid_15008
07-14 18:21:03.024  1274 16295 D PAL: API: pal_get_param: 1029: Exit, status 0
07-14 18:21:03.024  2561  3944 I ActivityManager: Process com.meesho.supply (pid 15008) has died: cch+45 CEM 
07-14 18:21:03.025  2561  2656 E libprocessgroup: Failed to open /sys/fs/cgroup/uid_10420/pid_15008/cgroup.procs: No such file or directory
07-14 18:21:03.025  2561  3042 E ProcessManager: error write exception log
07-14 18:21:03.025  2561  2656 I libc    : kill: send 9 to pid -15008
07-14 18:21:03.027  6582 18642 D ProcessObserverV15: onProcessDied:pid = 15008,died-uid=10420
07-14 18:21:03.027 21216 21216 W .personal.debug: Method boolean androidx.compose.runtime.snapshots.SnapshotStateList.conditionalUpdate(boolean, kotlin.jvm.functions.Function1) failed lock verification and will run slower.
07-14 18:21:03.027 21216 21216 W .personal.debug: Common causes for lock verification issues are non-optimized dex code
07-14 18:21:03.027 21216 21216 W .personal.debug: and incorrect proguard optimizations.
07-14 18:21:03.027 21216 21216 W .personal.debug: Method boolean androidx.compose.runtime.snapshots.SnapshotStateList.conditionalUpdate$default(androidx.compose.runtime.snapshots.SnapshotStateList, boolean, kotlin.jvm.functions.Function1, int, java.lang.Object) failed lock verification and will run slower.
07-14 18:21:03.027 21216 21216 W .personal.debug: Method java.lang.Object androidx.compose.runtime.snapshots.SnapshotStateList.mutate(kotlin.jvm.functions.Function1) failed lock verification and will run slower.
07-14 18:21:03.027 21216 21216 W .personal.debug: Method void androidx.compose.runtime.snapshots.SnapshotStateList.update(boolean, kotlin.jvm.functions.Function1) failed lock verification and will run slower.
07-14 18:21:03.027 21216 21216 W .personal.debug: Method void androidx.compose.runtime.snapshots.SnapshotStateList.update$default(androidx.compose.runtime.snapshots.SnapshotStateList, boolean, kotlin.jvm.functions.Function1, int, java.lang.Object) failed lock verification and will run slower.
07-14 18:21:03.029  2561  2876 I MiuiNetworkPolicy: removeUidState uid = 10420
07-14 18:21:03.030  2561  2612 I NetworkBoostStatusManager: onUidGone uid: 10420
07-14 18:21:03.030  2561  3487 I SLM-SRV-SLSAppLib: SLM_Ai_Mode EVENT_CHECK_GMAE_AI_MODE_STATUS
07-14 18:21:03.030  2561  3487 I SLM-SRV-SLSAppLib: SLM_Ai_Mode checkGameAiModeStatus mGameAiModeCloudControl:false mLinkTurboAiModeSwitch:false mGameAiModeInterfaceReady:false mGameStartBattle:false powerMgrGameUid:0
07-14 18:21:03.030  8702 17870 I MIUISafety-Monitor: onUid 10420 gone
07-14 18:21:03.030  2561  2612 D DisplayManagerService: Drop pending events for gone uid 10420
07-14 18:21:03.031  9832 11530 D UidObserver: onUidGone entry uid = 10420
07-14 18:21:03.032  9832  9967 D BluetoothEvent: write state = socket:10154:259,,
07-14 18:21:03.037  2561  2901 D ConnectivityService: releasing NetworkRequest [ REQUEST id=4292, [ Capabilities: INTERNET&NOT_RESTRICTED&TRUSTED&NOT_VCN_MANAGED&NOT_BANDWIDTH_CONSTRAINED Uid: 10420 RequestorUid: 10420 RequestorPkg: com.meesho.supply UnderlyingNetworks: Null] ] (release request)
07-14 18:21:03.040  3490  3490 D HidDeviceService: handleMessage(): msg.what=8
07-14 18:21:03.041  3490  3490 D HidDeviceService: unregisterAppUid(): uid=10420
07-14 18:21:03.041  3490  3490 D HidDeviceService: unregisterAppUid(): caller UID doesn't match user UID
07-14 18:21:03.046 21261 21345 D nativeloader: Load /data/app/~~UHoKWm3HyDz-BKF-Nb6GVQ==/org.iggymedia.periodtracker-o_amxpvdKdBf8nUYDB8Utg==/split_config.arm64_v8a.apk!/lib/arm64-v8a/libsentry.so using class loader ns clns-7 (caller=/data/app/~~UHoKWm3HyDz-BKF-Nb6GVQ==/org.iggymedia.periodtracker-o_amxpvdKdBf8nUYDB8Utg==/base.apk): ok
07-14 18:21:03.047 21261 21345 D nativeloader: Load /data/app/~~UHoKWm3HyDz-BKF-Nb6GVQ==/org.iggymedia.periodtracker-o_amxpvdKdBf8nUYDB8Utg==/split_config.arm64_v8a.apk!/lib/arm64-v8a/libsentry-android.so using class loader ns clns-7 (caller=/data/app/~~UHoKWm3HyDz-BKF-Nb6GVQ==/org.iggymedia.periodtracker-o_amxpvdKdBf8nUYDB8Utg==/base.apk): ok
07-14 18:21:03.063  1274 16295 D PAL: API: pal_get_param: 1017: Enter:
07-14 18:21:03.063  1274 16295 D PAL: ResourceManager: getParameter: 7859: param_id=18
07-14 18:21:03.063  1274 16295 D PAL: ResourceManager: isDeviceAvailable: 9517: Device 8, is_available = 1
07-14 18:21:03.063  1274 16295 D PAL: API: pal_get_param: 1029: Exit, status 0
07-14 18:21:03.064 21261 21261 W pool-4-thread-1: type=1400 audit(0.0:16804): avc:  denied  { read } for  name="version" dev="proc" ino=4026532016 scontext=u:r:untrusted_app:s0:c89,c257,c743,c771 tcontext=u:object_r:proc_version:s0 tclass=file permissive=0
07-14 18:21:03.071 15546 15546 I DockWindowManager: showSidebar: isSidebarAdded: true DockWindowManager = e8.n@2e372ab
07-14 18:21:03.072 15546 15546 I DockWindowManager: hideOrShowSidebarWithAnimation: isShow = true caller = showSidebar
07-14 18:21:03.078 20935 21042 W PackageParsing: Ignoring duplicate uses-permissions/uses-permissions-sdk-m: android.permission.WRITE_EXTERNAL_STORAGE in package: com.miui.cloudservice at: Binary XML file line #65
07-14 18:21:03.085  2561  3912 D FileUtils: Rounded bytes from 5679689728 to 8000000000
07-14 18:21:03.097  1361  2839 W SDM     : DisplayBase::SetHWDetailedEnhancerConfig: SetDetailEnhancerConfig failed. err = 10
07-14 18:21:03.103  1274 16295 D PAL: API: pal_get_param: 1017: Enter:
07-14 18:21:03.103  1274 16295 D PAL: ResourceManager: getParameter: 7859: param_id=18
07-14 18:21:03.103  1274 16295 D PAL: ResourceManager: isDeviceAvailable: 9517: Device 8, is_available = 1
07-14 18:21:03.103  1274 16295 D PAL: API: pal_get_param: 1029: Exit, status 0
07-14 18:21:03.141  1274 16295 D PAL: API: pal_get_param: 1017: Enter:
07-14 18:21:03.142  1274 16295 D PAL: ResourceManager: getParameter: 7859: param_id=18
07-14 18:21:03.142  1274 16295 D PAL: ResourceManager: isDeviceAvailable: 9517: Device 8, is_available = 1
07-14 18:21:03.142  1274 16295 D PAL: API: pal_get_param: 1029: Exit, status 0
07-14 18:21:03.163 21261 21261 D nativeloader: Load /data/app/~~UHoKWm3HyDz-BKF-Nb6GVQ==/org.iggymedia.periodtracker-o_amxpvdKdBf8nUYDB8Utg==/split_config.arm64_v8a.apk!/lib/arm64-v8a/librealm-jni.so using class loader ns clns-7 (caller=/data/app/~~UHoKWm3HyDz-BKF-Nb6GVQ==/org.iggymedia.periodtracker-o_amxpvdKdBf8nUYDB8Utg==/base.apk): ok
07-14 18:21:03.182  1274 16295 D PAL: API: pal_get_param: 1017: Enter:
07-14 18:21:03.182  1274 16295 D PAL: ResourceManager: getParameter: 7859: param_id=18
07-14 18:21:03.182  1274 16295 D PAL: ResourceManager: isDeviceAvailable: 9517: Device 8, is_available = 1
07-14 18:21:03.182  1274 16295 D PAL: API: pal_get_param: 1029: Exit, status 0
07-14 18:21:03.205 20935 21042 W PackageParsing: Unknown element under <manifest>: meta-data at /product/app/MIUIDeskClockGlobal/MIUIDeskClockGlobal.apk Binary XML file line #107
07-14 18:21:03.222  1274 16295 D PAL: API: pal_get_param: 1017: Enter:
07-14 18:21:03.222  1274 16295 D PAL: ResourceManager: getParameter: 7859: param_id=18
07-14 18:21:03.222  1274 16295 D PAL: ResourceManager: isDeviceAvailable: 9517: Device 8, is_available = 1
07-14 18:21:03.222  1274 16295 D PAL: API: pal_get_param: 1029: Exit, status 0
07-14 18:21:03.227   352   352 I lowmemorykiller: Kill 'com.google.android.apps.nbu.files' (15896), uid 10334, oom_score_adj 945 to free 79740kB rss, 49572kB swap; reason: cw
07-14 18:21:03.233   352   610 E lowmemorykiller: process_mrelease 15896 failed: No such process
07-14 18:21:03.236  2561  2656 I libc    : kill: send 9 to pid -15896
07-14 18:21:03.236  2561  2656 I libc    : kill: send 9 to pid -15896
07-14 18:21:03.263  1274 16295 D PAL: API: pal_get_param: 1017: Enter:
07-14 18:21:03.263  1274 16295 D PAL: ResourceManager: getParameter: 7859: param_id=18
07-14 18:21:03.263  1274 16295 D PAL: ResourceManager: isDeviceAvailable: 9517: Device 8, is_available = 1
07-14 18:21:03.263  1274 16295 D PAL: API: pal_get_param: 1029: Exit, status 0
07-14 18:21:03.277  2561  3912 I ActivityManager: Process com.google.android.apps.nbu.files (pid 15896) has died: cch+45 CEM 
07-14 18:21:03.279  2561  2656 I libprocessgroup: Removed cgroup /sys/fs/cgroup/uid_10334/pid_15896
07-14 18:21:03.279   352   352 I lowmemorykiller: Kill 'com.rapido.passenger' (15057), uid 10342, oom_score_adj 945 to free 78192kB rss, 59300kB swap; reason: cw
07-14 18:21:03.279  2561  2656 E libprocessgroup: Failed to open /sys/fs/cgroup/uid_10334/pid_15896/cgroup.procs: No such file or directory
07-14 18:21:03.279  2561  2656 I libc    : kill: send 9 to pid -15896
07-14 18:21:03.283  2561  2876 I MiuiNetworkPolicy: removeUidState uid = 10334
07-14 18:21:03.284  8702 17870 I MIUISafety-Monitor: onUid 10334 gone
07-14 18:21:03.284  2561  2612 I NetworkBoostStatusManager: onUidGone uid: 10334
07-14 18:21:03.284  2561  3042 E ProcessManager: error write exception log
07-14 18:21:03.284  2561  2612 D DisplayManagerService: Drop pending events for gone uid 10334
07-14 18:21:03.286  2561  3487 I SLM-SRV-SLSAppLib: SLM_Ai_Mode EVENT_CHECK_GMAE_AI_MODE_STATUS
07-14 18:21:03.286  6582 18642 D ProcessObserverV15: onProcessDied:pid = 15896,died-uid=10334
07-14 18:21:03.286  2561  3487 I SLM-SRV-SLSAppLib: SLM_Ai_Mode checkGameAiModeStatus mGameAiModeCloudControl:false mLinkTurboAiModeSwitch:false mGameAiModeInterfaceReady:false mGameStartBattle:false powerMgrGameUid:0
07-14 18:21:03.287  9832  9998 D UidObserver: onUidGone entry uid = 10334
07-14 18:21:03.287  1204  1204 I Zygote  : Process 15896 exited due to signal 9 (Killed)
07-14 18:21:03.287   352   607 E lowmemorykiller: process_mrelease 15057 failed: No such process
07-14 18:21:03.288  3490  3490 D HidDeviceService: handleMessage(): msg.what=8
07-14 18:21:03.288  3490  3490 D HidDeviceService: unregisterAppUid(): uid=10334
07-14 18:21:03.288  3490  3490 D HidDeviceService: unregisterAppUid(): caller UID doesn't match user UID
07-14 18:21:03.288  9832  9967 D BluetoothEvent: write state = socket:10154:259,,
07-14 18:21:03.295  2561  2656 I libc    : kill: send 9 to pid -15057
07-14 18:21:03.296  2561  2656 I libc    : kill: send 9 to pid -15057
07-14 18:21:03.301 21216 21216 D CompatChangeReporter: Compat change id reported: 289878283; UID 10376; state: ENABLED
07-14 18:21:03.304  1274 16295 D PAL: API: pal_get_param: 1017: Enter:
07-14 18:21:03.304  1274 16295 D PAL: ResourceManager: getParameter: 7859: param_id=18
07-14 18:21:03.304  1274 16295 D PAL: ResourceManager: isDeviceAvailable: 9517: Device 8, is_available = 1
07-14 18:21:03.304  1274 16295 D PAL: API: pal_get_param: 1029: Exit, status 0
07-14 18:21:03.316  1325 13568 E sensors-hal: handle_sns_client_event:431, accel_sample(accelcal_available:0): ts=19622209751198 ns; value = [-1.925218, -1.561508, 9.724528], status=3
07-14 18:21:03.316  1325 13568 E sensors-hal: handle_sns_client_event:431, accel_sample(accelcal_available:0): ts=19622311170990 ns; value = [-1.903682, -1.559115, 9.712564], status=3
07-14 18:21:03.317  1325 13568 E sensors-hal: handle_sns_client_event:431, accel_sample(accelcal_available:0): ts=19622412586094 ns; value = [-1.908468, -1.544758, 9.676672], status=3
07-14 18:21:03.317  1325 13568 E sensors-hal: handle_sns_client_event:431, accel_sample(accelcal_available:0): ts=19622514000678 ns; value = [-1.906075, -1.542366, 9.700601], status=3
07-14 18:21:03.320  1402  1402 D DisplayFeatureHal: DataCallback enter mLightRun 1  mInteracted_bl 2047 mDisplayState 1  kStateOn 1
07-14 18:21:03.321  1402  1402 I DisplayFeatureHal: readPanelNTC, read panel temperature:38146
07-14 18:21:03.321  1402  1402 I DisplayFeatureHal: checkHBMStatus enter lux 167.000000, timer 0, panelTemperature/1000 = temperature 38  screenoff 0
07-14 18:21:03.321  1402  1402 D DisplayFeatureHal: checkHBMStatus mode 0 
07-14 18:21:03.321  1402  1402 D DisplayFeatureHal: HandleHBM modeId 0 cookie 0  HBMStatus 0  isscreenoff 0
07-14 18:21:03.321  1402  1402 D DisplayFeatureHal: DataCallback enter mLightRun 1  mInteracted_bl 2047 mDisplayState 1  kStateOn 1
07-14 18:21:03.322  1402  1402 I DisplayFeatureHal: readPanelNTC, read panel temperature:38146
07-14 18:21:03.322  1402  1402 I DisplayFeatureHal: checkHBMStatus enter lux 169.000000, timer 0, panelTemperature/1000 = temperature 38  screenoff 0
07-14 18:21:03.322  1402  1402 D DisplayFeatureHal: checkHBMStatus mode 0 
07-14 18:21:03.322  1402  1402 D DisplayFeatureHal: HandleHBM modeId 0 cookie 0  HBMStatus 0  isscreenoff 0
07-14 18:21:03.322  1402  1402 D DisplayFeatureHal: DataCallback enter mLightRun 1  mInteracted_bl 2047 mDisplayState 1  kStateOn 1
07-14 18:21:03.322  1402  1402 I DisplayFeatureHal: readPanelNTC, read panel temperature:38146
07-14 18:21:03.322  1402  1402 I DisplayFeatureHal: checkHBMStatus enter lux 171.000000, timer 0, panelTemperature/1000 = temperature 38  screenoff 0
07-14 18:21:03.322  1402  1402 D DisplayFeatureHal: checkHBMStatus mode 0 
07-14 18:21:03.322  1402  1402 D DisplayFeatureHal: HandleHBM modeId 0 cookie 0  HBMStatus 0  isscreenoff 0
07-14 18:21:03.322  1402  1402 D DisplayFeatureHal: DataCallback enter mLightRun 1  mInteracted_bl 2047 mDisplayState 1  kStateOn 1
07-14 18:21:03.322  1402  1402 I DisplayFeatureHal: readPanelNTC, read panel temperature:38146
07-14 18:21:03.322  1402  1402 I DisplayFeatureHal: checkHBMStatus enter lux 171.000000, timer 0, panelTemperature/1000 = temperature 38  screenoff 0
07-14 18:21:03.322  1402  1402 D DisplayFeatureHal: checkHBMStatus mode 0 
07-14 18:21:03.322  1402  1402 D DisplayFeatureHal: HandleHBM modeId 0 cookie 0  HBMStatus 0  isscreenoff 0
07-14 18:21:03.334  2561  3097 I SmartPower: com.xiaomi.mipicks/10234(20935): background->idle(5542ms) R(adj below visible) adj=915.
07-14 18:21:03.342  1274 16295 D PAL: API: pal_get_param: 1017: Enter:
07-14 18:21:03.342  1274 16295 D PAL: ResourceManager: getParameter: 7859: param_id=18
07-14 18:21:03.342  1274 16295 D PAL: ResourceManager: isDeviceAvailable: 9517: Device 8, is_available = 1
07-14 18:21:03.342  1274 16295 D PAL: API: pal_get_param: 1029: Exit, status 0
07-14 18:21:03.343  2561  4326 I ActivityManager: Process com.rapido.passenger (pid 15057) has died: cch+45 CEM 
07-14 18:21:03.345  1204  1204 I Zygote  : Process 15057 exited due to signal 9 (Killed)
07-14 18:21:03.346   352   352 I lowmemorykiller: Kill 'com.android.rkpdapp' (15784), uid 10286, oom_score_adj 945 to free 70660kB rss, 41096kB swap; reason: cw
07-14 18:21:03.346  2561  2876 I MiuiNetworkPolicy: removeUidState uid = 10342
07-14 18:21:03.347  8702 17870 I MIUISafety-Monitor: onUid 10342 gone
07-14 18:21:03.347  6582 18642 D ProcessObserverV15: onProcessDied:pid = 15057,died-uid=10342
07-14 18:21:03.348  2561  2612 I NetworkBoostStatusManager: onUidGone uid: 10342
07-14 18:21:03.349  2561  2656 I libprocessgroup: Removed cgroup /sys/fs/cgroup/uid_10342/pid_15057
07-14 18:21:03.349  2561  3487 I SLM-SRV-SLSAppLib: SLM_Ai_Mode EVENT_CHECK_GMAE_AI_MODE_STATUS
07-14 18:21:03.350  2561  3487 I SLM-SRV-SLSAppLib: SLM_Ai_Mode checkGameAiModeStatus mGameAiModeCloudControl:false mLinkTurboAiModeSwitch:false mGameAiModeInterfaceReady:false mGameStartBattle:false powerMgrGameUid:0
07-14 18:21:03.350  2561  3042 E ProcessManager: error write exception log
07-14 18:21:03.353  2561  2656 E libprocessgroup: Failed to open /sys/fs/cgroup/uid_10342/pid_15057/cgroup.procs: No such file or directory
07-14 18:21:03.353  2561  2656 I libc    : kill: send 9 to pid -15057
07-14 18:21:03.361   352   610 E lowmemorykiller: process_mrelease 15784 failed: No such process
07-14 18:21:03.362  2561  2612 D DisplayManagerService: Drop pending events for gone uid 10342
07-14 18:21:03.364  9832 11530 D UidObserver: onUidGone entry uid = 10342
07-14 18:21:03.367  1259  1317 E minksocket: MinkIPC_QRTR_Service: client with node 1 port 60d7 went down
07-14 18:21:03.367  9832  9967 D BluetoothEvent: write state = socket:10154:259,,
07-14 18:21:03.369  1259  1317 E minksocket: MinkIPC_QRTR_Service: client with node 1 port 60d8 went down
07-14 18:21:03.371 20935 21042 W Bundle  : Key android.max_aspect expected Float but value was a java.lang.Integer.  The default value 0.0 was returned.
07-14 18:21:03.372 20935 21042 W Bundle  : Attempt to cast generated internal exception:
07-14 18:21:03.372 20935 21042 W Bundle  : java.lang.ClassCastException: java.lang.Integer cannot be cast to java.lang.Float
07-14 18:21:03.372 20935 21042 W Bundle  : 	at android.os.BaseBundle.getFloat(BaseBundle.java:1362)
07-14 18:21:03.372 20935 21042 W Bundle  : 	at android.os.Bundle.getFloat(Bundle.java:892)
07-14 18:21:03.372 20935 21042 W Bundle  : 	at com.android.internal.pm.pkg.parsing.ParsingPackageUtils.setMaxAspectRatio(ParsingPackageUtils.java:2893)
07-14 18:21:03.372 20935 21042 W Bundle  : 	at com.android.internal.pm.pkg.parsing.ParsingPackageUtils.afterParseBaseApplication(ParsingPackageUtils.java:2339)
07-14 18:21:03.372 20935 21042 W Bundle  : 	at com.android.internal.pm.pkg.parsing.ParsingPackageUtils.parseBaseApplication(ParsingPackageUtils.java:2331)
07-14 18:21:03.372 20935 21042 W Bundle  : 	at com.android.internal.pm.pkg.parsing.ParsingPackageUtils.parseBaseApkTags(ParsingPackageUtils.java:1009)
07-14 18:21:03.372 20935 21042 W Bundle  : 	at com.android.internal.pm.pkg.parsing.ParsingPackageUtils.parseBaseApk(ParsingPackageUtils.java:726)
07-14 18:21:03.372 20935 21042 W Bundle  : 	at com.android.internal.pm.pkg.parsing.ParsingPackageUtils.parseBaseApk(ParsingPackageUtils.java:591)
07-14 18:21:03.372 20935 21042 W Bundle  : 	at com.android.internal.pm.pkg.parsing.ParsingPackageUtils.parseMonolithicPackage(ParsingPackageUtils.java:428)
07-14 18:21:03.372 20935 21042 W Bundle  : 	at com.android.internal.pm.pkg.parsing.ParsingPackageUtils.parsePackage(ParsingPackageUtils.java:326)
07-14 18:21:03.372 20935 21042 W Bundle  : 	at com.android.internal.pm.parsing.PackageParser2.parsePackage(PackageParser2.java:134)
07-14 18:21:03.372 20935 21042 W Bundle  : 	at android.content.pm.PackageManager.getPackageArchiveInfo(PackageManager.java:8910)
07-14 18:21:03.372 20935 21042 W Bundle  : 	at android.content.pm.PackageManager.getPackageArchiveInfo(PackageManager.java:8856)
07-14 18:21:03.372 20935 21042 W Bundle  : 	at com.xiaomi.mipicks.common.pkg.PkgManager.parsePackageInfo(SourceFile:21)
07-14 18:21:03.372 20935 21042 W Bundle  : 	at com.xiaomi.mipicks.common.pkg.PkgManager.getPathFromSecondaryDir(SourceFile:82)
07-14 18:21:03.372 20935 21042 W Bundle  : 	at com.xiaomi.mipicks.common.pkg.PkgManager.getBaseIsaOrIasVersion(SourceFile:13)
07-14 18:21:03.372 20935 21042 W Bundle  : 	at com.xiaomi.mipicks.common.pkg.PkgManager.initBaseIsaOrIasVersion(SourceFile:3)
07-14 18:21:03.372 20935 21042 W Bundle  : 	at com.xiaomi.task.agreement.InitIndusInfoTask.run(SourceFile:3)
07-14 18:21:03.372 20935 21042 W Bundle  : 	at com.xiaomi.mipicks.platform.launchTask.task.DispatchRunnable.run(SourceFile:40)
07-14 18:21:03.372 20935 21042 W Bundle  : 	at java.util.concurrent.Executors$RunnableAdapter.call(Executors.java:520)
07-14 18:21:03.372 20935 21042 W Bundle  : 	at java.util.concurrent.FutureTask.run(FutureTask.java:317)
07-14 18:21:03.372 20935 21042 W Bundle  : 	at java.util.concurrent.ThreadPoolExecutor.runWorker(ThreadPoolExecutor.java:1154)
07-14 18:21:03.372 20935 21042 W Bundle  : 	at java.util.concurrent.ThreadPoolExecutor$Worker.run(ThreadPoolExecutor.java:652)
07-14 18:21:03.372 20935 21042 W Bundle  : 	at com.xiaomi.mipicks.platform.util.ThreadExecutors$MyThreadFactory.lambda$newThread$0(SourceFile:13)
07-14 18:21:03.372 20935 21042 W Bundle  : 	at com.xiaomi.mipicks.platform.util.ThreadExecutors$MyThreadFactory.a(SourceFile:1)
07-14 18:21:03.372 20935 21042 W Bundle  : 	at com.xiaomi.mipicks.platform.util.d.run(SourceFile:1)
07-14 18:21:03.372 20935 21042 W Bundle  : 	at java.lang.Thread.run(Thread.java:1563)
07-14 18:21:03.372  3490  3490 D HidDeviceService: handleMessage(): msg.what=8
07-14 18:21:03.372  3490  3490 D HidDeviceService: unregisterAppUid(): uid=10342
07-14 18:21:03.372  3490  3490 D HidDeviceService: unregisterAppUid(): caller UID doesn't match user UID
07-14 18:21:03.374 21275 21275 D DynamicReceiver: onReceive:  android.net.conn.CONNECTIVITY_CHANGE
07-14 18:21:03.377  1259  1317 E minksocket: MinkIPC_QRTR_Service: client with node 1 port 60d9 went down
07-14 18:21:03.378  1276  3882 I vendor.qti.bluetooth@1.0-ibs_handler: ProcessIbsCmd: Received IBS_WAKE_IND: 0xFD
07-14 18:21:03.379  1276  3882 D vendor.qti.bluetooth@1.0-ibs_handler: SerialClockVote: vote for UART CLK ON
07-14 18:21:03.379  1276  3882 D vendor.qti.bluetooth@1.0-wake_lock: Acquire wakelock is acquired 
07-14 18:21:03.379  1276  3882 I vendor.qti.bluetooth@1.0-ibs_handler: ProcessIbsCmd: Writing IBS_WAKE_ACK
07-14 18:21:03.382  1274 16295 D PAL: API: pal_get_param: 1017: Enter:
07-14 18:21:03.382  1274 16295 D PAL: ResourceManager: getParameter: 7859: param_id=18
07-14 18:21:03.382  1274 16295 D PAL: ResourceManager: isDeviceAvailable: 9517: Device 8, is_available = 1
07-14 18:21:03.382  1274 16295 D PAL: API: pal_get_param: 1029: Exit, status 0
07-14 18:21:03.382  1259  1317 E minksocket: MinkIPC_QRTR_Service: client with node 1 port 60da went down
07-14 18:21:03.386  2561  3944 D CompatChangeReporter: Compat change id reported: 319212206; UID 99910345; state: ENABLED
07-14 18:21:03.387  3490  3914 V BtGatt.ScanHelper: onScanResult() - eventType=0x1b, addressType=1, address=4F:B5:FB:67:6D:3A, primaryPhy=1, secondaryPhy=0, advertisingSid=0xff, txPower=127, rssi=-55, periodicAdvInt=0x0, originalAddress=00:00:00:00:00:00
07-14 18:21:03.391  3490  3914 V BtGatt.ScanHelper: Skipping client: permission=true matches=false
07-14 18:21:03.392  3490  3914 V BtGatt.ScanHelper: Skipping client: permission=true matches=false
07-14 18:21:03.392  3490  3914 V BtGatt.ScanHelper: Skipping client: permission=true matches=false
07-14 18:21:03.393  3490  3914 D BluetoothRemoteDevices: Update property, device=XX:XX:XX:XX:6D:3A, type: 1
07-14 18:21:03.393  3490  3914 D BluetoothRemoteDevices: Skip name update for XX:XX:XX:XX:6D:3A
07-14 18:21:03.393  3490  3914 D BluetoothRemoteDevices: Update property, device=XX:XX:XX:XX:6D:3A, type: 4
07-14 18:21:03.393  3490  3914 D BluetoothRemoteDevices: Skip class update, device=XX:XX:XX:XX:6D:3A, cod=0x1f00
07-14 18:21:03.393  3490  3914 D BluetoothRemoteDevices: Update property, device=XX:XX:XX:XX:6D:3A, type: 5
07-14 18:21:03.393  3490  3914 D BluetoothRemoteDevices:  BT_PROPERTY_TYPE_OF_DEVICE addr:4F:B5:FB:67:6D:3A deviceType:3
07-14 18:21:03.408  2561  4326 I ActivityManager: Process com.android.rkpdapp (pid 15784) has died: cch+45 CEM 
07-14 18:21:03.411  1204  1204 I Zygote  : Process 15784 exited due to signal 9 (Killed)
07-14 18:21:03.415  2561  3042 E ProcessManager: error write exception log
07-14 18:21:03.419  1276  3882 I vendor.qti.bluetooth@1.0-ibs_handler: ProcessIbsCmd: Received IBS_SLEEP_IND: 0xFE
07-14 18:21:03.420  1276  3882 D vendor.qti.bluetooth@1.0-ibs_handler: SerialClockVote: vote for UART CLK OFF
07-14 18:21:03.422  2561  2656 I libc    : kill: send 9 to pid -15784
07-14 18:21:03.424  1274 16295 D PAL: API: pal_get_param: 1017: Enter:
07-14 18:21:03.424  1274 16295 D PAL: ResourceManager: getParameter: 7859: param_id=18
07-14 18:21:03.424  1274 16295 D PAL: ResourceManager: isDeviceAvailable: 9517: Device 8, is_available = 1
07-14 18:21:03.424  1274 16295 D PAL: API: pal_get_param: 1029: Exit, status 0
07-14 18:21:03.430  2561  2656 I libprocessgroup: Removed cgroup /sys/fs/cgroup/uid_10286/pid_15784
07-14 18:21:03.432 21261 21372 I FirebaseApp: Device unlocked: initializing all Firebase APIs for app [DEFAULT]
07-14 18:21:03.432  2561  2901 D ConnectivityService: NetReassign [no changes] [c 1] [a 2] [i 40]
07-14 18:21:03.438  8702 17870 I MIUISafety-Monitor: onUid 10286 gone
07-14 18:21:03.438  2561  2612 I NetworkBoostStatusManager: onUidGone uid: 10286
07-14 18:21:03.438  2561  3487 I SLM-SRV-SLSAppLib: SLM_Ai_Mode EVENT_CHECK_GMAE_AI_MODE_STATUS
07-14 18:21:03.438  2561  3487 I SLM-SRV-SLSAppLib: SLM_Ai_Mode checkGameAiModeStatus mGameAiModeCloudControl:false mLinkTurboAiModeSwitch:false mGameAiModeInterfaceReady:false mGameStartBattle:false powerMgrGameUid:0
07-14 18:21:03.438  2561  2612 D DisplayManagerService: Drop pending events for gone uid 10286
07-14 18:21:03.439  2561  2876 I MiuiNetworkPolicy: removeUidState uid = 10286
07-14 18:21:03.440  9832 11530 D UidObserver: onUidGone entry uid = 10286
07-14 18:21:03.441  3490  3490 D HidDeviceService: handleMessage(): msg.what=8
07-14 18:21:03.441  3490  3490 D HidDeviceService: unregisterAppUid(): uid=10286
07-14 18:21:03.441  3490  3490 D HidDeviceService: unregisterAppUid(): caller UID doesn't match user UID
07-14 18:21:03.446  6582 18642 D ProcessObserverV15: onProcessDied:pid = 15784,died-uid=10286
07-14 18:21:03.442  9832  9967 D BluetoothEvent: write state = socket:10154:259,,
07-14 18:21:03.450 21275 21385 D DownloadManager_Job: activeNetworkMetered=true
07-14 18:21:03.464  1274 16295 D PAL: API: pal_get_param: 1017: Enter:
07-14 18:21:03.464  1274 16295 D PAL: ResourceManager: getParameter: 7859: param_id=18
07-14 18:21:03.464  1274 16295 D PAL: ResourceManager: isDeviceAvailable: 9517: Device 8, is_available = 1
07-14 18:21:03.464  1274 16295 D PAL: API: pal_get_param: 1029: Exit, status 0
07-14 18:21:03.466  2561  4326 I ClipboardServiceI: checkProviderWakePathForClipboard: org.iggymedia.periodtrackeris not a activePermissionOwner
07-14 18:21:03.471  2561  2876 I MiuiNetworkPolicy: updateUidState uid = 99910345, uidState = 8
07-14 18:21:03.473  2561  2876 I MiuiNetworkPolicy: updateUidState uid = 99910154, uidState = 8
07-14 18:21:03.476  2561  2761 W JobServiceContext: Sending onNetworkChanged for a job that isn't started. JobStatus{3bd0e6a androidx.work.systemjobscheduler:u999a345/2048 @androidx.work.systemjobscheduler@org.iggymedia.periodtracker/androidx.work.impl.background.systemjob.SystemJobService u=999 s=99910345 TIME=-44s277ms:none NET READY}
07-14 18:21:03.480  2561  2888 I ClipboardServiceI: checkProviderWakePathForClipboard: com.android.providers.downloadsis not a activePermissionOwner
07-14 18:21:03.482 21261 21261 E FileUtils: err open mi_exception_log errno=2
07-14 18:21:03.483 21261 21261 E FileUtils: err write to mi_exception_log
07-14 18:21:03.485 19612 20768 I MediaCodec: [mId: 5] [audio-debug-dec] Stats over last 5004ms:
07-14 18:21:03.485 19612 20768 I MediaCodec: [mId: 5] [audio-debug-dec] ClientName: com.android.soundrecorder ComponentName: c2.android.mp3.decoder
07-14 18:21:03.485 19612 20768 I MediaCodec: [mId: 5] [audio-debug-dec] Qinput: 1107, DQinput: 1107 success out of 1663 tries
07-14 18:21:03.485 19612 20768 I MediaCodec: [mId: 5] [audio-debug-dec] Render: 0, Drop: 1107, DQoutput: 1107 success out of 1664 tries
07-14 18:21:03.494 21275 21385 D DownloadManager_Job: meteredAllowed=false
07-14 18:21:03.502  1274 16295 D PAL: API: pal_get_param: 1017: Enter:
07-14 18:21:03.502  1274 16295 D PAL: ResourceManager: getParameter: 7859: param_id=18
07-14 18:21:03.502  1274 16295 D PAL: ResourceManager: isDeviceAvailable: 9517: Device 8, is_available = 1
07-14 18:21:03.502  1274 16295 D PAL: API: pal_get_param: 1029: Exit, status 0
07-14 18:21:03.513 21261 21371 D CompatChangeReporter: Compat change id reported: 312399441; UID 99910345; state: ENABLED
07-14 18:21:03.521  1276  3882 I vendor.qti.bluetooth@1.0-ibs_handler: ProcessIbsCmd: Received IBS_WAKE_IND: 0xFD
07-14 18:21:03.521  1276  3882 D vendor.qti.bluetooth@1.0-ibs_handler: SerialClockVote: vote for UART CLK ON
07-14 18:21:03.521  1276  3882 I vendor.qti.bluetooth@1.0-ibs_handler: ProcessIbsCmd: Writing IBS_WAKE_ACK
07-14 18:21:03.526  3490  3914 V BtGatt.ScanHelper: onScanResult() - eventType=0x1b, addressType=1, address=4F:B5:FB:67:6D:3A, primaryPhy=1, secondaryPhy=0, advertisingSid=0xff, txPower=127, rssi=-55, periodicAdvInt=0x0, originalAddress=00:00:00:00:00:00
07-14 18:21:03.539  3490  3914 V BtGatt.ScanHelper: Skipping client: permission=true matches=false
07-14 18:21:03.542  1274 16295 D PAL: API: pal_get_param: 1017: Enter:
07-14 18:21:03.543  1274 16295 D PAL: ResourceManager: getParameter: 7859: param_id=18
07-14 18:21:03.543  1274 16295 D PAL: ResourceManager: isDeviceAvailable: 9517: Device 8, is_available = 1
07-14 18:21:03.543  1274 16295 D PAL: API: pal_get_param: 1029: Exit, status 0
07-14 18:21:03.547  3490  3914 V BtGatt.ScanHelper: Skipping client: permission=true matches=false
07-14 18:21:03.550  3490  3914 V BtGatt.ScanHelper: Skipping client: permission=true matches=false
07-14 18:21:03.550  3490  3914 D BluetoothRemoteDevices: Update property, device=XX:XX:XX:XX:6D:3A, type: 1
07-14 18:21:03.550  3490  3914 D BluetoothRemoteDevices: Skip name update for XX:XX:XX:XX:6D:3A
07-14 18:21:03.550  3490  3914 D BluetoothRemoteDevices: Update property, device=XX:XX:XX:XX:6D:3A, type: 4
07-14 18:21:03.550  3490  3914 D BluetoothRemoteDevices: Skip class update, device=XX:XX:XX:XX:6D:3A, cod=0x1f00
07-14 18:21:03.550  3490  3914 D BluetoothRemoteDevices: Update property, device=XX:XX:XX:XX:6D:3A, type: 5
07-14 18:21:03.550  3490  3914 D BluetoothRemoteDevices:  BT_PROPERTY_TYPE_OF_DEVICE addr:4F:B5:FB:67:6D:3A deviceType:3
07-14 18:21:03.560 21261 21404 D WM-PackageManagerHelper: Skipping component enablement for androidx.work.impl.background.systemjob.SystemJobService
07-14 18:21:03.560 21261 21404 D WM-Schedulers: Created SystemJobScheduler and enabled SystemJobService
07-14 18:21:03.562  1276  3882 I vendor.qti.bluetooth@1.0-ibs_handler: ProcessIbsCmd: Received IBS_SLEEP_IND: 0xFE
07-14 18:21:03.562  1276  3882 D vendor.qti.bluetooth@1.0-ibs_handler: SerialClockVote: vote for UART CLK OFF
07-14 18:21:03.567 21261 21412 D WM-ForceStopRunnable: The default process name was not specified.
07-14 18:21:03.567 21261 21412 D WM-ForceStopRunnable: Performing cleanup operations.
07-14 18:21:03.582  1274 16295 D PAL: API: pal_get_param: 1017: Enter:
07-14 18:21:03.582  1274 16295 D PAL: ResourceManager: getParameter: 7859: param_id=18
07-14 18:21:03.582  1274 16295 D PAL: ResourceManager: isDeviceAvailable: 9517: Device 8, is_available = 1
07-14 18:21:03.582  1274 16295 D PAL: API: pal_get_param: 1029: Exit, status 0
07-14 18:21:03.581 21261 21395 W a.periodtracker: ClassLoaderContext classpath size mismatch. expected=1, found=0 (DLC[];PCL[base.apk*3127399495]{PCL[/system/framework/org.apache.http.legacy.jar*4025584831]#PCL[/system/framework/com.android.location.provider.jar*3414091812]#PCL[/system/framework/com.android.media.remotedisplay.jar*2042759013]#PCL[/system_ext/framework/androidx.window.extensions.jar*1555336437]#PCL[/system_ext/framework/androidx.window.sidecar.jar*3450900160]} | DLC[];PCL[])
07-14 18:21:03.585 21261 21261 D FramePredict: FramePredict init: true
07-14 18:21:03.586 21261 21261 I Choreographer: Skipped 65 frames!  The application may be doing too much work on its main thread.
07-14 18:21:03.586 21261 21261 D UserSceneDetector: invoke error.
07-14 18:21:03.587 21261 21261 E FileUtils: err write to mi_exception_log
07-14 18:21:03.595 21261 21395 I DynamiteModule: Considering local module com.google.android.gms.measurement.dynamite:155 and remote module com.google.android.gms.measurement.dynamite:198
07-14 18:21:03.595 21261 21395 I DynamiteModule: Selected remote version of com.google.android.gms.measurement.dynamite, version >= 198
07-14 18:21:03.595 21261 21395 V DynamiteModule: Dynamite loader version >= 2, using loadModule2NoCrashUtils
07-14 18:21:03.622  1274 16295 D PAL: API: pal_get_param: 1017: Enter:
07-14 18:21:03.622  1274 16295 D PAL: ResourceManager: getParameter: 7859: param_id=18
07-14 18:21:03.622  1274 16295 D PAL: ResourceManager: isDeviceAvailable: 9517: Device 8, is_available = 1
07-14 18:21:03.622  1274 16295 D PAL: API: pal_get_param: 1029: Exit, status 0
